11-18 18:31:49.268 D/b/231312158( 6197): 	at com.android.launcher3.graphics.LauncherPreviewRenderer.<init>(LauncherPreviewRenderer.java:189)
11-18 18:31:49.268 D/b/231312158( 6197): 	at com.android.launcher3.graphics.PreviewSurfaceRenderer.renderView(PreviewSurfaceRenderer.java:208)
11-18 18:31:49.268 D/b/231312158( 6197): 	at com.android.launcher3.graphics.PreviewSurfaceRenderer.lambda$loadModelData$1$com-android-launcher3-graphics-PreviewSurfaceRenderer(PreviewSurfaceRenderer.java:186)
11-18 18:31:49.268 D/b/231312158( 6197): 	at com.android.launcher3.graphics.PreviewSurfaceRenderer$$ExternalSyntheticLambda0.run(Unknown Source:6)
11-18 18:31:49.268 D/b/231312158( 6197): 	at android.os.Handler.handleCallback(Handler.java:942)
11-18 18:31:49.268 D/b/231312158( 6197): 	at android.os.Handler.dispatchMessage(Handler.java:99)
11-18 18:31:49.268 D/b/231312158( 6197): 	at android.os.Looper.loopOnce(Looper.java:356)
11-18 18:31:49.268 D/b/231312158( 6197): 	at android.os.Looper.loop(Looper.java:475)
11-18 18:31:49.268 D/b/231312158( 6197): 	at android.app.ActivityThread.main(ActivityThread.java:7954)
11-18 18:31:49.268 D/b/231312158( 6197): 	at java.lang.reflect.Method.invoke(Native Method)
11-18 18:31:49.268 D/b/231312158( 6197): 	at com.android.internal.os.RuntimeInit$MethodAndArgsCaller.run(RuntimeInit.java:548)
11-18 18:31:49.268 D/b/231312158( 6197): 	at com.android.internal.os.ZygoteInit.main(ZygoteInit.java:942)
11-18 18:31:49.269 V/Launcher.Utilities( 6197): google_search_widget_visible:true
11-18 18:31:49.269 V/Launcher.Utilities( 6197): com.google.android.feature.RU:false
11-18 18:31:49.275 E/FrameEvents( 6197): updateAcquireFence: Did not find frame.
11-18 18:31:49.282 W/OpenGLRenderer( 5782): Surface doesn't have any previously queued frames, nothing to readback from
11-18 18:31:49.282 W/OpenGLRenderer( 5782): Surface doesn't have any previously queued frames, nothing to readback from
11-18 18:31:49.283 W/OpenGLRenderer( 5782): Surface doesn't have any previously queued frames, nothing to readback from
11-18 18:31:49.283 W/OpenGLRenderer( 5782): Surface doesn't have any previously queued frames, nothing to readback from
11-18 18:31:49.285 D/WallpaperService( 5782): Wallpaper has updated the surface:null
11-18 18:31:49.285 W/OpenGLRenderer( 5782): Surface doesn't have any previously queued frames, nothing to readback from
11-18 18:31:49.288 E/FrameEvents( 6197): updateAcquireFence: Did not find frame.
11-18 18:31:49.290 D/WallpaperConnection(23766): SurfaceView not initialized yet, adding callback
11-18 18:31:49.291 D/WallpaperConnection(23766): SurfaceView not initialized yet, adding callback
11-18 18:31:49.294 V/Launcher.Utilities( 6197): google_search_widget_visible:true
11-18 18:31:49.295 V/Launcher.Utilities( 6197): com.google.android.feature.RU:false
11-18 18:31:49.306 I/MMParserExtractor( 1488): Created(0xb4000070c6ed6a10)
11-18 18:31:49.306 E/MM_OSAL ( 1488): FileSource::FileSource
11-18 18:31:49.306 E/MM_OSAL ( 1488): FileSource::FileSource m_bEveryThingOK 1
11-18 18:31:49.309 D/MediaBufferGroup( 1488): creating MemoryDealer
11-18 18:31:49.322 I/OMXClient( 5782): IOmx service obtained
11-18 18:31:49.322 I/OMXMaster( 1528): makeComponentInstance(OMX.qcom.video.decoder.hevc) in android.hardwar process
11-18 18:31:49.322 D/PlatformConfig( 1528): getInstance: Enter
11-18 18:31:49.322 D/PlatformConfig( 1528): getConfigStoreBool: vpp/enable=false, returning false 
11-18 18:31:49.323 D/PlatformConfig( 1528): getInstance: Enter
11-18 18:31:49.324 D/PlatformConfig( 1528): getInt32 Config name: vidc_dec_log_in value: 0
11-18 18:31:49.324 D/PlatformConfig( 1528): getInstance: Enter
11-18 18:31:49.324 D/PlatformConfig( 1528): getInt32 Config name: vidc_dec_log_out value: 0
11-18 18:31:49.324 D/PlatformConfig( 1528): getInstance: Enter
11-18 18:31:49.324 D/PlatformConfig( 1528): getInt32 Config name: vidc_dec_sec_prefetch_size_internal value: 31457280
11-18 18:31:49.324 D/PlatformConfig( 1528): getInstance: Enter
11-18 18:31:49.324 D/PlatformConfig( 1528): getInt32 Config name: vidc_dec_sec_prefetch_size_output value: 3276800
11-18 18:31:49.324 D/PlatformConfig( 1528): getInstance: Enter
11-18 18:31:49.324 D/PlatformConfig( 1528): getInt32: Returning default
11-18 18:31:49.324 D/PlatformConfig( 1528): getInstance: Enter
11-18 18:31:49.324 D/PlatformConfig( 1528): getInt32 Config name: vidc_dec_thumbnail_yuv_output value: 0
11-18 18:31:49.324 D/PlatformConfig( 1528): getInstance: Enter
11-18 18:31:49.324 D/PlatformConfig( 1528): getInt32: Returning default
11-18 18:31:49.324 D/PlatformConfig( 1528): getInstance: Enter
11-18 18:31:49.324 D/PlatformConfig( 1528): getInt32: Returning default
11-18 18:31:49.324 I/OMX-VDEC-1080P( 1528): component_init: OMX.qcom.video.decoder.hevc : fd=8
11-18 18:31:49.324 E/OMX-VDEC-1080P( 1528): Unsupported output color format for c2d (2141391876)
11-18 18:31:49.324 E/OMX-VDEC-1080P( 1528): Setting color format failed
11-18 18:31:49.324 I/msm_vidc(    0): high: 00000001: ....d: Opening video instance: 0000000000000000, 1
11-18 18:31:49.325 D/PlatformConfig( 1528): getInstance: Enter
11-18 18:31:49.325 D/PlatformConfig( 1528): getInt32: Returning default
11-18 18:31:49.325 D/PlatformConfig( 1528): getInstance: Enter
11-18 18:31:49.325 D/PlatformConfig( 1528): getInt32: Returning default
11-18 18:31:49.326 I/OMX-VDEC-1080P( 1528): omx_vdec::component_init() success : fd=8
11-18 18:31:49.329 D/SurfaceUtils( 5782): connecting to surface 0xb400007d10d29d80, reason connectToSurface
11-18 18:31:49.329 I/MediaCodec( 5782): [OMX.qcom.video.decoder.hevc] setting surface generation to 5920776
11-18 18:31:49.329 D/SurfaceUtils( 5782): disconnecting from surface 0xb400007d10d29d80, reason connectToSurface(reconnect)
11-18 18:31:49.329 D/SurfaceUtils( 5782): connecting to surface 0xb400007d10d29d80, reason connectToSurface(reconnect)
11-18 18:31:49.330 E/OMX-VDEC-1080P( 1528): Extension: OMX.google.android.index.storeANWBufferInMetadata not implemented
11-18 18:31:49.330 E/OMX-VDEC-1080P( 1528): Extension: OMX.google.android.index.configureVideoTunnelMode not implemented
11-18 18:31:49.330 E/OMX-VDEC-1080P( 1528): Extension: OMX.google.android.index.useAndroidNativeBuffer is supported
11-18 18:31:49.330 E/OMX-VDEC-1080P( 1528): get_parameter: unknown param 7f000046
11-18 18:31:49.330 E/OMXNodeInstance( 1528): getParameter(0xf0b50024:qcom.decoder.hevc, ??(0x7f000046)) ERROR: UnsupportedIndex(0x8000101a)
11-18 18:31:49.330 E/OMX-VDEC-1080P( 1528): set_parameter: Error: 0x80001019, setting param 0x7f00005d
11-18 18:31:49.330 E/OMXNodeInstance( 1528): setParameter(0xf0b50024:qcom.decoder.hevc, OMX.google.android.index.allocateNativeHandle(0x7f00005d): Output:1 en=0) ERROR: UnsupportedSetting(0x80001019)
11-18 18:31:49.330 E/OMX-VDEC-1080P( 1528): Extension: OMX.google.android.index.storeANWBufferInMetadata not implemented
11-18 18:31:49.330 E/OMX-VDEC-1080P( 1528): get_parameter: unknown param 6f600011
11-18 18:31:49.330 E/OMXNodeInstance( 1528): getParameter(0xf0b50024:qcom.decoder.hevc, ??(0x6f600011)) ERROR: UnsupportedIndex(0x8000101a)
11-18 18:31:49.330 I/ExtendedACodec( 5782): setupVideoDecoder()
11-18 18:31:49.333 I/ExtendedACodec( 5782): Decoder will be in frame by frame mode
11-18 18:31:49.333 E/OMX-VDEC-1080P( 1528): Setparameter: unknown param 2130706434
11-18 18:31:49.333 E/OMX-VDEC-1080P( 1528): set_parameter: Error: 0x8000101a, setting param 0x7f000002
11-18 18:31:49.333 E/OMXNodeInstance( 1528): setParameter(0xf0b50024:qcom.decoder.hevc, ??(0x7f000002)) ERROR: UnsupportedIndex(0x8000101a)
11-18 18:31:49.333 W/ExtendedACodec( 5782): Failed to set frame packing format on component
11-18 18:31:49.337 E/OMXNodeInstance( 1528): getConfig(0xf0b50024:qcom.decoder.hevc, ??(0x7f000062)) ERROR: UnsupportedSetting(0x80001019)
11-18 18:31:49.343 W/WindowManager( 1923): Requires INTERNAL_SYSTEM_WINDOW permission if assign type to input
11-18 18:31:49.364 E/OMX-VDEC-1080P( 1528): Extension: OMX.google.android.index.AndroidNativeBufferConsumerUsage not implemented
11-18 18:31:49.365 D/SurfaceUtils( 5782): set up nativeWindow 0xb400007d10d29d80 for 1080x2520, color 0x7fa30c06, rotation 0, usage 0x20402900
11-18 18:31:49.367 W/Parcel  ( 6197): Expecting binder but got null!
11-18 18:31:49.370 W/ResourceManagerService( 1500): Ignoring request to add new resource entry with value <= 0
11-18 18:31:49.460 E/OMXNodeInstance( 1528): getConfig(0xf0b50024:qcom.decoder.hevc, ??(0x7f000062)) ERROR: UnsupportedSetting(0x80001019)
11-18 18:31:49.462 E/OMX-VDEC-1080P( 1528): Extension: OMX.QTI.index.config.video.getdsmode not implemented
11-18 18:31:49.554 I/FontLog ( 6392): Received query Noto Color Emoji Compat, URI content://com.google.android.gms.fonts [CONTEXT service_id=132 ]
11-18 18:31:49.555 I/FontLog ( 6392): Query [emojicompat-emoji-font] resolved to {Noto Color Emoji Compat, wdth 100.0, wght 400, ital 0.0, bestEffort false} [CONTEXT service_id=132 ]
11-18 18:31:49.563 D/CompatibilityInfo( 1923): mCompatibilityFlags - 0
11-18 18:31:49.563 D/CompatibilityInfo( 1923): applicationDensity - 420
11-18 18:31:49.564 D/CompatibilityInfo( 1923): applicationScale - 1.0
11-18 18:31:49.571 I/resolv  (  921): GetAddrInfoHandler::run: {0 786432 0 983040 10195 0}
11-18 18:31:49.572 W/FontLog ( 6392): Connection failure for https://fonts.gstatic.com/s/a/c79eac35ffed2c79cc7f23f07f8bf78b93dd8055bed04b7c777a76ac1fb13854.ttf [CONTEXT service_id=132 ]
11-18 18:31:49.573 W/FontLog ( 6392): https://fonts.gstatic.com/s/a/c79eac35ffed2c79cc7f23f07f8bf78b93dd8055bed04b7c777a76ac1fb13854.ttf Status{statusCode=Unable to resolve host "fonts.gstatic.com": No address associated with hostname, resolution=null}; declaring failure [CONTEXT service_id=132 ]
11-18 18:31:49.575 I/FontLog ( 6392): Fetch {Noto Color Emoji Compat, wdth 100.0, wght 400, ital 0.0, bestEffort false} end status Status{statusCode=Unable to resolve host "fonts.gstatic.com": No address associated with hostname, resolution=null} [CONTEXT service_id=132 ]
11-18 18:31:49.668 W/TransactionTracing( 1272): Could not find layer id -1
11-18 18:31:49.668 W/TransactionTracing( 1272): Could not find layer id -1
11-18 18:31:49.668 W/TransactionTracing( 1272): Could not find layer id -1
11-18 18:31:49.688 I/Monkey  (16995): :Sending Touch (ACTION_DOWN): 0:(124.0,1959.0)
11-18 18:31:49.690 I/QTI PowerHAL( 1116): Power setBoost: 0, duration: 0
11-18 18:31:49.691 I/QTI PowerHAL( 1116): Power setBoost: 0, duration: 0
11-18 18:31:49.693 I/Monkey  (16995): :Sending Touch (ACTION_UP): 0:(120.270615,1947.9479)
11-18 18:31:49.695 I/Monkey  (16995): Sleeping for 1000 milliseconds
11-18 18:31:49.707 D/audio_hw_primary( 1089): adev_get_parameters:360ra_upmix_supported_device
11-18 18:31:49.707 D/audio_hw_spkr_prot( 1089): fbsp_get_parameters: Speaker protection disabled
11-18 18:31:49.707 D/soundtrigger( 1089): audio_extn_sound_trigger_get_parameters input string<360ra_upmix_supported_device=>
11-18 18:31:49.707 D/soundtrigger( 1089): extract_sm_handle input string <360ra_upmix_supported_device=> param string <360ra_upmix_supported_device=>
11-18 18:31:49.707 D/audio_hw_extn( 1089): audio_extn_fm_get_parameters: Enter
11-18 18:31:49.707 D/audio_hw_extn( 1089): audio_extn_get_parameters: returns 
11-18 18:31:49.707 D/audio_hw_primary( 1089): adev_get_parameters: exit: returns - 
11-18 18:31:49.708 D/audio_hw_primary( 1089): adev_get_parameters:360ra_upmix_headphone
11-18 18:31:49.708 D/audio_hw_spkr_prot( 1089): fbsp_get_parameters: Speaker protection disabled
11-18 18:31:49.708 D/soundtrigger( 1089): audio_extn_sound_trigger_get_parameters input string<360ra_upmix_headphone=>
11-18 18:31:49.708 D/soundtrigger( 1089): extract_sm_handle input string <360ra_upmix_headphone=> param string <360ra_upmix_headphone=>
11-18 18:31:49.708 D/audio_hw_extn( 1089): audio_extn_fm_get_parameters: Enter
11-18 18:31:49.708 D/audio_hw_extn( 1089): audio_extn_get_parameters: returns 
11-18 18:31:49.708 D/audio_hw_primary( 1089): adev_get_parameters: exit: returns - 
11-18 18:31:49.709 D/audio_hw_primary( 1089): out_set_parameters: enter: usecase(1: low-latency-playback) kvpairs: suspend_playback=false
11-18 18:31:49.709 D/audio_hw_extn( 1089): audio_extn_fm_set_parameters: Enter
11-18 18:31:49.710 W/audio_hw_primary( 1089): out_write: underrun(186) frames_by_time(36019) > out->last_fifo_frames_remaining(384)
11-18 18:31:49.786 W/InputManager-JNI( 1923): Input channel object '322b65 com.sonymobile.wallpaper.bt.DefaultWallpaperService (client)' was disposed without first being removed with the input manager!
11-18 18:31:49.788 W/ActivityManager( 1923): setHasOverlayUi called on unknown pid: 22676
11-18 18:31:49.802 W/TransactionTracing( 1272): Could not find layer handle 0xb400006cf067c910
11-18 18:31:49.802 W/TransactionTracing( 1272): Could not find layer handle 0xb400006cf068d230
11-18 18:31:49.802 W/TransactionTracing( 1272): Could not find layer handle 0xb400006cf0686330
11-18 18:31:49.804 E/BpTransactionCompletedListener( 1272): Failed to transact (-32)
11-18 18:31:49.804 E/BpTransactionCompletedListener( 1272): Failed to transact (-32)
11-18 18:31:49.864 D/dumpstate(23783): Bugreport dir: [/data/user_de/0/com.android.shell/files/bugreports] Base name: [bugreport-SO-52B-62.2.B.0.228] Suffix: [2022-11-18-18-31-48] Log path: [/data/user_de/0/com.android.shell/files/bugreports/bugreport-SO-52B-62.2.B.0.228-2022-11-18-18-31-48-dumpstate_log-23783.txt] Temporary path: [/data/user_de/0/com.android.shell/files/bugreports/bugreport-SO-52B-62.2.B.0.228-2022-11-18-18-31-48.tmp] Screenshot path: []
11-18 18:31:49.864 D/dumpstate(23783): Creating initial .zip file (/data/user_de/0/com.android.shell/files/bugreports/bugreport-SO-52B-62.2.B.0.228-2022-11-18-18-31-48.zip)
11-18 18:31:49.864 I/dumpstate(23783): Creating directory /data/user_de/0/com.android.shell/files/bugreports
11-18 18:31:49.865 D/dumpstate(23783): Adding zip text entry version.txt
11-18 18:31:49.865 I/dumpstate(23783): Vibrate: 'cmd vibrator_manager synced -f -d dumpstate oneshot 150'
11-18 18:31:49.869 I/JavaDumper:DumpState( 1508): Start reading from dumpstate socket
11-18 18:31:49.873 E/        (    0): [drm:sde_connector_check_status_work:2232] [sde error]Check err_flag status 0
11-18 18:31:49.905 I/binder  (    0): 23851:23851 ioctl 40046210 7ff7a70d90 returned -22
11-18 18:31:49.911 D/vendor.qti.vibrator( 1235): Vibrator on for timeoutMs: 150
11-18 18:31:49.912 D/vendor.qti.vibrator( 1235): Starting on on another thread
11-18 18:31:49.950 D/audio_hw_primary( 1089): out_set_parameters: enter: usecase(1: low-latency-playback) kvpairs: suspend_playback=true
11-18 18:31:49.950 D/audio_hw_extn( 1089): audio_extn_fm_set_parameters: Enter
11-18 18:31:50.061 E/AppOps  ( 1923): Attribution not found: uid=0 pkg=root(null) op=VIBRATE
11-18 18:31:50.062 D/vendor.qti.vibrator( 1235): Notifying on complete
11-18 18:31:50.063 D/vendor.qti.vibrator( 1235): QTI Vibrator off
11-18 18:31:50.064 D/dumpstate(23783): Module metadata package name: com.google.android.modulemetadata
11-18 18:31:50.087 W/DisplayIdentification( 1272): Invalid EDID: falling back to serial number due to missing display name.
11-18 18:31:50.087 W/DisplayIdentification( 1272): Invalid EDID: falling back to ASCII text due to missing serial number.
11-18 18:31:50.088 I/SDM     ( 1198): HWCDisplay::GetColorModeCount: Supported color mode count = 3
11-18 18:31:50.088 I/SDM     ( 1198): HWCDisplay::GetColorModes: Color mode = 0 is supported
11-18 18:31:50.088 I/SDM     ( 1198): HWCDisplay::GetColorModes: Color mode = 7 is supported
11-18 18:31:50.088 I/SDM     ( 1198): HWCDisplay::GetColorModes: Color mode = 9 is supported
11-18 18:31:50.089 D/DisplayDevice( 1272): getVsyncPeriodFromHWC: Called HWC getDisplayVsyncPeriod. No error. period=16666666
11-18 18:31:50.090 I/audit   (    0): type=1400 audit(1668767510.087:4282): avc:  denied  { open } for  pid=1272 comm="binder:1272_5" path="/proc/1198/cmdline" dev="proc" ino=488098 scontext=u:r:surfaceflinger:s0 tcontext=u:r:hal_graphics_composer_default:s0 tclass=file permissive=1 ppid=1 pcomm="init" pgid=1272 pgcomm="surfaceflinger"
11-18 18:31:50.090 I/audit   (    0): type=1400 audit(1668767510.087:4283): avc:  denied  { getattr } for  pid=1272 comm="binder:1272_5" path="/proc/1198/cmdline" dev="proc" ino=488098 scontext=u:r:surfaceflinger:s0 tcontext=u:r:hal_graphics_composer_default:s0 tclass=file permissive=1 ppid=1 pcomm="init" pgid=1272 pgcomm="surfaceflinger"
11-18 18:31:50.154 D/CompatibilityChangeReporter( 1923): Compat change id reported: 174042980; UID 10251; state: DISABLED
11-18 18:31:50.154 D/CompatibilityChangeReporter( 1923): Compat change id reported: 184838306; UID 10251; state: DISABLED
11-18 18:31:50.155 D/CompatibilityChangeReporter( 1923): Compat change id reported: 185004937; UID 10251; state: DISABLED
11-18 18:31:50.158 D/CompatibilityChangeReporter( 1923): Compat change id reported: 174042980; UID 10294; state: DISABLED
11-18 18:31:50.158 D/CompatibilityChangeReporter( 1923): Compat change id reported: 181136395; UID 10294; state: DISABLED
11-18 18:31:50.158 D/CompatibilityChangeReporter( 1923): Compat change id reported: 174042936; UID 10294; state: DISABLED
11-18 18:31:50.158 D/CompatibilityChangeReporter( 1923): Compat change id reported: 184838306; UID 10294; state: DISABLED
11-18 18:31:50.158 D/CompatibilityChangeReporter( 1923): Compat change id reported: 185004937; UID 10294; state: DISABLED
11-18 18:31:50.160 D/CompatibilityChangeReporter( 1923): Compat change id reported: 174042980; UID 1001; state: DISABLED
11-18 18:31:50.160 D/CompatibilityChangeReporter( 1923): Compat change id reported: 181136395; UID 1001; state: DISABLED
11-18 18:31:50.160 D/CompatibilityChangeReporter( 1923): Compat change id reported: 174042936; UID 1001; state: DISABLED
11-18 18:31:50.160 D/CompatibilityChangeReporter( 1923): Compat change id reported: 184838306; UID 1001; state: DISABLED
11-18 18:31:50.160 D/CompatibilityChangeReporter( 1923): Compat change id reported: 185004937; UID 1001; state: DISABLED
11-18 18:31:50.161 D/CompatibilityChangeReporter( 1923): Compat change id reported: 174042980; UID 10186; state: DISABLED
11-18 18:31:50.161 D/CompatibilityChangeReporter( 1923): Compat change id reported: 181136395; UID 10186; state: DISABLED
11-18 18:31:50.161 D/CompatibilityChangeReporter( 1923): Compat change id reported: 184838306; UID 10186; state: DISABLED
11-18 18:31:50.161 D/CompatibilityChangeReporter( 1923): Compat change id reported: 185004937; UID 10186; state: DISABLED
11-18 18:31:50.162 D/CompatibilityChangeReporter( 1923): Compat change id reported: 174042980; UID 10304; state: DISABLED
11-18 18:31:50.162 D/CompatibilityChangeReporter( 1923): Compat change id reported: 181136395; UID 10304; state: DISABLED
11-18 18:31:50.162 D/CompatibilityChangeReporter( 1923): Compat change id reported: 174042936; UID 10304; state: DISABLED
11-18 18:31:50.163 D/CompatibilityChangeReporter( 1923): Compat change id reported: 174042980; UID 1000; state: DISABLED
11-18 18:31:50.163 D/CompatibilityChangeReporter( 1923): Compat change id reported: 181136395; UID 1000; state: DISABLED
11-18 18:31:50.163 D/CompatibilityChangeReporter( 1923): Compat change id reported: 174042936; UID 1000; state: DISABLED
11-18 18:31:50.163 D/CompatibilityChangeReporter( 1923): Compat change id reported: 184838306; UID 1000; state: DISABLED
11-18 18:31:50.164 D/CompatibilityChangeReporter( 1923): Compat change id reported: 185004937; UID 1000; state: DISABLED
11-18 18:31:50.344 D/CompatibilityChangeReporter( 1923): Compat change id reported: 181136395; UID 10251; state: DISABLED
11-18 18:31:50.344 D/CompatibilityChangeReporter( 1923): Compat change id reported: 174042936; UID 10251; state: DISABLED
11-18 18:31:50.349 D/NavigationModeController( 5638): getCurrentInteractionMode: mode=0 contextUser=0
11-18 18:31:50.350 D/NavigationModeController( 5638):   contextUser=0
11-18 18:31:50.350 D/NavigationModeController( 5638):   assetPaths=
11-18 18:31:50.350 D/NavigationModeController( 5638):     <empty> and /system/framework/framework-res.apk
11-18 18:31:50.350 D/NavigationModeController( 5638):     /product/overlay/GmsConfigOverlayASI.apk
11-18 18:31:50.350 D/NavigationModeController( 5638):     /product/overlay/GmsConfigOverlayCommon.apk
11-18 18:31:50.350 D/NavigationModeController( 5638):     /product/overlay/GmsConfigOverlayComms.apk
11-18 18:31:50.350 D/NavigationModeController( 5638):     /product/overlay/GmsConfigOverlayGSA.apk
11-18 18:31:50.350 D/NavigationModeController( 5638):     /product/overlay/GmsConfigOverlayGeotz.apk
11-18 18:31:50.350 D/NavigationModeController( 5638):     /product/overlay/GmsConfigOverlayPersonalSafety.apk
11-18 18:31:50.350 D/NavigationModeController( 5638):     /product/overlay/GmsConfigOverlayPhotos.apk
11-18 18:31:50.350 D/NavigationModeController( 5638):     /product/overlay/GmsConfigOverlayQr.apk
11-18 18:31:50.350 D/NavigationModeController( 5638):     /product/overlay/GmsConfigOverlayWellbeing.apk
11-18 18:31:50.350 D/NavigationModeController( 5638):     /product/overlay/GoogleExtServicesConfigOverlay.apk
11-18 18:31:50.350 D/NavigationModeController( 5638):     /product/overlay/GooglePermissionControllerFrameworkOverlay.apk
11-18 18:31:50.350 D/NavigationModeController( 5638):     /product/overlay/ModuleMetadataGoogleOverlay.apk
11-18 18:31:50.350 D/NavigationModeController( 5638):     /vendor/overlay/Android-Enterprise-Overlay-docomo-2-release.apk
11-18 18:31:50.350 D/NavigationModeController( 5638):     /product/overlay/FrameworksResCommon_Sys.apk
11-18 18:31:50.350 D/NavigationModeController( 5638):     /odm/overlay/FrameworksRes-lena.apk
11-18 18:31:50.350 D/NavigationModeController( 5638):     /oem/overlay/FrameworkRes-SOMC-Dialer-Overlay.apk
11-18 18:31:50.350 D/NavigationModeController( 5638):     /product/overlay/FrameworkRes-Lena-Overlay.apk
11-18 18:31:50.350 D/NavigationModeController( 5638):     /oem/overlay/FrameworksRes-HotSwapRestart-Overlay.apk
11-18 18:31:50.350 D/NavigationModeController( 5638):     /oem/overlay/FrameworksRes-Stamina-Overlay.apk
11-18 18:31:50.350 D/NavigationModeController( 5638):     /product/overlay/FrameworkRes-Pdx213Docomo-Overlay.apk
11-18 18:31:50.350 D/NavigationModeController( 5638):     /oem/overlay/Frameworks-Telephony-Overlay-docomo-285-release.apk
11-18 18:31:50.350 D/NavigationModeController( 5638):     /oem/overlay/Camera-Force-Shutter-Sound-Overlay-305-release.apk
11-18 18:31:50.350 D/NavigationModeController( 5638):     <empty> and /system_ext/priv-app/SystemUI/SystemUI.apk
11-18 18:31:50.350 D/NavigationModeController( 5638):     /data/resource-cache/com.android.systemui-neutral-4ssH.frro
11-18 18:31:50.350 D/NavigationModeController( 5638):     /data/resource-cache/com.android.systemui-accent-4yH5.frro
11-18 18:31:50.351 D/NavigationModeController( 5638):     /product/overlay/SystemUIResCommon_Sys.apk
11-18 18:31:50.351 D/NavigationModeController( 5638):     /product/overlay/SystemUIRes-Lena-Overlay.apk
11-18 18:31:50.351 D/NavigationModeController( 5638):     /oem/overlay/SystemUIRes-Stamina-Overlay.apk
11-18 18:31:50.351 D/NavigationModeController( 5638):     /product/overlay/SystemUIRes-PDX213-Overlay.apk
11-18 18:31:50.351 D/NavigationModeController( 5638):     /oem/overlay/SystemUIRes-Pdx213Docomo-Overlay.apk
11-18 18:31:50.378 E/EventHub( 1923): Failed to read sysfs battery info: No such file or directory
11-18 18:31:50.378 E/EventHub( 1923): Failed to read sysfs battery info: No such file or directory
11-18 18:31:50.378 E/EventHub( 1923): Failed to read sysfs battery info: No such file or directory
11-18 18:31:50.378 E/EventHub( 1923): Failed to read sysfs battery info: No such file or directory
11-18 18:31:50.378 E/EventHub( 1923): Failed to read sysfs battery info: No such file or directory
11-18 18:31:50.378 I/audit   (    0): type=1400 audit(1668767510.375:4284): avc:  denied  { read } for  pid=1923 comm="binder:1923_1F" name="capacity" dev="sysfs" ino=62878 scontext=u:r:system_server:s0 tcontext=u:object_r:vendor_sysfs_battery_supply:s0 tclass=file permissive=1 ppid=922 pcomm="main" pgid=1923 pgcomm="system_server"
11-18 18:31:50.378 I/audit   (    0): type=1400 audit(1668767510.375:4285): avc:  denied  { open } for  pid=1923 comm="binder:1923_1F" path="/sys/devices/platform/soc/c440000.qcom,spmi/spmi-0/spmi0-02/c440000.qcom,spmi:qcom,pm7250b@2:qcom,qpnp-smb5/power_supply/battery/capacity" dev="sysfs" ino=62878 scontext=u:r:system_server:s0 tcontext=u:object_r:vendor_sysfs_battery_supply:s0 tclass=file permissive=1 ppid=922 pcomm="main" pgid=1923 pgcomm="system_server"
11-18 18:31:50.378 I/audit   (    0): type=1400 audit(1668767510.375:4286): avc:  denied  { getattr } for  pid=1923 comm="binder:1923_1F" path="/sys/devices/platform/soc/c440000.qcom,spmi/spmi-0/spmi0-02/c440000.qcom,spmi:qcom,pm7250b@2:qcom,qpnp-smb5/power_supply/battery/capacity" dev="sysfs" ino=62878 scontext=u:r:system_server:s0 tcontext=u:object_r:vendor_sysfs_battery_supply:s0 tclass=file permissive=1 ppid=922 pcomm="main" pgid=1923 pgcomm="system_server"
11-18 18:31:50.644 D/dumpstate(23783): Duration of 'DUMPSYS CRITICAL': 0.57s
11-18 18:31:50.695 I/Monkey  (16995): :Sending Trackball (ACTION_MOVE): 0:(-3.0,-4.0)
11-18 18:31:50.697 I/QTI PowerHAL( 1116): Power setBoost: 0, duration: 0
11-18 18:31:50.698 I/Monkey  (16995): :Sending Trackball (ACTION_MOVE): 0:(-1.0,2.0)
11-18 18:31:50.699 I/QTI PowerHAL( 1116): Power setBoost: 0, duration: 0
11-18 18:31:50.700 I/Monkey  (16995): :Sending Trackball (ACTION_MOVE): 0:(3.0,-4.0)
11-18 18:31:50.701 I/Monkey  (16995): :Sending Trackball (ACTION_MOVE): 0:(-3.0,1.0)
11-18 18:31:50.702 I/Monkey  (16995): :Sending Trackball (ACTION_MOVE): 0:(-5.0,-1.0)
11-18 18:31:50.702 W/TransactionTracing( 1272): Could not find layer id -1
11-18 18:31:50.703 I/Monkey  (16995): :Sending Trackball (ACTION_MOVE): 0:(-3.0,-1.0)
11-18 18:31:50.705 I/Monkey  (16995): :Sending Trackball (ACTION_MOVE): 0:(-3.0,-3.0)
11-18 18:31:50.707 W/InputEventSender(23766): Received 'finished' signal for unknown seq number = 1
11-18 18:31:50.707 W/InputEventSender(23766): Received 'finished' signal for unknown seq number = 2
11-18 18:31:50.707 W/InputEventSender(23766): Received 'finished' signal for unknown seq number = 3
11-18 18:31:50.707 I/Monkey  (16995): :Sending Trackball (ACTION_MOVE): 0:(-4.0,-4.0)
11-18 18:31:50.709 D/InputDispatcher( 1923): Touch mode switch rejected, caller (pid=0, uid=10251) doesn't own the focused window nor none of the previously interacted window
11-18 18:31:50.712 D/audio_hw_primary( 1089): adev_get_parameters:360ra_upmix_supported_device
11-18 18:31:50.712 D/audio_hw_spkr_prot( 1089): fbsp_get_parameters: Speaker protection disabled
11-18 18:31:50.712 D/soundtrigger( 1089): audio_extn_sound_trigger_get_parameters input string<360ra_upmix_supported_device=>
11-18 18:31:50.712 D/soundtrigger( 1089): extract_sm_handle input string <360ra_upmix_supported_device=> param string <360ra_upmix_supported_device=>
11-18 18:31:50.712 D/audio_hw_extn( 1089): audio_extn_fm_get_parameters: Enter
11-18 18:31:50.712 D/audio_hw_extn( 1089): audio_extn_get_parameters: returns 
11-18 18:31:50.712 D/audio_hw_primary( 1089): adev_get_parameters: exit: returns - 
11-18 18:31:50.713 D/audio_hw_primary( 1089): adev_get_parameters:360ra_upmix_headphone
11-18 18:31:50.713 D/audio_hw_spkr_prot( 1089): fbsp_get_parameters: Speaker protection disabled
11-18 18:31:50.713 D/soundtrigger( 1089): audio_extn_sound_trigger_get_parameters input string<360ra_upmix_headphone=>
11-18 18:31:50.713 D/soundtrigger( 1089): extract_sm_handle input string <360ra_upmix_headphone=> param string <360ra_upmix_headphone=>
11-18 18:31:50.713 D/audio_hw_extn( 1089): audio_extn_fm_get_parameters: Enter
11-18 18:31:50.713 D/audio_hw_extn( 1089): audio_extn_get_parameters: returns 
11-18 18:31:50.713 D/audio_hw_primary( 1089): adev_get_parameters: exit: returns - 
11-18 18:31:50.716 I/Monkey  (16995): :Sending Trackball (ACTION_MOVE): 0:(-5.0,4.0)
11-18 18:31:50.717 D/audio_hw_primary( 1089): out_set_parameters: enter: usecase(1: low-latency-playback) kvpairs: suspend_playback=false
11-18 18:31:50.717 D/audio_hw_extn( 1089): audio_extn_fm_set_parameters: Enter
11-18 18:31:50.718 W/audio_hw_primary( 1089): out_write: underrun(187) frames_by_time(37019) > out->last_fifo_frames_remaining(384)
11-18 18:31:50.722 I/Monkey  (16995): :Sending Trackball (ACTION_MOVE): 0:(0.0,-1.0)
11-18 18:31:50.723 I/Monkey  (16995): :Sending Trackball (ACTION_DOWN): 0:(0.0,0.0)
11-18 18:31:50.724 W/InputEventSender(23766): Received 'finished' signal for unknown seq number = 11
11-18 18:31:50.724 W/InputEventSender(23766): Received 'finished' signal for unknown seq number = 12
11-18 18:31:50.724 W/InputEventSender(23766): Received 'finished' signal for unknown seq number = 13
11-18 18:31:50.724 W/InputEventSender(23766): Received 'finished' signal for unknown seq number = 14
11-18 18:31:50.725 I/Monkey  (16995): :Sending Trackball (ACTION_UP): 0:(0.0,0.0)
11-18 18:31:50.728 I/GoogleInputMethodService( 6971): GoogleInputMethodService.onFinishInput():3274 
11-18 18:31:50.729 I/GoogleInputMethodService( 6971): GoogleInputMethodService.updateDeviceLockedStatus():2166 repeatCheckTimes = 0, unlocked = true
11-18 18:31:50.730 I/GoogleInputMethodService( 6971): GoogleInputMethodService.onStartInput():1957 onStartInput(EditorInfo{inputType=0x0(NULL) imeOptions=0x0 privateImeOptions=null actionName=UNSPECIFIED actionLabel=null actionId=0 initialSelStart=-1 initialSelEnd=-1 initialCapsMode=0x0 hintText=null label=null packageName=com.android.wallpaper fieldId=-1 fieldName=null extras=null}, false)
11-18 18:31:50.730 I/Monkey  (16995): Sleeping for 1000 milliseconds
11-18 18:31:50.730 I/GoogleInputMethodService( 6971): GoogleInputMethodService.shouldHideHeaderOnInitialState():4078 ShouldHideHeaderOnInitialState = false
11-18 18:31:50.731 I/GoogleInputMethodService( 6971): GoogleInputMethodService.updateDeviceLockedStatus():2166 repeatCheckTimes = 2, unlocked = true
11-18 18:31:50.746 I/GoogleInputMethodService( 6971): GoogleInputMethodService.onFinishInput():3274 
11-18 18:31:50.747 I/GoogleInputMethodService( 6971): GoogleInputMethodService.updateDeviceLockedStatus():2166 repeatCheckTimes = 0, unlocked = true
11-18 18:31:50.748 I/GoogleInputMethodService( 6971): GoogleInputMethodService.onStartInput():1957 onStartInput(EditorInfo{inputType=0x0(NULL) imeOptions=0x0 privateImeOptions=null actionName=UNSPECIFIED actionLabel=null actionId=0 initialSelStart=-1 initialSelEnd=-1 initialCapsMode=0x0 hintText=null label=null packageName=com.android.wallpaper fieldId=-1 fieldName=null extras=null}, false)
11-18 18:31:50.748 I/GoogleInputMethodService( 6971): GoogleInputMethodService.shouldHideHeaderOnInitialState():4078 ShouldHideHeaderOnInitialState = false
11-18 18:31:50.749 I/GoogleInputMethodService( 6971): GoogleInputMethodService.updateDeviceLockedStatus():2166 repeatCheckTimes = 2, unlocked = true
11-18 18:31:50.770 E/perfetto(23878):     perfetto_cmd.cc:986 No trace with TraceConfig.bugreport_score > 0 eligible for bug reporting was found
11-18 18:31:50.771 E/dumpstate(23783): *** command 'perfetto --save-for-bugreport' failed: exit code 1
11-18 18:31:50.790 I/binder  (    0): 23879:23879 ioctl 40046210 7fff946d50 returned -22
11-18 18:31:50.802 I/binder  (    0): 23882:23882 ioctl 40046210 7fda19e2c0 returned -22
11-18 18:31:50.812 I/logd    (    0): logdr: UID=0 GID=0 PID=23885 n tail=0 logMask=99 pid=0 start=0ns deadline=0ns
11-18 18:31:50.833 I/logd    (    0): logdr: UID=0 GID=0 PID=23887 n tail=0 logMask=4 pid=0 start=0ns deadline=0ns
11-18 18:31:50.898 D/dumpstate(23783): Duration of 'EVENT LOG': 0.07s
11-18 18:31:50.918 I/logd    (    0): logdr: UID=0 GID=0 PID=23891 n tail=0 logMask=20 pid=0 start=0ns deadline=0ns
11-18 18:31:50.920 D/dumpstate(23783): Duration of 'STATS LOG': 0.02s
11-18 18:31:50.935 I/logd    (    0): logdr: UID=0 GID=0 PID=23893 n tail=0 logMask=2 pid=0 start=0ns deadline=0ns
11-18 18:31:50.994 D/audio_hw_primary( 1089): out_set_parameters: enter: usecase(1: low-latency-playback) kvpairs: suspend_playback=true
11-18 18:31:50.994 D/audio_hw_extn( 1089): audio_extn_fm_set_parameters: Enter
11-18 18:31:51.047 D/dumpstate(23783): Duration of 'RADIO LOG': 0.13s
11-18 18:31:51.066 I/logd    (    0): start watching /data/system/packages.list ...
11-18 18:31:51.070 I/logd    (    0): ReadPackageList, total packages: 352
11-18 18:31:51.078 E/logd    (    0): FrameworkListener: read() failed (Connection reset by peer)
11-18 18:31:51.093 E/dumpstate(23783): *** command 'logcat -L -b all -v threadtime -v printable -v uid -d *:v' failed: exit code 1
11-18 18:31:51.093 I/dumpstate(23783): Start thread pool:1
11-18 18:31:51.095 D/dumpstate(23783): Adding dir /cache/recovery (recursive: 1)
11-18 18:31:51.097 D/dumpstate(23783): Adding dir /data/misc/recovery (recursive: 1)
11-18 18:31:51.095 I/binder  (    0): 23783:23898 ioctl 40046210 71846e3404 returned -22
11-18 18:31:51.099 D/dumpstate(23783): Adding dir /data/misc/update_engine_log (recursive: 1)
11-18 18:31:51.100 D/dumpstate(23783): Adding dir /data/misc/logd (recursive: 0)
11-18 18:31:51.101 D/dumpstate(23783): Adding dir /data/misc/profiles/cur (recursive: 1)
11-18 18:31:51.121 I/dumpstate(23783): libdebuggerd_client: started dumping process 690
11-18 18:31:51.124 I/tombstoned(  768): registered intercept for pid 690 and type kDebuggerdNativeBacktrace
11-18 18:31:51.125 I/libc    (  690): Requested dump for pid 690 (binder:690_2)
11-18 18:31:51.176 W/BroadcastQueue( 1923): Background execution not allowed: receiving Intent { act=android.intent.action.DROPBOX_ENTRY_ADDED flg=0x10 (has extras) } to com.google.android.gms/.stats.service.DropBoxEntryAddedReceiver
11-18 18:31:51.177 W/BroadcastQueue( 1923): Background execution not allowed: receiving Intent { act=android.intent.action.DROPBOX_ENTRY_ADDED flg=0x10 (has extras) } to com.google.android.gms/.chimera.GmsIntentOperationService$PersistentTrustedReceiver
11-18 18:31:51.189 D/CompatibilityInfo( 1923): mCompatibilityFlags - 0
11-18 18:31:51.189 D/CompatibilityInfo( 1923): applicationDensity - 420
11-18 18:31:51.189 D/CompatibilityInfo( 1923): applicationScale - 1.0
11-18 18:31:51.190 I/crash_dump64(23902): obtaining output fd from tombstoned, type: kDebuggerdNativeBacktrace
11-18 18:31:51.192 I/tombstoned(  768): received crash request for pid 690
11-18 18:31:51.192 I/tombstoned(  768): found intercept fd 512 for pid 690 and type kDebuggerdNativeBacktrace
11-18 18:31:51.192 I/crash_dump64(23902): performing dump of process 690 (target tid = 690)
11-18 18:31:51.235 I/dumpstate(23783): libdebuggerd_client: done dumping process 690
11-18 18:31:51.236 W/tombstoned(  768): skipping tombstone file creation due to intercept
11-18 18:31:51.236 I/dumpstate(23783): libdebuggerd_client: started dumping process 719
11-18 18:31:51.236 I/tombstoned(  768): registered intercept for pid 719 and type kDebuggerdNativeBacktrace
11-18 18:31:51.237 I/libc    (  719): Requested dump for pid 719 (binder:719_2)
11-18 18:31:51.238 I/init    (    0): Untracked pid 23902 exited with status 0
11-18 18:31:51.238 I/init    (    0): Untracked pid 23902 did not have an associated service entry and will not be reaped
11-18 18:31:51.239 I/init    (    0): Untracked pid 23904 exited with status 0
11-18 18:31:51.239 I/init    (    0): Untracked pid 23904 did not have an associated service entry and will not be reaped
11-18 18:31:51.241 W/TransactionTracing( 1272): Could not find layer id -1
11-18 18:31:51.249 D/dumpstate(23783): Adding dir /data/misc/profiles/ref (recursive: 1)
11-18 18:31:51.265 I/crash_dump64(23910): obtaining output fd from tombstoned, type: kDebuggerdNativeBacktrace
11-18 18:31:51.266 I/tombstoned(  768): received crash request for pid 719
11-18 18:31:51.266 I/tombstoned(  768): found intercept fd 512 for pid 719 and type kDebuggerdNativeBacktrace
11-18 18:31:51.266 I/crash_dump64(23910): performing dump of process 719 (target tid = 719)
11-18 18:31:51.267 E/dumpstate(23783): open(/data/system/package-dex-usage.list): No such file or directory
11-18 18:31:51.267 D/dumpstate(23783): Adding dir /data/misc/prereboot (recursive: 0)
11-18 18:31:51.284 I/dumpstate(23783): libdebuggerd_client: done dumping process 719
11-18 18:31:51.286 I/dumpstate(23783): libdebuggerd_client: started dumping process 920
11-18 18:31:51.286 I/tombstoned(  768): registered intercept for pid 920 and type kDebuggerdNativeBacktrace
11-18 18:31:51.287 W/tombstoned(  768): skipping tombstone file creation due to intercept
11-18 18:31:51.288 I/libc    (  920): Requested dump for pid 920 (binder:920_2)
11-18 18:31:51.293 I/init    (    0): Untracked pid 23910 exited with status 0
11-18 18:31:51.293 I/init    (    0): Untracked pid 23910 did not have an associated service entry and will not be reaped
11-18 18:31:51.300 I/init    (    0): Untracked pid 23912 exited with status 0
11-18 18:31:51.300 I/init    (    0): Untracked pid 23912 did not have an associated service entry and will not be reaped
11-18 18:31:51.328 I/crash_dump64(23916): obtaining output fd from tombstoned, type: kDebuggerdNativeBacktrace
11-18 18:31:51.329 I/tombstoned(  768): received crash request for pid 920
11-18 18:31:51.329 I/tombstoned(  768): found intercept fd 512 for pid 920 and type kDebuggerdNativeBacktrace
11-18 18:31:51.330 I/crash_dump64(23916): performing dump of process 920 (target tid = 920)
11-18 18:31:51.359 I/dumpstate(23783): libdebuggerd_client: done dumping process 920
11-18 18:31:51.359 I/dumpstate(23783): libdebuggerd_client: started dumping process 921
11-18 18:31:51.362 W/tombstoned(  768): skipping tombstone file creation due to intercept
11-18 18:31:51.363 I/tombstoned(  768): registered intercept for pid 921 and type kDebuggerdNativeBacktrace
11-18 18:31:51.363 I/libc    (  921): Requested dump for pid 921 (binder:921_4)
11-18 18:31:51.364 I/init    (    0): Untracked pid 23916 exited with status 0
11-18 18:31:51.364 I/init    (    0): Untracked pid 23916 did not have an associated service entry and will not be reaped
11-18 18:31:51.365 I/init    (    0): Untracked pid 23918 exited with status 0
11-18 18:31:51.365 I/init    (    0): Untracked pid 23918 did not have an associated service entry and will not be reaped
11-18 18:31:51.392 I/crash_dump64(23921): obtaining output fd from tombstoned, type: kDebuggerdNativeBacktrace
11-18 18:31:51.394 I/tombstoned(  768): received crash request for pid 921
11-18 18:31:51.394 I/tombstoned(  768): found intercept fd 512 for pid 921 and type kDebuggerdNativeBacktrace
11-18 18:31:51.395 I/crash_dump64(23921): performing dump of process 921 (target tid = 921)
11-18 18:31:51.407 E/dumpstate(23783): Unable to read link for /proc/23916/ns/mnt: No such file or directory
11-18 18:31:51.407 E/dumpstate(23783): Unable to read link for /proc/23918/ns/mnt: No such file or directory
11-18 18:31:51.407 D/dumpstate(23783): MOUNT INFO: 115 entries added to zip file
11-18 18:31:51.431 D/SurfaceUtils( 5782): disconnecting from surface 0xb400007d10d29d80, reason disconnectFromSurface
11-18 18:31:51.434 I/OMX-VDEC-1080P( 1528): omx_vdec::component_deinit() complete
11-18 18:31:51.436 I/msm_vidc(    0): high: 00000001: h265d: Closed video instance: 0000000000000000
11-18 18:31:51.438 I/OMX-VDEC-1080P( 1528): Exit OMX vdec Destructor: fd=8
11-18 18:31:51.455 I/dumpstate(23783): libdebuggerd_client: done dumping process 921
11-18 18:31:51.455 W/tombstoned(  768): skipping tombstone file creation due to intercept
11-18 18:31:51.456 I/dumpstate(23783): libdebuggerd_client: started dumping process 1089
11-18 18:31:51.457 I/tombstoned(  768): registered intercept for pid 1089 and type kDebuggerdNativeBacktrace
11-18 18:31:51.457 I/libc    ( 1089): Requested dump for pid 1089 (audio.service)
11-18 18:31:51.463 I/init    (    0): Untracked pid 23923 exited with status 0
11-18 18:31:51.463 I/init    (    0): Untracked pid 23923 did not have an associated service entry and will not be reaped
11-18 18:31:51.463 I/init    (    0): Untracked pid 23921 exited with status 0
11-18 18:31:51.463 I/init    (    0): Untracked pid 23921 did not have an associated service entry and will not be reaped
11-18 18:31:51.525 I/crash_dump32(23935): obtaining output fd from tombstoned, type: kDebuggerdNativeBacktrace
11-18 18:31:51.526 I/tombstoned(  768): received crash request for pid 1089
11-18 18:31:51.526 I/tombstoned(  768): found intercept fd 512 for pid 1089 and type kDebuggerdNativeBacktrace
11-18 18:31:51.527 I/crash_dump32(23935): performing dump of process 1089 (target tid = 1089)
11-18 18:31:51.548 I/binder  (    0): 23936:23936 ioctl 40046210 7fe37f0f10 returned -22
11-18 18:31:51.548 I/init    (    0): processing action (sys.lpdumpd=start) from (/system/etc/init/lpdumpd.rc:31)
11-18 18:31:51.548 I/init    (    0): starting service 'lpdumpd'...
11-18 18:31:51.548 I/init    (    0): Could not open file '/dev/block/by-name/NO_SUCH_DEVICE_a': Failed to open file '/dev/block/by-name/NO_SUCH_DEVICE_a': No such file or directory
11-18 18:31:51.551 I/ServiceManager(23936): Waiting for service 'lpdump_service' on '/dev/binder'...
11-18 18:31:51.574 I/dumpstate(23783): libdebuggerd_client: done dumping process 1089
11-18 18:31:51.575 I/dumpstate(23783): libdebuggerd_client: started dumping process 1093
11-18 18:31:51.575 W/tombstoned(  768): skipping tombstone file creation due to intercept
11-18 18:31:51.575 I/tombstoned(  768): registered intercept for pid 1093 and type kDebuggerdNativeBacktrace
11-18 18:31:51.580 I/libc    ( 1093): Requested dump for pid 1093 (bluetooth@1.0-s)
11-18 18:31:51.580 I/init    (    0): Untracked pid 23935 exited with status 0
11-18 18:31:51.580 I/init    (    0): Untracked pid 23935 did not have an associated service entry and will not be reaped
11-18 18:31:51.583 I/init    (    0): Untracked pid 23938 exited with status 0
11-18 18:31:51.583 I/init    (    0): Untracked pid 23938 did not have an associated service entry and will not be reaped
11-18 18:31:51.584 I/binder  (    0): 23939:23939 ioctl 40046210 7fd2c35340 returned -22
11-18 18:31:51.612 I/crash_dump64(23945): obtaining output fd from tombstoned, type: kDebuggerdNativeBacktrace
11-18 18:31:51.612 I/tombstoned(  768): received crash request for pid 1093
11-18 18:31:51.612 I/tombstoned(  768): found intercept fd 512 for pid 1093 and type kDebuggerdNativeBacktrace
11-18 18:31:51.614 I/crash_dump64(23945): performing dump of process 1093 (target tid = 1093)
11-18 18:31:51.626 I/dumpstate(23783): libdebuggerd_client: done dumping process 1093
11-18 18:31:51.627 I/dumpstate(23783): libdebuggerd_client: started dumping process 1095
11-18 18:31:51.627 W/tombstoned(  768): skipping tombstone file creation due to intercept
11-18 18:31:51.628 I/tombstoned(  768): registered intercept for pid 1095 and type kDebuggerdNativeBacktrace
11-18 18:31:51.628 I/libc    ( 1095): Requested dump for pid 1095 (provider@2.4-se)
11-18 18:31:51.629 I/init    (    0): Untracked pid 23945 exited with status 0
11-18 18:31:51.629 I/init    (    0): Untracked pid 23945 did not have an associated service entry and will not be reaped
11-18 18:31:51.629 I/init    (    0): Untracked pid 23947 exited with status 0
11-18 18:31:51.629 I/init    (    0): Untracked pid 23947 did not have an associated service entry and will not be reaped
11-18 18:31:51.692 I/crash_dump64(23950): obtaining output fd from tombstoned, type: kDebuggerdNativeBacktrace
11-18 18:31:51.693 I/tombstoned(  768): received crash request for pid 1095
11-18 18:31:51.693 I/tombstoned(  768): found intercept fd 512 for pid 1095 and type kDebuggerdNativeBacktrace
11-18 18:31:51.694 I/crash_dump64(23950): performing dump of process 1095 (target tid = 1095)
11-18 18:31:51.730 I/Monkey  (16995): :Sending Key (ACTION_DOWN): 116    // KEYCODE_SCROLL_LOCK
11-18 18:31:51.731 I/QTI PowerHAL( 1116): Power setBoost: 0, duration: 0
11-18 18:31:51.732 I/QTI PowerHAL( 1116): Power setBoost: 0, duration: 0
11-18 18:31:51.733 I/Monkey  (16995): :Sending Key (ACTION_UP): 116    // KEYCODE_SCROLL_LOCK
11-18 18:31:51.736 I/Monkey  (16995): Sleeping for 1000 milliseconds
11-18 18:31:51.738 I/dumpstate(23783): libdebuggerd_client: done dumping process 1095
11-18 18:31:51.739 W/tombstoned(  768): skipping tombstone file creation due to intercept
11-18 18:31:51.739 I/dumpstate(23783): libdebuggerd_client: started dumping process 1099
11-18 18:31:51.739 I/tombstoned(  768): registered intercept for pid 1099 and type kDebuggerdNativeBacktrace
11-18 18:31:51.740 I/libc    ( 1099): Requested dump for pid 1099 (drm@1.3-service)
11-18 18:31:51.745 I/init    (    0): Untracked pid 23950 exited with status 0
11-18 18:31:51.745 I/init    (    0): Untracked pid 23950 did not have an associated service entry and will not be reaped
11-18 18:31:51.746 I/init    (    0): Untracked pid 23952 exited with status 0
11-18 18:31:51.746 I/init    (    0): Untracked pid 23952 did not have an associated service entry and will not be reaped
11-18 18:31:51.758 I/qcom_rpmh DRV(    0): apps_rsc TCS Busy, retrying RPMH message send: addr=0x30010
11-18 18:31:51.770 I/crash_dump64(23957): obtaining output fd from tombstoned, type: kDebuggerdNativeBacktrace
11-18 18:31:51.770 I/tombstoned(  768): received crash request for pid 1099
11-18 18:31:51.770 I/tombstoned(  768): found intercept fd 512 for pid 1099 and type kDebuggerdNativeBacktrace
11-18 18:31:51.771 I/crash_dump64(23957): performing dump of process 1099 (target tid = 1099)
11-18 18:31:51.780 I/dumpstate(23783): libdebuggerd_client: done dumping process 1099
11-18 18:31:51.780 W/tombstoned(  768): skipping tombstone file creation due to intercept
11-18 18:31:51.780 I/dumpstate(23783): libdebuggerd_client: started dumping process 1101
11-18 18:31:51.780 I/tombstoned(  768): registered intercept for pid 1101 and type kDebuggerdNativeBacktrace
11-18 18:31:51.780 I/libc    ( 1101): Requested dump for pid 1101 (drm@1.3-service)
11-18 18:31:51.781 I/init    (    0): Untracked pid 23957 exited with status 0
11-18 18:31:51.781 I/init    (    0): Untracked pid 23957 did not have an associated service entry and will not be reaped
11-18 18:31:51.781 I/init    (    0): Untracked pid 23959 exited with status 0
11-18 18:31:51.781 I/init    (    0): Untracked pid 23959 did not have an associated service entry and will not be reaped
11-18 18:31:51.788 I/crash_dump64(23963): obtaining output fd from tombstoned, type: kDebuggerdNativeBacktrace
11-18 18:31:51.789 I/tombstoned(  768): received crash request for pid 1101
11-18 18:31:51.789 I/tombstoned(  768): found intercept fd 512 for pid 1101 and type kDebuggerdNativeBacktrace
11-18 18:31:51.789 I/crash_dump64(23963): performing dump of process 1101 (target tid = 1101)
11-18 18:31:51.796 I/dumpstate(23783): libdebuggerd_client: done dumping process 1101
11-18 18:31:51.796 W/tombstoned(  768): skipping tombstone file creation due to intercept
11-18 18:31:51.796 I/dumpstate(23783): libdebuggerd_client: started dumping process 1107
11-18 18:31:51.796 I/tombstoned(  768): registered intercept for pid 1107 and type kDebuggerdNativeBacktrace
11-18 18:31:51.796 I/libc    ( 1107): Requested dump for pid 1107 (health@2.1-serv)
11-18 18:31:51.797 I/init    (    0): Untracked pid 23963 exited with status 0
11-18 18:31:51.797 I/init    (    0): Untracked pid 23963 did not have an associated service entry and will not be reaped
11-18 18:31:51.798 I/init    (    0): Untracked pid 23965 exited with status 0
11-18 18:31:51.798 I/init    (    0): Untracked pid 23965 did not have an associated service entry and will not be reaped
11-18 18:31:51.804 I/crash_dump64(23968): obtaining output fd from tombstoned, type: kDebuggerdNativeBacktrace
11-18 18:31:51.804 I/tombstoned(  768): received crash request for pid 1107
11-18 18:31:51.804 I/tombstoned(  768): found intercept fd 512 for pid 1107 and type kDebuggerdNativeBacktrace
11-18 18:31:51.804 I/crash_dump64(23968): performing dump of process 1107 (target tid = 1107)
11-18 18:31:51.808 I/dumpstate(23783): libdebuggerd_client: done dumping process 1107
11-18 18:31:51.808 W/tombstoned(  768): skipping tombstone file creation due to intercept
11-18 18:31:51.808 I/dumpstate(23783): libdebuggerd_client: started dumping process 1115
11-18 18:31:51.808 I/tombstoned(  768): registered intercept for pid 1115 and type kDebuggerdNativeBacktrace
11-18 18:31:51.809 I/libc    ( 1115): Requested dump for pid 1115 (neuralnetworks@)
11-18 18:31:51.809 I/init    (    0): Untracked pid 23968 exited with status 0
11-18 18:31:51.809 I/init    (    0): Untracked pid 23968 did not have an associated service entry and will not be reaped
11-18 18:31:51.810 I/init    (    0): Untracked pid 23970 exited with status 0
11-18 18:31:51.810 I/init    (    0): Untracked pid 23970 did not have an associated service entry and will not be reaped
11-18 18:31:51.818 I/crash_dump64(23974): obtaining output fd from tombstoned, type: kDebuggerdNativeBacktrace
11-18 18:31:51.818 I/tombstoned(  768): received crash request for pid 1115
11-18 18:31:51.819 I/tombstoned(  768): found intercept fd 512 for pid 1115 and type kDebuggerdNativeBacktrace
11-18 18:31:51.819 I/crash_dump64(23974): performing dump of process 1115 (target tid = 1115)
11-18 18:31:51.842 I/dumpstate(23783): libdebuggerd_client: done dumping process 1115
11-18 18:31:51.842 W/tombstoned(  768): skipping tombstone file creation due to intercept
11-18 18:31:51.842 I/dumpstate(23783): libdebuggerd_client: started dumping process 1123
11-18 18:31:51.843 I/tombstoned(  768): registered intercept for pid 1123 and type kDebuggerdNativeBacktrace
11-18 18:31:51.843 I/libc    ( 1123): Requested dump for pid 1123 (thermal@2.0-ser)
11-18 18:31:51.843 I/init    (    0): Untracked pid 23974 exited with status 0
11-18 18:31:51.844 I/init    (    0): Untracked pid 23974 did not have an associated service entry and will not be reaped
