11-18 18:31:48.704 W/Monkey  (16995): // 	at android.view.ViewRootImpl$InputStage.forward(ViewRootImpl.java:5830)
11-18 18:31:48.704 W/Monkey  (16995): // 	at android.view.ViewRootImpl$InputStage.apply(ViewRootImpl.java:5838)
11-18 18:31:48.704 W/Monkey  (16995): // 	at android.view.ViewRootImpl$InputStage.deliver(ViewRootImpl.java:5811)
11-18 18:31:48.704 W/Monkey  (16995): // 	at android.view.ViewRootImpl$InputStage.onDeliverToNext(ViewRootImpl.java:5864)
11-18 18:31:48.704 W/Monkey  (16995): // 	at android.view.ViewRootImpl$InputStage.forward(ViewRootImpl.java:5830)
11-18 18:31:48.704 W/Monkey  (16995): // 	at android.view.ViewRootImpl$AsyncInputStage.forward(ViewRootImpl.java:6028)
11-18 18:31:48.704 W/Monkey  (16995): // 	at android.view.ViewRootImpl$ImeInputStage.onFinishedInputEvent(ViewRootImpl.java:6208)
11-18 18:31:48.704 W/Monkey  (16995): // 	at android.view.inputmethod.InputMethodManager$PendingEvent.run(InputMethodManager.java:3666)
11-18 18:31:48.704 W/Monkey  (16995): // 	at android.view.inputmethod.InputMethodManager.invokeFinishedInputEventCallback(InputMethodManager.java:3186)
11-18 18:31:48.704 W/Monkey  (16995): // 	at android.view.inputmethod.InputMethodManager.finishedInputEvent(InputMethodManager.java:3177)
11-18 18:31:48.704 W/Monkey  (16995): // 	at android.view.inputmethod.InputMethodManager$ImeInputEventSender.onInputEventFinished(InputMethodManager.java:3643)
11-18 18:31:48.704 W/Monkey  (16995): // 	at android.view.InputEventSender.dispatchInputEventFinished(InputEventSender.java:154)
11-18 18:31:48.704 W/Monkey  (16995): // 	at android.os.MessageQueue.nativePollOnce(Native Method)
11-18 18:31:48.704 W/Monkey  (16995): // 	at android.os.MessageQueue.next(MessageQueue.java:338)
11-18 18:31:48.704 W/Monkey  (16995): // 	at android.os.Looper.loopOnce(Looper.java:301)
11-18 18:31:48.704 W/Monkey  (16995): // 	at android.os.Looper.loop(Looper.java:475)
11-18 18:31:48.704 W/Monkey  (16995): // 	at android.app.ActivityThread.main(ActivityThread.java:7954)
11-18 18:31:48.704 W/Monkey  (16995): // 	at java.lang.reflect.Method.invoke(Native Method)
11-18 18:31:48.704 W/Monkey  (16995): // 	at com.android.internal.os.RuntimeInit$MethodAndArgsCaller.run(RuntimeInit.java:548)
11-18 18:31:48.704 W/Monkey  (16995): // 	at com.android.internal.os.ZygoteInit.main(ZygoteInit.java:942)
11-18 18:31:48.704 W/Monkey  (16995): // 
11-18 18:31:48.706 W/ActivityManager( 1923): Force-killing crashed app com.android.wallpaper at watcher's request
11-18 18:31:48.709 W/ActivityTaskManager( 1923):   Force finishing activity com.android.wallpaper/.picker.ViewOnlyPreviewActivity
11-18 18:31:48.727 D/ActivityTrigger( 1923): ActivityTrigger activityPauseTrigger 
11-18 18:31:48.730 I/Process (22676): Sending signal. PID: 22676 SIG: 9
11-18 18:31:48.738 I/logd    (    0): logdr: UID=1000 GID=1000 PID=23762 n tail=50 logMask=1d pid=0 start=0ns deadline=0ns
11-18 18:31:48.757 I/DropBoxManagerService( 1923): add tag=system_app_crash isTagEnabled=true flags=0x6
11-18 18:31:48.762 W/BroadcastQueue( 1923): Background execution not allowed: receiving Intent { act=android.intent.action.DROPBOX_ENTRY_ADDED flg=0x10 (has extras) } to com.google.android.gms/.stats.service.DropBoxEntryAddedReceiver
11-18 18:31:48.763 W/BroadcastQueue( 1923): Background execution not allowed: receiving Intent { act=android.intent.action.DROPBOX_ENTRY_ADDED flg=0x10 (has extras) } to com.google.android.gms/.chimera.GmsIntentOperationService$PersistentTrustedReceiver
11-18 18:31:48.772 D/CompatibilityInfo( 1923): mCompatibilityFlags - 0
11-18 18:31:48.772 D/CompatibilityInfo( 1923): applicationDensity - 420
11-18 18:31:48.772 D/CompatibilityInfo( 1923): applicationScale - 1.0
11-18 18:31:48.803 I/Zygote  (  922): Process 22676 exited due to signal 9 (Killed)
11-18 18:31:48.803 I/ActivityManager( 1923): Process com.android.wallpaper (pid 22676) has died: fg  TOP 
11-18 18:31:48.805 I/WindowManager( 1923): WIN DEATH: Window{f4449ca u0 com.android.wallpaper/com.android.wallpaper.picker.ViewOnlyPreviewActivity}
11-18 18:31:48.805 W/InputManager-JNI( 1923): Input channel object 'f4449ca com.android.wallpaper/com.android.wallpaper.picker.ViewOnlyPreviewActivity (client)' was disposed without first being removed with the input manager!
11-18 18:31:48.807 I/libprocessgroup( 1923): Successfully killed process cgroup uid 10251 pid 22676 in 0ms
11-18 18:31:48.809 I/WindowManager( 1923): WIN DEATH: Window{f19ac9e u0 com.android.wallpaper/com.android.wallpaper.picker.CustomizationPickerActivity}
11-18 18:31:48.809 W/InputManager-JNI( 1923): Input channel object 'f19ac9e com.android.wallpaper/com.android.wallpaper.picker.CustomizationPickerActivity (client)' was disposed without first being removed with the input manager!
11-18 18:31:48.809 W/InputManager-JNI( 1923): Input channel object 'Embedded{-com.android.wallpaper/com.android.wallpaper.picker.CustomizationPickerActivity} (client)' was disposed without first being removed with the input manager!
11-18 18:31:48.815 E/BpTransactionCompletedListener( 1272): Failed to transact (-32)
11-18 18:31:48.815 W/UsageStatsService( 1923): Unexpected activity event reported! (com.android.wallpaper/com.android.wallpaper.picker.CustomizationPickerActivity event : 23 instanceId : 252699194)
11-18 18:31:48.815 E/BpTransactionCompletedListener( 1272): Failed to transact (-32)
11-18 18:31:48.816 V/SplashScreenExceptionList( 1923): SplashScreen checking exception for package com.android.wallpaper (target sdk:33) -> false
11-18 18:31:48.816 D/CompatibilityChangeReporter( 1923): Compat change id reported: 205907456; UID 10251; state: ENABLED
11-18 18:31:48.819 D/CompatibilityChangeReporter( 1923): Compat change id reported: 135634846; UID 10251; state: DISABLED
11-18 18:31:48.819 D/CompatibilityChangeReporter( 1923): Compat change id reported: 177438394; UID 10251; state: DISABLED
11-18 18:31:48.819 D/CompatibilityChangeReporter( 1923): Compat change id reported: 135772972; UID 10251; state: DISABLED
11-18 18:31:48.819 I/android_os_HwBinder( 7362): HwBinder: Starting thread pool for getting: vendor.semc.system.idd@1.0::IIdd/default
11-18 18:31:48.819 D/CompatibilityChangeReporter( 1923): Compat change id reported: 135754954; UID 10251; state: ENABLED
11-18 18:31:48.820 D/CompatibilityChangeReporter( 1923): Compat change id reported: 143937733; UID 10251; state: ENABLED
11-18 18:31:48.822 I/android_os_HwBinder( 7362): HwBinder: Starting thread pool for getting: vendor.semc.system.idd@1.0::IIdd/default
11-18 18:31:48.827 D/Zygote  (  922): Forked child process 23766
11-18 18:31:48.828 I/ActivityManager( 1923): Start proc 23766:com.android.wallpaper/u0a251 for top-activity:com.android.wallpaper {com.android.wallpaper/com.android.wallpaper.picker.CustomizationPickerActivity}
11-18 18:31:48.834 I/Zygote  (23766): seccomp disabled by setenforce 0
11-18 18:31:48.845 I/adbd    (16578): jdwp connection from 23766
11-18 18:31:48.845 I/binder  (    0): 23766:23766 ioctl 40046210 7fe3b567b0 returned -22
11-18 18:31:48.848 D/clmlib  ( 1508): Got activities:0x0000000E
11-18 18:31:48.848 I/JavaDumper:JavaDumperThread( 1508): addEvent: system_app_crash@1668767508758.txt.gz processName: com.android.wallpaper
11-18 18:31:48.848 I/JavaDumper:JavaDumperThread( 1508): Event: system_app_crash@1668767508758.txt.gz TimeStamp: 1668767508
11-18 18:31:48.850 I/binder  (    0): 1508:1538 ioctl 40046210 7d1adfb120 returned -22
11-18 18:31:48.851 I/CrashMonitor( 6126): BugReportStatusObserver: event = 8 , path = bugreport_status
11-18 18:31:48.851 I/CrashMonitor( 6126): BugReportStatusObserver: bugreport_status = dump_started
11-18 18:31:48.852 I/JavaDumper:JavaDumperThread( 1508): Wake lock acquired
11-18 18:31:48.853 E/JavaDumper:DumpState( 1508): Failed to remove /mnt/tmp/dumpstate.txt:No such file or directory
11-18 18:31:48.854 D/CompatibilityInfo( 1923): mCompatibilityFlags - 0
11-18 18:31:48.854 D/CompatibilityInfo( 1923): applicationDensity - 420
11-18 18:31:48.854 D/CompatibilityInfo( 1923): applicationScale - 1.0
11-18 18:31:48.854 I/ActivityTaskManager( 1923): The Process com.android.wallpaper Already Exists in BG. So sending its PID: 23766
11-18 18:31:48.853 I/init    (    0): starting service 'dumpstate'...
11-18 18:31:48.854 I/init    (    0): Created socket '/dev/socket/dumpstate', mode 660, user 2000, group 1007
11-18 18:31:48.856 D/CompatibilityInfo( 1923): mCompatibilityFlags - 0
11-18 18:31:48.856 D/CompatibilityInfo( 1923): applicationDensity - 420
11-18 18:31:48.856 D/CompatibilityInfo( 1923): applicationScale - 1.0
11-18 18:31:48.860 D/CompatibilityChangeReporter(23766): Compat change id reported: 171979766; UID 10251; state: ENABLED
11-18 18:31:48.863 I/init    (    0): Control message: Processed ctl.start for 'dumpstate' from pid: 1508 (/system_ext/bin/javadumper)
11-18 18:31:48.864 D/CompatibilityChangeReporter( 1923): Compat change id reported: 168419799; UID 10323; state: DISABLED
11-18 18:31:48.864 D/CompatibilityInfo( 1923): mCompatibilityFlags - 0
11-18 18:31:48.864 D/CompatibilityInfo( 1923): applicationDensity - 420
11-18 18:31:48.864 D/CompatibilityInfo( 1923): applicationScale - 1.0
11-18 18:31:48.867 I/android_os_HwBinder( 1923): HwBinder: Starting thread pool for getting: vendor.semc.hardware.display@2.0::IDisplay/default
11-18 18:31:48.870 D/nativeloader(23766): Configuring classloader-namespace-shared for other apk /system/framework/org.apache.http.legacy.jar. target_sdk_version=33, uses_libraries=ALL, library_path=/system_ext/priv-app/ThemePicker/lib/arm64:/system_ext/priv-app/ThemePicker/ThemePicker.apk!/lib/arm64-v8a:/system/lib64:/system_ext/lib64, permitted_path=/data:/mnt/expand:/data/user/0/com.android.wallpaper:/system_ext/priv-app/ThemePicker:/system/lib64:/system_ext/lib64
11-18 18:31:48.870 D/nativeloader(23766): Extending system_exposed_libraries: libbinauralrenderer_wrapper.qti.so:libhoaeffects.qti.so:libQOC.qti.so:libupdateprof.qti.so:libthermalclient.qti.so:libQOC.qti.so:libdiag_system.qti.so:libqape.qti.so:libqesdk_ndk_platform.qti.so:liblistenjni.qti.so:libMiscTAApi.sony.so:libifaateeclientjni.sony.so
11-18 18:31:48.871 I/ActivityManager( 1923): Background started FGS: Allowed [callingPackage: com.sonymobile.crashmonitor.ui; callingUid: 10323; uidState: RCVR; intent: Intent { act=com.sonymobile.crashmonitor.JAVADUMPER_STARTED cmp=com.sonymobile.crashmonitor.ui/.service.JavaDumperStatusNotificationService (has extras) }; code:BACKGROUND_ACTIVITY_PERMISSION; tempAllowListReason:<null>; targetSdkVersion:30; callerTargetSdkVersion:30; startForegroundCount:0; bindFromPackage:null]
11-18 18:31:48.873 W/droid.wallpaper(23766): ClassLoaderContext shared library size mismatch. Expected=3, found=1 (PCL[]{PCL[/system/framework/org.apache.http.legacy.jar*3145838628]#PCL[/system_ext/framework/androidx.window.extensions.jar*974845323]#PCL[/system_ext/framework/androidx.window.sidecar.jar*1280691118]} | PCL[]{PCL[/system/framework/org.apache.http.legacy.jar*3145838628]})
11-18 18:31:48.876 D/nativeloader(23766): Configuring classloader-namespace-shared for other apk /system_ext/priv-app/ThemePicker/ThemePicker.apk. target_sdk_version=33, uses_libraries=, library_path=/system_ext/priv-app/ThemePicker/lib/arm64:/system_ext/priv-app/ThemePicker/ThemePicker.apk!/lib/arm64-v8a:/system/lib64:/system_ext/lib64, permitted_path=/data:/mnt/expand:/data/user/0/com.android.wallpaper:/system_ext/priv-app/ThemePicker:/system/lib64:/system_ext/lib64
11-18 18:31:48.876 D/CompatibilityInfo( 1923): mCompatibilityFlags - 0
11-18 18:31:48.877 D/CompatibilityInfo( 1923): applicationDensity - 420
11-18 18:31:48.877 D/CompatibilityInfo( 1923): applicationScale - 1.0
11-18 18:31:48.878 E/ActivityThread( 7450): Failed to find provider info for com.sony.songpal.mdr.application.mdr_info
11-18 18:31:48.883 I/android_os_HwBinder( 7362): HwBinder: Starting thread pool for getting: vendor.semc.system.idd@1.0::IIdd/default
11-18 18:31:48.884 D/CompatibilityChangeReporter( 1923): Compat change id reported: 161145287; UID 10323; state: DISABLED
11-18 18:31:48.887 I/Perf    (23766): Connecting to perf service.
11-18 18:31:48.889 I/ActivityManager( 1923): Deferring FGS notification in legacy app com.sonymobile.crashmonitor.ui/u0a323 : Notification(channel=javadumperstatus_notification_channel_id shortcut=null contentView=null vibrate=null sound=null defaults=0x0 flags=0x4a color=0x00000000 vis=PRIVATE)
11-18 18:31:48.892 V/GraphicsEnvironment(23766): ANGLE Developer option for 'com.android.wallpaper' set to: 'default'
11-18 18:31:48.892 V/GraphicsEnvironment(23766): ANGLE GameManagerService for com.android.wallpaper: false
11-18 18:31:48.894 D/NetworkSecurityConfig(23766): No Network Security Config specified, using platform default
11-18 18:31:48.894 D/NetworkSecurityConfig(23766): No Network Security Config specified, using platform default
11-18 18:31:48.922 D/audio_hw_primary( 1089): out_set_parameters: enter: usecase(1: low-latency-playback) kvpairs: suspend_playback=false
11-18 18:31:48.922 D/audio_hw_extn( 1089): audio_extn_fm_set_parameters: Enter
11-18 18:31:48.923 W/audio_hw_primary( 1089): out_write: underrun(185) frames_by_time(48194) > out->last_fifo_frames_remaining(384)
11-18 18:31:48.927 I/dumpstate(23783): do_vibrate: 1 stream_to_socket: 1 progress_updates_to_socket: 0 do_screenshot: 0 is_remote_mode: 0 show_header_only: 0 telephony_only: 0 wifi_only: 0 do_progress_updates: 0 fd: -1 bugreport_mode:  limited_only: 0 args: /system/bin/dumpstate -s
11-18 18:31:48.927 D/dumpstate(23783): dumpstate calling_uid = -1 ; calling package =  
11-18 18:31:48.927 D/dumpstate(23783): Loading stats from /bugreports/dumpstate-stats.txt
11-18 18:31:48.927 I/dumpstate(23783): Could not read stats from /bugreports/dumpstate-stats.txt; using max of 5000
11-18 18:31:48.927 I/binder  (    0): 23783:23783 ioctl 40046210 7fd5815270 returned -22
11-18 18:31:48.928 W/Glide   (23766): Failed to find GeneratedAppGlideModule. You should include an annotationProcessor compile dependency on com.github.bumptech.glide:compiler in your application and a @GlideModule annotated AppGlideModule implementation or LibraryGlideModules will be silently ignored
11-18 18:31:48.930 D/dumpstate(23783): Wake lock acquired.
11-18 18:31:48.930 I/dumpstate(23783): dumpstate info: id=1, args='/system/bin/dumpstate -s', bugreport_mode=  bugreport format version: 2.0
11-18 18:31:48.930 D/dumpstate(23783): Opening control socket
11-18 18:31:48.949 W/BottomSheetBehavior(23766): BottomSheetBehavior now supports multiple callbacks. `setBottomSheetCallback()` removes all existing callbacks, including ones set internally by library authors, which may result in unintended behavior. This may change in the future. Please use `addBottomSheetCallback()` and `removeBottomSheetCallback()` instead to set your own callbacks.
11-18 18:31:48.960 D/CompatibilityChangeReporter(23766): Compat change id reported: 210923482; UID 10251; state: ENABLED
11-18 18:31:48.961 D/audio_hw_primary( 1089): out_set_parameters: enter: usecase(1: low-latency-playback) kvpairs: suspend_playback=true
11-18 18:31:48.961 D/audio_hw_extn( 1089): audio_extn_fm_set_parameters: Enter
11-18 18:31:48.962 W/BottomSheetBehavior(23766): BottomSheetBehavior now supports multiple callbacks. `setBottomSheetCallback()` removes all existing callbacks, including ones set internally by library authors, which may result in unintended behavior. This may change in the future. Please use `addBottomSheetCallback()` and `removeBottomSheetCallback()` instead to set your own callbacks.
11-18 18:31:48.979 D/CompatibilityChangeReporter(23766): Compat change id reported: 171228096; UID 10251; state: ENABLED
11-18 18:31:49.014 I/qcom_rpmh DRV(    0): apps_rsc TCS Busy, retrying RPMH message send: addr=0x30010
11-18 18:31:49.022 W/PhoneWindow(23766): Previously focused view reported id 2131362116 during save, but can't be found during restore.
11-18 18:31:49.031 D/CoreBackPreview( 1923): Window{a1dd380 u0 com.android.wallpaper/com.android.wallpaper.picker.CustomizationPickerActivity}: Setting back callback OnBackInvokedCallbackInfo{mCallback=android.window.IOnBackInvokedCallback$Stub$Proxy@34ca7ac, mPriority=0}
11-18 18:31:49.053 I/AdrenoGLES-0(23766): QUALCOMM build                   : 4c906d8ab4, Ie058859f22
11-18 18:31:49.053 I/AdrenoGLES-0(23766): Build Date                       : 06/21/22
11-18 18:31:49.053 I/AdrenoGLES-0(23766): OpenGL ES Shader Compiler Version: EV031.32.02.17
11-18 18:31:49.053 I/AdrenoGLES-0(23766): Local Branch                     : 
11-18 18:31:49.053 I/AdrenoGLES-0(23766): Remote Branch                    : 
11-18 18:31:49.053 I/AdrenoGLES-0(23766): Remote Branch                    : 
11-18 18:31:49.053 I/AdrenoGLES-0(23766): Reconstruct Branch               : 
11-18 18:31:49.053 I/AdrenoGLES-0(23766): Build Config                     : S P 10.0.7 AArch64
11-18 18:31:49.053 I/AdrenoGLES-0(23766): Driver Path                      : /vendor/lib64/egl/libGLESv2_adreno.so
11-18 18:31:49.057 I/AdrenoGLES-0(23766): PFP: 0x016ee197, ME: 0x00000000
11-18 18:31:49.059 W/WindowManager( 1923): Failed to deliver inset state change to w=Window{f4449ca u0 com.android.wallpaper/com.android.wallpaper.picker.ViewOnlyPreviewActivity EXITING}
11-18 18:31:49.059 W/WindowManager( 1923): android.os.DeadObjectException
11-18 18:31:49.059 W/WindowManager( 1923): 	at android.os.BinderProxy.transactNative(Native Method)
11-18 18:31:49.059 W/WindowManager( 1923): 	at android.os.BinderProxy.transact(BinderProxy.java:584)
11-18 18:31:49.059 W/WindowManager( 1923): 	at android.view.IWindow$Stub$Proxy.insetsControlChanged(IWindow.java:473)
11-18 18:31:49.059 W/WindowManager( 1923): 	at com.android.server.wm.WindowState.notifyInsetsControlChanged(WindowState.java:4003)
11-18 18:31:49.059 W/WindowManager( 1923): 	at com.android.server.wm.InsetsStateController.lambda$notifyPendingInsetsControlChanged$5$com-android-server-wm-InsetsStateController(InsetsStateController.java:348)
11-18 18:31:49.059 W/WindowManager( 1923): 	at com.android.server.wm.InsetsStateController$$ExternalSyntheticLambda4.run(Unknown Source:2)
11-18 18:31:49.059 W/WindowManager( 1923): 	at com.android.server.wm.WindowAnimator.executeAfterPrepareSurfacesRunnables(WindowAnimator.java:345)
11-18 18:31:49.059 W/WindowManager( 1923): 	at com.android.server.wm.WindowAnimator.animate(WindowAnimator.java:226)
11-18 18:31:49.059 W/WindowManager( 1923): 	at com.android.server.wm.WindowAnimator.lambda$new$1$com-android-server-wm-WindowAnimator(WindowAnimator.java:106)
11-18 18:31:49.059 W/WindowManager( 1923): 	at com.android.server.wm.WindowAnimator$$ExternalSyntheticLambda1.doFrame(Unknown Source:2)
11-18 18:31:49.059 W/WindowManager( 1923): 	at android.view.Choreographer$CallbackRecord.run(Choreographer.java:1317)
11-18 18:31:49.059 W/WindowManager( 1923): 	at android.view.Choreographer$CallbackRecord.run(Choreographer.java:1327)
11-18 18:31:49.059 W/WindowManager( 1923): 	at android.view.Choreographer.doCallbacks(Choreographer.java:985)
11-18 18:31:49.059 W/WindowManager( 1923): 	at android.view.Choreographer.doFrame(Choreographer.java:911)
11-18 18:31:49.059 W/WindowManager( 1923): 	at android.view.Choreographer$FrameDisplayEventReceiver.run(Choreographer.java:1302)
11-18 18:31:49.059 W/WindowManager( 1923): 	at android.os.Handler.handleCallback(Handler.java:942)
11-18 18:31:49.059 W/WindowManager( 1923): 	at android.os.Handler.dispatchMessage(Handler.java:99)
11-18 18:31:49.059 W/WindowManager( 1923): 	at android.os.Looper.loopOnce(Looper.java:356)
11-18 18:31:49.059 W/WindowManager( 1923): 	at android.os.Looper.loop(Looper.java:475)
11-18 18:31:49.059 W/WindowManager( 1923): 	at android.os.HandlerThread.run(HandlerThread.java:67)
11-18 18:31:49.059 W/WindowManager( 1923): 	at com.android.server.ServiceThread.run(ServiceThread.java:44)
11-18 18:31:49.070 I/SDM     ( 1198): HWCDisplay::GetColorModeCount: Supported color mode count = 3
11-18 18:31:49.070 I/SDM     ( 1198): HWCDisplay::GetColorModes: Color mode = 0 is supported
11-18 18:31:49.070 I/SDM     ( 1198): HWCDisplay::GetColorModes: Color mode = 7 is supported
11-18 18:31:49.070 I/SDM     ( 1198): HWCDisplay::GetColorModes: Color mode = 9 is supported
11-18 18:31:49.070 I/binder  (    0): 23766:23787 ioctl 40046210 7b087dd194 returned -22
11-18 18:31:49.074 I/servicemanager(  634): Could not find android.hardware.graphics.allocator.IAllocator/default in the VINTF manifest.
11-18 18:31:49.081 W/Parcel  (23766): Expecting binder but got null!
11-18 18:31:49.092 W/WindowManager( 1923): Exception thrown during dispatchAppVisibility Window{f4449ca u0 com.android.wallpaper/com.android.wallpaper.picker.ViewOnlyPreviewActivity EXITING}
11-18 18:31:49.092 W/WindowManager( 1923): android.os.DeadObjectException
11-18 18:31:49.092 W/WindowManager( 1923): 	at android.os.BinderProxy.transactNative(Native Method)
11-18 18:31:49.092 W/WindowManager( 1923): 	at android.os.BinderProxy.transact(BinderProxy.java:584)
11-18 18:31:49.092 W/WindowManager( 1923): 	at android.view.IWindow$Stub$Proxy.dispatchAppVisibility(IWindow.java:536)
11-18 18:31:49.092 W/WindowManager( 1923): 	at com.android.server.wm.WindowState.sendAppVisibilityToClients(WindowState.java:3498)
11-18 18:31:49.092 W/WindowManager( 1923): 	at com.android.server.wm.WindowContainer.sendAppVisibilityToClients(WindowContainer.java:1203)
11-18 18:31:49.092 W/WindowManager( 1923): 	at com.android.server.wm.WindowToken.setClientVisible(WindowToken.java:398)
11-18 18:31:49.092 W/WindowManager( 1923): 	at com.android.server.wm.ActivityRecord.setClientVisible(ActivityRecord.java:6702)
11-18 18:31:49.092 W/WindowManager( 1923): 	at com.android.server.wm.ActivityRecord.postApplyAnimation(ActivityRecord.java:5320)
11-18 18:31:49.092 W/WindowManager( 1923): 	at com.android.server.wm.ActivityRecord.commitVisibility(ActivityRecord.java:5275)
11-18 18:31:49.092 W/WindowManager( 1923): 	at com.android.server.wm.ActivityRecord.commitVisibility(ActivityRecord.java:5279)
11-18 18:31:49.092 W/WindowManager( 1923): 	at com.android.server.wm.AppTransitionController.handleClosingApps(AppTransitionController.java:1098)
11-18 18:31:49.092 W/WindowManager( 1923): 	at com.android.server.wm.AppTransitionController.handleAppTransitionReady(AppTransitionController.java:286)
11-18 18:31:49.092 W/WindowManager( 1923): 	at com.android.server.wm.RootWindowContainer.checkAppTransitionReady(RootWindowContainer.java:988)
11-18 18:31:49.092 W/WindowManager( 1923): 	at com.android.server.wm.RootWindowContainer.performSurfacePlacementNoTrace(RootWindowContainer.java:855)
11-18 18:31:49.092 W/WindowManager( 1923): 	at com.android.server.wm.RootWindowContainer.performSurfacePlacement(RootWindowContainer.java:797)
11-18 18:31:49.092 W/WindowManager( 1923): 	at com.android.server.wm.WindowSurfacePlacer.performSurfacePlacementLoop(WindowSurfacePlacer.java:177)
11-18 18:31:49.092 W/WindowManager( 1923): 	at com.android.server.wm.WindowSurfacePlacer.performSurfacePlacement(WindowSurfacePlacer.java:126)
11-18 18:31:49.092 W/WindowManager( 1923): 	at com.android.server.wm.WindowSurfacePlacer.performSurfacePlacement(WindowSurfacePlacer.java:115)
11-18 18:31:49.092 W/WindowManager( 1923): 	at com.android.server.wm.WindowSurfacePlacer$Traverser.run(WindowSurfacePlacer.java:57)
11-18 18:31:49.092 W/WindowManager( 1923): 	at android.os.Handler.handleCallback(Handler.java:942)
11-18 18:31:49.092 W/WindowManager( 1923): 	at android.os.Handler.dispatchMessage(Handler.java:99)
11-18 18:31:49.092 W/WindowManager( 1923): 	at android.os.Looper.loopOnce(Looper.java:356)
11-18 18:31:49.092 W/WindowManager( 1923): 	at android.os.Looper.loop(Looper.java:475)
11-18 18:31:49.092 W/WindowManager( 1923): 	at android.os.HandlerThread.run(HandlerThread.java:67)
11-18 18:31:49.092 W/WindowManager( 1923): 	at com.android.server.ServiceThread.run(ServiceThread.java:44)
11-18 18:31:49.100 D/CompatibilityChangeReporter(23766): Compat change id reported: 170233598; UID 10251; state: DISABLED
11-18 18:31:49.117 E/ClientCache( 1272): failed to get buffer, invalid process token
11-18 18:31:49.118 I/QTI PowerHAL( 1116): Power setBoost: 0, duration: 0
11-18 18:31:49.151 W/View    (23766): requestLayout() improperly called by android.widget.FrameLayout{748c81b I.E...... ......I. 0,0-414,0 #7f0a0145 app:id/lock_screen_preview_container} during layout: running second layout pass
11-18 18:31:49.158 E/StrictMode(23766): Tried to access the API:ViewConfiguration which needs to have proper configuration from a non-UI Context:com.android.customization.picker.CustomizationPickerApplication@8a45016 The API:ViewConfiguration needs a proper configuration. Use UI contexts such as an activity or a context created via createWindowContext(Display, int, Bundle) or  createConfigurationContext(Configuration) with a proper configuration.
11-18 18:31:49.158 E/StrictMode(23766): java.lang.IllegalAccessException: Tried to access the API:ViewConfiguration which needs to have proper configuration from a non-UI Context:com.android.customization.picker.CustomizationPickerApplication@8a45016
11-18 18:31:49.158 E/StrictMode(23766): 	at android.os.StrictMode.assertConfigurationContext(StrictMode.java:2295)
11-18 18:31:49.158 E/StrictMode(23766): 	at android.view.ViewConfiguration.get(ViewConfiguration.java:526)
11-18 18:31:49.158 E/StrictMode(23766): 	at android.view.View.<init>(View.java:5373)
11-18 18:31:49.158 E/StrictMode(23766): 	at android.widget.ImageView.<init>(ImageView.java:182)
11-18 18:31:49.158 E/StrictMode(23766): 	at com.android.wallpaper.util.WallpaperSurfaceCallback.setupSurfaceWallpaper(WallpaperSurfaceCallback.java:160)
11-18 18:31:49.158 E/StrictMode(23766): 	at com.android.wallpaper.util.WallpaperSurfaceCallback.surfaceCreated(WallpaperSurfaceCallback.java:111)
11-18 18:31:49.158 E/StrictMode(23766): 	at android.view.SurfaceView.updateSurface(SurfaceView.java:1020)
11-18 18:31:49.158 E/StrictMode(23766): 	at android.view.SurfaceView.lambda$new$0$android-view-SurfaceView(SurfaceView.java:160)
11-18 18:31:49.158 E/StrictMode(23766): 	at android.view.SurfaceView$$ExternalSyntheticLambda5.onPreDraw(Unknown Source:2)
11-18 18:31:49.158 E/StrictMode(23766): 	at android.view.ViewTreeObserver.dispatchOnPreDraw(ViewTreeObserver.java:1093)
11-18 18:31:49.158 E/StrictMode(23766): 	at android.view.ViewRootImpl.performTraversals(ViewRootImpl.java:3494)
11-18 18:31:49.158 E/StrictMode(23766): 	at android.view.ViewRootImpl.doTraversal(ViewRootImpl.java:2289)
11-18 18:31:49.158 E/StrictMode(23766): 	at android.view.ViewRootImpl$TraversalRunnable.run(ViewRootImpl.java:8958)
11-18 18:31:49.158 E/StrictMode(23766): 	at android.view.Choreographer$CallbackRecord.run(Choreographer.java:1319)
11-18 18:31:49.158 E/StrictMode(23766): 	at android.view.Choreographer$CallbackRecord.run(Choreographer.java:1327)
11-18 18:31:49.158 E/StrictMode(23766): 	at android.view.Choreographer.doCallbacks(Choreographer.java:985)
11-18 18:31:49.158 E/StrictMode(23766): 	at android.view.Choreographer.doFrame(Choreographer.java:916)
11-18 18:31:49.158 E/StrictMode(23766): 	at android.view.Choreographer$FrameDisplayEventReceiver.run(Choreographer.java:1302)
11-18 18:31:49.158 E/StrictMode(23766): 	at android.os.Handler.handleCallback(Handler.java:942)
11-18 18:31:49.158 E/StrictMode(23766): 	at android.os.Handler.dispatchMessage(Handler.java:99)
11-18 18:31:49.158 E/StrictMode(23766): 	at android.os.Looper.loopOnce(Looper.java:356)
11-18 18:31:49.158 E/StrictMode(23766): 	at android.os.Looper.loop(Looper.java:475)
11-18 18:31:49.158 E/StrictMode(23766): 	at android.app.ActivityThread.main(ActivityThread.java:7954)
11-18 18:31:49.158 E/StrictMode(23766): 	at java.lang.reflect.Method.invoke(Native Method)
11-18 18:31:49.158 E/StrictMode(23766): 	at com.android.internal.os.RuntimeInit$MethodAndArgsCaller.run(RuntimeInit.java:548)
11-18 18:31:49.158 E/StrictMode(23766): 	at com.android.internal.os.ZygoteInit.main(ZygoteInit.java:942)
11-18 18:31:49.160 E/StrictMode(23766): Tried to access the API:ViewConfiguration which needs to have proper configuration from a non-UI Context:com.android.customization.picker.CustomizationPickerApplication@8a45016 The API:ViewConfiguration needs a proper configuration. Use UI contexts such as an activity or a context created via createWindowContext(Display, int, Bundle) or  createConfigurationContext(Configuration) with a proper configuration.
11-18 18:31:49.160 E/StrictMode(23766): java.lang.IllegalAccessException: Tried to access the API:ViewConfiguration which needs to have proper configuration from a non-UI Context:com.android.customization.picker.CustomizationPickerApplication@8a45016
11-18 18:31:49.160 E/StrictMode(23766): 	at android.os.StrictMode.assertConfigurationContext(StrictMode.java:2295)
11-18 18:31:49.160 E/StrictMode(23766): 	at android.view.ViewConfiguration.get(ViewConfiguration.java:526)
11-18 18:31:49.160 E/StrictMode(23766): 	at android.view.ViewRootImpl.<init>(ViewRootImpl.java:921)
11-18 18:31:49.160 E/StrictMode(23766): 	at android.view.ViewRootImpl.<init>(ViewRootImpl.java:891)
11-18 18:31:49.160 E/StrictMode(23766): 	at android.view.SurfaceControlViewHost.<init>(SurfaceControlViewHost.java:313)
11-18 18:31:49.160 E/StrictMode(23766): 	at com.android.wallpaper.util.WallpaperSurfaceCallback.setupSurfaceWallpaper(WallpaperSurfaceCallback.java:181)
11-18 18:31:49.160 E/StrictMode(23766): 	at com.android.wallpaper.util.WallpaperSurfaceCallback.surfaceCreated(WallpaperSurfaceCallback.java:111)
11-18 18:31:49.160 E/StrictMode(23766): 	at android.view.SurfaceView.updateSurface(SurfaceView.java:1020)
11-18 18:31:49.160 E/StrictMode(23766): 	at android.view.SurfaceView.lambda$new$0$android-view-SurfaceView(SurfaceView.java:160)
11-18 18:31:49.160 E/StrictMode(23766): 	at android.view.SurfaceView$$ExternalSyntheticLambda5.onPreDraw(Unknown Source:2)
11-18 18:31:49.160 E/StrictMode(23766): 	at android.view.ViewTreeObserver.dispatchOnPreDraw(ViewTreeObserver.java:1093)
11-18 18:31:49.160 E/StrictMode(23766): 	at android.view.ViewRootImpl.performTraversals(ViewRootImpl.java:3494)
11-18 18:31:49.160 E/StrictMode(23766): 	at android.view.ViewRootImpl.doTraversal(ViewRootImpl.java:2289)
11-18 18:31:49.160 E/StrictMode(23766): 	at android.view.ViewRootImpl$TraversalRunnable.run(ViewRootImpl.java:8958)
11-18 18:31:49.160 E/StrictMode(23766): 	at android.view.Choreographer$CallbackRecord.run(Choreographer.java:1319)
11-18 18:31:49.160 E/StrictMode(23766): 	at android.view.Choreographer$CallbackRecord.run(Choreographer.java:1327)
11-18 18:31:49.160 E/StrictMode(23766): 	at android.view.Choreographer.doCallbacks(Choreographer.java:985)
11-18 18:31:49.160 E/StrictMode(23766): 	at android.view.Choreographer.doFrame(Choreographer.java:916)
11-18 18:31:49.160 E/StrictMode(23766): 	at android.view.Choreographer$FrameDisplayEventReceiver.run(Choreographer.java:1302)
11-18 18:31:49.160 E/StrictMode(23766): 	at android.os.Handler.handleCallback(Handler.java:942)
11-18 18:31:49.160 E/StrictMode(23766): 	at android.os.Handler.dispatchMessage(Handler.java:99)
11-18 18:31:49.160 E/StrictMode(23766): 	at android.os.Looper.loopOnce(Looper.java:356)
11-18 18:31:49.160 E/StrictMode(23766): 	at android.os.Looper.loop(Looper.java:475)
11-18 18:31:49.160 E/StrictMode(23766): 	at android.app.ActivityThread.main(ActivityThread.java:7954)
11-18 18:31:49.160 E/StrictMode(23766): 	at java.lang.reflect.Method.invoke(Native Method)
11-18 18:31:49.160 E/StrictMode(23766): 	at com.android.internal.os.RuntimeInit$MethodAndArgsCaller.run(RuntimeInit.java:548)
11-18 18:31:49.160 E/StrictMode(23766): 	at com.android.internal.os.ZygoteInit.main(ZygoteInit.java:942)
11-18 18:31:49.163 W/WindowManager( 1923): Requires INTERNAL_SYSTEM_WINDOW permission if assign type to input
11-18 18:31:49.167 E/StrictMode(23766): Tried to access the API:ViewConfiguration which needs to have proper configuration from a non-UI Context:com.android.customization.picker.CustomizationPickerApplication@8a45016 The API:ViewConfiguration needs a proper configuration. Use UI contexts such as an activity or a context created via createWindowContext(Display, int, Bundle) or  createConfigurationContext(Configuration) with a proper configuration.
11-18 18:31:49.167 E/StrictMode(23766): java.lang.IllegalAccessException: Tried to access the API:ViewConfiguration which needs to have proper configuration from a non-UI Context:com.android.customization.picker.CustomizationPickerApplication@8a45016
11-18 18:31:49.167 E/StrictMode(23766): 	at android.os.StrictMode.assertConfigurationContext(StrictMode.java:2295)
11-18 18:31:49.167 E/StrictMode(23766): 	at android.view.ViewConfiguration.get(ViewConfiguration.java:526)
11-18 18:31:49.167 E/StrictMode(23766): 	at android.view.View.<init>(View.java:5373)
11-18 18:31:49.167 E/StrictMode(23766): 	at android.widget.ImageView.<init>(ImageView.java:182)
11-18 18:31:49.167 E/StrictMode(23766): 	at com.android.wallpaper.util.WallpaperSurfaceCallback.setupSurfaceWallpaper(WallpaperSurfaceCallback.java:160)
11-18 18:31:49.167 E/StrictMode(23766): 	at com.android.wallpaper.util.WallpaperSurfaceCallback.surfaceCreated(WallpaperSurfaceCallback.java:111)
11-18 18:31:49.167 E/StrictMode(23766): 	at android.view.SurfaceView.updateSurface(SurfaceView.java:1020)
11-18 18:31:49.167 E/StrictMode(23766): 	at android.view.SurfaceView.lambda$new$0$android-view-SurfaceView(SurfaceView.java:160)
11-18 18:31:49.167 E/StrictMode(23766): 	at android.view.SurfaceView$$ExternalSyntheticLambda5.onPreDraw(Unknown Source:2)
11-18 18:31:49.167 E/StrictMode(23766): 	at android.view.ViewTreeObserver.dispatchOnPreDraw(ViewTreeObserver.java:1093)
11-18 18:31:49.167 E/StrictMode(23766): 	at android.view.ViewRootImpl.performTraversals(ViewRootImpl.java:3494)
11-18 18:31:49.167 E/StrictMode(23766): 	at android.view.ViewRootImpl.doTraversal(ViewRootImpl.java:2289)
11-18 18:31:49.167 E/StrictMode(23766): 	at android.view.ViewRootImpl$TraversalRunnable.run(ViewRootImpl.java:8958)
11-18 18:31:49.167 E/StrictMode(23766): 	at android.view.Choreographer$CallbackRecord.run(Choreographer.java:1319)
11-18 18:31:49.167 E/StrictMode(23766): 	at android.view.Choreographer$CallbackRecord.run(Choreographer.java:1327)
11-18 18:31:49.167 E/StrictMode(23766): 	at android.view.Choreographer.doCallbacks(Choreographer.java:985)
11-18 18:31:49.167 E/StrictMode(23766): 	at android.view.Choreographer.doFrame(Choreographer.java:916)
11-18 18:31:49.167 E/StrictMode(23766): 	at android.view.Choreographer$FrameDisplayEventReceiver.run(Choreographer.java:1302)
11-18 18:31:49.167 E/StrictMode(23766): 	at android.os.Handler.handleCallback(Handler.java:942)
11-18 18:31:49.167 E/StrictMode(23766): 	at android.os.Handler.dispatchMessage(Handler.java:99)
11-18 18:31:49.167 E/StrictMode(23766): 	at android.os.Looper.loopOnce(Looper.java:356)
11-18 18:31:49.167 E/StrictMode(23766): 	at android.os.Looper.loop(Looper.java:475)
11-18 18:31:49.167 E/StrictMode(23766): 	at android.app.ActivityThread.main(ActivityThread.java:7954)
11-18 18:31:49.167 E/StrictMode(23766): 	at java.lang.reflect.Method.invoke(Native Method)
11-18 18:31:49.167 E/StrictMode(23766): 	at com.android.internal.os.RuntimeInit$MethodAndArgsCaller.run(RuntimeInit.java:548)
11-18 18:31:49.167 E/StrictMode(23766): 	at com.android.internal.os.ZygoteInit.main(ZygoteInit.java:942)
11-18 18:31:49.169 E/StrictMode(23766): Tried to access the API:ViewConfiguration which needs to have proper configuration from a non-UI Context:com.android.customization.picker.CustomizationPickerApplication@8a45016 The API:ViewConfiguration needs a proper configuration. Use UI contexts such as an activity or a context created via createWindowContext(Display, int, Bundle) or  createConfigurationContext(Configuration) with a proper configuration.
11-18 18:31:49.169 E/StrictMode(23766): java.lang.IllegalAccessException: Tried to access the API:ViewConfiguration which needs to have proper configuration from a non-UI Context:com.android.customization.picker.CustomizationPickerApplication@8a45016
11-18 18:31:49.169 E/StrictMode(23766): 	at android.os.StrictMode.assertConfigurationContext(StrictMode.java:2295)
11-18 18:31:49.169 E/StrictMode(23766): 	at android.view.ViewConfiguration.get(ViewConfiguration.java:526)
11-18 18:31:49.169 E/StrictMode(23766): 	at android.view.ViewRootImpl.<init>(ViewRootImpl.java:921)
11-18 18:31:49.169 E/StrictMode(23766): 	at android.view.ViewRootImpl.<init>(ViewRootImpl.java:891)
11-18 18:31:49.169 E/StrictMode(23766): 	at android.view.SurfaceControlViewHost.<init>(SurfaceControlViewHost.java:313)
11-18 18:31:49.169 E/StrictMode(23766): 	at com.android.wallpaper.util.WallpaperSurfaceCallback.setupSurfaceWallpaper(WallpaperSurfaceCallback.java:181)
11-18 18:31:49.169 E/StrictMode(23766): 	at com.android.wallpaper.util.WallpaperSurfaceCallback.surfaceCreated(WallpaperSurfaceCallback.java:111)
11-18 18:31:49.169 E/StrictMode(23766): 	at android.view.SurfaceView.updateSurface(SurfaceView.java:1020)
11-18 18:31:49.169 E/StrictMode(23766): 	at android.view.SurfaceView.lambda$new$0$android-view-SurfaceView(SurfaceView.java:160)
11-18 18:31:49.169 E/StrictMode(23766): 	at android.view.SurfaceView$$ExternalSyntheticLambda5.onPreDraw(Unknown Source:2)
11-18 18:31:49.169 E/StrictMode(23766): 	at android.view.ViewTreeObserver.dispatchOnPreDraw(ViewTreeObserver.java:1093)
11-18 18:31:49.169 E/StrictMode(23766): 	at android.view.ViewRootImpl.performTraversals(ViewRootImpl.java:3494)
11-18 18:31:49.169 E/StrictMode(23766): 	at android.view.ViewRootImpl.doTraversal(ViewRootImpl.java:2289)
11-18 18:31:49.169 E/StrictMode(23766): 	at android.view.ViewRootImpl$TraversalRunnable.run(ViewRootImpl.java:8958)
11-18 18:31:49.169 E/StrictMode(23766): 	at android.view.Choreographer$CallbackRecord.run(Choreographer.java:1319)
11-18 18:31:49.169 E/StrictMode(23766): 	at android.view.Choreographer$CallbackRecord.run(Choreographer.java:1327)
11-18 18:31:49.169 E/StrictMode(23766): 	at android.view.Choreographer.doCallbacks(Choreographer.java:985)
11-18 18:31:49.169 E/StrictMode(23766): 	at android.view.Choreographer.doFrame(Choreographer.java:916)
11-18 18:31:49.169 E/StrictMode(23766): 	at android.view.Choreographer$FrameDisplayEventReceiver.run(Choreographer.java:1302)
11-18 18:31:49.169 E/StrictMode(23766): 	at android.os.Handler.handleCallback(Handler.java:942)
11-18 18:31:49.169 E/StrictMode(23766): 	at android.os.Handler.dispatchMessage(Handler.java:99)
11-18 18:31:49.169 E/StrictMode(23766): 	at android.os.Looper.loopOnce(Looper.java:356)
11-18 18:31:49.169 E/StrictMode(23766): 	at android.os.Looper.loop(Looper.java:475)
11-18 18:31:49.169 E/StrictMode(23766): 	at android.app.ActivityThread.main(ActivityThread.java:7954)
11-18 18:31:49.169 E/StrictMode(23766): 	at java.lang.reflect.Method.invoke(Native Method)
11-18 18:31:49.169 E/StrictMode(23766): 	at com.android.internal.os.RuntimeInit$MethodAndArgsCaller.run(RuntimeInit.java:548)
11-18 18:31:49.169 E/StrictMode(23766): 	at com.android.internal.os.ZygoteInit.main(ZygoteInit.java:942)
11-18 18:31:49.171 W/WindowManager( 1923): Requires INTERNAL_SYSTEM_WINDOW permission if assign type to input
11-18 18:31:49.171 I/DropBoxManagerService( 1923): add tag=system_app_strictmode isTagEnabled=true flags=0x2
11-18 18:31:49.175 I/DropBoxManagerService( 1923): add tag=system_app_strictmode isTagEnabled=true flags=0x2
11-18 18:31:49.186 E/StrictMode(23766): Tried to access UI related API:getWallpaperColors from a non-UI Context:com.android.customization.picker.CustomizationPickerApplication@8a45016 getWallpaperColors should be accessed from Activity or other UI Contexts. Use an Activity or a Context created with Context#createWindowContext(int, Bundle), which are adjusted to the configuration and visual bounds of an area on screen.
11-18 18:31:49.186 E/StrictMode(23766): java.lang.IllegalAccessException: Tried to access UI related API:getWallpaperColors from a non-UI Context:com.android.customization.picker.CustomizationPickerApplication@8a45016
11-18 18:31:49.186 E/StrictMode(23766): 	at android.os.StrictMode.assertUiContext(StrictMode.java:2321)
11-18 18:31:49.186 E/StrictMode(23766): 	at android.app.WallpaperManager.getWallpaperColors(WallpaperManager.java:1242)
11-18 18:31:49.186 E/StrictMode(23766): 	at android.app.WallpaperManager.getWallpaperColors(WallpaperManager.java:1228)
11-18 18:31:49.186 E/StrictMode(23766): 	at com.android.wallpaper.model.WallpaperSectionController.lambda$refreshCurrentWallpapers$6$com-android-wallpaper-model-WallpaperSectionController(WallpaperSectionController.java:358)
11-18 18:31:49.186 E/StrictMode(23766): 	at com.android.wallpaper.model.WallpaperSectionController$$ExternalSyntheticLambda1.onWallpaperInfoCreated(Unknown Source:2)
11-18 18:31:49.186 E/StrictMode(23766): 	at com.android.wallpaper.module.DefaultCurrentWallpaperInfoFactory.lambda$createCurrentWallpaperInfos$0$com-android-wallpaper-module-DefaultCurrentWallpaperInfoFactory(DefaultCurrentWallpaperInfoFactory.java:100)
11-18 18:31:49.186 E/StrictMode(23766): 	at com.android.wallpaper.module.DefaultCurrentWallpaperInfoFactory$$ExternalSyntheticLambda0.onRefreshed(Unknown Source:4)
11-18 18:31:49.186 E/StrictMode(23766): 	at com.android.wallpaper.module.DefaultWallpaperRefresher$GetWallpaperMetadataAsyncTask.onPostExecute(DefaultWallpaperRefresher.java:155)
11-18 18:31:49.186 E/StrictMode(23766): 	at com.android.wallpaper.module.DefaultWallpaperRefresher$GetWallpaperMetadataAsyncTask.onPostExecute(DefaultWallpaperRefresher.java:78)
11-18 18:31:49.186 E/StrictMode(23766): 	at android.os.AsyncTask.finish(AsyncTask.java:771)
11-18 18:31:49.186 E/StrictMode(23766): 	at android.os.AsyncTask.-$$Nest$mfinish(Unknown Source:0)
11-18 18:31:49.186 E/StrictMode(23766): 	at android.os.AsyncTask$InternalHandler.handleMessage(AsyncTask.java:788)
11-18 18:31:49.186 E/StrictMode(23766): 	at android.os.Handler.dispatchMessage(Handler.java:106)
11-18 18:31:49.186 E/StrictMode(23766): 	at android.os.Looper.loopOnce(Looper.java:356)
11-18 18:31:49.186 E/StrictMode(23766): 	at android.os.Looper.loop(Looper.java:475)
11-18 18:31:49.186 E/StrictMode(23766): 	at android.app.ActivityThread.main(ActivityThread.java:7954)
11-18 18:31:49.186 E/StrictMode(23766): 	at java.lang.reflect.Method.invoke(Native Method)
11-18 18:31:49.186 E/StrictMode(23766): 	at com.android.internal.os.RuntimeInit$MethodAndArgsCaller.run(RuntimeInit.java:548)
11-18 18:31:49.186 E/StrictMode(23766): 	at com.android.internal.os.ZygoteInit.main(ZygoteInit.java:942)
11-18 18:31:49.188 V/Launcher.Utilities( 6197): google_search_widget_visible:true
11-18 18:31:49.188 V/Launcher.Utilities( 6197): com.google.android.feature.RU:false
11-18 18:31:49.191 I/DropBoxManagerService( 1923): add tag=system_app_strictmode isTagEnabled=true flags=0x2
11-18 18:31:49.195 D/CompatibilityChangeReporter( 1923): Compat change id reported: 214016041; UID 10251; state: ENABLED
11-18 18:31:49.200 V/Launcher.Utilities( 6197): google_search_widget_visible:true
11-18 18:31:49.200 V/Launcher.Utilities( 6197): com.google.android.feature.RU:false
11-18 18:31:49.203 E/FrameEvents( 6197): updateAcquireFence: Did not find frame.
11-18 18:31:49.204 W/Parcel  (23766): Expecting binder but got null!
11-18 18:31:49.204 E/droid.wallpaper(23766): Invalid ID 0x00000000.
11-18 18:31:49.207 W/Parcel  (23766): Expecting binder but got null!
11-18 18:31:49.215 I/GoogleInputMethodService( 6971): GoogleInputMethodService.onFinishInput():3274 
11-18 18:31:49.217 E/FrameEvents( 6197): updateAcquireFence: Did not find frame.
11-18 18:31:49.221 I/GoogleInputMethodService( 6971): GoogleInputMethodService.updateDeviceLockedStatus():2166 repeatCheckTimes = 0, unlocked = true
11-18 18:31:49.221 I/GoogleInputMethodService( 6971): GoogleInputMethodService.onStartInput():1957 onStartInput(EditorInfo{inputType=0x0(NULL) imeOptions=0x0 privateImeOptions=null actionName=UNSPECIFIED actionLabel=null actionId=0 initialSelStart=-1 initialSelEnd=-1 initialCapsMode=0x0 hintText=null label=null packageName=com.android.wallpaper fieldId=-1 fieldName=null extras=null}, false)
11-18 18:31:49.222 I/GoogleInputMethodService( 6971): GoogleInputMethodService.shouldHideHeaderOnInitialState():4078 ShouldHideHeaderOnInitialState = false
11-18 18:31:49.223 I/GoogleInputMethodService( 6971): GoogleInputMethodService.updateDeviceLockedStatus():2166 repeatCheckTimes = 2, unlocked = true
11-18 18:31:49.225 V/Launcher.Utilities( 6197): google_search_widget_visible:true
11-18 18:31:49.225 V/Launcher.Utilities( 6197): com.google.android.feature.RU:false
11-18 18:31:49.230 E/FrameEvents( 6197): updateAcquireFence: Did not find frame.
11-18 18:31:49.232 W/WindowManager( 1923): Failed to deliver inset state change to w=Window{f4449ca u0 com.android.wallpaper/com.android.wallpaper.picker.ViewOnlyPreviewActivity EXITING}
11-18 18:31:49.232 W/WindowManager( 1923): android.os.DeadObjectException
11-18 18:31:49.232 W/WindowManager( 1923): 	at android.os.BinderProxy.transactNative(Native Method)
11-18 18:31:49.232 W/WindowManager( 1923): 	at android.os.BinderProxy.transact(BinderProxy.java:584)
11-18 18:31:49.232 W/WindowManager( 1923): 	at android.view.IWindow$Stub$Proxy.insetsControlChanged(IWindow.java:473)
11-18 18:31:49.232 W/WindowManager( 1923): 	at com.android.server.wm.WindowState.notifyInsetsControlChanged(WindowState.java:4003)
11-18 18:31:49.232 W/WindowManager( 1923): 	at com.android.server.wm.InsetsStateController.lambda$notifyPendingInsetsControlChanged$5$com-android-server-wm-InsetsStateController(InsetsStateController.java:348)
11-18 18:31:49.232 W/WindowManager( 1923): 	at com.android.server.wm.InsetsStateController$$ExternalSyntheticLambda4.run(Unknown Source:2)
11-18 18:31:49.232 W/WindowManager( 1923): 	at com.android.server.wm.WindowAnimator.executeAfterPrepareSurfacesRunnables(WindowAnimator.java:345)
11-18 18:31:49.232 W/WindowManager( 1923): 	at com.android.server.wm.RootWindowContainer.performSurfacePlacementNoTrace(RootWindowContainer.java:853)
11-18 18:31:49.232 W/WindowManager( 1923): 	at com.android.server.wm.RootWindowContainer.performSurfacePlacement(RootWindowContainer.java:797)
11-18 18:31:49.232 W/WindowManager( 1923): 	at com.android.server.wm.WindowSurfacePlacer.performSurfacePlacementLoop(WindowSurfacePlacer.java:177)
11-18 18:31:49.232 W/WindowManager( 1923): 	at com.android.server.wm.WindowSurfacePlacer.performSurfacePlacement(WindowSurfacePlacer.java:126)
11-18 18:31:49.232 W/WindowManager( 1923): 	at com.android.server.wm.WindowSurfacePlacer.performSurfacePlacement(WindowSurfacePlacer.java:115)
11-18 18:31:49.232 W/WindowManager( 1923): 	at com.android.server.wm.WindowSurfacePlacer$Traverser.run(WindowSurfacePlacer.java:57)
11-18 18:31:49.232 W/WindowManager( 1923): 	at android.os.Handler.handleCallback(Handler.java:942)
11-18 18:31:49.232 W/WindowManager( 1923): 	at android.os.Handler.dispatchMessage(Handler.java:99)
11-18 18:31:49.232 W/WindowManager( 1923): 	at android.os.Looper.loopOnce(Looper.java:356)
11-18 18:31:49.232 W/WindowManager( 1923): 	at android.os.Looper.loop(Looper.java:475)
11-18 18:31:49.232 W/WindowManager( 1923): 	at android.os.HandlerThread.run(HandlerThread.java:67)
11-18 18:31:49.232 W/WindowManager( 1923): 	at com.android.server.ServiceThread.run(ServiceThread.java:44)
11-18 18:31:49.235 W/TransactionTracing( 1272): Could not find layer handle 0xb400006cf068ad10
11-18 18:31:49.235 W/ActivityTaskManager( 1923): Activity top resumed state loss timeout for ActivityRecord{bb49eaf u0 com.android.wallpaper/.picker.ViewOnlyPreviewActivity} t30 f} isExiting}
11-18 18:31:49.237 E/FrameEvents( 6197): updateAcquireFence: Did not find frame.
11-18 18:31:49.240 V/Launcher.Utilities( 6197): google_search_widget_visible:true
11-18 18:31:49.240 V/Launcher.Utilities( 6197): com.google.android.feature.RU:false
11-18 18:31:49.242 E/FrameEvents( 6197): updateAcquireFence: Did not find frame.
11-18 18:31:49.250 E/FrameEvents( 6197): updateAcquireFence: Did not find frame.
11-18 18:31:49.267 I/QTI PowerHAL( 1116): Power setBoost: 0, duration: 0
11-18 18:31:49.268 D/b/231312158( 6197): getDeviceProfile -
11-18 18:31:49.268 D/b/231312158( 6197): config: {1.0 ?mcc?mnc [en_US] ldltr sw411dp w411dp h888dp 420dpi nrml long hdr widecg port finger -keyb/v/h -nav/h winConfig={ mBounds=Rect(0, 0 - 1080, 2520) mAppBounds=Rect(0, 0 - 1080, 2394) mMaxBounds=Rect(0, 0 - 1080, 2520) mDisplayRotation=ROTATION_0 mWindowingMode=fullscreen mDisplayWindowingMode=fullscreen mActivityType=undefined mAlwaysOnTop=undefined mRotation=ROTATION_0} as.3 s.404 fontWeightAdjustment=0}
11-18 18:31:49.268 D/b/231312158( 6197): displayMetrics: DisplayMetrics{density=2.625, width=1080, height=2394, scaledDensity=2.625, xdpi=457.2, ydpi=460.489}
11-18 18:31:49.268 D/b/231312158( 6197): rotation: 0
11-18 18:31:49.268 D/b/231312158( 6197): DisplayController.Info:
11-18 18:31:49.268 D/b/231312158( 6197):   id=local:4630946820763759745
11-18 18:31:49.268 D/b/231312158( 6197):   rotation=0
11-18 18:31:49.268 D/b/231312158( 6197):   fontScale=1.0
11-18 18:31:49.268 D/b/231312158( 6197):   densityDpi=420
11-18 18:31:49.268 D/b/231312158( 6197):   navigationMode=THREE_BUTTONS
11-18 18:31:49.268 D/b/231312158( 6197):   currentSize=Point(1080, 2520)
11-18 18:31:49.268 D/b/231312158( 6197):   supportedBounds={WindowBounds{bounds=Rect(0, 0 - 1080, 2520), insets=Rect(0, 79 - 0, 126), availableSize=Point(1080, 2315)}, WindowBounds{bounds=Rect(0, 0 - 2520, 1080), insets=Rect(0, 79 - 126, 0), availableSize=Point(2394, 1001)}, WindowBounds{bounds=Rect(0, 0 - 2520, 1080), insets=Rect(126, 79 - 0, 0), availableSize=Point(2394, 1001)}}
11-18 18:31:49.268 D/b/231312158( 6197): 
11-18 18:31:49.268 D/b/231312158( 6197): java.lang.Exception
11-18 18:31:49.268 D/b/231312158( 6197): 	at com.android.launcher3.InvariantDeviceProfile.getDeviceProfile(InvariantDeviceProfile.java:731)
