11-18 18:39:51.125 I/[aw882xx_smartpa]aw882xx_monitor_set_gain(    0): set db = 0.0 dB, no change
11-18 18:39:51.125 I/[aw882xx_smartpa]aw882xx_monitor_set_vmax(    0): set vmax = 0x0
11-18 18:39:51.128 W/Glide   ( 6334): Load failed for null with size [0x0]
11-18 18:39:51.128 W/Glide   ( 6334): class com.bumptech.glide.load.engine.GlideException: Received null model
11-18 18:39:51.144 D/msm8974_platform( 1089): platform_set_channel_map mixer_ctl_name:Playback Channel Map9
11-18 18:39:51.144 I/crash_dump32( 6538): obtaining output fd from tombstoned, type: kDebuggerdNativeBacktrace
11-18 18:39:51.144 D/msm8974_platform( 1089): platform_set_channel_map: set mapping(1 2 0 0 0 0 0 0) for channel:2
11-18 18:39:51.145 I/tombstoned(  768): received crash request for pid 1089
11-18 18:39:51.145 I/tombstoned(  768): found intercept fd 512 for pid 1089 and type kDebuggerdNativeBacktrace
11-18 18:39:51.146 D/audio_hw_primary( 1089): start_output_stream: exit
11-18 18:39:51.146 I/crash_dump32( 6538): performing dump of process 1089 (target tid = 1089)
11-18 18:39:51.153 E/        (    0): [drm:sde_connector_check_status_work:2232] [sde error]Check err_flag status 0
11-18 18:39:51.216 I/dumpstate( 6331): libdebuggerd_client: done dumping process 1089
11-18 18:39:51.216 I/dumpstate( 6331): libdebuggerd_client: started dumping process 1093
11-18 18:39:51.216 I/tombstoned(  768): registered intercept for pid 1093 and type kDebuggerdNativeBacktrace
11-18 18:39:51.217 I/libc    ( 1093): Requested dump for pid 1093 (bluetooth@1.0-s)
11-18 18:39:51.218 W/tombstoned(  768): skipping tombstone file creation due to intercept
11-18 18:39:51.223 I/init    (    0): Untracked pid 6538 exited with status 0
11-18 18:39:51.223 I/init    (    0): Untracked pid 6538 did not have an associated service entry and will not be reaped
11-18 18:39:51.223 I/init    (    0): Untracked pid 6554 exited with status 0
11-18 18:39:51.223 I/init    (    0): Untracked pid 6554 did not have an associated service entry and will not be reaped
11-18 18:39:51.225 I/init    (    0): processing action (sys.lpdumpd=start) from (/system/etc/init/lpdumpd.rc:31)
11-18 18:39:51.225 I/binder  (    0): 6558:6558 ioctl 40046210 7ff20350d0 returned -22
11-18 18:39:51.226 I/ServiceManager( 6558): Waiting for service 'lpdump_service' on '/dev/binder'...
11-18 18:39:51.226 I/init    (    0): starting service 'lpdumpd'...
11-18 18:39:51.226 I/init    (    0): Could not open file '/dev/block/by-name/NO_SUCH_DEVICE_a': Failed to open file '/dev/block/by-name/NO_SUCH_DEVICE_a': No such file or directory
11-18 18:39:51.241 I/crash_dump64( 6562): obtaining output fd from tombstoned, type: kDebuggerdNativeBacktrace
11-18 18:39:51.241 I/tombstoned(  768): received crash request for pid 1093
11-18 18:39:51.241 I/tombstoned(  768): found intercept fd 512 for pid 1093 and type kDebuggerdNativeBacktrace
11-18 18:39:51.242 I/crash_dump64( 6562): performing dump of process 1093 (target tid = 1093)
11-18 18:39:51.257 I/dumpstate( 6331): libdebuggerd_client: done dumping process 1093
11-18 18:39:51.257 W/tombstoned(  768): skipping tombstone file creation due to intercept
11-18 18:39:51.258 I/dumpstate( 6331): libdebuggerd_client: started dumping process 1095
11-18 18:39:51.259 I/tombstoned(  768): registered intercept for pid 1095 and type kDebuggerdNativeBacktrace
11-18 18:39:51.259 I/libc    ( 1095): Requested dump for pid 1095 (provider@2.4-se)
11-18 18:39:51.262 I/init    (    0): Untracked pid 6562 exited with status 0
11-18 18:39:51.262 I/init    (    0): Untracked pid 6562 did not have an associated service entry and will not be reaped
11-18 18:39:51.262 I/init    (    0): Untracked pid 6564 exited with status 0
11-18 18:39:51.262 I/init    (    0): Untracked pid 6564 did not have an associated service entry and will not be reaped
11-18 18:39:51.306 I/binder  (    0): 6561:6561 ioctl 40046210 7ff82d0e80 returned -22
11-18 18:39:51.312 I/crash_dump64( 6567): obtaining output fd from tombstoned, type: kDebuggerdNativeBacktrace
11-18 18:39:51.312 I/tombstoned(  768): received crash request for pid 1095
11-18 18:39:51.312 I/tombstoned(  768): found intercept fd 512 for pid 1095 and type kDebuggerdNativeBacktrace
11-18 18:39:51.312 I/crash_dump64( 6567): performing dump of process 1095 (target tid = 1095)
11-18 18:39:51.389 I/dumpstate( 6331): libdebuggerd_client: done dumping process 1095
11-18 18:39:51.389 I/dumpstate( 6331): libdebuggerd_client: started dumping process 1099
11-18 18:39:51.390 I/tombstoned(  768): registered intercept for pid 1099 and type kDebuggerdNativeBacktrace
11-18 18:39:51.390 W/tombstoned(  768): skipping tombstone file creation due to intercept
11-18 18:39:51.393 I/libc    ( 1099): Requested dump for pid 1099 (drm@1.3-service)
11-18 18:39:51.393 I/init    (    0): Untracked pid 6567 exited with status 0
11-18 18:39:51.393 I/init    (    0): Untracked pid 6567 did not have an associated service entry and will not be reaped
11-18 18:39:51.395 D/audio_hw_primary( 1089): out_set_parameters: enter: usecase(1: low-latency-playback) kvpairs: suspend_playback=true
11-18 18:39:51.395 D/audio_hw_extn( 1089): audio_extn_fm_set_parameters: Enter
11-18 18:39:51.396 I/init    (    0): Untracked pid 6570 exited with status 0
11-18 18:39:51.396 I/init    (    0): Untracked pid 6570 did not have an associated service entry and will not be reaped
11-18 18:39:51.419 I/crash_dump64( 6575): obtaining output fd from tombstoned, type: kDebuggerdNativeBacktrace
11-18 18:39:51.419 I/tombstoned(  768): received crash request for pid 1099
11-18 18:39:51.419 I/tombstoned(  768): found intercept fd 512 for pid 1099 and type kDebuggerdNativeBacktrace
11-18 18:39:51.421 I/crash_dump64( 6575): performing dump of process 1099 (target tid = 1099)
11-18 18:39:51.446 I/dumpstate( 6331): libdebuggerd_client: done dumping process 1099
11-18 18:39:51.446 W/tombstoned(  768): skipping tombstone file creation due to intercept
11-18 18:39:51.446 I/dumpstate( 6331): libdebuggerd_client: started dumping process 1101
11-18 18:39:51.446 I/tombstoned(  768): registered intercept for pid 1101 and type kDebuggerdNativeBacktrace
11-18 18:39:51.447 I/libc    ( 1101): Requested dump for pid 1101 (drm@1.3-service)
11-18 18:39:51.449 I/init    (    0): Untracked pid 6575 exited with status 0
11-18 18:39:51.449 I/init    (    0): Untracked pid 6575 did not have an associated service entry and will not be reaped
11-18 18:39:51.451 I/init    (    0): Untracked pid 6577 exited with status 0
11-18 18:39:51.451 I/init    (    0): Untracked pid 6577 did not have an associated service entry and will not be reaped
11-18 18:39:51.470 I/crash_dump64( 6580): obtaining output fd from tombstoned, type: kDebuggerdNativeBacktrace
11-18 18:39:51.470 I/tombstoned(  768): received crash request for pid 1101
11-18 18:39:51.470 I/tombstoned(  768): found intercept fd 512 for pid 1101 and type kDebuggerdNativeBacktrace
11-18 18:39:51.471 I/crash_dump64( 6580): performing dump of process 1101 (target tid = 1101)
11-18 18:39:51.486 I/dumpstate( 6331): libdebuggerd_client: done dumping process 1101
11-18 18:39:51.487 I/dumpstate( 6331): libdebuggerd_client: started dumping process 1107
11-18 18:39:51.487 W/tombstoned(  768): skipping tombstone file creation due to intercept
11-18 18:39:51.487 I/tombstoned(  768): registered intercept for pid 1107 and type kDebuggerdNativeBacktrace
11-18 18:39:51.487 I/libc    ( 1107): Requested dump for pid 1107 (health@2.1-serv)
11-18 18:39:51.491 I/init    (    0): Untracked pid 6580 exited with status 0
11-18 18:39:51.491 I/init    (    0): Untracked pid 6580 did not have an associated service entry and will not be reaped
11-18 18:39:51.491 I/init    (    0): Untracked pid 6582 exited with status 0
11-18 18:39:51.491 I/init    (    0): Untracked pid 6582 did not have an associated service entry and will not be reaped
11-18 18:39:51.515 I/crash_dump64( 6585): obtaining output fd from tombstoned, type: kDebuggerdNativeBacktrace
11-18 18:39:51.516 I/tombstoned(  768): received crash request for pid 1107
11-18 18:39:51.516 I/tombstoned(  768): found intercept fd 512 for pid 1107 and type kDebuggerdNativeBacktrace
11-18 18:39:51.516 I/crash_dump64( 6585): performing dump of process 1107 (target tid = 1107)
11-18 18:39:51.522 I/dumpstate( 6331): libdebuggerd_client: done dumping process 1107
11-18 18:39:51.522 I/dumpstate( 6331): libdebuggerd_client: started dumping process 1115
11-18 18:39:51.523 I/tombstoned(  768): registered intercept for pid 1115 and type kDebuggerdNativeBacktrace
11-18 18:39:51.523 W/tombstoned(  768): skipping tombstone file creation due to intercept
11-18 18:39:51.523 I/libc    ( 1115): Requested dump for pid 1115 (neuralnetworks@)
11-18 18:39:51.525 I/init    (    0): Untracked pid 6587 exited with status 0
11-18 18:39:51.525 I/init    (    0): Untracked pid 6587 did not have an associated service entry and will not be reaped
11-18 18:39:51.525 I/init    (    0): Untracked pid 6585 exited with status 0
11-18 18:39:51.525 I/init    (    0): Untracked pid 6585 did not have an associated service entry and will not be reaped
11-18 18:39:51.551 I/crash_dump64( 6590): obtaining output fd from tombstoned, type: kDebuggerdNativeBacktrace
11-18 18:39:51.551 I/tombstoned(  768): received crash request for pid 1115
11-18 18:39:51.551 I/tombstoned(  768): found intercept fd 512 for pid 1115 and type kDebuggerdNativeBacktrace
11-18 18:39:51.552 I/crash_dump64( 6590): performing dump of process 1115 (target tid = 1115)
11-18 18:39:51.589 I/dumpstate( 6331): libdebuggerd_client: done dumping process 1115
11-18 18:39:51.589 W/tombstoned(  768): skipping tombstone file creation due to intercept
11-18 18:39:51.589 I/dumpstate( 6331): libdebuggerd_client: started dumping process 1123
11-18 18:39:51.590 I/tombstoned(  768): registered intercept for pid 1123 and type kDebuggerdNativeBacktrace
11-18 18:39:51.590 I/libc    ( 1123): Requested dump for pid 1123 (thermal@2.0-ser)
11-18 18:39:51.593 I/init    (    0): Untracked pid 6590 exited with status 0
11-18 18:39:51.593 I/init    (    0): Untracked pid 6590 did not have an associated service entry and will not be reaped
11-18 18:39:51.594 I/init    (    0): Untracked pid 6592 exited with status 0
11-18 18:39:51.594 I/init    (    0): Untracked pid 6592 did not have an associated service entry and will not be reaped
11-18 18:39:51.599 W/TransactionTracing( 1272): Could not find layer handle 0xb400006cf06e7350
11-18 18:39:51.599 W/TransactionTracing( 1272): Could not find layer handle 0xb400006cf06f56f0
11-18 18:39:51.599 W/TransactionTracing( 1272): Could not find layer handle 0xb400006cf06f56f0
11-18 18:39:51.616 I/crash_dump64( 6595): obtaining output fd from tombstoned, type: kDebuggerdNativeBacktrace
11-18 18:39:51.616 I/tombstoned(  768): received crash request for pid 1123
11-18 18:39:51.616 I/tombstoned(  768): found intercept fd 512 for pid 1123 and type kDebuggerdNativeBacktrace
11-18 18:39:51.617 I/crash_dump64( 6595): performing dump of process 1123 (target tid = 1123)
11-18 18:39:51.626 I/dumpstate( 6331): libdebuggerd_client: done dumping process 1123
11-18 18:39:51.626 W/tombstoned(  768): skipping tombstone file creation due to intercept
11-18 18:39:51.627 I/dumpstate( 6331): libdebuggerd_client: started dumping process 1198
11-18 18:39:51.627 I/tombstoned(  768): registered intercept for pid 1198 and type kDebuggerdNativeBacktrace
11-18 18:39:51.628 I/libc    ( 1198): Requested dump for pid 1198 (composer-servic)
11-18 18:39:51.627 I/init    (    0): Untracked pid 6595 exited with status 0
11-18 18:39:51.627 I/init    (    0): Untracked pid 6595 did not have an associated service entry and will not be reaped
11-18 18:39:51.628 I/init    (    0): Untracked pid 6597 exited with status 0
11-18 18:39:51.628 I/init    (    0): Untracked pid 6597 did not have an associated service entry and will not be reaped
11-18 18:39:51.664 I/crash_dump64( 6601): obtaining output fd from tombstoned, type: kDebuggerdNativeBacktrace
11-18 18:39:51.664 I/tombstoned(  768): received crash request for pid 1198
11-18 18:39:51.664 I/tombstoned(  768): found intercept fd 512 for pid 1198 and type kDebuggerdNativeBacktrace
11-18 18:39:51.664 I/crash_dump64( 6601): performing dump of process 1198 (target tid = 1198)
11-18 18:39:51.713 I/qcom_rpmh DRV(    0): apps_rsc TCS Busy, retrying RPMH message send: addr=0x30010
11-18 18:39:51.717 W/tombstoned(  768): skipping tombstone file creation due to intercept
11-18 18:39:51.717 I/dumpstate( 6331): libdebuggerd_client: done dumping process 1198
11-18 18:39:51.721 I/dumpstate( 6331): libdebuggerd_client: started dumping process 1267
11-18 18:39:51.721 I/tombstoned(  768): registered intercept for pid 1267 and type kDebuggerdNativeBacktrace
11-18 18:39:51.722 I/libc    ( 1267): Requested dump for pid 1267 (audioserver)
11-18 18:39:51.722 I/init    (    0): Untracked pid 6601 exited with status 0
11-18 18:39:51.722 I/init    (    0): Untracked pid 6601 did not have an associated service entry and will not be reaped
11-18 18:39:51.726 I/init    (    0): Untracked pid 6603 exited with status 0
11-18 18:39:51.727 I/init    (    0): Untracked pid 6603 did not have an associated service entry and will not be reaped
11-18 18:39:51.768 I/crash_dump64( 6608): obtaining output fd from tombstoned, type: kDebuggerdNativeBacktrace
11-18 18:39:51.769 I/tombstoned(  768): received crash request for pid 1267
11-18 18:39:51.769 I/tombstoned(  768): found intercept fd 512 for pid 1267 and type kDebuggerdNativeBacktrace
11-18 18:39:51.770 I/crash_dump64( 6608): performing dump of process 1267 (target tid = 1267)
11-18 18:39:51.818 I/dumpstate( 6331): libdebuggerd_client: done dumping process 1267
11-18 18:39:51.819 W/tombstoned(  768): skipping tombstone file creation due to intercept
11-18 18:39:51.819 I/dumpstate( 6331): libdebuggerd_client: started dumping process 1272
11-18 18:39:51.820 I/tombstoned(  768): registered intercept for pid 1272 and type kDebuggerdNativeBacktrace
11-18 18:39:51.820 I/libc    ( 1272): Requested dump for pid 1272 (surfaceflinger)
11-18 18:39:51.823 I/init    (    0): Untracked pid 6608 exited with status 0
11-18 18:39:51.823 I/init    (    0): Untracked pid 6608 did not have an associated service entry and will not be reaped
11-18 18:39:51.823 I/init    (    0): Untracked pid 6610 exited with status 0
11-18 18:39:51.823 I/init    (    0): Untracked pid 6610 did not have an associated service entry and will not be reaped
11-18 18:39:51.880 I/crash_dump64( 6613): obtaining output fd from tombstoned, type: kDebuggerdNativeBacktrace
11-18 18:39:51.881 I/tombstoned(  768): received crash request for pid 1272
11-18 18:39:51.881 I/tombstoned(  768): found intercept fd 512 for pid 1272 and type kDebuggerdNativeBacktrace
11-18 18:39:51.881 I/crash_dump64( 6613): performing dump of process 1272 (target tid = 1272)
11-18 18:39:51.934 I/dumpstate( 6331): libdebuggerd_client: done dumping process 1272
11-18 18:39:51.934 W/tombstoned(  768): skipping tombstone file creation due to intercept
11-18 18:39:51.935 I/dumpstate( 6331): libdebuggerd_client: started dumping process 1420
11-18 18:39:51.935 I/tombstoned(  768): registered intercept for pid 1420 and type kDebuggerdNativeBacktrace
11-18 18:39:51.936 I/libc    ( 1420): Requested dump for pid 1420 (drmserver)
11-18 18:39:51.940 I/init    (    0): Untracked pid 6613 exited with status 0
11-18 18:39:51.940 I/init    (    0): Untracked pid 6613 did not have an associated service entry and will not be reaped
11-18 18:39:51.947 I/init    (    0): Untracked pid 6615 exited with status 0
11-18 18:39:51.947 I/init    (    0): Untracked pid 6615 did not have an associated service entry and will not be reaped
11-18 18:39:51.964 I/crash_dump32( 6623): obtaining output fd from tombstoned, type: kDebuggerdNativeBacktrace
11-18 18:39:51.965 I/tombstoned(  768): received crash request for pid 1420
11-18 18:39:51.965 I/tombstoned(  768): found intercept fd 512 for pid 1420 and type kDebuggerdNativeBacktrace
11-18 18:39:51.966 I/crash_dump32( 6623): performing dump of process 1420 (target tid = 1420)
11-18 18:39:52.000 I/dumpstate( 6331): libdebuggerd_client: done dumping process 1420
11-18 18:39:52.000 W/tombstoned(  768): skipping tombstone file creation due to intercept
11-18 18:39:52.001 I/dumpstate( 6331): libdebuggerd_client: started dumping process 1477
11-18 18:39:52.001 I/tombstoned(  768): registered intercept for pid 1477 and type kDebuggerdNativeBacktrace
11-18 18:39:52.002 I/libc    ( 1477): Requested dump for pid 1477 (cameraserver)
11-18 18:39:52.004 I/init    (    0): Untracked pid 6626 exited with status 0
11-18 18:39:52.004 I/init    (    0): Untracked pid 6626 did not have an associated service entry and will not be reaped
11-18 18:39:52.004 I/init    (    0): Untracked pid 6623 exited with status 0
11-18 18:39:52.004 I/init    (    0): Untracked pid 6623 did not have an associated service entry and will not be reaped
11-18 18:39:52.036 I/crash_dump64( 6632): obtaining output fd from tombstoned, type: kDebuggerdNativeBacktrace
11-18 18:39:52.037 I/tombstoned(  768): received crash request for pid 1477
11-18 18:39:52.037 I/tombstoned(  768): found intercept fd 512 for pid 1477 and type kDebuggerdNativeBacktrace
11-18 18:39:52.038 I/crash_dump64( 6632): performing dump of process 1477 (target tid = 1477)
11-18 18:39:52.052 I/Monkey  (16995): :Sending Key (ACTION_DOWN): 21    // KEYCODE_DPAD_LEFT
11-18 18:39:52.053 I/QTI PowerHAL( 1116): Power setBoost: 0, duration: 0
11-18 18:39:52.058 I/Monkey  (16995): :Sending Key (ACTION_UP): 21    // KEYCODE_DPAD_LEFT
11-18 18:39:52.058 W/tombstoned(  768): skipping tombstone file creation due to intercept
11-18 18:39:52.058 I/QTI PowerHAL( 1116): Power setBoost: 0, duration: 0
11-18 18:39:52.060 I/dumpstate( 6331): libdebuggerd_client: done dumping process 1477
11-18 18:39:52.060 I/dumpstate( 6331): libdebuggerd_client: started dumping process 1488
11-18 18:39:52.061 I/tombstoned(  768): registered intercept for pid 1488 and type kDebuggerdNativeBacktrace
11-18 18:39:52.061 I/GoogleInputMethodService( 6971): GoogleInputMethodService.onFinishInput():3274 
11-18 18:39:52.060 I/init    (    0): Untracked pid 6632 exited with status 0
11-18 18:39:52.060 I/init    (    0): Untracked pid 6632 did not have an associated service entry and will not be reaped
11-18 18:39:52.063 I/GoogleInputMethodService( 6971): GoogleInputMethodService.updateDeviceLockedStatus():2166 repeatCheckTimes = 0, unlocked = true
11-18 18:39:52.063 I/GoogleInputMethodService( 6971): GoogleInputMethodService.onStartInput():1957 onStartInput(EditorInfo{inputType=0x0(NULL) imeOptions=0x0 privateImeOptions=null actionName=UNSPECIFIED actionLabel=null actionId=0 initialSelStart=-1 initialSelEnd=-1 initialCapsMode=0x0 hintText=null label=null packageName=com.android.wallpaper fieldId=2131362422 fieldName=null extras=null}, false)
11-18 18:39:52.063 I/GoogleInputMethodService( 6971): GoogleInputMethodService.shouldHideHeaderOnInitialState():4078 ShouldHideHeaderOnInitialState = false
11-18 18:39:52.064 I/Monkey  (16995): Sleeping for 1000 milliseconds
11-18 18:39:52.065 I/tombstoned(  768): received crash request for pid 1488
11-18 18:39:52.065 I/tombstoned(  768): found intercept fd 512 for pid 1488 and type kDebuggerdNativeBacktrace
11-18 18:39:52.065 I/GoogleInputMethodService( 6971): GoogleInputMethodService.updateDeviceLockedStatus():2166 repeatCheckTimes = 2, unlocked = true
11-18 18:39:52.067 I/init    (    0): Untracked pid 6635 exited with status 0
11-18 18:39:52.067 I/init    (    0): Untracked pid 6635 did not have an associated service entry and will not be reaped
11-18 18:39:52.221 I/dumpstate( 6331): libdebuggerd_client: done dumping process 1488
11-18 18:39:52.221 W/tombstoned(  768): skipping tombstone file creation due to intercept
11-18 18:39:52.222 I/dumpstate( 6331): libdebuggerd_client: started dumping process 1495
11-18 18:39:52.222 I/tombstoned(  768): registered intercept for pid 1495 and type kDebuggerdNativeBacktrace
11-18 18:39:52.223 I/libc    ( 1495): Requested dump for pid 1495 (mediametrics)
11-18 18:39:52.227 I/ServiceManager( 6558): Waiting for service 'lpdump_service' on '/dev/binder' successful after waiting 1000ms
11-18 18:39:52.227 E/lpdumpd ( 6561): [liblp]bool android::fs_mgr::IsEmptySuperImage(const std::string &) open failed: No such file or directory
11-18 18:39:52.230 E/lpdumpd ( 6561): [liblp]bool android::fs_mgr::IsEmptySuperImage(const std::string &) open failed: No such file or directory
11-18 18:39:52.230 E/lpdumpd ( 6561): [liblp]bool android::fs_mgr::IsEmptySuperImage(const std::string &) open failed: No such file or directory
11-18 18:39:52.231 I/init    (    0): processing action (sys.lpdumpd=stop) from (/system/etc/init/lpdumpd.rc:34)
11-18 18:39:52.231 I/init    (    0): Sending signal 9 to service 'lpdumpd' (pid 6561) process group...
11-18 18:39:52.233 D/dumpstate( 6331): Duration of 'LPDUMP': 1.04s
11-18 18:39:52.237 I/libprocessgroup(    0): Successfully killed process cgroup uid 1000 pid 6561 in 5ms
11-18 18:39:52.238 I/init    (    0): Service 'lpdumpd' (pid 6561) received signal 9 oneshot service took 1.010000 seconds in background
11-18 18:39:52.238 I/init    (    0): processing action (sys.lpdumpd=stop) from (/system/etc/init/lpdumpd.rc:34)
11-18 18:39:52.247 I/servicemanager(  634): Since 'gsiservice' could not be found, trying to start it as a lazy AIDL service
11-18 18:39:52.246 I/binder  (    0): 6639:6639 ioctl 40046210 7fc87fd4b0 returned -22
11-18 18:39:52.248 I/init    (    0): starting service 'gsid'...
11-18 18:39:52.250 I/crash_dump64( 6640): obtaining output fd from tombstoned, type: kDebuggerdNativeBacktrace
11-18 18:39:52.251 I/tombstoned(  768): received crash request for pid 1495
11-18 18:39:52.251 I/tombstoned(  768): found intercept fd 512 for pid 1495 and type kDebuggerdNativeBacktrace
11-18 18:39:52.250 I/init    (    0): Control message: Processed ctl.interface_start for 'aidl/gsiservice' from pid: 634 (/system/bin/servicemanager)
11-18 18:39:52.251 I/crash_dump64( 6640): performing dump of process 1495 (target tid = 1495)
11-18 18:39:52.260 I/binder  (    0): 6645:6645 ioctl 40046210 7ff7c1cbc0 returned -22
11-18 18:39:52.260 I/AidlLazyServiceRegistrar( 6645): Registering service gsiservice
11-18 18:39:52.267 I/dumpstate( 6331): libdebuggerd_client: done dumping process 1495
11-18 18:39:52.267 W/tombstoned(  768): skipping tombstone file creation due to intercept
11-18 18:39:52.267 I/dumpstate( 6331): libdebuggerd_client: started dumping process 1500
11-18 18:39:52.268 I/tombstoned(  768): registered intercept for pid 1500 and type kDebuggerdNativeBacktrace
11-18 18:39:52.268 I/libc    ( 1500): Requested dump for pid 1500 (mediaserver)
11-18 18:39:52.271 I/init    (    0): Untracked pid 6640 exited with status 0
11-18 18:39:52.271 I/init    (    0): Untracked pid 6640 did not have an associated service entry and will not be reaped
11-18 18:39:52.273 I/init    (    0): Untracked pid 6644 exited with status 0
11-18 18:39:52.273 I/init    (    0): Untracked pid 6644 did not have an associated service entry and will not be reaped
11-18 18:39:52.282 I/qcom_rpmh DRV(    0): apps_rsc TCS Busy, retrying RPMH message send: addr=0x30010
11-18 18:39:52.286 I/crash_dump32( 6652): obtaining output fd from tombstoned, type: kDebuggerdNativeBacktrace
11-18 18:39:52.286 I/tombstoned(  768): received crash request for pid 1500
11-18 18:39:52.286 I/tombstoned(  768): found intercept fd 512 for pid 1500 and type kDebuggerdNativeBacktrace
11-18 18:39:52.286 I/crash_dump32( 6652): performing dump of process 1500 (target tid = 1500)
11-18 18:39:52.327 I/dumpstate( 6331): libdebuggerd_client: done dumping process 1500
11-18 18:39:52.328 W/tombstoned(  768): skipping tombstone file creation due to intercept
11-18 18:39:52.328 I/dumpstate( 6331): libdebuggerd_client: started dumping process 1528
11-18 18:39:52.328 I/tombstoned(  768): registered intercept for pid 1528 and type kDebuggerdNativeBacktrace
11-18 18:39:52.331 I/tombstoned(  768): received crash request for pid 1528
11-18 18:39:52.331 I/tombstoned(  768): found intercept fd 512 for pid 1528 and type kDebuggerdNativeBacktrace
11-18 18:39:52.335 I/init    (    0): Untracked pid 6652 exited with status 0
11-18 18:39:52.335 I/init    (    0): Untracked pid 6652 did not have an associated service entry and will not be reaped
11-18 18:39:52.335 I/init    (    0): Untracked pid 6654 exited with status 0
11-18 18:39:52.335 I/init    (    0): Untracked pid 6654 did not have an associated service entry and will not be reaped
11-18 18:39:52.395 D/audio_hw_primary( 1089): out_set_parameters: enter: usecase(1: low-latency-playback) kvpairs: suspend_playback=false
11-18 18:39:52.395 D/audio_hw_extn( 1089): audio_extn_fm_set_parameters: Enter
11-18 18:39:52.396 W/audio_hw_primary( 1089): out_write: underrun(368) frames_by_time(48224) > out->last_fifo_frames_remaining(384)
11-18 18:39:52.436 D/audio_hw_primary( 1089): out_set_parameters: enter: usecase(1: low-latency-playback) kvpairs: suspend_playback=true
11-18 18:39:52.436 D/audio_hw_extn( 1089): audio_extn_fm_set_parameters: Enter
11-18 18:39:52.472 I/msm_vidc(    0): err : ffffffff: .....: DBLP Set: status 0
11-18 18:39:52.813 I/dumpstate( 6331): libdebuggerd_client: done dumping process 1528
11-18 18:39:52.813 W/tombstoned(  768): skipping tombstone file creation due to intercept
11-18 18:39:52.814 I/dumpstate( 6331): libdebuggerd_client: started dumping process 1569
11-18 18:39:52.814 I/tombstoned(  768): registered intercept for pid 1569 and type kDebuggerdNativeBacktrace
11-18 18:39:52.815 I/tombstoned(  768): received crash request for pid 1569
11-18 18:39:52.815 I/tombstoned(  768): found intercept fd 512 for pid 1569 and type kDebuggerdNativeBacktrace
11-18 18:39:52.920 I/servicemanager(  634): Notifying gsiservice they have clients: 1
11-18 18:39:52.920 I/AidlLazyServiceRegistrar( 6645): Process has 1 (of 1 available) client(s) in use after notification gsiservice has clients: 1
11-18 18:39:52.998 W/tombstoned(  768): skipping tombstone file creation due to intercept
11-18 18:39:52.998 I/dumpstate( 6331): libdebuggerd_client: done dumping process 1569
11-18 18:39:52.998 I/dumpstate( 6331): libdebuggerd_client: started dumping process 1608
11-18 18:39:52.999 I/tombstoned(  768): registered intercept for pid 1608 and type kDebuggerdNativeBacktrace
11-18 18:39:52.999 I/libc    ( 1608): Requested dump for pid 1608 (fingerprint@2.1)
11-18 18:39:53.025 I/crash_dump64( 6666): obtaining output fd from tombstoned, type: kDebuggerdNativeBacktrace
11-18 18:39:53.026 I/tombstoned(  768): received crash request for pid 1608
11-18 18:39:53.026 I/tombstoned(  768): found intercept fd 512 for pid 1608 and type kDebuggerdNativeBacktrace
11-18 18:39:53.026 I/crash_dump64( 6666): performing dump of process 1608 (target tid = 1608)
11-18 18:39:53.049 I/dumpstate( 6331): libdebuggerd_client: done dumping process 1608
11-18 18:39:53.049 W/tombstoned(  768): skipping tombstone file creation due to intercept
11-18 18:39:53.053 I/init    (    0): Untracked pid 6666 exited with status 0
11-18 18:39:53.053 I/init    (    0): Untracked pid 6666 did not have an associated service entry and will not be reaped
11-18 18:39:53.055 I/init    (    0): Untracked pid 6669 exited with status 0
11-18 18:39:53.055 I/init    (    0): Untracked pid 6669 did not have an associated service entry and will not be reaped
11-18 18:39:53.057 I/dumpstate( 6331): libdebuggerd_client: started dumping process 1923
11-18 18:39:53.057 I/tombstoned(  768): registered intercept for pid 1923 and type kDebuggerdJavaBacktrace
11-18 18:39:53.058 I/system_server( 1923): Thread[2,tid=1931,WaitingInMainSignalCatcherLoop,Thread*=0xb400007d00d05f50,peer=0x15580160,"Signal Catcher"]: reacting to signal 3
11-18 18:39:53.058 I/system_server( 1923): 
11-18 18:39:53.065 I/Monkey  (16995): :Sending Key (ACTION_DOWN): 22    // KEYCODE_DPAD_RIGHT
11-18 18:39:53.067 I/QTI PowerHAL( 1116): Power setBoost: 0, duration: 0
11-18 18:39:53.069 I/Monkey  (16995): :Sending Key (ACTION_UP): 22    // KEYCODE_DPAD_RIGHT
11-18 18:39:53.069 I/QTI PowerHAL( 1116): Power setBoost: 0, duration: 0
11-18 18:39:53.070 I/Monkey  (16995): Sleeping for 1000 milliseconds
11-18 18:39:53.185 I/qcom_rpmh DRV(    0): apps_rsc TCS Busy, retrying RPMH message send: addr=0x30010
11-18 18:39:53.248 W/ServiceManager( 6639): Waited one second for gsiservice (is service started? are binder threads started and available?)
11-18 18:39:53.249 I/BpBinder(  634): onLastStrongRef automatically unlinking death recipients: <uncached descriptor>
11-18 18:39:53.252 D/dumpstate( 6331): Duration of 'DEVICE-MAPPER': 1.02s
11-18 18:39:53.252 D/dumpstate( 6331): Adding dir /metadata/ota (recursive: 1)
11-18 18:39:53.253 I/binder  (    0): undelivered transaction 1410357, process died.
11-18 18:39:53.437 D/audio_hw_primary( 1089): out_set_parameters: enter: usecase(1: low-latency-playback) kvpairs: suspend_playback=false
11-18 18:39:53.437 D/audio_hw_extn( 1089): audio_extn_fm_set_parameters: Enter
11-18 18:39:53.437 W/audio_hw_primary( 1089): out_write: underrun(369) frames_by_time(48206) > out->last_fifo_frames_remaining(384)
11-18 18:39:53.475 D/audio_hw_primary( 1089): out_set_parameters: enter: usecase(1: low-latency-playback) kvpairs: suspend_playback=true
11-18 18:39:53.475 D/audio_hw_extn( 1089): audio_extn_fm_set_parameters: Enter
11-18 18:39:53.537 I/tombstoned(  768): received crash request for pid 1923
11-18 18:39:53.538 I/tombstoned(  768): found intercept fd 512 for pid 1923 and type kDebuggerdJavaBacktrace
11-18 18:39:53.539 I/system_server( 1923): Wrote stack traces to tombstoned
11-18 18:39:53.539 W/tombstoned(  768): skipping tombstone file creation due to intercept
11-18 18:39:53.539 I/dumpstate( 6331): libdebuggerd_client: done dumping process 1923
11-18 18:39:53.540 I/dumpstate( 6331): libdebuggerd_client: started dumping process 1929
11-18 18:39:53.540 I/tombstoned(  768): registered intercept for pid 1929 and type kDebuggerdJavaBacktrace
11-18 18:39:53.541 I/ocessService0:0( 1929): Thread[6,tid=1958,WaitingInMainSignalCatcherLoop,Thread*=0xded0d210,peer=0x12d803d8,"Signal Catcher"]: reacting to signal 3
11-18 18:39:53.541 I/ocessService0:0( 1929): 
11-18 18:39:54.036 E/libc    ( 1929): failed to connect to tombstoned: Operation not permitted
11-18 18:39:54.038 I/ocessService0:0( 1929): ----- pid 1929 at 2022-11-18 18:39:53.541274895+0800 -----
11-18 18:39:54.038 I/ocessService0:0( 1929): Cmd line: com.google.android.webview:sandboxed_process0:org.chromium.content.app.SandboxedProcessService0:0
11-18 18:39:54.038 I/ocessService0:0( 1929): Build fingerprint: 'docomo/SO-52B/SO-52B:13/62.2.B.0.228/062002B000022800365294227:userdebug/dev-keys'
11-18 18:39:54.038 I/ocessService0:0( 1929): ABI: 'arm'
11-18 18:39:54.038 I/ocessService0:0( 1929): Build type: optimized
11-18 18:39:54.038 I/ocessService0:0( 1929): Zygote loaded classes=20796 post zygote classes=90
11-18 18:39:54.038 I/ocessService0:0( 1929): Dumping registered class loaders
11-18 18:39:54.038 I/ocessService0:0( 1929): #0 dalvik.system.PathClassLoader: [], parent #1
11-18 18:39:54.038 I/ocessService0:0( 1929): #1 java.lang.BootClassLoader: [], no parent
11-18 18:39:54.038 I/ocessService0:0( 1929): #2 dalvik.system.PathClassLoader: [/product/app/WebViewGoogle/WebViewGoogle.apk], parent #1
11-18 18:39:54.038 I/ocessService0:0( 1929): #3 dalvik.system.PathClassLoader: [/product/app/TrichromeLibrary/TrichromeLibrary.apk], parent #1
11-18 18:39:54.038 I/ocessService0:0( 1929): Done dumping class loaders
11-18 18:39:54.038 I/ocessService0:0( 1929): Classes initialized: 0 in 0
11-18 18:39:54.038 I/ocessService0:0( 1929): Intern table: 30006 strong; 1345 weak
11-18 18:39:54.038 I/ocessService0:0( 1929): JNI: CheckJNI is off; globals=380 (plus 64 weak)
11-18 18:39:54.038 I/ocessService0:0( 1929): Libraries: /product/app/TrichromeLibrary/TrichromeLibrary.apk!/lib/armeabi-v7a/libmonochrome.so libandroid.so libaudioeffect_jni.so libcompiler_rt.so libframework-connectivity-tiramisu-jni.so libicu_jni.so libjavacore.so libjavacrypto.so libjnigraphics.so libmedia_jni.so libopenjdk.so libqti_performance.so librs_jni.so librtp_jni.so libsoundpool.so libstats_jni.so libwebviewchromium_loader.so (17)
11-18 18:39:54.038 I/ocessService0:0( 1929): Heap: 92% free, 1956KB/25MB; 158268 objects
11-18 18:39:54.038 I/ocessService0:0( 1929): Dumping cumulative Gc timings
11-18 18:39:54.038 I/ocessService0:0( 1929): Start Dumping Averages for 1 iterations for concurrent copying
11-18 18:39:54.038 I/ocessService0:0( 1929): ScanImmuneSpaces:	Sum: 8.843ms Avg: 8.843ms
11-18 18:39:54.038 I/ocessService0:0( 1929): VisitConcurrentRoots:	Sum: 3.641ms Avg: 3.641ms
11-18 18:39:54.038 I/ocessService0:0( 1929): GrayAllDirtyImmuneObjects:	Sum: 675us Avg: 675us
11-18 18:39:54.038 I/ocessService0:0( 1929): Process mark stacks and References:	Sum: 541us Avg: 541us
11-18 18:39:54.038 I/ocessService0:0( 1929): MarkingPhase:	Sum: 366us Avg: 366us
11-18 18:39:54.038 I/ocessService0:0( 1929): InitializePhase:	Sum: 242us Avg: 242us
11-18 18:39:54.038 I/ocessService0:0( 1929): SweepSystemWeaks:	Sum: 238us Avg: 238us
11-18 18:39:54.038 I/ocessService0:0( 1929): ScanCardsForSpace:	Sum: 223us Avg: 223us
11-18 18:39:54.038 I/ocessService0:0( 1929): CaptureThreadRootsForMarking:	Sum: 108us Avg: 108us
11-18 18:39:54.038 I/ocessService0:0( 1929): VisitNonThreadRoots:	Sum: 96us Avg: 96us
11-18 18:39:54.038 I/ocessService0:0( 1929): ClearFromSpace:	Sum: 96us Avg: 96us
11-18 18:39:54.038 I/ocessService0:0( 1929): FlipOtherThreads:	Sum: 78us Avg: 78us
11-18 18:39:54.038 I/ocessService0:0( 1929): MarkZygoteLargeObjects:	Sum: 33us Avg: 33us
11-18 18:39:54.038 I/ocessService0:0( 1929): SweepLargeObjects:	Sum: 30us Avg: 30us
11-18 18:39:54.038 I/ocessService0:0( 1929): EnqueueFinalizerReferences:	Sum: 26us Avg: 26us
11-18 18:39:54.038 I/ocessService0:0( 1929): (Paused)GrayAllNewlyDirtyImmuneObjects:	Sum: 25us Avg: 25us
11-18 18:39:54.038 I/ocessService0:0( 1929): (Paused)ClearCards:	Sum: 21us Avg: 21us
11-18 18:39:54.038 I/ocessService0:0( 1929): RecordFree:	Sum: 19us Avg: 19us
11-18 18:39:54.038 I/ocessService0:0( 1929): MarkStackAsLive:	Sum: 17us Avg: 17us
11-18 18:39:54.038 I/ocessService0:0( 1929): ThreadListFlip:	Sum: 11us Avg: 11us
11-18 18:39:54.038 I/ocessService0:0( 1929): CopyingPhase:	Sum: 9us Avg: 9us
11-18 18:39:54.038 I/ocessService0:0( 1929): ForwardSoftReferences:	Sum: 9us Avg: 9us
11-18 18:39:54.038 I/ocessService0:0( 1929): SwapBitmaps:	Sum: 8us Avg: 8us
11-18 18:39:54.038 I/ocessService0:0( 1929): SweepAllocSpace:	Sum: 5us Avg: 5us
11-18 18:39:54.038 I/ocessService0:0( 1929): ProcessReferences:	Sum: 4us Avg: 4us
11-18 18:39:54.038 I/ocessService0:0( 1929): ReclaimPhase:	Sum: 3us Avg: 3us
11-18 18:39:54.038 I/ocessService0:0( 1929): (Paused)FlipCallback:	Sum: 2us Avg: 2us
11-18 18:39:54.038 I/ocessService0:0( 1929): EmptyRBMarkBitStack:	Sum: 2us Avg: 2us
11-18 18:39:54.038 I/ocessService0:0( 1929): ResumeRunnableThreads:	Sum: 2us Avg: 2us
11-18 18:39:54.038 I/ocessService0:0( 1929): UnBindBitmaps:	Sum: 1us Avg: 1us
11-18 18:39:54.038 I/ocessService0:0( 1929): FlipThreadRoots:	Sum: 1us Avg: 1us
11-18 18:39:54.038 I/ocessService0:0( 1929): Sweep:	Sum: 1us Avg: 1us
11-18 18:39:54.038 I/ocessService0:0( 1929): (Paused)SetFromSpace:	Sum: 1us Avg: 1us
11-18 18:39:54.038 I/ocessService0:0( 1929): ResumeOtherThreads:	Sum: 0 Avg: 0
11-18 18:39:54.038 I/ocessService0:0( 1929): Done Dumping Averages
11-18 18:39:54.038 I/ocessService0:0( 1929): concurrent copying paused:	Sum: 81us 99% C.I. 15us-66us Avg: 40.500us Max: 66us
11-18 18:39:54.038 I/ocessService0:0( 1929): concurrent copying freed-bytes: Avg: 155KB Max: 155KB Min: 155KB
11-18 18:39:54.038 I/ocessService0:0( 1929): Freed-bytes histogram: 0:1
11-18 18:39:54.038 I/ocessService0:0( 1929): concurrent copying total time: 15.377ms mean time: 15.377ms
11-18 18:39:54.038 I/ocessService0:0( 1929): concurrent copying freed: 1579 objects with total size 155KB
11-18 18:39:54.038 I/ocessService0:0( 1929): concurrent copying throughput: 105267/s / 10MB/s  per cpu-time: 10593066/s / 10MB/s
11-18 18:39:54.038 I/ocessService0:0( 1929): concurrent copying tracing throughput: 39MB/s  per cpu-time: 39MB/s
11-18 18:39:54.038 I/ocessService0:0( 1929): Average major GC reclaim bytes ratio 1.35832 over 1 GC cycles
11-18 18:39:54.038 I/ocessService0:0( 1929): Average major GC copied live bytes ratio 0.451676 over 5 major GCs
11-18 18:39:54.038 I/ocessService0:0( 1929): Cumulative bytes moved 8291408
11-18 18:39:54.038 I/ocessService0:0( 1929): Cumulative objects moved 162564
11-18 18:39:54.038 I/ocessService0:0( 1929): Peak regions allocated 88 (22MB) / 1024 (256MB)
11-18 18:39:54.038 I/ocessService0:0( 1929): Total madvise time 2.805ms
11-18 18:39:54.038 I/ocessService0:0( 1929): Average minor GC reclaim bytes ratio nan over 0 GC cycles
11-18 18:39:54.038 I/ocessService0:0( 1929): Average minor GC copied live bytes ratio nan over 0 minor GCs
11-18 18:39:54.038 I/ocessService0:0( 1929): Cumulative bytes moved 0
11-18 18:39:54.038 I/ocessService0:0( 1929): Cumulative objects moved 0
11-18 18:39:54.038 I/ocessService0:0( 1929): Peak regions allocated 88 (22MB) / 1024 (256MB)
11-18 18:39:54.038 I/ocessService0:0( 1929): Total time spent in GC: 15.377ms
11-18 18:39:54.038 I/ocessService0:0( 1929): Mean GC size throughput: 10091KB/s per cpu-time: 10105KB/s
11-18 18:39:54.038 I/ocessService0:0( 1929): Mean GC object throughput: 102686 objects/s
11-18 18:39:54.038 I/ocessService0:0( 1929): Total number of allocations 159847
11-18 18:39:54.038 I/ocessService0:0( 1929): Total bytes allocated 2111KB
11-18 18:39:54.038 I/ocessService0:0( 1929): Total bytes freed 155KB
11-18 18:39:54.038 I/ocessService0:0( 1929): Free memory 23MB
11-18 18:39:54.038 I/ocessService0:0( 1929): Free memory until GC 23MB
11-18 18:39:54.038 I/ocessService0:0( 1929): Free memory until OOME 254MB
11-18 18:39:54.038 I/ocessService0:0( 1929): Total memory 25MB
11-18 18:39:54.038 I/ocessService0:0( 1929): Max memory 256MB
11-18 18:39:54.038 I/ocessService0:0( 1929): Zygote space size 7696KB
11-18 18:39:54.038 I/ocessService0:0( 1929): Total mutator paused time: 81us
11-18 18:39:54.038 I/ocessService0:0( 1929): Total time waiting for GC to complete: 5.989us
11-18 18:39:54.038 I/ocessService0:0( 1929): Total GC count: 1
11-18 18:39:54.038 I/ocessService0:0( 1929): Total GC time: 15.377ms
11-18 18:39:54.038 I/ocessService0:0( 1929): Total blocking GC count: 0
11-18 18:39:54.038 I/ocessService0:0( 1929): Total blocking GC time: 0
11-18 18:39:54.038 I/ocessService0:0( 1929): Total pre-OOME GC count: 0
11-18 18:39:54.038 I/ocessService0:0( 1929): Histogram of GC count per 10000 ms: 0:2
11-18 18:39:54.038 I/ocessService0:0( 1929): Histogram of blocking GC count per 10000 ms: 0:2
11-18 18:39:54.038 I/ocessService0:0( 1929): Native bytes total: 4543964 registered: 670700
11-18 18:39:54.038 I/ocessService0:0( 1929): Total native bytes at last GC: 4695188
11-18 18:39:54.038 I/ocessService0:0( 1929): /product/app/WebViewGoogle/oat/arm/WebViewGoogle.vdex: verify
11-18 18:39:54.038 I/ocessService0:0( 1929): /system/framework/oat/arm/android.hidl.base-V1.0-java.odex: verify
11-18 18:39:54.038 I/ocessService0:0( 1929): /system/framework/oat/arm/android.test.base.odex: verify
11-18 18:39:54.038 I/ocessService0:0( 1929): /system/framework/oat/arm/android.hidl.manager-V1.0-java.odex: verify
11-18 18:39:54.038 I/ocessService0:0( 1929): /product/app/TrichromeLibrary/oat/arm/TrichromeLibrary.odex: verify
11-18 18:39:54.038 I/ocessService0:0( 1929): Current JIT code cache size (used / resident): 0KB / 32KB
11-18 18:39:54.038 I/ocessService0:0( 1929): Current JIT data cache size (used / resident): 0KB / 32KB
11-18 18:39:54.038 I/ocessService0:0( 1929): Zygote JIT code cache size (at point of fork): 21KB / 32KB
11-18 18:39:54.038 I/ocessService0:0( 1929): Zygote JIT data cache size (at point of fork): 14KB / 32KB
11-18 18:39:54.038 I/ocessService0:0( 1929): Current JIT mini-debug-info size: 10KB
11-18 18:39:54.038 I/ocessService0:0( 1929): Current JIT capacity: 64KB
11-18 18:39:54.038 I/ocessService0:0( 1929): Current number of JIT JNI stub entries: 0
11-18 18:39:54.038 I/ocessService0:0( 1929): Current number of JIT code cache entries: 16
11-18 18:39:54.038 I/ocessService0:0( 1929): Total number of JIT baseline compilations: 0
11-18 18:39:54.038 I/ocessService0:0( 1929): Total number of JIT optimized compilations: 0
11-18 18:39:54.038 I/ocessService0:0( 1929): Total number of JIT compilations for on stack replacement: 0
11-18 18:39:54.038 I/ocessService0:0( 1929): Total number of JIT code cache collections: 0
11-18 18:39:54.038 I/ocessService0:0( 1929): Memory used for stack maps: <no data>
11-18 18:39:54.038 I/ocessService0:0( 1929): Memory used for compiled code: <no data>
11-18 18:39:54.038 I/ocessService0:0( 1929): Memory used for profiling info: <no data>
11-18 18:39:54.038 I/ocessService0:0( 1929): Start Dumping Averages for 16 iterations for JIT timings
11-18 18:39:54.038 I/ocessService0:0( 1929): Compiling optimized:	Sum: 33.841ms Avg: 2.115ms
11-18 18:39:54.038 I/ocessService0:0( 1929): TrimMaps:	Sum: 1.053ms Avg: 65.812us
11-18 18:39:54.038 I/ocessService0:0( 1929): Done Dumping Averages
11-18 18:39:54.038 I/ocessService0:0( 1929): Memory used for compilation: Avg: 158KB Max: 1010KB Min: 14KB
11-18 18:39:54.038 I/ocessService0:0( 1929): 
11-18 18:39:54.038 I/ocessService0:0( 1929): *** ART internal metrics ***
11-18 18:39:54.038 I/ocessService0:0( 1929):   Metadata:
11-18 18:39:54.038 I/ocessService0:0( 1929):     timestamp_since_start_ms: 203758
11-18 18:39:54.038 I/ocessService0:0( 1929):   Metrics:
11-18 18:39:54.038 I/ocessService0:0( 1929):     ClassLoadingTotalTime: count = 15053
11-18 18:39:54.038 I/ocessService0:0( 1929):     ClassVerificationTotalTime: count = 0
11-18 18:39:54.038 I/ocessService0:0( 1929):     ClassVerificationCount: count = 0
11-18 18:39:54.038 I/ocessService0:0( 1929):     WorldStopTimeDuringGCAvg: count = 81
11-18 18:39:54.038 I/ocessService0:0( 1929):     YoungGcCount: count = 0
11-18 18:39:54.038 I/ocessService0:0( 1929):     FullGcCount: count = 1
11-18 18:39:54.038 I/ocessService0:0( 1929):     TotalBytesAllocated: count = 222328
11-18 18:39:54.038 I/ocessService0:0( 1929):     TotalGcCollectionTime: count = 15
11-18 18:39:54.038 I/ocessService0:0( 1929):     YoungGcThroughputAvg: count = 0
11-18 18:39:54.038 I/ocessService0:0( 1929):     FullGcThroughputAvg: count = 8
11-18 18:39:54.038 I/ocessService0:0( 1929):     YoungGcTracingThroughputAvg: count = 0
11-18 18:39:54.038 I/ocessService0:0( 1929):     FullGcTracingThroughputAvg: count = 38
11-18 18:39:54.038 I/ocessService0:0( 1929):     JitMethodCompileTotalTime: count = 0
11-18 18:39:54.038 I/ocessService0:0( 1929):     JitMethodCompileCount: count = 0
11-18 18:39:54.038 I/ocessService0:0( 1929):     YoungGcCollectionTime: range = 0...60000, buckets: 0,0,0,0,0,0,0,0,0,0,0,0,0,0,0
11-18 18:39:54.038 I/ocessService0:0( 1929):     FullGcCollectionTime: range = 0...60000, buckets: 1,0,0,0,0,0,0,0,0,0,0,0,0,0,0
11-18 18:39:54.038 I/ocessService0:0( 1929):     YoungGcThroughput: range = 0...10000, buckets: 0,0,0,0,0,0,0,0,0,0,0,0,0,0,0
11-18 18:39:54.038 I/ocessService0:0( 1929):     FullGcThroughput: range = 0...10000, buckets: 1,0,0,0,0,0,0,0,0,0,0,0,0,0,0
11-18 18:39:54.038 I/ocessService0:0( 1929):     YoungGcTracingThroughput: range = 0...10000, buckets: 0,0,0,0,0,0,0,0,0,0,0,0,0,0,0
11-18 18:39:54.038 I/ocessService0:0( 1929):     FullGcTracingThroughput: range = 0...10000, buckets: 1,0,0,0,0,0,0,0,0,0,0,0,0,0,0
11-18 18:39:54.038 I/ocessService0:0( 1929):     GcWorldStopTime: count = 81
11-18 18:39:54.038 I/ocessService0:0( 1929):     GcWorldStopCount: count = 1
11-18 18:39:54.038 I/ocessService0:0( 1929):     YoungGcScannedBytes: count = 0
11-18 18:39:54.038 I/ocessService0:0( 1929):     YoungGcFreedBytes: count = 0
11-18 18:39:54.038 I/ocessService0:0( 1929):     YoungGcDuration: count = 0
11-18 18:39:54.038 I/ocessService0:0( 1929):     FullGcScannedBytes: count = 628786
11-18 18:39:54.038 I/ocessService0:0( 1929):     FullGcFreedBytes: count = 138416
11-18 18:39:54.038 I/ocessService0:0( 1929):     FullGcDuration: count = 15
11-18 18:39:54.038 I/ocessService0:0( 1929): *** Done dumping ART internal metrics ***
11-18 18:39:54.038 I/ocessService0:0( 1929): 
11-18 18:39:54.038 I/ocessService0:0( 1929): suspend all histogram:	Sum: 586us 99% C.I. 3us-322.480us Avg: 45.076us Max: 334us
11-18 18:39:54.038 I/ocessService0:0( 1929): DALVIK THREADS (15):
11-18 18:39:54.038 I/ocessService0:0( 1929): "Signal Catcher" daemon prio=10 tid=6 Runnable
11-18 18:39:54.038 I/ocessService0:0( 1929):   | group="system" sCount=0 ucsCount=0 flags=0 obj=0x12d803d8 self=0xded0d210
11-18 18:39:54.038 I/ocessService0:0( 1929):   | sysTid=1958 nice=-20 cgrp=default sched=0/0 handle=0xdc0e01c0
11-18 18:39:54.038 I/ocessService0:0( 1929):   | state=R schedstat=( 40921823 2606513 44 ) utm=2 stm=1 core=0 HZ=100
11-18 18:39:54.038 I/ocessService0:0( 1929):   | stack=0xdbfe5000-0xdbfe7000 stackSize=1004KB
11-18 18:39:54.038 I/ocessService0:0( 1929):   | held mutexes= "mutator lock"(shared held)
11-18 18:39:54.038 I/ocessService0:0( 1929):   native: #00 pc 004b3185  /apex/com.android.art/lib/libart.so (art::DumpNativeStack(std::__1::basic_ostream<char, std::__1::char_traits<char> >&, int, BacktraceMap*, char const*, art::ArtMethod*, void*, bool)+68) (BuildId: 8a3405190074d955145af6042a9f3658)
11-18 18:39:54.038 I/ocessService0:0( 1929):   native: #01 pc 00503599  /apex/com.android.art/lib/libart.so (art::Thread::DumpStack(std::__1::basic_ostream<char, std::__1::char_traits<char> >&, bool, BacktraceMap*, bool) const+136) (BuildId: 8a3405190074d955145af6042a9f3658)
11-18 18:39:54.038 I/ocessService0:0( 1929):   native: #02 pc 0033f053  /apex/com.android.art/lib/libart.so (art::Thread::Dump(std::__1::basic_ostream<char, std::__1::char_traits<char> >&, bool, BacktraceMap*, bool) const+34) (BuildId: 8a3405190074d955145af6042a9f3658)
11-18 18:39:54.038 I/ocessService0:0( 1929):   native: #03 pc 0050a823  /apex/com.android.art/lib/libart.so (art::DumpCheckpoint::Run(art::Thread*)+166) (BuildId: 8a3405190074d955145af6042a9f3658)
11-18 18:39:54.038 I/ocessService0:0( 1929):   native: #04 pc 0024b19f  /apex/com.android.art/lib/libart.so (art::ThreadList::Dump(std::__1::basic_ostream<char, std::__1::char_traits<char> >&, bool)+1090) (BuildId: 8a3405190074d955145af6042a9f3658)
11-18 18:39:54.038 I/ocessService0:0( 1929):   native: #05 pc 00509c3d  /apex/com.android.art/lib/libart.so (art::ThreadList::DumpForSigQuit(std::__1::basic_ostream<char, std::__1::char_traits<char> >&)+220) (BuildId: 8a3405190074d955145af6042a9f3658)
11-18 18:39:54.038 I/ocessService0:0( 1929):   native: #06 pc 004ee8b9  /apex/com.android.art/lib/libart.so (art::Runtime::DumpForSigQuit(std::__1::basic_ostream<char, std::__1::char_traits<char> >&)+132) (BuildId: 8a3405190074d955145af6042a9f3658)
11-18 18:39:54.038 I/ocessService0:0( 1929):   native: #07 pc 004f7c13  /apex/com.android.art/lib/libart.so (art::SignalCatcher::HandleSigQuit()+302) (BuildId: 8a3405190074d955145af6042a9f3658)
11-18 18:39:54.038 I/ocessService0:0( 1929):   native: #08 pc 004f7433  /apex/com.android.art/lib/libart.so (art::SignalCatcher::Run(void*)+186) (BuildId: 8a3405190074d955145af6042a9f3658)
11-18 18:39:54.038 I/ocessService0:0( 1929):   native: #09 pc 00083ccf  /apex/com.android.runtime/lib/bionic/libc.so (__pthread_start(void*)+40) (BuildId: 6632a96c63c772726a3eb3be808e63d4)
11-18 18:39:54.038 I/ocessService0:0( 1929):   native: #10 pc 0003ab4d  /apex/com.android.runtime/lib/bionic/libc.so (__start_thread+30) (BuildId: 6632a96c63c772726a3eb3be808e63d4)
11-18 18:39:54.038 I/ocessService0:0( 1929):   (no managed stack frames)
11-18 18:39:54.038 I/ocessService0:0( 1929): 
11-18 18:39:54.038 I/ocessService0:0( 1929): "main" prio=5 tid=1 Native
11-18 18:39:54.038 I/ocessService0:0( 1929):   | group="main" sCount=1 ucsCount=0 flags=1 obj=0x7150c828 self=0xded02a10
11-18 18:39:54.038 I/ocessService0:0( 1929):   | sysTid=1929 nice=0 cgrp=default sched=0/0 handle=0xee09a470
11-18 18:39:54.038 I/ocessService0:0( 1929):   | state=S schedstat=( 47111558 24578655 158 ) utm=1 stm=3 core=0 HZ=100
11-18 18:39:54.038 I/ocessService0:0( 1929):   | stack=0xff41e000-0xff420000 stackSize=8188KB
11-18 18:39:54.038 I/ocessService0:0( 1929):   | held mutexes=
11-18 18:39:54.038 I/ocessService0:0( 1929):   native: #00 pc 00075818  /apex/com.android.runtime/lib/bionic/libc.so (__epoll_pwait+20) (BuildId: 6632a96c63c772726a3eb3be808e63d4)
11-18 18:39:54.038 I/ocessService0:0( 1929):   native: #01 pc 0004558d  /apex/com.android.runtime/lib/bionic/libc.so (epoll_wait+16) (BuildId: 6632a96c63c772726a3eb3be808e63d4)
11-18 18:39:54.038 I/ocessService0:0( 1929):   native: #02 pc 000104cf  /system/lib/libutils.so (android::Looper::pollInner(int)+126) (BuildId: 54599104ee2305849ff19da9bd334090)
11-18 18:39:54.038 I/ocessService0:0( 1929):   native: #03 pc 000103f7  /system/lib/libutils.so (android::Looper::pollOnce(int, int*, int*, void**)+58) (BuildId: 54599104ee2305849ff19da9bd334090)
11-18 18:39:54.038 I/ocessService0:0( 1929):   native: #04 pc 000edb01  /system/lib/libandroid_runtime.so (android::android_os_MessageQueue_nativePollOnce(_JNIEnv*, _jobject*, long long, int)+26) (BuildId: 5655f0c013e7f13d5dea01be60523cd4)
11-18 18:39:54.038 I/ocessService0:0( 1929):   at android.os.MessageQueue.nativePollOnce(Native method)
11-18 18:39:54.038 I/ocessService0:0( 1929):   at android.os.MessageQueue.next(MessageQueue.java:338)
11-18 18:39:54.038 I/ocessService0:0( 1929):   at android.os.Looper.loopOnce(Looper.java:301)
11-18 18:39:54.038 I/ocessService0:0( 1929):   at android.os.Looper.loop(Looper.java:475)
