11-18 18:39:48.879 D/SurfaceUtils( 5782): set up nativeWindow 0xb400007d10d347d0 for 1080x2520, color 0x7fa30c06, rotation 0, usage 0x20402900
11-18 18:39:48.882 W/ResourceManagerService( 1500): Ignoring request to add new resource entry with value <= 0
11-18 18:39:48.891 W/TransactionTracing( 1272): Could not find layer id -1
11-18 18:39:48.891 W/TransactionTracing( 1272): Could not find layer id -1
11-18 18:39:48.891 W/TransactionTracing( 1272): Could not find layer id -1
11-18 18:39:48.965 E/OMXNodeInstance( 1528): getConfig(0xf0b50024:qcom.decoder.hevc, ??(0x7f000062)) ERROR: UnsupportedSetting(0x80001019)
11-18 18:39:48.970 E/OMX-VDEC-1080P( 1528): Extension: OMX.QTI.index.config.video.getdsmode not implemented
11-18 18:39:48.985 I/FontLog ( 6392): Received query Noto Color Emoji Compat, URI content://com.google.android.gms.fonts [CONTEXT service_id=132 ]
11-18 18:39:48.988 I/FontLog ( 6392): Query [emojicompat-emoji-font] resolved to {Noto Color Emoji Compat, wdth 100.0, wght 400, ital 0.0, bestEffort false} [CONTEXT service_id=132 ]
11-18 18:39:48.991 I/Monkey  (16995): :Sending Touch (ACTION_DOWN): 0:(151.0,632.0)
11-18 18:39:48.994 I/Monkey  (16995): :Sending Touch (ACTION_UP): 0:(142.21729,642.0071)
11-18 18:39:48.995 I/QTI PowerHAL( 1116): Power setBoost: 0, duration: 0
11-18 18:39:48.996 I/QTI PowerHAL( 1116): Power setBoost: 0, duration: 0
11-18 18:39:48.998 I/Monkey  (16995): Sleeping for 1000 milliseconds
11-18 18:39:49.035 D/CompatibilityInfo( 1923): mCompatibilityFlags - 0
11-18 18:39:49.035 D/CompatibilityInfo( 1923): applicationDensity - 420
11-18 18:39:49.035 D/CompatibilityInfo( 1923): applicationScale - 1.0
11-18 18:39:49.051 I/resolv  (  921): GetAddrInfoHandler::run: {0 786432 0 983040 10195 0}
11-18 18:39:49.063 W/FontLog ( 6392): Connection failure for https://fonts.gstatic.com/s/a/c79eac35ffed2c79cc7f23f07f8bf78b93dd8055bed04b7c777a76ac1fb13854.ttf [CONTEXT service_id=132 ]
11-18 18:39:49.075 W/FontLog ( 6392): https://fonts.gstatic.com/s/a/c79eac35ffed2c79cc7f23f07f8bf78b93dd8055bed04b7c777a76ac1fb13854.ttf Status{statusCode=Unable to resolve host "fonts.gstatic.com": No address associated with hostname, resolution=null}; declaring failure [CONTEXT service_id=132 ]
11-18 18:39:49.079 I/FontLog ( 6392): Fetch {Noto Color Emoji Compat, wdth 100.0, wght 400, ital 0.0, bestEffort false} end status Status{statusCode=Unable to resolve host "fonts.gstatic.com": No address associated with hostname, resolution=null} [CONTEXT service_id=132 ]
11-18 18:39:49.108 W/TransactionTracing( 1272): Could not find layer handle 0xb400006cf06ea110
11-18 18:39:49.163 D/dumpstate( 6331): Bugreport dir: [/data/user_de/0/com.android.shell/files/bugreports] Base name: [bugreport-SO-52B-62.2.B.0.228] Suffix: [2022-11-18-18-39-48] Log path: [/data/user_de/0/com.android.shell/files/bugreports/bugreport-SO-52B-62.2.B.0.228-2022-11-18-18-39-48-dumpstate_log-6331.txt] Temporary path: [/data/user_de/0/com.android.shell/files/bugreports/bugreport-SO-52B-62.2.B.0.228-2022-11-18-18-39-48.tmp] Screenshot path: []
11-18 18:39:49.163 D/dumpstate( 6331): Creating initial .zip file (/data/user_de/0/com.android.shell/files/bugreports/bugreport-SO-52B-62.2.B.0.228-2022-11-18-18-39-48.zip)
11-18 18:39:49.163 D/dumpstate( 6331): Adding zip text entry version.txt
11-18 18:39:49.164 I/JavaDumper:DumpState( 1508): Start reading from dumpstate socket
11-18 18:39:49.164 I/dumpstate( 6331): Vibrate: 'cmd vibrator_manager synced -f -d dumpstate oneshot 150'
11-18 18:39:49.185 I/binder  (    0): 6430:6430 ioctl 40046210 7fc7d55d30 returned -22
11-18 18:39:49.198 D/vendor.qti.vibrator( 1235): Vibrator on for timeoutMs: 150
11-18 18:39:49.199 D/vendor.qti.vibrator( 1235): Starting on on another thread
11-18 18:39:49.307 W/InputManager-JNI( 1923): Input channel object '532fc88 com.sonymobile.wallpaper.bt.DefaultWallpaperService (client)' was disposed without first being removed with the input manager!
11-18 18:39:49.309 W/ActivityManager( 1923): setHasOverlayUi called on unknown pid: 26007
11-18 18:39:49.323 W/TransactionTracing( 1272): Could not find layer handle 0xb400006cf06eb310
11-18 18:39:49.323 W/TransactionTracing( 1272): Could not find layer handle 0xb400006cf068a470
11-18 18:39:49.323 W/TransactionTracing( 1272): Could not find layer handle 0xb400006cf06e7230
11-18 18:39:49.323 W/TransactionTracing( 1272): Could not find layer handle 0xb400006cf06e8310
11-18 18:39:49.324 E/BpTransactionCompletedListener( 1272): Failed to transact (-32)
11-18 18:39:49.325 E/BpTransactionCompletedListener( 1272): Failed to transact (-32)
11-18 18:39:49.347 E/AppOps  ( 1923): Attribution not found: uid=0 pkg=root(null) op=VIBRATE
11-18 18:39:49.349 D/dumpstate( 6331): Module metadata package name: com.google.android.modulemetadata
11-18 18:39:49.354 D/vendor.qti.vibrator( 1235): Notifying on complete
11-18 18:39:49.356 D/vendor.qti.vibrator( 1235): QTI Vibrator off
11-18 18:39:49.362 D/audio_hw_primary( 1089): out_set_parameters: enter: usecase(1: low-latency-playback) kvpairs: suspend_playback=false
11-18 18:39:49.362 D/audio_hw_extn( 1089): audio_extn_fm_set_parameters: Enter
11-18 18:39:49.362 D/audio_hw_primary( 1089): out_standby: enter: stream (0xf13864c0) usecase(1: low-latency-playback)
11-18 18:39:49.362 I/[aw882xx_smartpa]aw882xx_mute(    0): mute state=1
11-18 18:39:49.362 I/[aw882xx_smartpa]aw882xx_smartpa_cfg(    0): flag = 0, power status = 2
11-18 18:39:49.362 I/[aw882xx_smartpa]aw882xx_monitor_stop(    0): enter
11-18 18:39:49.363 I/[aw882xx_smartpa]aw882xx_stop(    0): get_sysint=0x0000
11-18 18:39:49.379 I/afe_close(    0): port_id = 0x1000
11-18 18:39:49.383 D/audio_hw_primary( 1089): disable_audio_route: reset and update mixer path: low-latency-playback
11-18 18:39:49.383 E/soundtrigger( 1089): audio_extn_sound_trigger_update_stream_status: invalid input device 0x0, for event 2
11-18 18:39:49.383 D/soundtrigger( 1089): audio_extn_sound_trigger_update_stream_status: uc_info->id 1 of type 0 for Event 2, with Raise=0
11-18 18:39:49.383 D/msm8974_platform( 1089): platform_split_snd_device: snd_device(2) num devices(0) new_snd_devices(0)
11-18 18:39:49.383 I/msm8974_platform( 1089): platform_get_custom_mtmx_params: no matching param with id 0 ip_ch 2 op_ch 2 uc_id 1 snd_dev 2
11-18 18:39:49.383 D/hardware_info( 1089): hw_info_append_hw_type : device_name = speaker
11-18 18:39:49.383 D/audio_hw_primary( 1089): disable_snd_device: snd_device(2: speaker)
11-18 18:39:49.383 D/msm8974_platform( 1089): platform_split_snd_device: snd_device(2) num devices(0) new_snd_devices(0)
11-18 18:39:49.383 E/audio_hw_awinic_feedback( 1089): is_supported_feedback_on_device [Awinic] 2
11-18 18:39:49.383 V/audio_hw_awinic_feedback( 1089): audio_extn_aw882xx_stop_feedback:[Awinic] Entry
11-18 18:39:49.384 W/DisplayIdentification( 1272): Invalid EDID: falling back to serial number due to missing display name.
11-18 18:39:49.384 W/DisplayIdentification( 1272): Invalid EDID: falling back to ASCII text due to missing serial number.
11-18 18:39:49.384 I/SDM     ( 1198): HWCDisplay::GetColorModeCount: Supported color mode count = 3
11-18 18:39:49.384 I/SDM     ( 1198): HWCDisplay::GetColorModes: Color mode = 0 is supported
11-18 18:39:49.384 I/SDM     ( 1198): HWCDisplay::GetColorModes: Color mode = 7 is supported
11-18 18:39:49.384 I/SDM     ( 1198): HWCDisplay::GetColorModes: Color mode = 9 is supported
11-18 18:39:49.383 I/[aw882xx_smartpa]aw882xx_mute(    0): mute state=1
11-18 18:39:49.384 I/afe_close(    0): port_id = 0x1001
11-18 18:39:49.386 D/DisplayDevice( 1272): getVsyncPeriodFromHWC: Called HWC getDisplayVsyncPeriod. No error. period=16666666
11-18 18:39:49.387 D/hardware_info( 1089): hw_info_append_hw_type : device_name = vi-feedback-aw882xx
11-18 18:39:49.387 D/audio_hw_primary( 1089): disable_snd_device: snd_device(238: vi-feedback-aw882xx)
11-18 18:39:49.387 D/msm8974_platform( 1089): platform_split_snd_device: snd_device(238) num devices(0) new_snd_devices(0)
11-18 18:39:49.387 E/audio_hw_awinic_feedback( 1089): is_supported_feedback_on_device [Awinic] 238
11-18 18:39:49.387 I/soundtrigger( 1089): audio_extn_sound_trigger_update_device_status: device 0xee of type 1 for Event 0, with Raise=0
11-18 18:39:49.387 D/audio_hw_primary( 1089): disable_audio_route: reset and update mixer path: spkr-vi-record
11-18 18:39:49.388 D/soundtrigger( 1089): audio_extn_sound_trigger_update_stream_status: uc_info->id 53 of type 1 for Event 2, with Raise=0
11-18 18:39:49.388 V/audio_hw_awinic_feedback( 1089): audio_extn_aw882xx_stop_feedback:[Awinic] Exit
11-18 18:39:49.389 I/soundtrigger( 1089): audio_extn_sound_trigger_update_device_status: device 0x2 of type 0 for Event 0, with Raise=0
11-18 18:39:49.389 D/audio_hw_primary( 1089): out_standby: exit
11-18 18:39:49.392 I/audit   (    0): type=1400 audit(1668767989.387:5236): avc:  denied  { open } for  pid=1272 comm="binder:1272_2" path="/proc/1198/cmdline" dev="proc" ino=1720220 scontext=u:r:surfaceflinger:s0 tcontext=u:r:hal_graphics_composer_default:s0 tclass=file permissive=1 ppid=1 pcomm="init" pgid=1272 pgcomm="surfaceflinger"
11-18 18:39:49.392 I/audit   (    0): type=1400 audit(1668767989.387:5237): avc:  denied  { getattr } for  pid=1272 comm="binder:1272_2" path="/proc/1198/cmdline" dev="proc" ino=1720220 scontext=u:r:surfaceflinger:s0 tcontext=u:r:hal_graphics_composer_default:s0 tclass=file permissive=1 ppid=1 pcomm="init" pgid=1272 pgcomm="surfaceflinger"
11-18 18:39:49.541 D/CompatibilityChangeReporter( 1923): Compat change id reported: 174042980; UID 10251; state: DISABLED
11-18 18:39:49.541 D/CompatibilityChangeReporter( 1923): Compat change id reported: 184838306; UID 10251; state: DISABLED
11-18 18:39:49.542 D/CompatibilityChangeReporter( 1923): Compat change id reported: 185004937; UID 10251; state: DISABLED
11-18 18:39:49.543 D/CompatibilityChangeReporter( 1923): Compat change id reported: 181136395; UID 10184; state: DISABLED
11-18 18:39:49.543 D/CompatibilityChangeReporter( 1923): Compat change id reported: 174042936; UID 10184; state: DISABLED
11-18 18:39:49.545 D/CompatibilityChangeReporter( 1923): Compat change id reported: 174042980; UID 10172; state: DISABLED
11-18 18:39:49.546 D/CompatibilityChangeReporter( 1923): Compat change id reported: 184838306; UID 10172; state: DISABLED
11-18 18:39:49.546 D/CompatibilityChangeReporter( 1923): Compat change id reported: 185004937; UID 10172; state: DISABLED
11-18 18:39:49.548 D/CompatibilityChangeReporter( 1923): Compat change id reported: 184838306; UID 1000; state: DISABLED
11-18 18:39:49.548 D/CompatibilityChangeReporter( 1923): Compat change id reported: 185004937; UID 1000; state: DISABLED
11-18 18:39:49.551 D/CompatibilityChangeReporter( 1923): Compat change id reported: 184838306; UID 10258; state: DISABLED
11-18 18:39:49.551 D/CompatibilityChangeReporter( 1923): Compat change id reported: 185004937; UID 10258; state: DISABLED
11-18 18:39:49.713 D/CompatibilityChangeReporter( 1923): Compat change id reported: 181136395; UID 10251; state: DISABLED
11-18 18:39:49.713 D/CompatibilityChangeReporter( 1923): Compat change id reported: 174042936; UID 10251; state: DISABLED
11-18 18:39:49.726 D/NavigationModeController( 5638): getCurrentInteractionMode: mode=0 contextUser=0
11-18 18:39:49.727 D/NavigationModeController( 5638):   contextUser=0
11-18 18:39:49.727 D/NavigationModeController( 5638):   assetPaths=
11-18 18:39:49.727 D/NavigationModeController( 5638):     <empty> and /system/framework/framework-res.apk
11-18 18:39:49.727 D/NavigationModeController( 5638):     /product/overlay/GmsConfigOverlayASI.apk
11-18 18:39:49.727 D/NavigationModeController( 5638):     /product/overlay/GmsConfigOverlayCommon.apk
11-18 18:39:49.727 D/NavigationModeController( 5638):     /product/overlay/GmsConfigOverlayComms.apk
11-18 18:39:49.727 D/NavigationModeController( 5638):     /product/overlay/GmsConfigOverlayGSA.apk
11-18 18:39:49.727 D/NavigationModeController( 5638):     /product/overlay/GmsConfigOverlayGeotz.apk
11-18 18:39:49.727 D/NavigationModeController( 5638):     /product/overlay/GmsConfigOverlayPersonalSafety.apk
11-18 18:39:49.727 D/NavigationModeController( 5638):     /product/overlay/GmsConfigOverlayPhotos.apk
11-18 18:39:49.727 D/NavigationModeController( 5638):     /product/overlay/GmsConfigOverlayQr.apk
11-18 18:39:49.727 D/NavigationModeController( 5638):     /product/overlay/GmsConfigOverlayWellbeing.apk
11-18 18:39:49.727 D/NavigationModeController( 5638):     /product/overlay/GoogleExtServicesConfigOverlay.apk
11-18 18:39:49.727 D/NavigationModeController( 5638):     /product/overlay/GooglePermissionControllerFrameworkOverlay.apk
11-18 18:39:49.728 D/NavigationModeController( 5638):     /product/overlay/ModuleMetadataGoogleOverlay.apk
11-18 18:39:49.728 D/NavigationModeController( 5638):     /vendor/overlay/Android-Enterprise-Overlay-docomo-2-release.apk
11-18 18:39:49.728 D/NavigationModeController( 5638):     /product/overlay/FrameworksResCommon_Sys.apk
11-18 18:39:49.728 D/NavigationModeController( 5638):     /odm/overlay/FrameworksRes-lena.apk
11-18 18:39:49.728 D/NavigationModeController( 5638):     /oem/overlay/FrameworkRes-SOMC-Dialer-Overlay.apk
11-18 18:39:49.728 D/NavigationModeController( 5638):     /product/overlay/FrameworkRes-Lena-Overlay.apk
11-18 18:39:49.728 D/NavigationModeController( 5638):     /oem/overlay/FrameworksRes-HotSwapRestart-Overlay.apk
11-18 18:39:49.728 D/NavigationModeController( 5638):     /oem/overlay/FrameworksRes-Stamina-Overlay.apk
11-18 18:39:49.728 D/NavigationModeController( 5638):     /product/overlay/FrameworkRes-Pdx213Docomo-Overlay.apk
11-18 18:39:49.728 D/NavigationModeController( 5638):     /oem/overlay/Frameworks-Telephony-Overlay-docomo-285-release.apk
11-18 18:39:49.728 D/NavigationModeController( 5638):     /oem/overlay/Camera-Force-Shutter-Sound-Overlay-305-release.apk
11-18 18:39:49.728 D/NavigationModeController( 5638):     <empty> and /system_ext/priv-app/SystemUI/SystemUI.apk
11-18 18:39:49.728 D/NavigationModeController( 5638):     /data/resource-cache/com.android.systemui-neutral-c3wC.frro
11-18 18:39:49.728 D/NavigationModeController( 5638):     /data/resource-cache/com.android.systemui-accent-DE3k.frro
11-18 18:39:49.728 D/NavigationModeController( 5638):     /product/overlay/SystemUIResCommon_Sys.apk
11-18 18:39:49.728 D/NavigationModeController( 5638):     /product/overlay/SystemUIRes-Lena-Overlay.apk
11-18 18:39:49.728 D/NavigationModeController( 5638):     /oem/overlay/SystemUIRes-Stamina-Overlay.apk
11-18 18:39:49.728 D/NavigationModeController( 5638):     /product/overlay/SystemUIRes-PDX213-Overlay.apk
11-18 18:39:49.728 D/NavigationModeController( 5638):     /oem/overlay/SystemUIRes-Pdx213Docomo-Overlay.apk
11-18 18:39:49.757 E/EventHub( 1923): Failed to read sysfs battery info: No such file or directory
11-18 18:39:49.758 E/EventHub( 1923): Failed to read sysfs battery info: No such file or directory
11-18 18:39:49.758 E/EventHub( 1923): Failed to read sysfs battery info: No such file or directory
11-18 18:39:49.757 I/audit   (    0): type=1400 audit(1668767989.751:5238): avc:  denied  { read } for  pid=1923 comm="binder:1923_1B" name="capacity" dev="sysfs" ino=62878 scontext=u:r:system_server:s0 tcontext=u:object_r:vendor_sysfs_battery_supply:s0 tclass=file permissive=1 ppid=922 pcomm="main" pgid=1923 pgcomm="system_server"
11-18 18:39:49.758 E/EventHub( 1923): Failed to read sysfs battery info: No such file or directory
11-18 18:39:49.757 I/audit   (    0): type=1400 audit(1668767989.751:5239): avc:  denied  { open } for  pid=1923 comm="binder:1923_1B" path="/sys/devices/platform/soc/c440000.qcom,spmi/spmi-0/spmi0-02/c440000.qcom,spmi:qcom,pm7250b@2:qcom,qpnp-smb5/power_supply/battery/capacity" dev="sysfs" ino=62878 scontext=u:r:system_server:s0 tcontext=u:object_r:vendor_sysfs_battery_supply:s0 tclass=file permissive=1 ppid=922 pcomm="main" pgid=1923 pgcomm="system_server"
11-18 18:39:49.757 I/audit   (    0): type=1400 audit(1668767989.751:5240): avc:  denied  { getattr } for  pid=1923 comm="binder:1923_1B" path="/sys/devices/platform/soc/c440000.qcom,spmi/spmi-0/spmi0-02/c440000.qcom,spmi:qcom,pm7250b@2:qcom,qpnp-smb5/power_supply/battery/capacity" dev="sysfs" ino=62878 scontext=u:r:system_server:s0 tcontext=u:object_r:vendor_sysfs_battery_supply:s0 tclass=file permissive=1 ppid=922 pcomm="main" pgid=1923 pgcomm="system_server"
11-18 18:39:49.758 E/EventHub( 1923): Failed to read sysfs battery info: No such file or directory
11-18 18:39:49.999 I/Monkey  (16995): :Sending Key (ACTION_DOWN): 20    // KEYCODE_DPAD_DOWN
11-18 18:39:49.999 I/QTI PowerHAL( 1116): Power setBoost: 0, duration: 0
11-18 18:39:50.002 I/QTI PowerHAL( 1116): Power setBoost: 0, duration: 0
11-18 18:39:50.004 I/Monkey  (16995): :Sending Key (ACTION_UP): 20    // KEYCODE_DPAD_DOWN
11-18 18:39:50.005 I/Monkey  (16995): Sleeping for 1000 milliseconds
11-18 18:39:50.051 D/InputDispatcher( 1923): Touch mode switch rejected, caller (pid=0, uid=10251) doesn't own the focused window nor none of the previously interacted window
11-18 18:39:50.053 D/dumpstate( 6331): Duration of 'DUMPSYS CRITICAL': 0.68s
11-18 18:39:50.053 I/GoogleInputMethodService( 6971): GoogleInputMethodService.onFinishInput():3274 
11-18 18:39:50.056 I/GoogleInputMethodService( 6971): GoogleInputMethodService.updateDeviceLockedStatus():2166 repeatCheckTimes = 0, unlocked = true
11-18 18:39:50.056 I/GoogleInputMethodService( 6971): GoogleInputMethodService.onStartInput():1957 onStartInput(EditorInfo{inputType=0x0(NULL) imeOptions=0x0 privateImeOptions=null actionName=UNSPECIFIED actionLabel=null actionId=0 initialSelStart=-1 initialSelEnd=-1 initialCapsMode=0x0 hintText=null label=null packageName=com.android.wallpaper fieldId=2131362116 fieldName=null extras=null}, false)
11-18 18:39:50.056 I/GoogleInputMethodService( 6971): GoogleInputMethodService.shouldHideHeaderOnInitialState():4078 ShouldHideHeaderOnInitialState = false
11-18 18:39:50.058 I/GoogleInputMethodService( 6971): GoogleInputMethodService.updateDeviceLockedStatus():2166 repeatCheckTimes = 2, unlocked = true
11-18 18:39:50.227 W/TransactionTracing( 1272): Could not find layer id -1
11-18 18:39:50.231 E/perfetto( 6466):     perfetto_cmd.cc:986 No trace with TraceConfig.bugreport_score > 0 eligible for bug reporting was found
11-18 18:39:50.234 E/dumpstate( 6331): *** command 'perfetto --save-for-bugreport' failed: exit code 1
11-18 18:39:50.251 I/binder  (    0): 6467:6467 ioctl 40046210 7ffcf507f0 returned -22
11-18 18:39:50.294 I/binder  (    0): 6470:6470 ioctl 40046210 7ff6a7f7e0 returned -22
11-18 18:39:50.320 I/logd    (    0): logdr: UID=0 GID=0 PID=6473 n tail=0 logMask=99 pid=0 start=0ns deadline=0ns
11-18 18:39:50.360 I/logd    (    0): logdr: UID=0 GID=0 PID=6475 n tail=0 logMask=4 pid=0 start=0ns deadline=0ns
11-18 18:39:50.474 D/dumpstate( 6331): Duration of 'EVENT LOG': 0.13s
11-18 18:39:50.481 I/logd    (    0): logdr: UID=0 GID=0 PID=6479 n tail=0 logMask=20 pid=0 start=0ns deadline=0ns
11-18 18:39:50.482 D/dumpstate( 6331): Duration of 'STATS LOG': 0.01s
11-18 18:39:50.496 I/logd    (    0): logdr: UID=0 GID=0 PID=6481 n tail=0 logMask=2 pid=0 start=0ns deadline=0ns
11-18 18:39:50.611 D/dumpstate( 6331): Duration of 'RADIO LOG': 0.13s
11-18 18:39:50.623 E/logd    (    0): FrameworkListener: read() failed (Connection reset by peer)
11-18 18:39:50.632 E/dumpstate( 6331): *** command 'logcat -L -b all -v threadtime -v printable -v uid -d *:v' failed: exit code 1
11-18 18:39:50.632 I/dumpstate( 6331): Start thread pool:1
11-18 18:39:50.633 I/binder  (    0): 6331:6487 ioctl 40046210 7c1d595404 returned -22
11-18 18:39:50.634 D/dumpstate( 6331): Adding dir /cache/recovery (recursive: 1)
11-18 18:39:50.635 D/dumpstate( 6331): Adding dir /data/misc/recovery (recursive: 1)
11-18 18:39:50.637 D/dumpstate( 6331): Adding dir /data/misc/update_engine_log (recursive: 1)
11-18 18:39:50.639 D/dumpstate( 6331): Adding dir /data/misc/logd (recursive: 0)
11-18 18:39:50.640 D/dumpstate( 6331): Adding dir /data/misc/profiles/cur (recursive: 1)
11-18 18:39:50.656 I/dumpstate( 6331): libdebuggerd_client: started dumping process 690
11-18 18:39:50.659 I/tombstoned(  768): registered intercept for pid 690 and type kDebuggerdNativeBacktrace
11-18 18:39:50.659 I/libc    (  690): Requested dump for pid 690 (binder:690_2)
11-18 18:39:50.669 W/BroadcastQueue( 1923): Background execution not allowed: receiving Intent { act=android.intent.action.DROPBOX_ENTRY_ADDED flg=0x10 (has extras) } to com.google.android.gms/.stats.service.DropBoxEntryAddedReceiver
11-18 18:39:50.670 W/BroadcastQueue( 1923): Background execution not allowed: receiving Intent { act=android.intent.action.DROPBOX_ENTRY_ADDED flg=0x10 (has extras) } to com.google.android.gms/.chimera.GmsIntentOperationService$PersistentTrustedReceiver
11-18 18:39:50.690 D/CompatibilityInfo( 1923): mCompatibilityFlags - 0
11-18 18:39:50.690 D/CompatibilityInfo( 1923): applicationDensity - 420
11-18 18:39:50.690 D/CompatibilityInfo( 1923): applicationScale - 1.0
11-18 18:39:50.739 I/crash_dump64( 6501): obtaining output fd from tombstoned, type: kDebuggerdNativeBacktrace
11-18 18:39:50.741 I/tombstoned(  768): received crash request for pid 690
11-18 18:39:50.742 I/tombstoned(  768): found intercept fd 512 for pid 690 and type kDebuggerdNativeBacktrace
11-18 18:39:50.742 I/crash_dump64( 6501): performing dump of process 690 (target tid = 690)
11-18 18:39:50.767 I/dumpstate( 6331): libdebuggerd_client: done dumping process 690
11-18 18:39:50.768 W/tombstoned(  768): skipping tombstone file creation due to intercept
11-18 18:39:50.771 I/dumpstate( 6331): libdebuggerd_client: started dumping process 719
11-18 18:39:50.771 I/tombstoned(  768): registered intercept for pid 719 and type kDebuggerdNativeBacktrace
11-18 18:39:50.772 I/libc    (  719): Requested dump for pid 719 (binder:719_2)
11-18 18:39:50.772 I/init    (    0): Untracked pid 6501 exited with status 0
11-18 18:39:50.772 I/init    (    0): Untracked pid 6501 did not have an associated service entry and will not be reaped
11-18 18:39:50.774 I/init    (    0): Untracked pid 6503 exited with status 0
11-18 18:39:50.774 I/init    (    0): Untracked pid 6503 did not have an associated service entry and will not be reaped
11-18 18:39:50.804 I/crash_dump64( 6511): obtaining output fd from tombstoned, type: kDebuggerdNativeBacktrace
11-18 18:39:50.805 I/tombstoned(  768): received crash request for pid 719
11-18 18:39:50.805 I/tombstoned(  768): found intercept fd 512 for pid 719 and type kDebuggerdNativeBacktrace
11-18 18:39:50.805 I/crash_dump64( 6511): performing dump of process 719 (target tid = 719)
11-18 18:39:50.818 D/dumpstate( 6331): Adding dir /data/misc/profiles/ref (recursive: 1)
11-18 18:39:50.826 I/dumpstate( 6331): libdebuggerd_client: done dumping process 719
11-18 18:39:50.826 W/tombstoned(  768): skipping tombstone file creation due to intercept
11-18 18:39:50.828 I/dumpstate( 6331): libdebuggerd_client: started dumping process 920
11-18 18:39:50.829 I/libc    (  920): Requested dump for pid 920 (binder:920_2)
11-18 18:39:50.829 I/tombstoned(  768): registered intercept for pid 920 and type kDebuggerdNativeBacktrace
11-18 18:39:50.831 I/init    (    0): Untracked pid 6511 exited with status 0
11-18 18:39:50.831 I/init    (    0): Untracked pid 6511 did not have an associated service entry and will not be reaped
11-18 18:39:50.831 I/init    (    0): Untracked pid 6513 exited with status 0
11-18 18:39:50.831 I/init    (    0): Untracked pid 6513 did not have an associated service entry and will not be reaped
11-18 18:39:50.850 D/dumpstate( 6331): Adding dir /data/misc/prereboot (recursive: 0)
11-18 18:39:50.867 I/crash_dump64( 6521): obtaining output fd from tombstoned, type: kDebuggerdNativeBacktrace
11-18 18:39:50.868 I/tombstoned(  768): received crash request for pid 920
11-18 18:39:50.868 I/tombstoned(  768): found intercept fd 512 for pid 920 and type kDebuggerdNativeBacktrace
11-18 18:39:50.870 I/crash_dump64( 6521): performing dump of process 920 (target tid = 920)
11-18 18:39:50.904 I/dumpstate( 6331): libdebuggerd_client: done dumping process 920
11-18 18:39:50.904 W/tombstoned(  768): skipping tombstone file creation due to intercept
11-18 18:39:50.905 I/dumpstate( 6331): libdebuggerd_client: started dumping process 921
11-18 18:39:50.905 I/tombstoned(  768): registered intercept for pid 921 and type kDebuggerdNativeBacktrace
11-18 18:39:50.906 I/libc    (  921): Requested dump for pid 921 (binder:921_4)
11-18 18:39:50.908 I/init    (    0): Untracked pid 6521 exited with status 0
11-18 18:39:50.908 I/init    (    0): Untracked pid 6521 did not have an associated service entry and will not be reaped
11-18 18:39:50.909 I/init    (    0): Untracked pid 6523 exited with status 0
11-18 18:39:50.909 I/init    (    0): Untracked pid 6523 did not have an associated service entry and will not be reaped
11-18 18:39:50.918 E/dumpstate( 6331): Unable to read link for /proc/6521/ns/mnt: No such file or directory
11-18 18:39:50.918 E/dumpstate( 6331): Unable to read link for /proc/6523/ns/mnt: No such file or directory
11-18 18:39:50.943 D/SurfaceUtils( 5782): disconnecting from surface 0xb400007d10d347d0, reason disconnectFromSurface
11-18 18:39:50.944 I/crash_dump64( 6526): obtaining output fd from tombstoned, type: kDebuggerdNativeBacktrace
11-18 18:39:50.945 I/tombstoned(  768): received crash request for pid 921
11-18 18:39:50.945 I/tombstoned(  768): found intercept fd 512 for pid 921 and type kDebuggerdNativeBacktrace
11-18 18:39:50.946 I/crash_dump64( 6526): performing dump of process 921 (target tid = 921)
11-18 18:39:50.950 I/OMX-VDEC-1080P( 1528): omx_vdec::component_deinit() complete
11-18 18:39:50.954 I/OMX-VDEC-1080P( 1528): Exit OMX vdec Destructor: fd=8
11-18 18:39:50.954 I/msm_vidc(    0): high: 00000001: h265d: Closed video instance: 0000000000000000
11-18 18:39:50.993 I/dumpstate( 6331): libdebuggerd_client: done dumping process 921
11-18 18:39:50.994 W/tombstoned(  768): skipping tombstone file creation due to intercept
11-18 18:39:50.994 I/dumpstate( 6331): libdebuggerd_client: started dumping process 1089
11-18 18:39:50.995 I/tombstoned(  768): registered intercept for pid 1089 and type kDebuggerdNativeBacktrace
11-18 18:39:50.997 I/libc    ( 1089): Requested dump for pid 1089 (audio.service)
11-18 18:39:51.000 I/init    (    0): Untracked pid 6526 exited with status 0
11-18 18:39:51.000 I/init    (    0): Untracked pid 6526 did not have an associated service entry and will not be reaped
11-18 18:39:51.000 I/init    (    0): Untracked pid 6529 exited with status 0
11-18 18:39:51.000 I/init    (    0): Untracked pid 6529 did not have an associated service entry and will not be reaped
11-18 18:39:51.006 I/Monkey  (16995): :Sending Trackball (ACTION_MOVE): 0:(-4.0,4.0)
11-18 18:39:51.007 I/QTI PowerHAL( 1116): Power setBoost: 0, duration: 0
11-18 18:39:51.008 I/Monkey  (16995): :Sending Trackball (ACTION_MOVE): 0:(-1.0,-2.0)
11-18 18:39:51.009 I/QTI PowerHAL( 1116): Power setBoost: 0, duration: 0
11-18 18:39:51.010 I/Monkey  (16995): :Sending Trackball (ACTION_MOVE): 0:(-3.0,-3.0)
11-18 18:39:51.012 I/Monkey  (16995): :Sending Trackball (ACTION_MOVE): 0:(-5.0,4.0)
11-18 18:39:51.014 I/Monkey  (16995): :Sending Trackball (ACTION_MOVE): 0:(-2.0,0.0)
11-18 18:39:51.016 I/Monkey  (16995): :Sending Trackball (ACTION_MOVE): 0:(3.0,-4.0)
11-18 18:39:51.018 I/GoogleInputMethodService( 6971): GoogleInputMethodService.onFinishInput():3274 
11-18 18:39:51.019 I/Monkey  (16995): :Sending Trackball (ACTION_MOVE): 0:(-2.0,-5.0)
11-18 18:39:51.019 I/GoogleInputMethodService( 6971): GoogleInputMethodService.updateDeviceLockedStatus():2166 repeatCheckTimes = 0, unlocked = true
11-18 18:39:51.020 I/GoogleInputMethodService( 6971): GoogleInputMethodService.onStartInput():1957 onStartInput(EditorInfo{inputType=0x0(NULL) imeOptions=0x0 privateImeOptions=null actionName=UNSPECIFIED actionLabel=null actionId=0 initialSelStart=-1 initialSelEnd=-1 initialCapsMode=0x0 hintText=null label=null packageName=com.android.wallpaper fieldId=-1 fieldName=null extras=null}, false)
11-18 18:39:51.020 I/GoogleInputMethodService( 6971): GoogleInputMethodService.shouldHideHeaderOnInitialState():4078 ShouldHideHeaderOnInitialState = false
11-18 18:39:51.021 I/GoogleInputMethodService( 6971): GoogleInputMethodService.updateDeviceLockedStatus():2166 repeatCheckTimes = 2, unlocked = true
11-18 18:39:51.021 I/Monkey  (16995): :Sending Trackball (ACTION_MOVE): 0:(3.0,1.0)
11-18 18:39:51.024 I/Monkey  (16995): :Sending Trackball (ACTION_MOVE): 0:(-4.0,-2.0)
11-18 18:39:51.026 I/Monkey  (16995): :Sending Trackball (ACTION_MOVE): 0:(3.0,-3.0)
11-18 18:39:51.028 I/Monkey  (16995): :Sending Key (ACTION_DOWN): 23    // KEYCODE_DPAD_CENTER
11-18 18:39:51.028 I/QTI PowerHAL( 1116): Power setBoost: 0, duration: 0
11-18 18:39:51.029 I/QTI PowerHAL( 1116): Power setBoost: 0, duration: 0
11-18 18:39:51.031 W/InputEventSender( 6334): Received 'finished' signal for unknown seq number = 12
11-18 18:39:51.031 W/InputEventSender( 6334): Received 'finished' signal for unknown seq number = 13
11-18 18:39:51.031 W/InputEventSender( 6334): Received 'finished' signal for unknown seq number = 14
11-18 18:39:51.031 W/InputEventSender( 6334): Received 'finished' signal for unknown seq number = 15
11-18 18:39:51.031 W/InputEventSender( 6334): Received 'finished' signal for unknown seq number = 16
11-18 18:39:51.031 W/InputEventSender( 6334): Received 'finished' signal for unknown seq number = 17
11-18 18:39:51.038 D/dumpstate( 6331): MOUNT INFO: 123 entries added to zip file
11-18 18:39:51.047 W/InputEventSender( 6334): Received 'finished' signal for unknown seq number = 25
11-18 18:39:51.050 I/Monkey  (16995): :Sending Key (ACTION_UP): 23    // KEYCODE_DPAD_CENTER
11-18 18:39:51.051 I/GoogleInputMethodService( 6971): GoogleInputMethodService.onFinishInput():3274 
11-18 18:39:51.052 I/Monkey  (16995): Sleeping for 1000 milliseconds
11-18 18:39:51.053 I/GoogleInputMethodService( 6971): GoogleInputMethodService.updateDeviceLockedStatus():2166 repeatCheckTimes = 0, unlocked = true
11-18 18:39:51.053 I/GoogleInputMethodService( 6971): GoogleInputMethodService.onStartInput():1957 onStartInput(EditorInfo{inputType=0x0(NULL) imeOptions=0x0 privateImeOptions=null actionName=UNSPECIFIED actionLabel=null actionId=0 initialSelStart=-1 initialSelEnd=-1 initialCapsMode=0x0 hintText=null label=null packageName=com.android.wallpaper fieldId=2131362465 fieldName=null extras=null}, false)
11-18 18:39:51.053 I/GoogleInputMethodService( 6971): GoogleInputMethodService.shouldHideHeaderOnInitialState():4078 ShouldHideHeaderOnInitialState = false
11-18 18:39:51.054 I/GoogleInputMethodService( 6971): GoogleInputMethodService.updateDeviceLockedStatus():2166 repeatCheckTimes = 2, unlocked = true
11-18 18:39:51.059 D/audio_hw_primary( 1089): adev_get_parameters:360ra_upmix_supported_device
11-18 18:39:51.059 D/audio_hw_spkr_prot( 1089): fbsp_get_parameters: Speaker protection disabled
11-18 18:39:51.059 D/soundtrigger( 1089): audio_extn_sound_trigger_get_parameters input string<360ra_upmix_supported_device=>
11-18 18:39:51.059 D/soundtrigger( 1089): extract_sm_handle input string <360ra_upmix_supported_device=> param string <360ra_upmix_supported_device=>
11-18 18:39:51.059 D/audio_hw_extn( 1089): audio_extn_fm_get_parameters: Enter
11-18 18:39:51.059 D/audio_hw_extn( 1089): audio_extn_get_parameters: returns 
11-18 18:39:51.060 D/audio_hw_primary( 1089): adev_get_parameters: exit: returns - 
11-18 18:39:51.060 D/audio_hw_primary( 1089): adev_get_parameters:360ra_upmix_headphone
11-18 18:39:51.060 D/audio_hw_spkr_prot( 1089): fbsp_get_parameters: Speaker protection disabled
11-18 18:39:51.060 D/soundtrigger( 1089): audio_extn_sound_trigger_get_parameters input string<360ra_upmix_headphone=>
11-18 18:39:51.060 D/soundtrigger( 1089): extract_sm_handle input string <360ra_upmix_headphone=> param string <360ra_upmix_headphone=>
11-18 18:39:51.060 D/audio_hw_extn( 1089): audio_extn_fm_get_parameters: Enter
11-18 18:39:51.060 D/audio_hw_extn( 1089): audio_extn_get_parameters: returns 
11-18 18:39:51.060 D/audio_hw_primary( 1089): adev_get_parameters: exit: returns - 
11-18 18:39:51.064 D/audio_hw_primary( 1089): start_output_stream: enter: stream(0xf13864c0)usecase(1: low-latency-playback) devices(0x2) is_haptic_usecase(0)
11-18 18:39:51.065 D/audio_hw_primary( 1089): select_devices for use case (low-latency-playback)
11-18 18:39:51.065 I/msm8974_platform( 1089): platform_check_and_set_codec_backend_cfg:becf: afe: bitwidth 16, samplerate 48000 channels 2, backend_idx 0 usecase = 1 device (speaker)
11-18 18:39:51.065 D/msm8974_platform( 1089): platform_split_snd_device: snd_device(2) num devices(1) new_snd_devices(0)
11-18 18:39:51.065 I/msm8974_platform( 1089): platform_check_and_set_codec_backend_cfg: new_snd_devices[0] is 2
11-18 18:39:51.065 I/msm8974_platform( 1089): platform_check_codec_backend_cfg:becf: afe: bitwidth 16, samplerate 48000 channels 2, backend_idx 0 usecase = 1 device (speaker)
11-18 18:39:51.066 D/audio_hw_extn( 1089): audio_extn_enable_hifi_filter: mixer_value set 0
11-18 18:39:51.066 D/msm8974_platform( 1089): platform_check_codec_backend_cfg:becf: updated afe: bitwidth 16, samplerate 48000 channels 2,backend_idx 0 usecase = 1 device (speaker)
11-18 18:39:51.067 D/msm8974_platform( 1089): platform_check_codec_backend_cfg:becf: afe: playback on codec device not supporting native playback set default Sample Rate(48k)
11-18 18:39:51.067 I/msm8974_platform( 1089): platform_check_codec_backend_cfg:becf: afe: Codec selected backend: 0 updated bit width: 16 and sample rate: 48000
11-18 18:39:51.067 D/audio_hw_primary( 1089): check_usecases_codec_backend:becf: force routing 0
11-18 18:39:51.067 E/msm8974_platform( 1089): platform_check_backends_match: Invalid snd_device = 
11-18 18:39:51.067 D/audio_hw_primary( 1089): check_usecases_codec_backend:becf: (78) check_usecases curr device: speaker, usecase device: backends match 0
11-18 18:39:51.067 D/audio_hw_primary( 1089): check_usecases_codec_backend:becf: check_usecases num.of Usecases to switch 0
11-18 18:39:51.067 D/hardware_info( 1089): hw_info_append_hw_type : device_name = speaker
11-18 18:39:51.067 D/msm8974_platform( 1089): platform_split_snd_device: snd_device(2) num devices(0) new_snd_devices(0)
11-18 18:39:51.067 D/audio_hw_primary( 1089): enable_snd_device: snd_device(2: speaker)
11-18 18:39:51.067 D/msm8974_platform( 1089): platform_get_island_cfg_on_device:island cfg status on snd_device = (speaker 0)
11-18 18:39:51.067 I/soundtrigger( 1089): audio_extn_sound_trigger_update_device_status: device 0x2 of type 0 for Event 1, with Raise=0
11-18 18:39:51.067 D/audio_route( 1089): Apply path: speaker
11-18 18:39:51.071 E/audio_hw_awinic_feedback( 1089): audio_extn_aw882xx_start_feedback: [Ainic] Entry
11-18 18:39:51.071 E/audio_hw_awinic_feedback( 1089): is_supported_feedback_on_device [Awinic] 2
11-18 18:39:51.071 E/audio_hw_awinic_feedback( 1089): audio_extn_aw882xx_start_feedback: [Ainic] need open feedback pcm
11-18 18:39:51.071 D/hardware_info( 1089): hw_info_append_hw_type : device_name = vi-feedback-aw882xx
11-18 18:39:51.071 D/msm8974_platform( 1089): platform_split_snd_device: snd_device(238) num devices(0) new_snd_devices(0)
11-18 18:39:51.071 D/audio_hw_primary( 1089): enable_snd_device: snd_device(238: vi-feedback-aw882xx)
11-18 18:39:51.071 D/msm8974_platform( 1089): platform_get_island_cfg_on_device:island cfg status on snd_device = (vi-feedback-aw882xx 0)
11-18 18:39:51.071 I/soundtrigger( 1089): audio_extn_sound_trigger_update_device_status: device 0xee of type 1 for Event 1, with Raise=0
11-18 18:39:51.071 D/audio_route( 1089): Apply path: vi-feedback-aw882xx
11-18 18:39:51.071 E/audio_hw_awinic_feedback( 1089): audio_extn_aw882xx_start_feedback: [Ainic] Entry
11-18 18:39:51.071 E/audio_hw_awinic_feedback( 1089): is_supported_feedback_on_device [Awinic] 238
11-18 18:39:51.071 D/soundtrigger( 1089): audio_extn_sound_trigger_update_stream_status: uc_info->id 53 of type 1 for Event 3, with Raise=0
11-18 18:39:51.071 D/audio_hw_utils( 1089): audio_extn_utils_send_app_type_cfg: usecase->in_snd_device vi-feedback-aw882xx
11-18 18:39:51.071 E/voice   ( 1089): voice_is_in_call_rec_stream: input stream is NULL
11-18 18:39:51.071 D/msm8974_platform( 1089): platform_split_snd_device: snd_device(238) num devices(0) new_snd_devices(0)
11-18 18:39:51.072 E/audio_hw_utils( 1089): send_app_type_cfg_for_device: Could not get ctl for mixer cmd - Audio Stream Capture 33 App Type Cfg
11-18 18:39:51.072 D/msm8974_platform( 1089): platform_split_snd_device: snd_device(238) num devices(1) new_snd_devices(0)
11-18 18:39:51.072 D/ACDB-LOADER( 1089): ACDB -> send_audio_cal, acdb_id = 102, path = 1, app id = 0x11132, sample rate = 8000, afe_sample_rate = 8000
11-18 18:39:51.072 D/ACDB-LOADER( 1089): ACDB -> send_asm_topology
11-18 18:39:51.072 D/ACDB-LOADER( 1089): ACDB -> ACDB_CMD_GET_AUDPROC_STREAM_TOPOLOGY_ID
11-18 18:39:51.072 D/ACDB-LOADER( 1089): ACDB -> send_adm_topology
11-18 18:39:51.072 D/ACDB-LOADER( 1089): ACDB -> ACDB_CMD_GET_AUDPROC_COMMON_TOPOLOGY_ID
11-18 18:39:51.072 D/ACDB-LOADER( 1089): ACDB -> send_audtable
11-18 18:39:51.072 D/ACDB-LOADER( 1089): ACDB -> ACDB_CMD_GET_AUDPROC_INSTANCE_COMMON_TABLE_SIZE
11-18 18:39:51.072 D/ACDB-LOADER( 1089): ACDB -> ACDB_CMD_GET_AUDPROC_INSTANCE_COMMON_TABLE
11-18 18:39:51.072 D/ACDB-LOADER( 1089): ACDB -> AUDIO_SET_AUDPROC_CAL cal_type[11] acdb_id[102] app_type[69938]
11-18 18:39:51.072 D/ACDB-LOADER( 1089): ACDB -> ACDB_CMD_GET_PERSISTENT_AUDPROC_INSTANCE_COMMON_TABLE_SIZE
11-18 18:39:51.072 D/android.hardware.audio.service( 1089): [Data Manager]-> No data found
11-18 18:39:51.073 D/ACDB-LOADER( 1089): Error: ACDB_CMD_GET_PERSISTENT_AUDPROC_INSTANCE_COMMON_TABLE_SIZE returned -18
11-18 18:39:51.073 D/ACDB-LOADER( 1089): ACDB -> send_audproc_persist_table -18 
11-18 18:39:51.073 D/ACDB-LOADER( 1089): Error: Invalid Audproc persist size = -18
11-18 18:39:51.073 D/ACDB-LOADER( 1089): ACDB -> ACDB_CMD_GET_AUDPROC_INSTANCE_STREAM_TABLE_SIZE
11-18 18:39:51.073 D/ACDB-LOADER( 1089): ACDB -> send_audstrmtable
11-18 18:39:51.073 D/ACDB-LOADER( 1089): ACDB -> ACDB_CMD_GET_AUDPROC_INSTANCE_STREAM_TABLE
11-18 18:39:51.073 D/ACDB-LOADER( 1089): ACDB -> audstrm_cal->cal_type.cal_data.cal_size = 20
11-18 18:39:51.073 D/ACDB-LOADER( 1089): ACDB -> send_afe_topology
11-18 18:39:51.073 D/ACDB-LOADER( 1089): ACDB -> ACDB_CMD_GET_AFE_TOPOLOGY_ID
11-18 18:39:51.073 D/ACDB-LOADER( 1089): ACDB -> GET_AFE_TOPOLOGY_ID for adcd_id 102, Topology Id 1000ff02
11-18 18:39:51.073 D/ACDB-LOADER( 1089): ACDB -> send_afe_cal
11-18 18:39:51.073 D/ACDB-LOADER( 1089): ACDB -> ACDB_CMD_GET_AFE_INSTANCE_COMMON_TABLE_SIZE
11-18 18:39:51.073 D/ACDB-LOADER( 1089): ACDB -> ACDB_CMD_GET_AFE_INSTANCE_COMMON_TABLE
11-18 18:39:51.073 D/ACDB-LOADER( 1089): ACDB -> AUDIO_SET_AFE_CAL cal_type[17] acdb_id[102]
11-18 18:39:51.073 D/ACDB-LOADER( 1089): ACDB -> send_hw_delay : acdb_id = 102 path = 1
11-18 18:39:51.073 D/ACDB-LOADER( 1089): ACDB -> ACDB_AVSYNC_INFO: ACDB_CMD_GET_DEVICE_PROPERTY
11-18 18:39:51.073 D/audio_hw_primary( 1089): enable_audio_route: apply mixer and update path: spkr-vi-record
11-18 18:39:51.073 D/audio_route( 1089): Apply path: spkr-vi-record
11-18 18:39:51.074 W/InputManager-JNI( 1923): Input channel object '2e28417 com.sonymobile.wallpaper.bt.DefaultWallpaperService (client)' was disposed without first being removed with the input manager!
11-18 18:39:51.075 I/audio_hw_awinic_feedback( 1089): audio_extn_aw882xx_start_feedback:[Awinic] the pcm id uc_info->id = 53, tx_pcm_id = 33
11-18 18:39:51.076 I/[aw882xx_smartpa]aw882xx_startup(    0): capture enter
11-18 18:39:51.080 I/QTI PowerHAL( 1116): Power setBoost: 0, duration: 0
11-18 18:39:51.082 W/WindowManager( 1923): Failed looking up window session=Session{b957a93 5782:u0a10233} callers=com.android.server.wm.WindowManagerService.windowForClientLocked:5927 com.android.server.wm.WindowManagerService.relayoutWindow:2244 com.android.server.wm.Session.relayout:261 
11-18 18:39:51.084 I/__afe_port_start(    0): port id: 0x1001
11-18 18:39:51.084 I/afe_find_cal_topo_id_by_port(    0): port id: 0x1001, dev_acdb_id: -22
11-18 18:39:51.084 I/afe_find_cal_topo_id_by_port(    0): top_id:1000ff02 acdb_id:102 afe_port:0x1001
11-18 18:39:51.084 I/afe_get_cal_topology_id(    0): port_id = 0x1001 acdb_id = 102 topology_id = 0x1000ff02 cal_type_index=8 ret=0
11-18 18:39:51.085 I/afe_send_port_topology_id(    0): AFE set topology id 0x1000ff02  enable for port 0x1001 ret 0
11-18 18:39:51.085 I/send_afe_cal_type(    0): cal_index is 1
11-18 18:39:51.085 I/send_afe_cal_type(    0): dev_acdb_id[41] is -22
11-18 18:39:51.085 I/send_afe_cal_type(    0): Sending cal_index cal 1
11-18 18:39:51.086 I/afe_send_hw_delay(    0): port_id 0x1001 rate 48000 delay_usec 578 status 0
11-18 18:39:51.092 W/WindowManager( 1923): Failed looking up window session=Session{b957a93 5782:u0a10233} callers=com.android.server.wm.WindowManagerService.windowForClientLocked:5927 com.android.server.wm.WindowManagerService.relayoutWindow:2244 com.android.server.wm.Session.relayout:261 
11-18 18:39:51.092 I/[aw882xx_smartpa]aw882xx_mute(    0): mute state=0
11-18 18:39:51.095 E/audio_hw_awinic_feedback( 1089): audio_extn_aw882xx_start_feedback:[Awinic] Exit
11-18 18:39:51.095 I/audio_hw_utils( 1089): audio_extn_utils_update_stream_output_app_type_cfg Allowing 24 and above bits playback on speaker ONLY at default sampling rate
11-18 18:39:51.095 E/soundtrigger( 1089): audio_extn_sound_trigger_update_stream_status: invalid input device 0x0, for event 3
11-18 18:39:51.095 D/soundtrigger( 1089): audio_extn_sound_trigger_update_stream_status: uc_info->id 1 of type 0 for Event 3, with Raise=0
11-18 18:39:51.095 D/audio_hw_utils( 1089): audio_extn_utils_send_app_type_cfg: usecase->out_snd_device speaker
11-18 18:39:51.095 D/msm8974_platform( 1089): platform_split_snd_device: snd_device(2) num devices(0) new_snd_devices(0)
11-18 18:39:51.095 D/audio_hw_utils( 1089): audio_extn_btsco_get_sample_rate:Not a BT SCO device, need not update sampling rate
11-18 18:39:51.095 I/audio_hw_utils( 1089): send_app_type_cfg_for_device PLAYBACK app_type 69937, acdb_dev_id 14, sample_rate 48000, snd_device_be_idx 43
11-18 18:39:51.096 D/msm8974_platform( 1089): platform_split_snd_device: snd_device(2) num devices(1) new_snd_devices(0)
11-18 18:39:51.096 D/audio_hw_utils( 1089): audio_extn_btsco_get_sample_rate:Not a BT SCO device, need not update sampling rate
11-18 18:39:51.096 D/ACDB-LOADER( 1089): ACDB -> send_audio_cal, acdb_id = 14, path = 0, app id = 0x11131, sample rate = 48000, afe_sample_rate = 48000
11-18 18:39:51.096 D/ACDB-LOADER( 1089): ACDB -> send_asm_topology
11-18 18:39:51.096 D/ACDB-LOADER( 1089): ACDB -> ACDB_CMD_GET_AUDPROC_STREAM_TOPOLOGY_ID
11-18 18:39:51.096 D/ACDB-LOADER( 1089): ACDB -> send_adm_topology
11-18 18:39:51.096 D/ACDB-LOADER( 1089): ACDB -> ACDB_CMD_GET_AUDPROC_COMMON_TOPOLOGY_ID
11-18 18:39:51.096 D/ACDB-LOADER( 1089): ACDB -> send_audtable
11-18 18:39:51.096 D/ACDB-LOADER( 1089): ACDB -> ACDB_CMD_GET_AUDPROC_INSTANCE_COMMON_TABLE_SIZE
11-18 18:39:51.096 D/ACDB-LOADER( 1089): ACDB -> ACDB_CMD_GET_AUDPROC_INSTANCE_COMMON_TABLE
11-18 18:39:51.096 D/ACDB-LOADER( 1089): ACDB -> AUDIO_SET_AUDPROC_CAL cal_type[11] acdb_id[14] app_type[69937]
11-18 18:39:51.096 D/ACDB-LOADER( 1089): ACDB -> send_audvoltable
11-18 18:39:51.097 D/ACDB-LOADER( 1089): ACDB -> ACDB_CMD_GET_AUDPROC_INSTANCE_GAIN_DEP_STEP_TABLE_SIZE
11-18 18:39:51.097 D/ACDB-LOADER( 1089): ACDB -> ACDB_CMD_GET_AUDPROC_INSTANCE_GAIN_DEP_STEP_TABLE, vol index 15
11-18 18:39:51.097 D/ACDB-LOADER( 1089): ACDB -> AUDIO_SET_VOL_CAL cal type = 12
11-18 18:39:51.097 D/ACDB-LOADER( 1089): ACDB -> ACDB_CMD_GET_AUDPROC_INSTANCE_STREAM_TABLE_SIZE
11-18 18:39:51.097 D/ACDB-LOADER( 1089): ACDB -> send_audstrmtable
11-18 18:39:51.097 D/ACDB-LOADER( 1089): ACDB -> ACDB_CMD_GET_AUDPROC_INSTANCE_STREAM_TABLE
11-18 18:39:51.097 D/ACDB-LOADER( 1089): ACDB -> audstrm_cal->cal_type.cal_data.cal_size = 20
11-18 18:39:51.097 D/ACDB-LOADER( 1089): ACDB -> send_afe_topology
11-18 18:39:51.097 D/ACDB-LOADER( 1089): ACDB -> ACDB_CMD_GET_AFE_TOPOLOGY_ID
11-18 18:39:51.097 D/ACDB-LOADER( 1089): ACDB -> GET_AFE_TOPOLOGY_ID for adcd_id 14, Topology Id 1000ff01
11-18 18:39:51.097 D/ACDB-LOADER( 1089): ACDB -> send_afe_cal
11-18 18:39:51.097 D/ACDB-LOADER( 1089): ACDB -> ACDB_CMD_GET_AFE_INSTANCE_COMMON_TABLE_SIZE
11-18 18:39:51.097 D/ACDB-LOADER( 1089): ACDB -> ACDB_CMD_GET_AFE_INSTANCE_COMMON_TABLE
11-18 18:39:51.097 D/ACDB-LOADER( 1089): ACDB -> AUDIO_SET_AFE_CAL cal_type[16] acdb_id[14]
11-18 18:39:51.097 D/ACDB-LOADER( 1089): ACDB -> send_hw_delay : acdb_id = 14 path = 0
11-18 18:39:51.097 D/ACDB-LOADER( 1089): ACDB -> ACDB_AVSYNC_INFO: ACDB_CMD_GET_DEVICE_PROPERTY
11-18 18:39:51.097 D/msm8974_platform( 1089): platform_split_snd_device: snd_device(2) num devices(0) new_snd_devices(0)
11-18 18:39:51.097 I/msm8974_platform( 1089): platform_get_custom_mtmx_params: no matching param with id 0 ip_ch 2 op_ch 2 uc_id 1 snd_dev 2
11-18 18:39:51.097 D/audio_hw_primary( 1089): enable_audio_route: apply mixer and update path: low-latency-playback
11-18 18:39:51.097 D/audio_route( 1089): Apply path: low-latency-playback
11-18 18:39:51.099 D/audio_hw_primary( 1089): select_devices: done
11-18 18:39:51.099 I/[aw882xx_smartpa]aw882xx_startup(    0): playback enter
11-18 18:39:51.101 W/WindowManager( 1923): Failed looking up window session=Session{36f2d51 6334:u0a10251} callers=com.android.server.wm.WindowManagerService.windowForClientLocked:5927 com.android.server.wm.WindowManagerService.removeWindow:2044 com.android.server.wm.Session.remove:223 
11-18 18:39:51.101 W/InputManager-JNI( 1923): Input channel object 'Embedded{-com.android.wallpaper/com.android.wallpaper.picker.CustomizationPickerActivity} (client)' was disposed without first being removed with the input manager!
11-18 18:39:51.102 W/WindowManager( 1923): Failed looking up window session=Session{b957a93 5782:u0a10233} callers=com.android.server.wm.WindowManagerService.windowForClientLocked:5927 com.android.server.wm.WindowManagerService.relayoutWindow:2244 com.android.server.wm.Session.relayout:261 
11-18 18:39:51.104 W/WindowManager( 1923): Failed looking up window session=Session{36f2d51 6334:u0a10251} callers=com.android.server.wm.WindowManagerService.windowForClientLocked:5927 com.android.server.wm.WindowManagerService.removeWindow:2044 com.android.server.wm.Session.remove:223 
11-18 18:39:51.105 W/InputManager-JNI( 1923): Input channel object 'Embedded{-com.android.wallpaper/com.android.wallpaper.picker.CustomizationPickerActivity} (client)' was disposed without first being removed with the input manager!
11-18 18:39:51.103 I/__afe_port_start(    0): port id: 0x1000
11-18 18:39:51.103 I/afe_find_cal_topo_id_by_port(    0): port id: 0x1000, dev_acdb_id: 14
11-18 18:39:51.103 I/afe_find_cal_topo_id_by_port(    0): top_id:1000ff01 acdb_id:14 afe_port_id:0x1000
11-18 18:39:51.103 I/afe_get_cal_topology_id(    0): port_id = 0x1000 acdb_id = 14 topology_id = 0x1000ff01 cal_type_index=8 ret=0
11-18 18:39:51.104 I/afe_send_port_topology_id(    0): AFE set topology id 0x1000ff01  enable for port 0x1000 ret 0
11-18 18:39:51.104 I/send_afe_cal_type(    0): cal_index is 0
11-18 18:39:51.104 I/send_afe_cal_type(    0): dev_acdb_id[40] is 14
11-18 18:39:51.104 I/afe_find_cal(    0): cal_index 0 port_id 0x1000 port_index 40
11-18 18:39:51.104 I/afe_find_cal(    0): acdb_id 14 dev_acdb_id 14 sample_rate 48000 afe_sample_rates 48000
11-18 18:39:51.104 I/afe_find_cal(    0): cal block is a match, size is 3152
11-18 18:39:51.104 I/send_afe_cal_type(    0): Sending cal_index cal 0
11-18 18:39:51.107 I/afe_send_hw_delay(    0): port_id 0x1000 rate 48000 delay_usec 0 status 0
11-18 18:39:51.111 W/WindowManager( 1923): Failed looking up window session=Session{b957a93 5782:u0a10233} callers=com.android.server.wm.WindowManagerService.windowForClientLocked:5927 com.android.server.wm.WindowManagerService.relayoutWindow:2244 com.android.server.wm.Session.relayout:261 
11-18 18:39:51.111 I/[aw882xx_smartpa]aw882xx_mute(    0): mute state=0
11-18 18:39:51.111 I/[aw882xx_smartpa]aw882xx_smartpa_cfg(    0): flag = 1, power status = 0
11-18 18:39:51.115 W/WindowManager( 1923): Failed looking up window session=Session{c66aa97 6197:u0a10290} callers=com.android.server.wm.WindowManagerService.windowForClientLocked:5927 com.android.server.wm.WindowManagerService.removeWindow:2044 com.android.server.wm.Session.remove:223 
11-18 18:39:51.115 W/InputManager-JNI( 1923): Input channel object 'Embedded{-com.android.wallpaper/com.android.wallpaper.picker.CustomizationPickerActivity} (client)' was disposed without first being removed with the input manager!
11-18 18:39:51.115 W/OpenGLRenderer( 5782): Surface doesn't have any previously queued frames, nothing to readback from
11-18 18:39:51.115 W/OpenGLRenderer( 5782): Surface doesn't have any previously queued frames, nothing to readback from
11-18 18:39:51.116 W/OpenGLRenderer( 5782): Surface doesn't have any previously queued frames, nothing to readback from
11-18 18:39:51.118 I/[aw882xx_smartpa]aw882xx_clear_sysint(    0): get_sysint=0x4395
11-18 18:39:51.118 I/[aw882xx_smartpa]aw882xx_clear_sysint(    0): get_sysint=0x0000
11-18 18:39:51.122 I/[aw882xx_smartpa]aw882xx_set_cali_re_to_dsp(    0): no set cali re to dsp re = 0
11-18 18:39:51.122 I/[aw882xx_smartpa]aw882xx_monitor_start(    0): enter
11-18 18:39:51.124 I/[aw882xx_smartpa]aw882xx_monitor_get_data(    0): vol: ipeak = 0x8, gain = 0x0, vmax = 0x0
11-18 18:39:51.124 I/[aw882xx_smartpa]aw882xx_monitor_get_data(    0): temp: ipeak = 0x8, gain = 0x0, vmax = 0x0
11-18 18:39:51.125 I/[aw882xx_smartpa]aw882xx_monitor_set_ipeak(    0): ipeak = 0x8, no change
