11-18 18:40:20.409 I/android_os_HwBinder( 7362): HwBinder: Starting thread pool for getting: vendor.semc.system.idd@1.0::IIdd/default
11-18 18:40:20.412 E/ActivityThread( 7450): Failed to find provider info for com.sony.songpal.mdr.application.mdr_info
11-18 18:40:20.435 V/ShadeControllerImpl( 5638): NotificationShadeWindow: com.android.systemui.statusbar.phone.NotificationShadeWindowView{705e110 I.E...... ......ID 0,0-1080,2520} canPanelBeCollapsed(): false
11-18 18:40:20.451 W/OpenGLRenderer( 5782): Surface doesn't have any previously queued frames, nothing to readback from
11-18 18:40:20.451 W/OpenGLRenderer( 5782): Surface doesn't have any previously queued frames, nothing to readback from
11-18 18:40:20.493 D/b/223498680( 6197): BaseRecentsViewStateController setStateWithAnimation state=Normal, config.skipOverview=true
11-18 18:40:20.543 I/GoogleInputMethodService( 6971): GoogleInputMethodService.onFinishInput():3274 
11-18 18:40:20.545 I/GoogleInputMethodService( 6971): GoogleInputMethodService.updateDeviceLockedStatus():2166 repeatCheckTimes = 0, unlocked = true
11-18 18:40:20.546 I/GoogleInputMethodService( 6971): GoogleInputMethodService.onStartInput():1957 onStartInput(EditorInfo{inputType=0x0(NULL) imeOptions=0x0 privateImeOptions=null actionName=UNSPECIFIED actionLabel=null actionId=0 initialSelStart=-1 initialSelEnd=-1 initialCapsMode=0x0 hintText=null label=null packageName=com.sonymobile.launcher fieldId=3 fieldName=null extras=null}, false)
11-18 18:40:20.547 I/GoogleInputMethodService( 6971): GoogleInputMethodService.shouldHideHeaderOnInitialState():4078 ShouldHideHeaderOnInitialState = false
11-18 18:40:20.547 I/GoogleInputMethodService( 6971): GoogleInputMethodService.updateDeviceLockedStatus():2166 repeatCheckTimes = 2, unlocked = true
11-18 18:40:20.583 W/TransactionTracing( 1272): Could not find layer handle 0xb400006cf069f890
11-18 18:40:20.583 W/TransactionTracing( 1272): Could not find layer handle 0xb400006cf0688130
11-18 18:40:20.583 W/TransactionTracing( 1272): Could not find layer handle 0xb400006cf06e6e70
11-18 18:40:20.583 W/TransactionTracing( 1272): Could not find layer handle 0xb400006cf06e6e70
11-18 18:40:20.583 W/TransactionTracing( 1272): Could not find layer handle 0xb400006cf0688130
11-18 18:40:20.584 W/TransactionTracing( 1272): Could not find layer id -1
11-18 18:40:20.857 I/android_os_HwBinder( 7362): HwBinder: Starting thread pool for getting: vendor.semc.system.idd@1.0::IIdd/default
11-18 18:40:20.863 I/android_os_HwBinder( 7362): HwBinder: Starting thread pool for getting: vendor.semc.system.idd@1.0::IIdd/default
11-18 18:40:20.893 I/android_os_HwBinder( 1923): HwBinder: Starting thread pool for getting: vendor.semc.hardware.display@2.0::IDisplay/default
11-18 18:40:20.897 E/ActivityThread( 7450): Failed to find provider info for com.sony.songpal.mdr.application.mdr_info
11-18 18:40:20.998 I/qcom_rpmh DRV(    0): apps_rsc TCS Busy, retrying RPMH message send: addr=0x30010
11-18 18:40:21.336 I/Monkey  (16995): :Sending Trackball (ACTION_MOVE): 0:(0.0,1.0)
11-18 18:40:21.337 I/QTI PowerHAL( 1116): Power setBoost: 0, duration: 0
11-18 18:40:21.339 I/QTI PowerHAL( 1116): Power setBoost: 0, duration: 0
11-18 18:40:21.344 I/GoogleInputMethodService( 6971): GoogleInputMethodService.onFinishInput():3274 
11-18 18:40:21.344 I/Monkey  (16995): :Sending Trackball (ACTION_MOVE): 0:(2.0,-2.0)
11-18 18:40:21.345 D/audio_hw_primary( 1089): adev_get_parameters:360ra_upmix_supported_device
11-18 18:40:21.345 D/audio_hw_spkr_prot( 1089): fbsp_get_parameters: Speaker protection disabled
11-18 18:40:21.345 D/soundtrigger( 1089): audio_extn_sound_trigger_get_parameters input string<360ra_upmix_supported_device=>
11-18 18:40:21.345 D/soundtrigger( 1089): extract_sm_handle input string <360ra_upmix_supported_device=> param string <360ra_upmix_supported_device=>
11-18 18:40:21.345 D/audio_hw_extn( 1089): audio_extn_fm_get_parameters: Enter
11-18 18:40:21.345 D/audio_hw_extn( 1089): audio_extn_get_parameters: returns 
11-18 18:40:21.345 D/audio_hw_primary( 1089): adev_get_parameters: exit: returns - 
11-18 18:40:21.345 I/Monkey  (16995): :Sending Trackball (ACTION_MOVE): 0:(0.0,-4.0)
11-18 18:40:21.346 I/GoogleInputMethodService( 6971): GoogleInputMethodService.updateDeviceLockedStatus():2166 repeatCheckTimes = 0, unlocked = true
11-18 18:40:21.346 D/audio_hw_primary( 1089): adev_get_parameters:360ra_upmix_headphone
11-18 18:40:21.346 D/audio_hw_spkr_prot( 1089): fbsp_get_parameters: Speaker protection disabled
11-18 18:40:21.346 D/soundtrigger( 1089): audio_extn_sound_trigger_get_parameters input string<360ra_upmix_headphone=>
11-18 18:40:21.346 D/soundtrigger( 1089): extract_sm_handle input string <360ra_upmix_headphone=> param string <360ra_upmix_headphone=>
11-18 18:40:21.346 D/audio_hw_extn( 1089): audio_extn_fm_get_parameters: Enter
11-18 18:40:21.346 D/audio_hw_extn( 1089): audio_extn_get_parameters: returns 
11-18 18:40:21.346 D/audio_hw_primary( 1089): adev_get_parameters: exit: returns - 
11-18 18:40:21.346 I/GoogleInputMethodService( 6971): GoogleInputMethodService.onStartInput():1957 onStartInput(EditorInfo{inputType=0x0(NULL) imeOptions=0x0 privateImeOptions=null actionName=UNSPECIFIED actionLabel=null actionId=0 initialSelStart=-1 initialSelEnd=-1 initialCapsMode=0x0 hintText=null label=null packageName=com.sonymobile.launcher fieldId=20 fieldName=null extras=null}, false)
11-18 18:40:21.346 I/GoogleInputMethodService( 6971): GoogleInputMethodService.shouldHideHeaderOnInitialState():4078 ShouldHideHeaderOnInitialState = false
11-18 18:40:21.347 I/GoogleInputMethodService( 6971): GoogleInputMethodService.updateDeviceLockedStatus():2166 repeatCheckTimes = 2, unlocked = true
11-18 18:40:21.349 I/Monkey  (16995): :Sending Trackball (ACTION_MOVE): 0:(3.0,-3.0)
11-18 18:40:21.349 D/audio_hw_primary( 1089): start_output_stream: enter: stream(0xf13864c0)usecase(1: low-latency-playback) devices(0x2) is_haptic_usecase(0)
11-18 18:40:21.349 D/audio_hw_primary( 1089): select_devices for use case (low-latency-playback)
11-18 18:40:21.349 I/msm8974_platform( 1089): platform_check_and_set_codec_backend_cfg:becf: afe: bitwidth 16, samplerate 48000 channels 2, backend_idx 0 usecase = 1 device (speaker)
11-18 18:40:21.349 D/msm8974_platform( 1089): platform_split_snd_device: snd_device(2) num devices(1) new_snd_devices(0)
11-18 18:40:21.349 I/msm8974_platform( 1089): platform_check_and_set_codec_backend_cfg: new_snd_devices[0] is 2
11-18 18:40:21.349 I/msm8974_platform( 1089): platform_check_codec_backend_cfg:becf: afe: bitwidth 16, samplerate 48000 channels 2, backend_idx 0 usecase = 1 device (speaker)
11-18 18:40:21.350 I/Monkey  (16995): :Sending Trackball (ACTION_MOVE): 0:(4.0,-3.0)
11-18 18:40:21.351 D/audio_hw_extn( 1089): audio_extn_enable_hifi_filter: mixer_value set 0
11-18 18:40:21.351 D/msm8974_platform( 1089): platform_check_codec_backend_cfg:becf: updated afe: bitwidth 16, samplerate 48000 channels 2,backend_idx 0 usecase = 1 device (speaker)
11-18 18:40:21.351 D/msm8974_platform( 1089): platform_check_codec_backend_cfg:becf: afe: playback on codec device not supporting native playback set default Sample Rate(48k)
11-18 18:40:21.351 I/msm8974_platform( 1089): platform_check_codec_backend_cfg:becf: afe: Codec selected backend: 0 updated bit width: 16 and sample rate: 48000
11-18 18:40:21.351 D/audio_hw_primary( 1089): check_usecases_codec_backend:becf: force routing 0
11-18 18:40:21.351 E/msm8974_platform( 1089): platform_check_backends_match: Invalid snd_device = 
11-18 18:40:21.351 D/audio_hw_primary( 1089): check_usecases_codec_backend:becf: (78) check_usecases curr device: speaker, usecase device: backends match 0
11-18 18:40:21.351 D/audio_hw_primary( 1089): check_usecases_codec_backend:becf: check_usecases num.of Usecases to switch 0
11-18 18:40:21.351 D/hardware_info( 1089): hw_info_append_hw_type : device_name = speaker
11-18 18:40:21.351 D/msm8974_platform( 1089): platform_split_snd_device: snd_device(2) num devices(0) new_snd_devices(0)
11-18 18:40:21.351 D/audio_hw_primary( 1089): enable_snd_device: snd_device(2: speaker)
11-18 18:40:21.351 D/msm8974_platform( 1089): platform_get_island_cfg_on_device:island cfg status on snd_device = (speaker 0)
11-18 18:40:21.351 I/soundtrigger( 1089): audio_extn_sound_trigger_update_device_status: device 0x2 of type 0 for Event 1, with Raise=0
11-18 18:40:21.351 D/audio_route( 1089): Apply path: speaker
11-18 18:40:21.355 E/audio_hw_awinic_feedback( 1089): audio_extn_aw882xx_start_feedback: [Ainic] Entry
11-18 18:40:21.355 E/audio_hw_awinic_feedback( 1089): is_supported_feedback_on_device [Awinic] 2
11-18 18:40:21.355 E/audio_hw_awinic_feedback( 1089): audio_extn_aw882xx_start_feedback: [Ainic] need open feedback pcm
11-18 18:40:21.355 D/hardware_info( 1089): hw_info_append_hw_type : device_name = vi-feedback-aw882xx
11-18 18:40:21.355 D/msm8974_platform( 1089): platform_split_snd_device: snd_device(238) num devices(0) new_snd_devices(0)
11-18 18:40:21.355 D/audio_hw_primary( 1089): enable_snd_device: snd_device(238: vi-feedback-aw882xx)
11-18 18:40:21.355 D/msm8974_platform( 1089): platform_get_island_cfg_on_device:island cfg status on snd_device = (vi-feedback-aw882xx 0)
11-18 18:40:21.355 I/soundtrigger( 1089): audio_extn_sound_trigger_update_device_status: device 0xee of type 1 for Event 1, with Raise=0
11-18 18:40:21.355 D/audio_route( 1089): Apply path: vi-feedback-aw882xx
11-18 18:40:21.355 E/audio_hw_awinic_feedback( 1089): audio_extn_aw882xx_start_feedback: [Ainic] Entry
11-18 18:40:21.355 E/audio_hw_awinic_feedback( 1089): is_supported_feedback_on_device [Awinic] 238
11-18 18:40:21.355 D/soundtrigger( 1089): audio_extn_sound_trigger_update_stream_status: uc_info->id 53 of type 1 for Event 3, with Raise=0
11-18 18:40:21.356 D/audio_hw_utils( 1089): audio_extn_utils_send_app_type_cfg: usecase->in_snd_device vi-feedback-aw882xx
11-18 18:40:21.356 E/voice   ( 1089): voice_is_in_call_rec_stream: input stream is NULL
11-18 18:40:21.356 D/msm8974_platform( 1089): platform_split_snd_device: snd_device(238) num devices(0) new_snd_devices(0)
11-18 18:40:21.356 E/audio_hw_utils( 1089): send_app_type_cfg_for_device: Could not get ctl for mixer cmd - Audio Stream Capture 33 App Type Cfg
11-18 18:40:21.356 D/msm8974_platform( 1089): platform_split_snd_device: snd_device(238) num devices(1) new_snd_devices(0)
11-18 18:40:21.356 D/ACDB-LOADER( 1089): ACDB -> send_audio_cal, acdb_id = 102, path = 1, app id = 0x11132, sample rate = 8000, afe_sample_rate = 8000
11-18 18:40:21.356 D/ACDB-LOADER( 1089): ACDB -> send_asm_topology
11-18 18:40:21.356 D/ACDB-LOADER( 1089): ACDB -> ACDB_CMD_GET_AUDPROC_STREAM_TOPOLOGY_ID
11-18 18:40:21.356 W/InputEventSender( 6197): Received 'finished' signal for unknown seq number = 4
11-18 18:40:21.356 D/ACDB-LOADER( 1089): ACDB -> send_adm_topology
11-18 18:40:21.356 D/ACDB-LOADER( 1089): ACDB -> ACDB_CMD_GET_AUDPROC_COMMON_TOPOLOGY_ID
11-18 18:40:21.356 D/ACDB-LOADER( 1089): ACDB -> send_audtable
11-18 18:40:21.356 D/ACDB-LOADER( 1089): ACDB -> ACDB_CMD_GET_AUDPROC_INSTANCE_COMMON_TABLE_SIZE
11-18 18:40:21.356 D/ACDB-LOADER( 1089): ACDB -> ACDB_CMD_GET_AUDPROC_INSTANCE_COMMON_TABLE
11-18 18:40:21.356 D/ACDB-LOADER( 1089): ACDB -> AUDIO_SET_AUDPROC_CAL cal_type[11] acdb_id[102] app_type[69938]
11-18 18:40:21.356 D/ACDB-LOADER( 1089): ACDB -> ACDB_CMD_GET_PERSISTENT_AUDPROC_INSTANCE_COMMON_TABLE_SIZE
11-18 18:40:21.356 D/android.hardware.audio.service( 1089): [Data Manager]-> No data found
11-18 18:40:21.356 D/ACDB-LOADER( 1089): Error: ACDB_CMD_GET_PERSISTENT_AUDPROC_INSTANCE_COMMON_TABLE_SIZE returned -18
11-18 18:40:21.356 D/ACDB-LOADER( 1089): ACDB -> send_audproc_persist_table -18 
11-18 18:40:21.356 D/ACDB-LOADER( 1089): Error: Invalid Audproc persist size = -18
11-18 18:40:21.356 D/ACDB-LOADER( 1089): ACDB -> ACDB_CMD_GET_AUDPROC_INSTANCE_STREAM_TABLE_SIZE
11-18 18:40:21.356 D/ACDB-LOADER( 1089): ACDB -> send_audstrmtable
11-18 18:40:21.356 D/ACDB-LOADER( 1089): ACDB -> ACDB_CMD_GET_AUDPROC_INSTANCE_STREAM_TABLE
11-18 18:40:21.356 D/ACDB-LOADER( 1089): ACDB -> audstrm_cal->cal_type.cal_data.cal_size = 20
11-18 18:40:21.356 D/ACDB-LOADER( 1089): ACDB -> send_afe_topology
11-18 18:40:21.356 D/ACDB-LOADER( 1089): ACDB -> ACDB_CMD_GET_AFE_TOPOLOGY_ID
11-18 18:40:21.356 D/ACDB-LOADER( 1089): ACDB -> GET_AFE_TOPOLOGY_ID for adcd_id 102, Topology Id 1000ff02
11-18 18:40:21.356 D/ACDB-LOADER( 1089): ACDB -> send_afe_cal
11-18 18:40:21.356 D/ACDB-LOADER( 1089): ACDB -> ACDB_CMD_GET_AFE_INSTANCE_COMMON_TABLE_SIZE
11-18 18:40:21.356 D/ACDB-LOADER( 1089): ACDB -> ACDB_CMD_GET_AFE_INSTANCE_COMMON_TABLE
11-18 18:40:21.357 D/ACDB-LOADER( 1089): ACDB -> AUDIO_SET_AFE_CAL cal_type[17] acdb_id[102]
11-18 18:40:21.357 D/ACDB-LOADER( 1089): ACDB -> send_hw_delay : acdb_id = 102 path = 1
11-18 18:40:21.357 D/ACDB-LOADER( 1089): ACDB -> ACDB_AVSYNC_INFO: ACDB_CMD_GET_DEVICE_PROPERTY
11-18 18:40:21.357 D/audio_hw_primary( 1089): enable_audio_route: apply mixer and update path: spkr-vi-record
11-18 18:40:21.357 D/audio_route( 1089): Apply path: spkr-vi-record
11-18 18:40:21.358 I/Monkey  (16995): :Sending Trackball (ACTION_MOVE): 0:(-5.0,-2.0)
11-18 18:40:21.359 I/audio_hw_awinic_feedback( 1089): audio_extn_aw882xx_start_feedback:[Awinic] the pcm id uc_info->id = 53, tx_pcm_id = 33
11-18 18:40:21.359 I/[aw882xx_smartpa]aw882xx_startup(    0): capture enter
11-18 18:40:21.363 I/Monkey  (16995): :Sending Trackball (ACTION_MOVE): 0:(2.0,-5.0)
11-18 18:40:21.364 I/Monkey  (16995): :Sending Trackball (ACTION_MOVE): 0:(-4.0,3.0)
11-18 18:40:21.364 I/__afe_port_start(    0): port id: 0x1001
11-18 18:40:21.364 I/afe_find_cal_topo_id_by_port(    0): port id: 0x1001, dev_acdb_id: -22
11-18 18:40:21.364 I/afe_find_cal_topo_id_by_port(    0): top_id:1000ff02 acdb_id:102 afe_port:0x1001
11-18 18:40:21.364 I/afe_get_cal_topology_id(    0): port_id = 0x1001 acdb_id = 102 topology_id = 0x1000ff02 cal_type_index=8 ret=0
11-18 18:40:21.365 I/GoogleInputMethodService( 6971): GoogleInputMethodService.onFinishInput():3274 
11-18 18:40:21.366 I/Monkey  (16995): :Sending Trackball (ACTION_MOVE): 0:(0.0,-5.0)
11-18 18:40:21.367 I/GoogleInputMethodService( 6971): GoogleInputMethodService.updateDeviceLockedStatus():2166 repeatCheckTimes = 0, unlocked = true
11-18 18:40:21.367 I/GoogleInputMethodService( 6971): GoogleInputMethodService.onStartInput():1957 onStartInput(EditorInfo{inputType=0x1(Normal) imeOptions=0x6 privateImeOptions=null actionName=DONE actionLabel=null actionId=0 initialSelStart=0 initialSelEnd=0 initialCapsMode=0x0 hintText=null label=null packageName=com.sonymobile.launcher fieldId=2131296481 fieldName=null extras=null}, false)
11-18 18:40:21.367 I/GoogleInputMethodService( 6971): GoogleInputMethodService.shouldHideHeaderOnInitialState():4078 ShouldHideHeaderOnInitialState = false
11-18 18:40:21.368 I/Monkey  (16995): :Sending Trackball (ACTION_MOVE): 0:(-4.0,0.0)
11-18 18:40:21.366 I/afe_send_port_topology_id(    0): AFE set topology id 0x1000ff02  enable for port 0x1001 ret 0
11-18 18:40:21.369 I/GoogleInputMethodService( 6971): GoogleInputMethodService.updateDeviceLockedStatus():2166 repeatCheckTimes = 2, unlocked = true
11-18 18:40:21.366 I/send_afe_cal_type(    0): cal_index is 1
11-18 18:40:21.366 I/send_afe_cal_type(    0): dev_acdb_id[41] is -22
11-18 18:40:21.366 I/send_afe_cal_type(    0): Sending cal_index cal 1
11-18 18:40:21.366 I/afe_send_hw_delay(    0): port_id 0x1001 rate 48000 delay_usec 578 status 0
11-18 18:40:21.371 W/InputEventSender( 6197): Received 'finished' signal for unknown seq number = 14
11-18 18:40:21.371 W/InputEventSender( 6197): Received 'finished' signal for unknown seq number = 15
11-18 18:40:21.372 I/[aw882xx_smartpa]aw882xx_mute(    0): mute state=0
11-18 18:40:21.371 W/InputEventSender( 6197): Received 'finished' signal for unknown seq number = 16
11-18 18:40:21.372 I/Monkey  (16995): :Sending Key (ACTION_DOWN): 23    // KEYCODE_DPAD_CENTER
11-18 18:40:21.374 I/QTI PowerHAL( 1116): Power setBoost: 0, duration: 0
11-18 18:40:21.375 E/audio_hw_awinic_feedback( 1089): audio_extn_aw882xx_start_feedback:[Awinic] Exit
11-18 18:40:21.375 I/audio_hw_utils( 1089): audio_extn_utils_update_stream_output_app_type_cfg Allowing 24 and above bits playback on speaker ONLY at default sampling rate
11-18 18:40:21.375 E/soundtrigger( 1089): audio_extn_sound_trigger_update_stream_status: invalid input device 0x0, for event 3
11-18 18:40:21.375 D/soundtrigger( 1089): audio_extn_sound_trigger_update_stream_status: uc_info->id 1 of type 0 for Event 3, with Raise=0
11-18 18:40:21.375 D/audio_hw_utils( 1089): audio_extn_utils_send_app_type_cfg: usecase->out_snd_device speaker
11-18 18:40:21.375 D/msm8974_platform( 1089): platform_split_snd_device: snd_device(2) num devices(0) new_snd_devices(0)
11-18 18:40:21.375 D/audio_hw_utils( 1089): audio_extn_btsco_get_sample_rate:Not a BT SCO device, need not update sampling rate
11-18 18:40:21.375 I/audio_hw_utils( 1089): send_app_type_cfg_for_device PLAYBACK app_type 69937, acdb_dev_id 14, sample_rate 48000, snd_device_be_idx 43
11-18 18:40:21.375 I/QTI PowerHAL( 1116): Power setBoost: 0, duration: 0
11-18 18:40:21.376 D/msm8974_platform( 1089): platform_split_snd_device: snd_device(2) num devices(1) new_snd_devices(0)
11-18 18:40:21.376 D/audio_hw_utils( 1089): audio_extn_btsco_get_sample_rate:Not a BT SCO device, need not update sampling rate
11-18 18:40:21.376 D/ACDB-LOADER( 1089): ACDB -> send_audio_cal, acdb_id = 14, path = 0, app id = 0x11131, sample rate = 48000, afe_sample_rate = 48000
11-18 18:40:21.376 D/ACDB-LOADER( 1089): ACDB -> send_asm_topology
11-18 18:40:21.376 D/ACDB-LOADER( 1089): ACDB -> ACDB_CMD_GET_AUDPROC_STREAM_TOPOLOGY_ID
11-18 18:40:21.376 D/ACDB-LOADER( 1089): ACDB -> send_adm_topology
11-18 18:40:21.376 D/ACDB-LOADER( 1089): ACDB -> ACDB_CMD_GET_AUDPROC_COMMON_TOPOLOGY_ID
11-18 18:40:21.376 D/ACDB-LOADER( 1089): ACDB -> send_audtable
11-18 18:40:21.377 D/ACDB-LOADER( 1089): ACDB -> ACDB_CMD_GET_AUDPROC_INSTANCE_COMMON_TABLE_SIZE
11-18 18:40:21.377 D/ACDB-LOADER( 1089): ACDB -> ACDB_CMD_GET_AUDPROC_INSTANCE_COMMON_TABLE
11-18 18:40:21.377 D/ACDB-LOADER( 1089): ACDB -> AUDIO_SET_AUDPROC_CAL cal_type[11] acdb_id[14] app_type[69937]
11-18 18:40:21.377 D/ACDB-LOADER( 1089): ACDB -> send_audvoltable
11-18 18:40:21.377 D/ACDB-LOADER( 1089): ACDB -> ACDB_CMD_GET_AUDPROC_INSTANCE_GAIN_DEP_STEP_TABLE_SIZE
11-18 18:40:21.377 D/ACDB-LOADER( 1089): ACDB -> ACDB_CMD_GET_AUDPROC_INSTANCE_GAIN_DEP_STEP_TABLE, vol index 15
11-18 18:40:21.377 D/ACDB-LOADER( 1089): ACDB -> AUDIO_SET_VOL_CAL cal type = 12
11-18 18:40:21.377 D/ACDB-LOADER( 1089): ACDB -> ACDB_CMD_GET_AUDPROC_INSTANCE_STREAM_TABLE_SIZE
11-18 18:40:21.377 D/ACDB-LOADER( 1089): ACDB -> send_audstrmtable
11-18 18:40:21.377 D/ACDB-LOADER( 1089): ACDB -> ACDB_CMD_GET_AUDPROC_INSTANCE_STREAM_TABLE
11-18 18:40:21.377 D/ACDB-LOADER( 1089): ACDB -> audstrm_cal->cal_type.cal_data.cal_size = 20
11-18 18:40:21.377 D/ACDB-LOADER( 1089): ACDB -> send_afe_topology
11-18 18:40:21.377 D/ACDB-LOADER( 1089): ACDB -> ACDB_CMD_GET_AFE_TOPOLOGY_ID
11-18 18:40:21.377 D/ACDB-LOADER( 1089): ACDB -> GET_AFE_TOPOLOGY_ID for adcd_id 14, Topology Id 1000ff01
11-18 18:40:21.377 D/ACDB-LOADER( 1089): ACDB -> send_afe_cal
11-18 18:40:21.377 D/ACDB-LOADER( 1089): ACDB -> ACDB_CMD_GET_AFE_INSTANCE_COMMON_TABLE_SIZE
11-18 18:40:21.377 D/ACDB-LOADER( 1089): ACDB -> ACDB_CMD_GET_AFE_INSTANCE_COMMON_TABLE
11-18 18:40:21.377 D/ACDB-LOADER( 1089): ACDB -> AUDIO_SET_AFE_CAL cal_type[16] acdb_id[14]
11-18 18:40:21.377 D/ACDB-LOADER( 1089): ACDB -> send_hw_delay : acdb_id = 14 path = 0
11-18 18:40:21.377 D/ACDB-LOADER( 1089): ACDB -> ACDB_AVSYNC_INFO: ACDB_CMD_GET_DEVICE_PROPERTY
11-18 18:40:21.377 D/msm8974_platform( 1089): platform_split_snd_device: snd_device(2) num devices(0) new_snd_devices(0)
11-18 18:40:21.377 I/msm8974_platform( 1089): platform_get_custom_mtmx_params: no matching param with id 0 ip_ch 2 op_ch 2 uc_id 1 snd_dev 2
11-18 18:40:21.377 D/audio_hw_primary( 1089): enable_audio_route: apply mixer and update path: low-latency-playback
11-18 18:40:21.377 D/audio_route( 1089): Apply path: low-latency-playback
11-18 18:40:21.378 D/audio_hw_primary( 1089): select_devices: done
11-18 18:40:21.379 I/[aw882xx_smartpa]aw882xx_startup(    0): playback enter
11-18 18:40:21.383 I/__afe_port_start(    0): port id: 0x1000
11-18 18:40:21.383 I/afe_find_cal_topo_id_by_port(    0): port id: 0x1000, dev_acdb_id: 14
11-18 18:40:21.383 I/afe_find_cal_topo_id_by_port(    0): top_id:1000ff01 acdb_id:14 afe_port_id:0x1000
11-18 18:40:21.383 I/afe_get_cal_topology_id(    0): port_id = 0x1000 acdb_id = 14 topology_id = 0x1000ff01 cal_type_index=8 ret=0
11-18 18:40:21.383 I/afe_send_port_topology_id(    0): AFE set topology id 0x1000ff01  enable for port 0x1000 ret 0
11-18 18:40:21.383 I/send_afe_cal_type(    0): cal_index is 0
11-18 18:40:21.383 I/send_afe_cal_type(    0): dev_acdb_id[40] is 14
11-18 18:40:21.383 I/afe_find_cal(    0): cal_index 0 port_id 0x1000 port_index 40
11-18 18:40:21.387 W/InputEventSender( 6197): Received 'finished' signal for unknown seq number = 27
11-18 18:40:21.383 I/afe_find_cal(    0): acdb_id 14 dev_acdb_id 14 sample_rate 48000 afe_sample_rates 48000
11-18 18:40:21.387 W/InputEventSender( 6197): Received 'finished' signal for unknown seq number = 28
11-18 18:40:21.383 I/afe_find_cal(    0): cal block is a match, size is 3152
11-18 18:40:21.383 I/send_afe_cal_type(    0): Sending cal_index cal 0
11-18 18:40:21.386 I/afe_send_hw_delay(    0): port_id 0x1000 rate 48000 delay_usec 0 status 0
11-18 18:40:21.388 I/Monkey  (16995): :Sending Key (ACTION_UP): 23    // KEYCODE_DPAD_CENTER
11-18 18:40:21.392 I/Monkey  (16995): Sleeping for 1000 milliseconds
11-18 18:40:21.390 I/[aw882xx_smartpa]aw882xx_mute(    0): mute state=0
11-18 18:40:21.390 I/[aw882xx_smartpa]aw882xx_smartpa_cfg(    0): flag = 1, power status = 0
11-18 18:40:21.394 I/GoogleInputMethodService( 6971): GoogleInputMethodService.onFinishInput():3274 
11-18 18:40:21.396 I/GoogleInputMethodService( 6971): GoogleInputMethodService.updateDeviceLockedStatus():2166 repeatCheckTimes = 0, unlocked = true
11-18 18:40:21.396 I/GoogleInputMethodService( 6971): GoogleInputMethodService.onStartInput():1957 onStartInput(EditorInfo{inputType=0x0(NULL) imeOptions=0x0 privateImeOptions=null actionName=UNSPECIFIED actionLabel=null actionId=0 initialSelStart=-1 initialSelEnd=-1 initialCapsMode=0x0 hintText=null label=null packageName=com.sonymobile.launcher fieldId=3 fieldName=null extras=null}, false)
11-18 18:40:21.396 I/GoogleInputMethodService( 6971): GoogleInputMethodService.shouldHideHeaderOnInitialState():4078 ShouldHideHeaderOnInitialState = false
11-18 18:40:21.397 I/GoogleInputMethodService( 6971): GoogleInputMethodService.updateDeviceLockedStatus():2166 repeatCheckTimes = 2, unlocked = true
11-18 18:40:21.398 I/[aw882xx_smartpa]aw882xx_clear_sysint(    0): get_sysint=0x4395
11-18 18:40:21.398 I/[aw882xx_smartpa]aw882xx_clear_sysint(    0): get_sysint=0x0000
11-18 18:40:21.401 I/[aw882xx_smartpa]aw882xx_set_cali_re_to_dsp(    0): no set cali re to dsp re = 0
11-18 18:40:21.401 I/[aw882xx_smartpa]aw882xx_monitor_start(    0): enter
11-18 18:40:21.404 I/[aw882xx_smartpa]aw882xx_monitor_get_data(    0): vol: ipeak = 0x8, gain = 0x0, vmax = 0x0
11-18 18:40:21.404 I/[aw882xx_smartpa]aw882xx_monitor_get_data(    0): temp: ipeak = 0x8, gain = 0x0, vmax = 0x0
11-18 18:40:21.404 I/[aw882xx_smartpa]aw882xx_monitor_set_ipeak(    0): ipeak = 0x8, no change
11-18 18:40:21.404 I/[aw882xx_smartpa]aw882xx_monitor_set_gain(    0): set db = 0.0 dB, no change
11-18 18:40:21.405 I/[aw882xx_smartpa]aw882xx_monitor_set_vmax(    0): set vmax = 0x0
11-18 18:40:21.407 I/GoogleInputMethodService( 6971): GoogleInputMethodService.onFinishInput():3274 
11-18 18:40:21.408 I/GoogleInputMethodService( 6971): GoogleInputMethodService.updateDeviceLockedStatus():2166 repeatCheckTimes = 0, unlocked = true
11-18 18:40:21.409 I/GoogleInputMethodService( 6971): GoogleInputMethodService.onStartInput():1957 onStartInput(EditorInfo{inputType=0x0(NULL) imeOptions=0x0 privateImeOptions=null actionName=UNSPECIFIED actionLabel=null actionId=0 initialSelStart=-1 initialSelEnd=-1 initialCapsMode=0x0 hintText=null label=null packageName=com.sonymobile.launcher fieldId=-1 fieldName=null extras=null}, false)
11-18 18:40:21.409 I/GoogleInputMethodService( 6971): GoogleInputMethodService.shouldHideHeaderOnInitialState():4078 ShouldHideHeaderOnInitialState = false
11-18 18:40:21.410 D/msm8974_platform( 1089): platform_set_channel_map mixer_ctl_name:Playback Channel Map9
11-18 18:40:21.411 D/msm8974_platform( 1089): platform_set_channel_map: set mapping(1 2 0 0 0 0 0 0) for channel:2
11-18 18:40:21.411 I/GoogleInputMethodService( 6971): GoogleInputMethodService.updateDeviceLockedStatus():2166 repeatCheckTimes = 2, unlocked = true
11-18 18:40:21.412 D/audio_hw_primary( 1089): start_output_stream: exit
11-18 18:40:21.591 I/GoogleInputMethodService( 6971): GoogleInputMethodService.onFinishInput():3274 
11-18 18:40:21.593 I/GoogleInputMethodService( 6971): GoogleInputMethodService.updateDeviceLockedStatus():2166 repeatCheckTimes = 0, unlocked = true
11-18 18:40:21.594 I/GoogleInputMethodService( 6971): GoogleInputMethodService.onStartInput():1957 onStartInput(EditorInfo{inputType=0x0(NULL) imeOptions=0x0 privateImeOptions=null actionName=UNSPECIFIED actionLabel=null actionId=0 initialSelStart=-1 initialSelEnd=-1 initialCapsMode=0x0 hintText=null label=null packageName=com.sonymobile.launcher fieldId=4 fieldName=null extras=null}, false)
11-18 18:40:21.594 I/GoogleInputMethodService( 6971): GoogleInputMethodService.shouldHideHeaderOnInitialState():4078 ShouldHideHeaderOnInitialState = false
11-18 18:40:21.595 I/GoogleInputMethodService( 6971): GoogleInputMethodService.updateDeviceLockedStatus():2166 repeatCheckTimes = 2, unlocked = true
11-18 18:40:21.658 D/audio_hw_primary( 1089): out_set_parameters: enter: usecase(1: low-latency-playback) kvpairs: suspend_playback=true
11-18 18:40:21.658 D/audio_hw_extn( 1089): audio_extn_fm_set_parameters: Enter
11-18 18:40:21.873 E/        (    0): [drm:sde_connector_check_status_work:2232] [sde error]Check err_flag status 0
11-18 18:40:22.394 I/Monkey  (16995): :Sending Trackball (ACTION_MOVE): 0:(0.0,-3.0)
11-18 18:40:22.395 I/QTI PowerHAL( 1116): Power setBoost: 0, duration: 0
11-18 18:40:22.396 I/QTI PowerHAL( 1116): Power setBoost: 0, duration: 0
11-18 18:40:22.399 I/Monkey  (16995): :Sending Trackball (ACTION_MOVE): 0:(-4.0,-3.0)
11-18 18:40:22.400 I/Monkey  (16995): :Sending Trackball (ACTION_MOVE): 0:(-5.0,1.0)
11-18 18:40:22.401 I/Monkey  (16995): :Sending Trackball (ACTION_MOVE): 0:(-1.0,-2.0)
11-18 18:40:22.402 I/Monkey  (16995): :Sending Trackball (ACTION_MOVE): 0:(-2.0,-5.0)
11-18 18:40:22.404 I/Monkey  (16995): :Sending Trackball (ACTION_MOVE): 0:(3.0,2.0)
11-18 18:40:22.405 I/Monkey  (16995): :Sending Trackball (ACTION_MOVE): 0:(-3.0,2.0)
11-18 18:40:22.408 I/Monkey  (16995): :Sending Trackball (ACTION_MOVE): 0:(-5.0,-5.0)
11-18 18:40:22.413 I/Monkey  (16995): :Sending Trackball (ACTION_MOVE): 0:(-5.0,-1.0)
11-18 18:40:22.414 I/Monkey  (16995): :Sending Trackball (ACTION_MOVE): 0:(-2.0,0.0)
11-18 18:40:22.415 I/Monkey  (16995): :Sending Touch (ACTION_DOWN): 0:(373.0,1514.0)
11-18 18:40:22.416 I/QTI PowerHAL( 1116): Power setBoost: 0, duration: 0
11-18 18:40:22.416 I/QTI PowerHAL( 1116): Power setBoost: 0, duration: 0
11-18 18:40:22.417 I/Monkey  (16995): :Sending Touch (ACTION_UP): 0:(374.75916,1514.1235)
11-18 18:40:22.419 I/Monkey  (16995): Sleeping for 1000 milliseconds
11-18 18:40:22.425 W/InputEventSender( 6197): Received 'finished' signal for unknown seq number = 54
11-18 18:40:22.425 W/InputEventSender( 6197): Received 'finished' signal for unknown seq number = 55
11-18 18:40:22.425 W/InputEventSender( 6197): Received 'finished' signal for unknown seq number = 56
11-18 18:40:22.425 W/InputEventSender( 6197): Received 'finished' signal for unknown seq number = 57
11-18 18:40:22.425 W/InputEventSender( 6197): Received 'finished' signal for unknown seq number = 58
11-18 18:40:22.425 W/InputEventSender( 6197): Received 'finished' signal for unknown seq number = 59
11-18 18:40:22.425 W/InputEventSender( 6197): Received 'finished' signal for unknown seq number = 60
11-18 18:40:22.429 I/ActivityTaskManager( 1923): START u0 {act=android.intent.action.MAIN cat=[android.intent.category.LAUNCHER] flg=0x10200000 cmp=com.google.android.calendar/com.android.calendar.AllInOneActivity bnds=[244,1474][439,1752]} from uid 10290
11-18 18:40:22.430 I/Monkey  (16995):     // Rejecting start of Intent { act=android.intent.action.MAIN cat=[android.intent.category.LAUNCHER] cmp=com.google.android.calendar/com.android.calendar.AllInOneActivity } in package com.google.android.calendar
11-18 18:40:22.430 D/audio_hw_primary( 1089): adev_get_parameters:360ra_upmix_supported_device
11-18 18:40:22.430 D/audio_hw_spkr_prot( 1089): fbsp_get_parameters: Speaker protection disabled
11-18 18:40:22.430 D/soundtrigger( 1089): audio_extn_sound_trigger_get_parameters input string<360ra_upmix_supported_device=>
11-18 18:40:22.430 D/soundtrigger( 1089): extract_sm_handle input string <360ra_upmix_supported_device=> param string <360ra_upmix_supported_device=>
11-18 18:40:22.430 D/audio_hw_extn( 1089): audio_extn_fm_get_parameters: Enter
11-18 18:40:22.430 D/audio_hw_extn( 1089): audio_extn_get_parameters: returns 
11-18 18:40:22.430 D/audio_hw_primary( 1089): adev_get_parameters: exit: returns - 
11-18 18:40:22.431 D/audio_hw_primary( 1089): adev_get_parameters:360ra_upmix_headphone
11-18 18:40:22.431 D/audio_hw_spkr_prot( 1089): fbsp_get_parameters: Speaker protection disabled
11-18 18:40:22.431 D/soundtrigger( 1089): audio_extn_sound_trigger_get_parameters input string<360ra_upmix_headphone=>
11-18 18:40:22.431 D/soundtrigger( 1089): extract_sm_handle input string <360ra_upmix_headphone=> param string <360ra_upmix_headphone=>
11-18 18:40:22.431 D/audio_hw_extn( 1089): audio_extn_fm_get_parameters: Enter
11-18 18:40:22.431 D/audio_hw_extn( 1089): audio_extn_get_parameters: returns 
11-18 18:40:22.431 D/audio_hw_primary( 1089): adev_get_parameters: exit: returns - 
11-18 18:40:22.432 D/audio_hw_primary( 1089): out_set_parameters: enter: usecase(1: low-latency-playback) kvpairs: suspend_playback=false
11-18 18:40:22.432 D/audio_hw_extn( 1089): audio_extn_fm_set_parameters: Enter
11-18 18:40:22.433 W/audio_hw_primary( 1089): out_write: underrun(389) frames_by_time(37257) > out->last_fifo_frames_remaining(384)
11-18 18:40:22.436 D/InputDispatcher( 1923): Touch mode switch rejected, caller (pid=0, uid=10290) doesn't own the focused window nor none of the previously interacted window
11-18 18:40:22.442 I/GoogleInputMethodService( 6971): GoogleInputMethodService.onFinishInput():3274 
11-18 18:40:22.443 I/GoogleInputMethodService( 6971): GoogleInputMethodService.updateDeviceLockedStatus():2166 repeatCheckTimes = 0, unlocked = true
11-18 18:40:22.443 I/GoogleInputMethodService( 6971): GoogleInputMethodService.onStartInput():1957 onStartInput(EditorInfo{inputType=0x0(NULL) imeOptions=0x0 privateImeOptions=null actionName=UNSPECIFIED actionLabel=null actionId=0 initialSelStart=-1 initialSelEnd=-1 initialCapsMode=0x0 hintText=null label=null packageName=com.sonymobile.launcher fieldId=9 fieldName=null extras=null}, false)
11-18 18:40:22.444 I/GoogleInputMethodService( 6971): GoogleInputMethodService.shouldHideHeaderOnInitialState():4078 ShouldHideHeaderOnInitialState = false
11-18 18:40:22.444 I/GoogleInputMethodService( 6971): GoogleInputMethodService.updateDeviceLockedStatus():2166 repeatCheckTimes = 2, unlocked = true
11-18 18:40:22.506 W/TransactionTracing( 1272): Could not find layer id -1
11-18 18:40:22.506 W/TransactionTracing( 1272): Could not find layer id -1
11-18 18:40:22.641 E/dumpstate( 6331): libdebuggerd_client: failed to read status response from tombstoned: Try again
11-18 18:40:22.642 I/tombstoned(  768): intercept for pid 27741 and type kDebuggerdJavaBacktrace terminated: due to input
11-18 18:40:22.644 I/dumpstate( 6331): libdebuggerd_client: started dumping process 27793
11-18 18:40:22.644 I/tombstoned(  768): registered intercept for pid 27793 and type kDebuggerdJavaBacktrace
11-18 18:40:22.645 I/android.vending(27793): Thread[2,tid=27806,WaitingInMainSignalCatcherLoop,Thread*=0xb400007d00d19140,peer=0x149802c0,"Signal Catcher"]: reacting to signal 3
11-18 18:40:22.645 I/android.vending(27793): 
11-18 18:40:22.688 D/audio_hw_primary( 1089): out_set_parameters: enter: usecase(1: low-latency-playback) kvpairs: suspend_playback=true
11-18 18:40:22.688 D/audio_hw_extn( 1089): audio_extn_fm_set_parameters: Enter
11-18 18:40:23.022 W/rpmh_rsc_send_data(    0): 1 callbacks suppressed
11-18 18:40:23.022 I/qcom_rpmh DRV(    0): apps_rsc TCS Busy, retrying RPMH message send: addr=0x30010
11-18 18:40:23.419 I/Monkey  (16995): :Sending Key (ACTION_DOWN): 21    // KEYCODE_DPAD_LEFT
11-18 18:40:23.420 I/QTI PowerHAL( 1116): Power setBoost: 0, duration: 0
11-18 18:40:23.422 I/QTI PowerHAL( 1116): Power setBoost: 0, duration: 0
11-18 18:40:23.426 D/audio_hw_primary( 1089): adev_get_parameters:360ra_upmix_supported_device
11-18 18:40:23.427 D/audio_hw_spkr_prot( 1089): fbsp_get_parameters: Speaker protection disabled
11-18 18:40:23.427 D/soundtrigger( 1089): audio_extn_sound_trigger_get_parameters input string<360ra_upmix_supported_device=>
11-18 18:40:23.427 D/soundtrigger( 1089): extract_sm_handle input string <360ra_upmix_supported_device=> param string <360ra_upmix_supported_device=>
11-18 18:40:23.427 D/audio_hw_extn( 1089): audio_extn_fm_get_parameters: Enter
11-18 18:40:23.427 D/audio_hw_extn( 1089): audio_extn_get_parameters: returns 
11-18 18:40:23.427 D/audio_hw_primary( 1089): adev_get_parameters: exit: returns - 
11-18 18:40:23.427 I/GoogleInputMethodService( 6971): GoogleInputMethodService.onFinishInput():3274 
11-18 18:40:23.427 I/Monkey  (16995): :Sending Key (ACTION_UP): 21    // KEYCODE_DPAD_LEFT
11-18 18:40:23.428 I/GoogleInputMethodService( 6971): GoogleInputMethodService.updateDeviceLockedStatus():2166 repeatCheckTimes = 0, unlocked = true
11-18 18:40:23.429 I/GoogleInputMethodService( 6971): GoogleInputMethodService.onStartInput():1957 onStartInput(EditorInfo{inputType=0x0(NULL) imeOptions=0x0 privateImeOptions=null actionName=UNSPECIFIED actionLabel=null actionId=0 initialSelStart=-1 initialSelEnd=-1 initialCapsMode=0x0 hintText=null label=null packageName=com.sonymobile.launcher fieldId=8 fieldName=null extras=null}, false)
11-18 18:40:23.429 I/GoogleInputMethodService( 6971): GoogleInputMethodService.shouldHideHeaderOnInitialState():4078 ShouldHideHeaderOnInitialState = false
11-18 18:40:23.430 D/audio_hw_primary( 1089): adev_get_parameters:360ra_upmix_headphone
11-18 18:40:23.430 D/audio_hw_spkr_prot( 1089): fbsp_get_parameters: Speaker protection disabled
11-18 18:40:23.430 D/soundtrigger( 1089): audio_extn_sound_trigger_get_parameters input string<360ra_upmix_headphone=>
11-18 18:40:23.430 D/soundtrigger( 1089): extract_sm_handle input string <360ra_upmix_headphone=> param string <360ra_upmix_headphone=>
11-18 18:40:23.430 D/audio_hw_extn( 1089): audio_extn_fm_get_parameters: Enter
11-18 18:40:23.430 D/audio_hw_extn( 1089): audio_extn_get_parameters: returns 
11-18 18:40:23.430 D/audio_hw_primary( 1089): adev_get_parameters: exit: returns - 
11-18 18:40:23.431 I/GoogleInputMethodService( 6971): GoogleInputMethodService.updateDeviceLockedStatus():2166 repeatCheckTimes = 2, unlocked = true
11-18 18:40:23.431 I/Monkey  (16995): Sleeping for 1000 milliseconds
11-18 18:40:23.432 D/audio_hw_primary( 1089): out_set_parameters: enter: usecase(1: low-latency-playback) kvpairs: suspend_playback=false
11-18 18:40:23.432 D/audio_hw_extn( 1089): audio_extn_fm_set_parameters: Enter
11-18 18:40:23.434 W/audio_hw_primary( 1089): out_write: underrun(390) frames_by_time(35879) > out->last_fifo_frames_remaining(384)
11-18 18:40:23.669 D/audio_hw_primary( 1089): out_set_parameters: enter: usecase(1: low-latency-playback) kvpairs: suspend_playback=true
11-18 18:40:23.669 D/audio_hw_extn( 1089): audio_extn_fm_set_parameters: Enter
11-18 18:40:23.691 I/qcom_rpmh DRV(    0): apps_rsc TCS Busy, retrying RPMH message send: addr=0x30010
11-18 18:40:23.716 I/tombstoned(  768): received crash request for pid 27793
11-18 18:40:23.716 I/tombstoned(  768): found intercept fd 512 for pid 27793 and type kDebuggerdJavaBacktrace
11-18 18:40:23.717 W/tombstoned(  768): skipping tombstone file creation due to intercept
11-18 18:40:23.717 I/android.vending(27793): Wrote stack traces to tombstoned
11-18 18:40:23.717 I/dumpstate( 6331): libdebuggerd_client: done dumping process 27793
11-18 18:40:23.718 I/dumpstate( 6331): libdebuggerd_client: started dumping process 27817
11-18 18:40:23.718 I/tombstoned(  768): registered intercept for pid 27817 and type kDebuggerdJavaBacktrace
11-18 18:40:23.718 I/t_app_installer(27817): Thread[6,tid=27825,WaitingInMainSignalCatcherLoop,Thread*=0xb400007d00d05f50,peer=0x130c01d0,"Signal Catcher"]: reacting to signal 3
11-18 18:40:23.718 I/t_app_installer(27817): 
11-18 18:40:23.795 I/tombstoned(  768): received crash request for pid 27817
11-18 18:40:23.795 I/tombstoned(  768): found intercept fd 512 for pid 27817 and type kDebuggerdJavaBacktrace
11-18 18:40:23.795 I/t_app_installer(27817): Wrote stack traces to tombstoned
11-18 18:40:23.795 I/dumpstate( 6331): libdebuggerd_client: done dumping process 27817
11-18 18:40:23.795 W/tombstoned(  768): skipping tombstone file creation due to intercept
11-18 18:40:23.796 I/dumpstate( 6331): libdebuggerd_client: started dumping process 27927
11-18 18:40:23.796 I/tombstoned(  768): registered intercept for pid 27927 and type kDebuggerdJavaBacktrace
11-18 18:40:23.796 I/e.process.gapps(27927): Thread[6,tid=27934,WaitingInMainSignalCatcherLoop,Thread*=0xb400007d00d05f50,peer=0x12e001d0,"Signal Catcher"]: reacting to signal 3
11-18 18:40:23.796 I/e.process.gapps(27927): 
11-18 18:40:23.877 I/tombstoned(  768): received crash request for pid 27927
11-18 18:40:23.877 I/tombstoned(  768): found intercept fd 512 for pid 27927 and type kDebuggerdJavaBacktrace
11-18 18:40:23.878 W/tombstoned(  768): skipping tombstone file creation due to intercept
11-18 18:40:23.878 I/e.process.gapps(27927): Wrote stack traces to tombstoned
11-18 18:40:23.878 I/dumpstate( 6331): libdebuggerd_client: done dumping process 27927
11-18 18:40:23.879 I/dumpstate( 6331): libdebuggerd_client: started dumping process 27957
11-18 18:40:23.879 I/tombstoned(  768): registered intercept for pid 27957 and type kDebuggerdJavaBacktrace
11-18 18:40:23.880 I/ding:background(27957): Thread[3,tid=27962,WaitingInMainSignalCatcherLoop,Thread*=0xb400007d00d0ce90,peer=0x133001d0,"Signal Catcher"]: reacting to signal 3
11-18 18:40:23.880 I/ding:background(27957): 
11-18 18:40:23.980 I/tombstoned(  768): received crash request for pid 27957
11-18 18:40:23.980 I/tombstoned(  768): found intercept fd 512 for pid 27957 and type kDebuggerdJavaBacktrace
11-18 18:40:23.980 I/ding:background(27957): Wrote stack traces to tombstoned
11-18 18:40:23.981 W/tombstoned(  768): skipping tombstone file creation due to intercept
11-18 18:40:23.981 I/dumpstate( 6331): libdebuggerd_client: done dumping process 27957
11-18 18:40:23.981 I/dumpstate( 6331): libdebuggerd_client: started dumping process 29035
11-18 18:40:23.982 I/tombstoned(  768): registered intercept for pid 29035 and type kDebuggerdJavaBacktrace
11-18 18:40:23.982 I/.xperiaservices(29035): Thread[4,tid=29044,WaitingInMainSignalCatcherLoop,Thread*=0xb400007d00d07b20,peer=0x12f801d0,"Signal Catcher"]: reacting to signal 3
11-18 18:40:23.982 I/.xperiaservices(29035): 
11-18 18:40:24.065 I/tombstoned(  768): received crash request for pid 29035
11-18 18:40:24.065 I/tombstoned(  768): found intercept fd 512 for pid 29035 and type kDebuggerdJavaBacktrace
11-18 18:40:24.066 W/tombstoned(  768): skipping tombstone file creation due to intercept
11-18 18:40:24.066 I/.xperiaservices(29035): Wrote stack traces to tombstoned
11-18 18:40:24.066 I/dumpstate( 6331): libdebuggerd_client: done dumping process 29035
11-18 18:40:24.067 I/dumpstate( 6331): libdebuggerd_client: started dumping process 29645
11-18 18:40:24.067 I/tombstoned(  768): registered intercept for pid 29645 and type kDebuggerdJavaBacktrace
11-18 18:40:24.068 I/inkedin.android(29645): Thread[6,tid=29654,WaitingInMainSignalCatcherLoop,Thread*=0xb400007d00d05f50,peer=0x12cc01d0,"Signal Catcher"]: reacting to signal 3
11-18 18:40:24.069 I/inkedin.android(29645): 
11-18 18:40:24.186 I/tombstoned(  768): received crash request for pid 29645
11-18 18:40:24.187 I/tombstoned(  768): found intercept fd 512 for pid 29645 and type kDebuggerdJavaBacktrace
11-18 18:40:24.187 I/inkedin.android(29645): Wrote stack traces to tombstoned
11-18 18:40:24.187 I/dumpstate( 6331): libdebuggerd_client: done dumping process 29645
11-18 18:40:24.188 W/tombstoned(  768): skipping tombstone file creation due to intercept
11-18 18:40:24.188 I/dumpstate( 6331): libdebuggerd_client: started dumping process 30021
11-18 18:40:24.188 I/tombstoned(  768): registered intercept for pid 30021 and type kDebuggerdJavaBacktrace
11-18 18:40:24.189 I/csson.idd.agent(30021): Thread[6,tid=30026,WaitingInMainSignalCatcherLoop,Thread*=0xb400007d00d05f50,peer=0x12e401d0,"Signal Catcher"]: reacting to signal 3
11-18 18:40:24.189 I/csson.idd.agent(30021): 
11-18 18:40:24.269 I/tombstoned(  768): received crash request for pid 30021
11-18 18:40:24.269 I/tombstoned(  768): found intercept fd 512 for pid 30021 and type kDebuggerdJavaBacktrace
11-18 18:40:24.269 W/tombstoned(  768): skipping tombstone file creation due to intercept
11-18 18:40:24.269 I/csson.idd.agent(30021): Wrote stack traces to tombstoned
11-18 18:40:24.270 I/dumpstate( 6331): libdebuggerd_client: done dumping process 30021
11-18 18:40:24.270 I/dumpstate( 6331): libdebuggerd_client: started dumping process 30258
11-18 18:40:24.271 I/tombstoned(  768): registered intercept for pid 30258 and type kDebuggerdJavaBacktrace
11-18 18:40:24.271 I/webview_service(30258): Thread[6,tid=30263,WaitingInMainSignalCatcherLoop,Thread*=0xded03810,peer=0x12f401d0,"Signal Catcher"]: reacting to signal 3
11-18 18:40:24.272 I/webview_service(30258): 
11-18 18:40:24.395 I/tombstoned(  768): received crash request for pid 30258
11-18 18:40:24.395 I/tombstoned(  768): found intercept fd 512 for pid 30258 and type kDebuggerdJavaBacktrace
11-18 18:40:24.396 W/tombstoned(  768): skipping tombstone file creation due to intercept
11-18 18:40:24.396 I/webview_service(30258): Wrote stack traces to tombstoned
11-18 18:40:24.396 I/dumpstate( 6331): libdebuggerd_client: done dumping process 30258
11-18 18:40:24.397 I/dumpstate( 6331): libdebuggerd_client: started dumping process 30779
11-18 18:40:24.398 I/tombstoned(  768): registered intercept for pid 30779 and type kDebuggerdJavaBacktrace
11-18 18:40:24.398 I/yericsson.music(30779): Thread[5,tid=30789,WaitingInMainSignalCatcherLoop,Thread*=0xb400007d00d096f0,peer=0x13c001d0,"Signal Catcher"]: reacting to signal 3
11-18 18:40:24.398 I/yericsson.music(30779): 
11-18 18:40:24.431 I/Monkey  (16995): :Sending Key (ACTION_DOWN): 23    // KEYCODE_DPAD_CENTER
11-18 18:40:24.432 I/QTI PowerHAL( 1116): Power setBoost: 0, duration: 0
11-18 18:40:24.433 I/QTI PowerHAL( 1116): Power setBoost: 0, duration: 0
11-18 18:40:24.433 I/Monkey  (16995): :Sending Key (ACTION_UP): 23    // KEYCODE_DPAD_CENTER
11-18 18:40:24.436 I/ActivityTaskManager( 1923): START u0 {act=android.intent.action.MAIN cat=[android.intent.category.LAUNCHER] flg=0x10200000 cmp=com.google.android.calendar/com.android.calendar.AllInOneActivity bnds=[244,1474][439,1752]} from uid 10290
11-18 18:40:24.437 I/Monkey  (16995):     // Rejecting start of Intent { act=android.intent.action.MAIN cat=[android.intent.category.LAUNCHER] cmp=com.google.android.calendar/com.android.calendar.AllInOneActivity } in package com.google.android.calendar
11-18 18:40:24.440 I/Monkey  (16995): Sleeping for 1000 milliseconds
11-18 18:40:24.442 D/audio_hw_primary( 1089): adev_get_parameters:360ra_upmix_supported_device
11-18 18:40:24.442 D/audio_hw_spkr_prot( 1089): fbsp_get_parameters: Speaker protection disabled
11-18 18:40:24.442 D/soundtrigger( 1089): audio_extn_sound_trigger_get_parameters input string<360ra_upmix_supported_device=>
11-18 18:40:24.442 D/soundtrigger( 1089): extract_sm_handle input string <360ra_upmix_supported_device=> param string <360ra_upmix_supported_device=>
11-18 18:40:24.442 D/audio_hw_extn( 1089): audio_extn_fm_get_parameters: Enter
11-18 18:40:24.442 D/audio_hw_extn( 1089): audio_extn_get_parameters: returns 
11-18 18:40:24.442 D/audio_hw_primary( 1089): adev_get_parameters: exit: returns - 
11-18 18:40:24.442 D/audio_hw_primary( 1089): adev_get_parameters:360ra_upmix_headphone
11-18 18:40:24.442 D/audio_hw_spkr_prot( 1089): fbsp_get_parameters: Speaker protection disabled
11-18 18:40:24.442 D/soundtrigger( 1089): audio_extn_sound_trigger_get_parameters input string<360ra_upmix_headphone=>
11-18 18:40:24.442 D/soundtrigger( 1089): extract_sm_handle input string <360ra_upmix_headphone=> param string <360ra_upmix_headphone=>
11-18 18:40:24.442 D/audio_hw_extn( 1089): audio_extn_fm_get_parameters: Enter
11-18 18:40:24.442 D/audio_hw_extn( 1089): audio_extn_get_parameters: returns 
11-18 18:40:24.442 D/audio_hw_primary( 1089): adev_get_parameters: exit: returns - 
11-18 18:40:24.443 D/audio_hw_primary( 1089): out_set_parameters: enter: usecase(1: low-latency-playback) kvpairs: suspend_playback=false
11-18 18:40:24.443 D/audio_hw_extn( 1089): audio_extn_fm_set_parameters: Enter
11-18 18:40:24.443 W/audio_hw_primary( 1089): out_write: underrun(391) frames_by_time(37318) > out->last_fifo_frames_remaining(384)
11-18 18:40:24.675 D/audio_hw_primary( 1089): out_set_parameters: enter: usecase(1: low-latency-playback) kvpairs: suspend_playback=true
11-18 18:40:24.675 D/audio_hw_extn( 1089): audio_extn_fm_set_parameters: Enter
11-18 18:40:25.154 I/tombstoned(  768): received crash request for pid 30779
11-18 18:40:25.154 I/tombstoned(  768): found intercept fd 512 for pid 30779 and type kDebuggerdJavaBacktrace
11-18 18:40:25.154 W/tombstoned(  768): skipping tombstone file creation due to intercept
11-18 18:40:25.154 I/yericsson.music(30779): Wrote stack traces to tombstoned
11-18 18:40:25.155 I/dumpstate( 6331): libdebuggerd_client: done dumping process 30779
11-18 18:40:25.155 I/dumpstate( 6331): libdebuggerd_client: started dumping process 30838
11-18 18:40:25.156 I/tombstoned(  768): registered intercept for pid 30838 and type kDebuggerdJavaBacktrace
11-18 18:40:25.156 I/n.music:service(30838): Thread[6,tid=30843,WaitingInMainSignalCatcherLoop,Thread*=0xb400007d00d05f50,peer=0x136801d0,"Signal Catcher"]: reacting to signal 3
11-18 18:40:25.156 I/n.music:service(30838): 
11-18 18:40:25.249 I/tombstoned(  768): received crash request for pid 30838
11-18 18:40:25.249 I/tombstoned(  768): found intercept fd 512 for pid 30838 and type kDebuggerdJavaBacktrace
11-18 18:40:25.249 W/tombstoned(  768): skipping tombstone file creation due to intercept
11-18 18:40:25.249 I/n.music:service(30838): Wrote stack traces to tombstoned
11-18 18:40:25.250 I/dumpstate( 6331): libdebuggerd_client: done dumping process 30838
11-18 18:40:25.250 I/dumpstate( 6331): libdebuggerd_client: started dumping process 31597
11-18 18:40:25.251 I/tombstoned(  768): registered intercept for pid 31597 and type kDebuggerdJavaBacktrace
11-18 18:40:25.251 I/googleassistant(31597): Thread[5,tid=31603,WaitingInMainSignalCatcherLoop,Thread*=0xb400007d00d096f0,peer=0x130001d0,"Signal Catcher"]: reacting to signal 3
11-18 18:40:25.251 I/googleassistant(31597): 
11-18 18:40:25.340 I/QG-K    (    0): get_batt_id_ohm: Lisa batt_id_mv=244, batt_id_ohm=15000
11-18 18:40:25.343 W/healthd (    0): battery l=26 v=3825 t=36.8 h=2 st=2 c=517883 fc=4410000 cc=1 chg=a
11-18 18:40:25.345 I/ALG     (    0): cap_learning_update: [SOMC CL][LERANING] charge_status:1 msoc:26 bsoc_cp:2601 batt_soc_cp_drop:0 cc_soc_drop:0 hold_time:52364 total_time:1597796 (cc_soc:1753->2659)
11-18 18:40:25.351 D/QtiCarrierConfigHelper( 6027): WARNING, no carrier configs on phone Id: 0
11-18 18:40:25.353 D/audio_hw_primary( 1089): adev_set_parameters: enter: wireless_charging=off
11-18 18:40:25.353 D/audio_hw_hfp( 1089): hfp_set_parameters: enter
11-18 18:40:25.353 D/audio_hw_extn( 1089): audio_extn_fm_set_parameters: Enter
11-18 18:40:25.354 I/BatteryCare(10056): SmartChargeConnectStateReceiver: bmStat(2), plg(true), chg(true), lvl(26)
11-18 18:40:25.354 I/BatteryCare(10056): BatteryChangedReceiver: bmStatus.bmChargingLevel = 26
11-18 18:40:25.355 V/DeviceStatisticsService( 6148): chargerType=1 batteryLevel=26 totalBatteryCapacity=4579600
11-18 18:40:25.356 D/PowerUI ( 5638): can't show warning due to - plugged: true status unknown: false
11-18 18:40:25.371 I/tombstoned(  768): received crash request for pid 31597
11-18 18:40:25.371 I/tombstoned(  768): found intercept fd 512 for pid 31597 and type kDebuggerdJavaBacktrace
11-18 18:40:25.371 I/googleassistant(31597): Wrote stack traces to tombstoned
11-18 18:40:25.371 I/dumpstate( 6331): libdebuggerd_client: done dumping process 31597
11-18 18:40:25.371 W/tombstoned(  768): skipping tombstone file creation due to intercept
11-18 18:40:25.372 I/dumpstate( 6331): libdebuggerd_client: started dumping process 31780
11-18 18:40:25.372 I/tombstoned(  768): registered intercept for pid 31780 and type kDebuggerdJavaBacktrace
11-18 18:40:25.372 I/ocessService0:0(31780): Thread[5,tid=31786,WaitingInMainSignalCatcherLoop,Thread*=0xded03810,peer=0x12d803d8,"Signal Catcher"]: reacting to signal 3
11-18 18:40:25.372 I/ocessService0:0(31780): 
11-18 18:40:25.440 I/Monkey  (16995): :Sending Trackball (ACTION_MOVE): 0:(-3.0,-3.0)
