11-18 18:31:51.845 I/init    (    0): Untracked pid 23976 exited with status 0
11-18 18:31:51.845 I/init    (    0): Untracked pid 23976 did not have an associated service entry and will not be reaped
11-18 18:31:51.851 I/crash_dump64(23979): obtaining output fd from tombstoned, type: kDebuggerdNativeBacktrace
11-18 18:31:51.851 I/tombstoned(  768): received crash request for pid 1123
11-18 18:31:51.851 I/tombstoned(  768): found intercept fd 512 for pid 1123 and type kDebuggerdNativeBacktrace
11-18 18:31:51.851 I/crash_dump64(23979): performing dump of process 1123 (target tid = 1123)
11-18 18:31:51.858 I/dumpstate(23783): libdebuggerd_client: done dumping process 1123
11-18 18:31:51.859 I/dumpstate(23783): libdebuggerd_client: started dumping process 1198
11-18 18:31:51.859 I/tombstoned(  768): registered intercept for pid 1198 and type kDebuggerdNativeBacktrace
11-18 18:31:51.859 W/tombstoned(  768): skipping tombstone file creation due to intercept
11-18 18:31:51.860 I/libc    ( 1198): Requested dump for pid 1198 (composer-servic)
11-18 18:31:51.862 I/init    (    0): Untracked pid 23979 exited with status 0
11-18 18:31:51.862 I/init    (    0): Untracked pid 23979 did not have an associated service entry and will not be reaped
11-18 18:31:51.865 I/init    (    0): Untracked pid 23981 exited with status 0
11-18 18:31:51.865 I/init    (    0): Untracked pid 23981 did not have an associated service entry and will not be reaped
11-18 18:31:51.901 I/crash_dump64(23988): obtaining output fd from tombstoned, type: kDebuggerdNativeBacktrace
11-18 18:31:51.902 I/tombstoned(  768): received crash request for pid 1198
11-18 18:31:51.902 I/tombstoned(  768): found intercept fd 512 for pid 1198 and type kDebuggerdNativeBacktrace
11-18 18:31:51.902 I/crash_dump64(23988): performing dump of process 1198 (target tid = 1198)
11-18 18:31:51.953 I/dumpstate(23783): libdebuggerd_client: done dumping process 1198
11-18 18:31:51.953 W/tombstoned(  768): skipping tombstone file creation due to intercept
11-18 18:31:51.955 I/dumpstate(23783): libdebuggerd_client: started dumping process 1267
11-18 18:31:51.955 I/tombstoned(  768): registered intercept for pid 1267 and type kDebuggerdNativeBacktrace
11-18 18:31:51.956 I/libc    ( 1267): Requested dump for pid 1267 (audioserver)
11-18 18:31:51.959 I/init    (    0): Untracked pid 23988 exited with status 0
11-18 18:31:51.959 I/init    (    0): Untracked pid 23988 did not have an associated service entry and will not be reaped
11-18 18:31:51.964 I/init    (    0): Untracked pid 23990 exited with status 0
11-18 18:31:51.964 I/init    (    0): Untracked pid 23990 did not have an associated service entry and will not be reaped
11-18 18:31:51.979 I/crash_dump64(23995): obtaining output fd from tombstoned, type: kDebuggerdNativeBacktrace
11-18 18:31:51.980 I/tombstoned(  768): received crash request for pid 1267
11-18 18:31:51.980 I/tombstoned(  768): found intercept fd 512 for pid 1267 and type kDebuggerdNativeBacktrace
11-18 18:31:51.983 I/crash_dump64(23995): performing dump of process 1267 (target tid = 1267)
11-18 18:31:51.995 D/audio_hw_primary( 1089): out_set_parameters: enter: usecase(1: low-latency-playback) kvpairs: suspend_playback=false
11-18 18:31:51.995 D/audio_hw_extn( 1089): audio_extn_fm_set_parameters: Enter
11-18 18:31:51.995 W/audio_hw_primary( 1089): out_write: underrun(188) frames_by_time(48160) > out->last_fifo_frames_remaining(384)
11-18 18:31:52.034 I/dumpstate(23783): libdebuggerd_client: done dumping process 1267
11-18 18:31:52.034 I/dumpstate(23783): libdebuggerd_client: started dumping process 1272
11-18 18:31:52.035 W/tombstoned(  768): skipping tombstone file creation due to intercept
11-18 18:31:52.035 I/tombstoned(  768): registered intercept for pid 1272 and type kDebuggerdNativeBacktrace
11-18 18:31:52.036 D/audio_hw_primary( 1089): out_set_parameters: enter: usecase(1: low-latency-playback) kvpairs: suspend_playback=true
11-18 18:31:52.036 I/libc    ( 1272): Requested dump for pid 1272 (surfaceflinger)
11-18 18:31:52.036 D/audio_hw_extn( 1089): audio_extn_fm_set_parameters: Enter
11-18 18:31:52.037 I/init    (    0): Untracked pid 23995 exited with status 0
11-18 18:31:52.037 I/init    (    0): Untracked pid 23995 did not have an associated service entry and will not be reaped
11-18 18:31:52.040 I/init    (    0): Untracked pid 23997 exited with status 0
11-18 18:31:52.040 I/init    (    0): Untracked pid 23997 did not have an associated service entry and will not be reaped
11-18 18:31:52.094 I/crash_dump64(24000): obtaining output fd from tombstoned, type: kDebuggerdNativeBacktrace
11-18 18:31:52.095 I/tombstoned(  768): received crash request for pid 1272
11-18 18:31:52.095 I/tombstoned(  768): found intercept fd 512 for pid 1272 and type kDebuggerdNativeBacktrace
11-18 18:31:52.095 I/crash_dump64(24000): performing dump of process 1272 (target tid = 1272)
11-18 18:31:52.144 I/dumpstate(23783): libdebuggerd_client: done dumping process 1272
11-18 18:31:52.144 W/tombstoned(  768): skipping tombstone file creation due to intercept
11-18 18:31:52.145 I/dumpstate(23783): libdebuggerd_client: started dumping process 1420
11-18 18:31:52.145 I/tombstoned(  768): registered intercept for pid 1420 and type kDebuggerdNativeBacktrace
11-18 18:31:52.145 I/libc    ( 1420): Requested dump for pid 1420 (drmserver)
11-18 18:31:52.149 I/init    (    0): Untracked pid 24000 exited with status 0
11-18 18:31:52.149 I/init    (    0): Untracked pid 24000 did not have an associated service entry and will not be reaped
11-18 18:31:52.155 I/crash_dump32(24005): obtaining output fd from tombstoned, type: kDebuggerdNativeBacktrace
11-18 18:31:52.155 I/tombstoned(  768): received crash request for pid 1420
11-18 18:31:52.156 I/tombstoned(  768): found intercept fd 512 for pid 1420 and type kDebuggerdNativeBacktrace
11-18 18:31:52.156 I/crash_dump32(24005): performing dump of process 1420 (target tid = 1420)
11-18 18:31:52.155 I/init    (    0): Untracked pid 24002 exited with status 0
11-18 18:31:52.155 I/init    (    0): Untracked pid 24002 did not have an associated service entry and will not be reaped
11-18 18:31:52.171 I/dumpstate(23783): libdebuggerd_client: done dumping process 1420
11-18 18:31:52.172 I/dumpstate(23783): libdebuggerd_client: started dumping process 1477
11-18 18:31:52.172 I/tombstoned(  768): registered intercept for pid 1477 and type kDebuggerdNativeBacktrace
11-18 18:31:52.172 I/libc    ( 1477): Requested dump for pid 1477 (cameraserver)
11-18 18:31:52.173 W/tombstoned(  768): skipping tombstone file creation due to intercept
11-18 18:31:52.174 I/init    (    0): Untracked pid 24007 exited with status 0
11-18 18:31:52.174 I/init    (    0): Untracked pid 24007 did not have an associated service entry and will not be reaped
11-18 18:31:52.175 I/init    (    0): Untracked pid 24005 exited with status 0
11-18 18:31:52.175 I/init    (    0): Untracked pid 24005 did not have an associated service entry and will not be reaped
11-18 18:31:52.218 I/crash_dump64(24012): obtaining output fd from tombstoned, type: kDebuggerdNativeBacktrace
11-18 18:31:52.219 I/tombstoned(  768): received crash request for pid 1477
11-18 18:31:52.219 I/tombstoned(  768): found intercept fd 512 for pid 1477 and type kDebuggerdNativeBacktrace
11-18 18:31:52.219 I/crash_dump64(24012): performing dump of process 1477 (target tid = 1477)
11-18 18:31:52.241 I/dumpstate(23783): libdebuggerd_client: done dumping process 1477
11-18 18:31:52.241 I/dumpstate(23783): libdebuggerd_client: started dumping process 1488
11-18 18:31:52.241 W/tombstoned(  768): skipping tombstone file creation due to intercept
11-18 18:31:52.242 I/tombstoned(  768): registered intercept for pid 1488 and type kDebuggerdNativeBacktrace
11-18 18:31:52.244 I/tombstoned(  768): received crash request for pid 1488
11-18 18:31:52.244 I/tombstoned(  768): found intercept fd 512 for pid 1488 and type kDebuggerdNativeBacktrace
11-18 18:31:52.248 I/init    (    0): Untracked pid 24012 exited with status 0
11-18 18:31:52.248 I/init    (    0): Untracked pid 24012 did not have an associated service entry and will not be reaped
11-18 18:31:52.248 I/init    (    0): Untracked pid 24014 exited with status 0
11-18 18:31:52.248 I/init    (    0): Untracked pid 24014 did not have an associated service entry and will not be reaped
11-18 18:31:52.326 I/dumpstate(23783): libdebuggerd_client: done dumping process 1488
11-18 18:31:52.326 W/tombstoned(  768): skipping tombstone file creation due to intercept
11-18 18:31:52.327 I/dumpstate(23783): libdebuggerd_client: started dumping process 1495
11-18 18:31:52.327 I/tombstoned(  768): registered intercept for pid 1495 and type kDebuggerdNativeBacktrace
11-18 18:31:52.327 I/libc    ( 1495): Requested dump for pid 1495 (mediametrics)
11-18 18:31:52.348 I/crash_dump64(24017): obtaining output fd from tombstoned, type: kDebuggerdNativeBacktrace
11-18 18:31:52.349 I/tombstoned(  768): received crash request for pid 1495
11-18 18:31:52.349 I/tombstoned(  768): found intercept fd 512 for pid 1495 and type kDebuggerdNativeBacktrace
11-18 18:31:52.349 I/crash_dump64(24017): performing dump of process 1495 (target tid = 1495)
11-18 18:31:52.364 I/dumpstate(23783): libdebuggerd_client: done dumping process 1495
11-18 18:31:52.364 I/dumpstate(23783): libdebuggerd_client: started dumping process 1500
11-18 18:31:52.365 I/tombstoned(  768): registered intercept for pid 1500 and type kDebuggerdNativeBacktrace
11-18 18:31:52.365 W/tombstoned(  768): skipping tombstone file creation due to intercept
11-18 18:31:52.367 I/libc    ( 1500): Requested dump for pid 1500 (mediaserver)
11-18 18:31:52.370 I/init    (    0): Untracked pid 24017 exited with status 0
11-18 18:31:52.370 I/init    (    0): Untracked pid 24017 did not have an associated service entry and will not be reaped
11-18 18:31:52.370 I/init    (    0): Untracked pid 24019 exited with status 0
11-18 18:31:52.370 I/init    (    0): Untracked pid 24019 did not have an associated service entry and will not be reaped
11-18 18:31:52.415 I/crash_dump32(24022): obtaining output fd from tombstoned, type: kDebuggerdNativeBacktrace
11-18 18:31:52.416 I/tombstoned(  768): received crash request for pid 1500
11-18 18:31:52.416 I/tombstoned(  768): found intercept fd 512 for pid 1500 and type kDebuggerdNativeBacktrace
11-18 18:31:52.416 I/crash_dump32(24022): performing dump of process 1500 (target tid = 1500)
11-18 18:31:52.449 I/dumpstate(23783): libdebuggerd_client: done dumping process 1500
11-18 18:31:52.449 W/tombstoned(  768): skipping tombstone file creation due to intercept
11-18 18:31:52.450 I/dumpstate(23783): libdebuggerd_client: started dumping process 1528
11-18 18:31:52.450 I/tombstoned(  768): registered intercept for pid 1528 and type kDebuggerdNativeBacktrace
11-18 18:31:52.451 I/tombstoned(  768): received crash request for pid 1528
11-18 18:31:52.451 I/tombstoned(  768): found intercept fd 512 for pid 1528 and type kDebuggerdNativeBacktrace
11-18 18:31:52.451 I/init    (    0): Untracked pid 24022 exited with status 0
11-18 18:31:52.451 I/init    (    0): Untracked pid 24022 did not have an associated service entry and will not be reaped
11-18 18:31:52.452 I/init    (    0): Untracked pid 24024 exited with status 0
11-18 18:31:52.452 I/init    (    0): Untracked pid 24024 did not have an associated service entry and will not be reaped
11-18 18:31:52.481 I/qcom_rpmh DRV(    0): apps_rsc TCS Busy, retrying RPMH message send: addr=0x50000
11-18 18:31:52.481 I/qcom_rpmh DRV(    0): apps_rsc TCS Busy, retrying RPMH message send: addr=0x50000
11-18 18:31:52.481 I/qcom_rpmh DRV(    0): apps_rsc TCS Busy, retrying RPMH message send: addr=0x50000
11-18 18:31:52.481 I/qcom_rpmh DRV(    0): apps_rsc TCS Busy, retrying RPMH message send: addr=0x50000
11-18 18:31:52.481 I/qcom_rpmh DRV(    0): apps_rsc TCS Busy, retrying RPMH message send: addr=0x50000
11-18 18:31:52.481 I/qcom_rpmh DRV(    0): apps_rsc TCS Busy, retrying RPMH message send: addr=0x50000
11-18 18:31:52.551 I/ServiceManager(23936): Waiting for service 'lpdump_service' on '/dev/binder' successful after waiting 1001ms
11-18 18:31:52.552 E/lpdumpd (23939): [liblp]bool android::fs_mgr::IsEmptySuperImage(const std::string &) open failed: No such file or directory
11-18 18:31:52.554 E/lpdumpd (23939): [liblp]bool android::fs_mgr::IsEmptySuperImage(const std::string &) open failed: No such file or directory
11-18 18:31:52.554 E/lpdumpd (23939): [liblp]bool android::fs_mgr::IsEmptySuperImage(const std::string &) open failed: No such file or directory
11-18 18:31:52.555 I/init    (    0): processing action (sys.lpdumpd=stop) from (/system/etc/init/lpdumpd.rc:34)
11-18 18:31:52.555 I/init    (    0): Sending signal 9 to service 'lpdumpd' (pid 23939) process group...
11-18 18:31:52.556 D/dumpstate(23783): Duration of 'LPDUMP': 1.04s
11-18 18:31:52.560 I/libprocessgroup(    0): Successfully killed process cgroup uid 1000 pid 23939 in 5ms
11-18 18:31:52.562 I/init    (    0): Service 'lpdumpd' (pid 23939) received signal 9 oneshot service took 1.011000 seconds in background
11-18 18:31:52.563 I/init    (    0): processing action (sys.lpdumpd=stop) from (/system/etc/init/lpdumpd.rc:34)
11-18 18:31:52.569 I/binder  (    0): 24027:24027 ioctl 40046210 7fc985a100 returned -22
11-18 18:31:52.570 I/servicemanager(  634): Since 'gsiservice' could not be found, trying to start it as a lazy AIDL service
11-18 18:31:52.571 I/init    (    0): starting service 'gsid'...
11-18 18:31:52.578 I/init    (    0): Control message: Processed ctl.interface_start for 'aidl/gsiservice' from pid: 634 (/system/bin/servicemanager)
11-18 18:31:52.604 I/binder  (    0): 24029:24029 ioctl 40046210 7fd5077ed0 returned -22
11-18 18:31:52.605 I/AidlLazyServiceRegistrar(24029): Registering service gsiservice
11-18 18:31:52.735 I/dumpstate(23783): libdebuggerd_client: done dumping process 1528
11-18 18:31:52.736 W/tombstoned(  768): skipping tombstone file creation due to intercept
11-18 18:31:52.736 I/Monkey  (16995): :Sending Trackball (ACTION_MOVE): 0:(2.0,0.0)
11-18 18:31:52.736 I/dumpstate(23783): libdebuggerd_client: started dumping process 1569
11-18 18:31:52.737 I/tombstoned(  768): registered intercept for pid 1569 and type kDebuggerdNativeBacktrace
11-18 18:31:52.737 I/QTI PowerHAL( 1116): Power setBoost: 0, duration: 0
11-18 18:31:52.737 I/tombstoned(  768): received crash request for pid 1569
11-18 18:31:52.738 I/tombstoned(  768): found intercept fd 512 for pid 1569 and type kDebuggerdNativeBacktrace
11-18 18:31:52.738 I/Monkey  (16995): :Sending Trackball (ACTION_MOVE): 0:(1.0,-1.0)
11-18 18:31:52.741 I/QTI PowerHAL( 1116): Power setBoost: 0, duration: 0
11-18 18:31:52.741 I/Monkey  (16995): :Sending Trackball (ACTION_MOVE): 0:(0.0,3.0)
11-18 18:31:52.743 I/GoogleInputMethodService( 6971): GoogleInputMethodService.onFinishInput():3274 
11-18 18:31:52.743 I/Monkey  (16995): :Sending Trackball (ACTION_MOVE): 0:(-5.0,-3.0)
11-18 18:31:52.744 I/GoogleInputMethodService( 6971): GoogleInputMethodService.updateDeviceLockedStatus():2166 repeatCheckTimes = 0, unlocked = true
11-18 18:31:52.744 I/GoogleInputMethodService( 6971): GoogleInputMethodService.onStartInput():1957 onStartInput(EditorInfo{inputType=0x0(NULL) imeOptions=0x0 privateImeOptions=null actionName=UNSPECIFIED actionLabel=null actionId=0 initialSelStart=-1 initialSelEnd=-1 initialCapsMode=0x0 hintText=null label=null packageName=com.android.wallpaper fieldId=-1 fieldName=null extras=null}, false)
11-18 18:31:52.745 D/audio_hw_primary( 1089): adev_get_parameters:360ra_upmix_supported_device
11-18 18:31:52.745 D/audio_hw_spkr_prot( 1089): fbsp_get_parameters: Speaker protection disabled
11-18 18:31:52.745 D/soundtrigger( 1089): audio_extn_sound_trigger_get_parameters input string<360ra_upmix_supported_device=>
11-18 18:31:52.745 D/soundtrigger( 1089): extract_sm_handle input string <360ra_upmix_supported_device=> param string <360ra_upmix_supported_device=>
11-18 18:31:52.745 D/audio_hw_extn( 1089): audio_extn_fm_get_parameters: Enter
11-18 18:31:52.745 D/audio_hw_extn( 1089): audio_extn_get_parameters: returns 
11-18 18:31:52.745 D/audio_hw_primary( 1089): adev_get_parameters: exit: returns - 
11-18 18:31:52.745 I/GoogleInputMethodService( 6971): GoogleInputMethodService.shouldHideHeaderOnInitialState():4078 ShouldHideHeaderOnInitialState = false
11-18 18:31:52.745 D/audio_hw_primary( 1089): adev_get_parameters:360ra_upmix_headphone
11-18 18:31:52.746 D/audio_hw_spkr_prot( 1089): fbsp_get_parameters: Speaker protection disabled
11-18 18:31:52.746 D/soundtrigger( 1089): audio_extn_sound_trigger_get_parameters input string<360ra_upmix_headphone=>
11-18 18:31:52.746 D/soundtrigger( 1089): extract_sm_handle input string <360ra_upmix_headphone=> param string <360ra_upmix_headphone=>
11-18 18:31:52.746 D/audio_hw_extn( 1089): audio_extn_fm_get_parameters: Enter
11-18 18:31:52.746 D/audio_hw_extn( 1089): audio_extn_get_parameters: returns 
11-18 18:31:52.746 D/audio_hw_primary( 1089): adev_get_parameters: exit: returns - 
11-18 18:31:52.746 I/GoogleInputMethodService( 6971): GoogleInputMethodService.updateDeviceLockedStatus():2166 repeatCheckTimes = 2, unlocked = true
11-18 18:31:52.746 I/Monkey  (16995): :Sending Trackball (ACTION_MOVE): 0:(4.0,2.0)
11-18 18:31:52.747 D/audio_hw_primary( 1089): out_set_parameters: enter: usecase(1: low-latency-playback) kvpairs: suspend_playback=false
11-18 18:31:52.747 D/audio_hw_extn( 1089): audio_extn_fm_set_parameters: Enter
11-18 18:31:52.747 W/audio_hw_primary( 1089): out_write: underrun(189) frames_by_time(34296) > out->last_fifo_frames_remaining(384)
11-18 18:31:52.747 I/Monkey  (16995): :Sending Trackball (ACTION_MOVE): 0:(-5.0,-5.0)
11-18 18:31:52.748 I/Monkey  (16995): :Sending Trackball (ACTION_MOVE): 0:(-4.0,-2.0)
11-18 18:31:52.750 I/Monkey  (16995): :Sending Trackball (ACTION_MOVE): 0:(-3.0,3.0)
11-18 18:31:52.751 I/Monkey  (16995): :Sending Trackball (ACTION_MOVE): 0:(3.0,2.0)
11-18 18:31:52.752 I/Monkey  (16995): :Sending Trackball (ACTION_MOVE): 0:(0.0,3.0)
11-18 18:31:52.753 I/Monkey  (16995): :Sending Touch (ACTION_DOWN): 0:(284.0,1547.0)
11-18 18:31:52.754 I/Monkey  (16995): :Sending Touch (ACTION_MOVE): 0:(266.8419,1546.9746)
11-18 18:31:52.754 I/QTI PowerHAL( 1116): Power setBoost: 0, duration: 0
11-18 18:31:52.755 I/QTI PowerHAL( 1116): Power setBoost: 0, duration: 0
11-18 18:31:52.760 I/Monkey  (16995): :Sending Touch (ACTION_MOVE): 0:(253.08266,1546.49)
11-18 18:31:52.760 W/InputEventSender(23766): Received 'finished' signal for unknown seq number = 39
11-18 18:31:52.760 W/InputEventSender(23766): Received 'finished' signal for unknown seq number = 40
11-18 18:31:52.760 W/InputEventSender(23766): Received 'finished' signal for unknown seq number = 41
11-18 18:31:52.760 W/InputEventSender(23766): Received 'finished' signal for unknown seq number = 42
11-18 18:31:52.760 W/InputEventSender(23766): Received 'finished' signal for unknown seq number = 43
11-18 18:31:52.760 W/InputEventSender(23766): Received 'finished' signal for unknown seq number = 44
11-18 18:31:52.760 W/InputEventSender(23766): Received 'finished' signal for unknown seq number = 45
11-18 18:31:52.760 W/InputEventSender(23766): Received 'finished' signal for unknown seq number = 46
11-18 18:31:52.763 D/InputDispatcher( 1923): Touch mode switch rejected, caller (pid=0, uid=10251) doesn't own the focused window nor none of the previously interacted window
11-18 18:31:52.765 I/Monkey  (16995): :Sending Touch (ACTION_MOVE): 0:(249.97949,1546.4886)
11-18 18:31:52.766 I/Monkey  (16995): :Sending Touch (ACTION_MOVE): 0:(242.23694,1546.137)
11-18 18:31:52.768 I/Monkey  (16995): :Sending Touch (ACTION_MOVE): 0:(228.01425,1545.8589)
11-18 18:31:52.771 I/Monkey  (16995): :Sending Touch (ACTION_MOVE): 0:(216.24907,1545.1287)
11-18 18:31:52.772 I/Monkey  (16995): :Sending Touch (ACTION_UP): 0:(196.0926,1544.6776)
11-18 18:31:52.772 I/Monkey  (16995): Sleeping for 1000 milliseconds
11-18 18:31:52.775 I/QTI PowerHAL( 1116): Power setBoost: 0, duration: 750
11-18 18:31:52.775 D/audio_hw_primary( 1089): out_set_parameters: enter: usecase(1: low-latency-playback) kvpairs: suspend_playback=true
11-18 18:31:52.775 D/audio_hw_extn( 1089): audio_extn_fm_set_parameters: Enter
11-18 18:31:52.776 D/audio_hw_primary( 1089): out_set_parameters: enter: usecase(1: low-latency-playback) kvpairs: suspend_playback=false
11-18 18:31:52.776 D/audio_hw_extn( 1089): audio_extn_fm_set_parameters: Enter
11-18 18:31:52.783 I/ActivityTaskManager( 1923): START u0 {cmp=com.android.wallpaper/.picker.ViewOnlyPreviewActivity (has extras)} from uid 10251
11-18 18:31:52.784 I/Monkey  (16995):     // Allowing start of Intent { cmp=com.android.wallpaper/.picker.ViewOnlyPreviewActivity } in package com.android.wallpaper
11-18 18:31:52.785 D/CompatibilityChangeReporter( 1923): Compat change id reported: 194480991; UID 10251; state: ENABLED
11-18 18:31:52.791 D/ActivityTrigger( 1923): ActivityTrigger activityPauseTrigger 
11-18 18:31:52.806 I/ActivityTaskManager( 1923): The Process com.android.wallpaper Already Exists in BG. So sending its PID: 23766
11-18 18:31:52.807 W/ActivityTaskManager( 1923): Tried to set launchTime (0) < mLastActivityLaunchTime (1760999)
11-18 18:31:52.809 D/CompatibilityChangeReporter( 1923): Compat change id reported: 168419799; UID 10251; state: DISABLED
11-18 18:31:52.809 D/CompatibilityInfo( 1923): mCompatibilityFlags - 0
11-18 18:31:52.809 D/CompatibilityInfo( 1923): applicationDensity - 420
11-18 18:31:52.809 D/CompatibilityInfo( 1923): applicationScale - 1.0
11-18 18:31:52.847 E/ContextImpl(23766): Tried to access visual service WindowManager from a non-visual Context:com.android.customization.picker.CustomizationPickerApplication@8a45016 WindowManager should be accessed from Activity or other visual Context. Use an Activity or a Context created with Context#createWindowContext(int, Bundle), which are adjusted to the configuration and visual bounds of an area on screen.
11-18 18:31:52.847 E/ContextImpl(23766): java.lang.IllegalAccessException: Tried to access visual service WindowManager from a non-visual Context:com.android.customization.picker.CustomizationPickerApplication@8a45016
11-18 18:31:52.847 E/ContextImpl(23766): 	at android.app.ContextImpl.getSystemService(ContextImpl.java:2115)
11-18 18:31:52.847 E/ContextImpl(23766): 	at android.content.ContextWrapper.getSystemService(ContextWrapper.java:900)
11-18 18:31:52.847 E/ContextImpl(23766): 	at com.android.wallpaper.picker.WallpaperPreviewBitmapTransformation.<init>(WallpaperPreviewBitmapTransformation.java:46)
11-18 18:31:52.847 E/ContextImpl(23766): 	at com.android.wallpaper.picker.PreviewFragment.onCreate(PreviewFragment.java:176)
11-18 18:31:52.847 E/ContextImpl(23766): 	at com.android.wallpaper.picker.LivePreviewFragment.onCreate(LivePreviewFragment.java:127)
11-18 18:31:52.847 E/ContextImpl(23766): 	at androidx.fragment.app.Fragment.performCreate(Fragment.java:2947)
11-18 18:31:52.847 E/ContextImpl(23766): 	at androidx.fragment.app.FragmentStateManager.create(FragmentStateManager.java:455)
11-18 18:31:52.847 E/ContextImpl(23766): 	at androidx.fragment.app.FragmentStateManager.moveToExpectedState(FragmentStateManager.java:255)
11-18 18:31:52.847 E/ContextImpl(23766): 	at androidx.fragment.app.FragmentManager.executeOpsTogether(FragmentManager.java:1797)
11-18 18:31:52.847 E/ContextImpl(23766): 	at androidx.fragment.app.FragmentManager.removeRedundantOperationsAndExecute(FragmentManager.java:1715)
11-18 18:31:52.847 E/ContextImpl(23766): 	at androidx.fragment.app.FragmentManager.execPendingActions(FragmentManager.java:1658)
11-18 18:31:52.847 E/ContextImpl(23766): 	at androidx.fragment.app.FragmentManager.dispatchStateChange(FragmentManager.java:2780)
11-18 18:31:52.847 E/ContextImpl(23766): 	at androidx.fragment.app.FragmentManager.dispatchActivityCreated(FragmentManager.java:2715)
11-18 18:31:52.847 E/ContextImpl(23766): 	at androidx.fragment.app.FragmentController.dispatchActivityCreated(FragmentController.java:262)
11-18 18:31:52.847 E/ContextImpl(23766): 	at androidx.fragment.app.FragmentActivity.onStart(FragmentActivity.java:478)
11-18 18:31:52.847 E/ContextImpl(23766): 	at androidx.appcompat.app.AppCompatActivity.onStart(AppCompatActivity.java:246)
11-18 18:31:52.847 E/ContextImpl(23766): 	at android.app.Instrumentation.callActivityOnStart(Instrumentation.java:1511)
11-18 18:31:52.847 E/ContextImpl(23766): 	at android.app.Activity.performStart(Activity.java:8315)
11-18 18:31:52.847 E/ContextImpl(23766): 	at android.app.ActivityThread.handleStartActivity(ActivityThread.java:3706)
11-18 18:31:52.847 E/ContextImpl(23766): 	at android.app.servertransaction.TransactionExecutor.performLifecycleSequence(TransactionExecutor.java:221)
11-18 18:31:52.847 E/ContextImpl(23766): 	at android.app.servertransaction.TransactionExecutor.cycleToPath(TransactionExecutor.java:201)
11-18 18:31:52.847 E/ContextImpl(23766): 	at android.app.servertransaction.TransactionExecutor.executeLifecycleState(TransactionExecutor.java:173)
11-18 18:31:52.847 E/ContextImpl(23766): 	at android.app.servertransaction.TransactionExecutor.execute(TransactionExecutor.java:97)
11-18 18:31:52.847 E/ContextImpl(23766): 	at android.app.ActivityThread$H.handleMessage(ActivityThread.java:2313)
11-18 18:31:52.847 E/ContextImpl(23766): 	at android.os.Handler.dispatchMessage(Handler.java:106)
11-18 18:31:52.847 E/ContextImpl(23766): 	at android.os.Looper.loopOnce(Looper.java:356)
11-18 18:31:52.847 E/ContextImpl(23766): 	at android.os.Looper.loop(Looper.java:475)
11-18 18:31:52.847 E/ContextImpl(23766): 	at android.app.ActivityThread.main(ActivityThread.java:7954)
11-18 18:31:52.847 E/ContextImpl(23766): 	at java.lang.reflect.Method.invoke(Native Method)
11-18 18:31:52.847 E/ContextImpl(23766): 	at com.android.internal.os.RuntimeInit$MethodAndArgsCaller.run(RuntimeInit.java:548)
11-18 18:31:52.847 E/ContextImpl(23766): 	at com.android.internal.os.ZygoteInit.main(ZygoteInit.java:942)
11-18 18:31:52.850 I/DropBoxManagerService( 1923): add tag=system_app_strictmode isTagEnabled=true flags=0x2
11-18 18:31:52.868 W/BottomSheetBehavior(23766): BottomSheetBehavior now supports multiple callbacks. `setBottomSheetCallback()` removes all existing callbacks, including ones set internally by library authors, which may result in unintended behavior. This may change in the future. Please use `addBottomSheetCallback()` and `removeBottomSheetCallback()` instead to set your own callbacks.
11-18 18:31:52.880 W/BottomSheetBehavior(23766): BottomSheetBehavior now supports multiple callbacks. `setBottomSheetCallback()` removes all existing callbacks, including ones set internally by library authors, which may result in unintended behavior. This may change in the future. Please use `addBottomSheetCallback()` and `removeBottomSheetCallback()` instead to set your own callbacks.
11-18 18:31:52.909 D/CompatibilityChangeReporter( 1923): Compat change id reported: 161145287; UID 10251; state: DISABLED
11-18 18:31:52.918 D/CoreBackPreview( 1923): Window{d875058 u0 com.android.wallpaper/com.android.wallpaper.picker.ViewOnlyPreviewActivity}: Setting back callback OnBackInvokedCallbackInfo{mCallback=android.window.IOnBackInvokedCallback$Stub$Proxy@f4d1a04, mPriority=0}
11-18 18:31:52.920 I/servicemanager(  634): Notifying gsiservice they have clients: 1
11-18 18:31:52.920 I/AidlLazyServiceRegistrar(24029): Process has 1 (of 1 available) client(s) in use after notification gsiservice has clients: 1
11-18 18:31:52.922 W/tombstoned(  768): skipping tombstone file creation due to intercept
11-18 18:31:52.922 I/dumpstate(23783): libdebuggerd_client: done dumping process 1569
11-18 18:31:52.923 I/dumpstate(23783): libdebuggerd_client: started dumping process 1608
11-18 18:31:52.923 I/tombstoned(  768): registered intercept for pid 1608 and type kDebuggerdNativeBacktrace
11-18 18:31:52.924 I/libc    ( 1608): Requested dump for pid 1608 (fingerprint@2.1)
11-18 18:31:52.953 I/crash_dump64(24042): obtaining output fd from tombstoned, type: kDebuggerdNativeBacktrace
11-18 18:31:52.950 I/msm_vidc(    0): err : ffffffff: .....: DBLP Set: status 0
11-18 18:31:52.954 I/tombstoned(  768): received crash request for pid 1608
11-18 18:31:52.954 I/tombstoned(  768): found intercept fd 512 for pid 1608 and type kDebuggerdNativeBacktrace
11-18 18:31:52.955 I/crash_dump64(24042): performing dump of process 1608 (target tid = 1608)
11-18 18:31:52.972 I/dumpstate(23783): libdebuggerd_client: done dumping process 1608
11-18 18:31:52.972 W/tombstoned(  768): skipping tombstone file creation due to intercept
11-18 18:31:52.976 I/dumpstate(23783): libdebuggerd_client: started dumping process 1923
11-18 18:31:52.977 I/init    (    0): Untracked pid 24042 exited with status 0
11-18 18:31:52.977 I/system_server( 1923): Thread[2,tid=1931,WaitingInMainSignalCatcherLoop,Thread*=0xb400007d00d05f50,peer=0x17e40228,"Signal Catcher"]: reacting to signal 3
11-18 18:31:52.977 I/system_server( 1923): 
11-18 18:31:52.977 I/tombstoned(  768): registered intercept for pid 1923 and type kDebuggerdJavaBacktrace
11-18 18:31:52.977 I/init    (    0): Untracked pid 24042 did not have an associated service entry and will not be reaped
11-18 18:31:52.977 I/init    (    0): Untracked pid 24044 exited with status 0
11-18 18:31:52.977 I/init    (    0): Untracked pid 24044 did not have an associated service entry and will not be reaped
11-18 18:31:53.036 D/audio_hw_primary( 1089): out_set_parameters: enter: usecase(1: low-latency-playback) kvpairs: suspend_playback=true
11-18 18:31:53.036 D/audio_hw_extn( 1089): audio_extn_fm_set_parameters: Enter
11-18 18:31:53.113 I/qcom_rpmh DRV(    0): apps_rsc TCS Busy, retrying RPMH message send: addr=0x30010
11-18 18:31:53.173 W/View    (23766): requestLayout() improperly called by android.widget.FrameLayout{3b5bdfd V.E...... ......ID 0,0-724,1690 #7f0a0145 app:id/lock_screen_preview_container} during layout: running second layout pass
11-18 18:31:53.173 W/View    (23766): requestLayout() improperly called by android.widget.TextClock{2f32af2 V.ED..... ......ID 0,0-302,220 #7f0a0146 app:id/lock_time} during layout: running second layout pass
11-18 18:31:53.173 W/View    (23766): requestLayout() improperly called by android.widget.TextClock{1cb3543 V.ED..... ......ID 313,42-396,115 #7f0a021e app:id/sony_clock_3_view_am_pm} during layout: running second layout pass
11-18 18:31:53.173 W/View    (23766): requestLayout() improperly called by android.widget.TextClock{29247c0 V.ED..... ......ID 0,218-496,280 #7f0a0143 app:id/lock_date} during layout: running second layout pass
11-18 18:31:53.178 E/StrictMode(23766): Tried to access the API:ViewConfiguration which needs to have proper configuration from a non-UI Context:com.android.customization.picker.CustomizationPickerApplication@8a45016 The API:ViewConfiguration needs a proper configuration. Use UI contexts such as an activity or a context created via createWindowContext(Display, int, Bundle) or  createConfigurationContext(Configuration) with a proper configuration.
11-18 18:31:53.178 E/StrictMode(23766): java.lang.IllegalAccessException: Tried to access the API:ViewConfiguration which needs to have proper configuration from a non-UI Context:com.android.customization.picker.CustomizationPickerApplication@8a45016
11-18 18:31:53.178 E/StrictMode(23766): 	at android.os.StrictMode.assertConfigurationContext(StrictMode.java:2295)
11-18 18:31:53.178 E/StrictMode(23766): 	at android.view.ViewConfiguration.get(ViewConfiguration.java:526)
11-18 18:31:53.178 E/StrictMode(23766): 	at android.view.View.<init>(View.java:5373)
11-18 18:31:53.178 E/StrictMode(23766): 	at android.widget.ImageView.<init>(ImageView.java:182)
11-18 18:31:53.178 E/StrictMode(23766): 	at com.android.wallpaper.util.WallpaperSurfaceCallback.setupSurfaceWallpaper(WallpaperSurfaceCallback.java:160)
11-18 18:31:53.178 E/StrictMode(23766): 	at com.android.wallpaper.util.WallpaperSurfaceCallback.surfaceCreated(WallpaperSurfaceCallback.java:111)
11-18 18:31:53.178 E/StrictMode(23766): 	at android.view.SurfaceView.updateSurface(SurfaceView.java:1020)
11-18 18:31:53.178 E/StrictMode(23766): 	at android.view.SurfaceView.lambda$new$0$android-view-SurfaceView(SurfaceView.java:160)
11-18 18:31:53.178 E/StrictMode(23766): 	at android.view.SurfaceView$$ExternalSyntheticLambda5.onPreDraw(Unknown Source:2)
11-18 18:31:53.178 E/StrictMode(23766): 	at android.view.ViewTreeObserver.dispatchOnPreDraw(ViewTreeObserver.java:1093)
11-18 18:31:53.178 E/StrictMode(23766): 	at android.view.ViewRootImpl.performTraversals(ViewRootImpl.java:3494)
11-18 18:31:53.178 E/StrictMode(23766): 	at android.view.ViewRootImpl.doTraversal(ViewRootImpl.java:2289)
11-18 18:31:53.178 E/StrictMode(23766): 	at android.view.ViewRootImpl$TraversalRunnable.run(ViewRootImpl.java:8958)
11-18 18:31:53.178 E/StrictMode(23766): 	at android.view.Choreographer$CallbackRecord.run(Choreographer.java:1319)
11-18 18:31:53.178 E/StrictMode(23766): 	at android.view.Choreographer$CallbackRecord.run(Choreographer.java:1327)
11-18 18:31:53.178 E/StrictMode(23766): 	at android.view.Choreographer.doCallbacks(Choreographer.java:985)
11-18 18:31:53.178 E/StrictMode(23766): 	at android.view.Choreographer.doFrame(Choreographer.java:916)
11-18 18:31:53.178 E/StrictMode(23766): 	at android.view.Choreographer$FrameDisplayEventReceiver.run(Choreographer.java:1302)
11-18 18:31:53.178 E/StrictMode(23766): 	at android.os.Handler.handleCallback(Handler.java:942)
11-18 18:31:53.178 E/StrictMode(23766): 	at android.os.Handler.dispatchMessage(Handler.java:99)
11-18 18:31:53.178 E/StrictMode(23766): 	at android.os.Looper.loopOnce(Looper.java:356)
11-18 18:31:53.178 E/StrictMode(23766): 	at android.os.Looper.loop(Looper.java:475)
11-18 18:31:53.178 E/StrictMode(23766): 	at android.app.ActivityThread.main(ActivityThread.java:7954)
11-18 18:31:53.178 E/StrictMode(23766): 	at java.lang.reflect.Method.invoke(Native Method)
11-18 18:31:53.178 E/StrictMode(23766): 	at com.android.internal.os.RuntimeInit$MethodAndArgsCaller.run(RuntimeInit.java:548)
11-18 18:31:53.178 E/StrictMode(23766): 	at com.android.internal.os.ZygoteInit.main(ZygoteInit.java:942)
11-18 18:31:53.181 E/StrictMode(23766): Tried to access the API:ViewConfiguration which needs to have proper configuration from a non-UI Context:com.android.customization.picker.CustomizationPickerApplication@8a45016 The API:ViewConfiguration needs a proper configuration. Use UI contexts such as an activity or a context created via createWindowContext(Display, int, Bundle) or  createConfigurationContext(Configuration) with a proper configuration.
11-18 18:31:53.181 E/StrictMode(23766): java.lang.IllegalAccessException: Tried to access the API:ViewConfiguration which needs to have proper configuration from a non-UI Context:com.android.customization.picker.CustomizationPickerApplication@8a45016
11-18 18:31:53.181 E/StrictMode(23766): 	at android.os.StrictMode.assertConfigurationContext(StrictMode.java:2295)
11-18 18:31:53.181 E/StrictMode(23766): 	at android.view.ViewConfiguration.get(ViewConfiguration.java:526)
11-18 18:31:53.181 E/StrictMode(23766): 	at android.view.ViewRootImpl.<init>(ViewRootImpl.java:921)
11-18 18:31:53.181 E/StrictMode(23766): 	at android.view.ViewRootImpl.<init>(ViewRootImpl.java:891)
11-18 18:31:53.181 E/StrictMode(23766): 	at android.view.SurfaceControlViewHost.<init>(SurfaceControlViewHost.java:313)
11-18 18:31:53.181 E/StrictMode(23766): 	at com.android.wallpaper.util.WallpaperSurfaceCallback.setupSurfaceWallpaper(WallpaperSurfaceCallback.java:181)
11-18 18:31:53.181 E/StrictMode(23766): 	at com.android.wallpaper.util.WallpaperSurfaceCallback.surfaceCreated(WallpaperSurfaceCallback.java:111)
11-18 18:31:53.181 E/StrictMode(23766): 	at android.view.SurfaceView.updateSurface(SurfaceView.java:1020)
11-18 18:31:53.181 E/StrictMode(23766): 	at android.view.SurfaceView.lambda$new$0$android-view-SurfaceView(SurfaceView.java:160)
11-18 18:31:53.181 E/StrictMode(23766): 	at android.view.SurfaceView$$ExternalSyntheticLambda5.onPreDraw(Unknown Source:2)
11-18 18:31:53.181 E/StrictMode(23766): 	at android.view.ViewTreeObserver.dispatchOnPreDraw(ViewTreeObserver.java:1093)
11-18 18:31:53.181 E/StrictMode(23766): 	at android.view.ViewRootImpl.performTraversals(ViewRootImpl.java:3494)
11-18 18:31:53.181 E/StrictMode(23766): 	at android.view.ViewRootImpl.doTraversal(ViewRootImpl.java:2289)
11-18 18:31:53.181 E/StrictMode(23766): 	at android.view.ViewRootImpl$TraversalRunnable.run(ViewRootImpl.java:8958)
11-18 18:31:53.181 E/StrictMode(23766): 	at android.view.Choreographer$CallbackRecord.run(Choreographer.java:1319)
11-18 18:31:53.181 E/StrictMode(23766): 	at android.view.Choreographer$CallbackRecord.run(Choreographer.java:1327)
11-18 18:31:53.181 E/StrictMode(23766): 	at android.view.Choreographer.doCallbacks(Choreographer.java:985)
11-18 18:31:53.181 E/StrictMode(23766): 	at android.view.Choreographer.doFrame(Choreographer.java:916)
11-18 18:31:53.181 E/StrictMode(23766): 	at android.view.Choreographer$FrameDisplayEventReceiver.run(Choreographer.java:1302)
11-18 18:31:53.181 E/StrictMode(23766): 	at android.os.Handler.handleCallback(Handler.java:942)
11-18 18:31:53.181 E/StrictMode(23766): 	at android.os.Handler.dispatchMessage(Handler.java:99)
11-18 18:31:53.181 E/StrictMode(23766): 	at android.os.Looper.loopOnce(Looper.java:356)
11-18 18:31:53.181 E/StrictMode(23766): 	at android.os.Looper.loop(Looper.java:475)
11-18 18:31:53.181 E/StrictMode(23766): 	at android.app.ActivityThread.main(ActivityThread.java:7954)
11-18 18:31:53.181 E/StrictMode(23766): 	at java.lang.reflect.Method.invoke(Native Method)
11-18 18:31:53.181 E/StrictMode(23766): 	at com.android.internal.os.RuntimeInit$MethodAndArgsCaller.run(RuntimeInit.java:548)
11-18 18:31:53.181 E/StrictMode(23766): 	at com.android.internal.os.ZygoteInit.main(ZygoteInit.java:942)
11-18 18:31:53.184 W/WindowManager( 1923): Requires INTERNAL_SYSTEM_WINDOW permission if assign type to input
11-18 18:31:53.190 E/SurfaceSyncer(23766): Failed to find sync for id=0
11-18 18:31:53.198 W/Parcel  (23766): Expecting binder but got null!
11-18 18:31:53.217 W/TransactionTracing( 1272): Could not find layer id -1
11-18 18:31:53.217 W/TransactionTracing( 1272): Could not find layer id -1
11-18 18:31:53.217 W/TransactionTracing( 1272): Could not find layer id -1
11-18 18:31:53.217 W/TransactionTracing( 1272): Could not find layer id -1
11-18 18:31:53.217 W/TransactionTracing( 1272): Could not find layer id -1
11-18 18:31:53.218 I/ActivityTaskManager( 1923): Displayed com.android.wallpaper/.picker.ViewOnlyPreviewActivity: +431ms
11-18 18:31:53.224 W/Parcel  (23766): Expecting binder but got null!
11-18 18:31:53.283 I/QTI PowerHAL( 1116): Power setBoost: 0, duration: 0
11-18 18:31:53.292 I/MMParserExtractor( 1488): Created(0xb4000070c6ed5dd0)
11-18 18:31:53.293 E/MM_OSAL ( 1488): FileSource::FileSource
11-18 18:31:53.293 E/MM_OSAL ( 1488): FileSource::FileSource m_bEveryThingOK 1
11-18 18:31:53.296 D/MediaBufferGroup( 1488): creating MemoryDealer
11-18 18:31:53.306 I/OMXClient( 5782): IOmx service obtained
11-18 18:31:53.306 I/OMXMaster( 1528): makeComponentInstance(OMX.qcom.video.decoder.hevc) in android.hardwar process
11-18 18:31:53.306 D/PlatformConfig( 1528): getInstance: Enter
11-18 18:31:53.306 D/PlatformConfig( 1528): getConfigStoreBool: vpp/enable=false, returning false 
11-18 18:31:53.308 D/PlatformConfig( 1528): getInstance: Enter
11-18 18:31:53.308 D/PlatformConfig( 1528): getInt32 Config name: vidc_dec_log_in value: 0
11-18 18:31:53.308 D/PlatformConfig( 1528): getInstance: Enter
11-18 18:31:53.308 D/PlatformConfig( 1528): getInt32 Config name: vidc_dec_log_out value: 0
11-18 18:31:53.308 D/PlatformConfig( 1528): getInstance: Enter
11-18 18:31:53.308 D/PlatformConfig( 1528): getInt32 Config name: vidc_dec_sec_prefetch_size_internal value: 31457280
11-18 18:31:53.308 D/PlatformConfig( 1528): getInstance: Enter
11-18 18:31:53.308 D/PlatformConfig( 1528): getInt32 Config name: vidc_dec_sec_prefetch_size_output value: 3276800
11-18 18:31:53.308 D/PlatformConfig( 1528): getInstance: Enter
11-18 18:31:53.308 D/PlatformConfig( 1528): getInt32: Returning default
11-18 18:31:53.308 D/PlatformConfig( 1528): getInstance: Enter
11-18 18:31:53.308 D/PlatformConfig( 1528): getInt32 Config name: vidc_dec_thumbnail_yuv_output value: 0
11-18 18:31:53.308 D/PlatformConfig( 1528): getInstance: Enter
11-18 18:31:53.308 D/PlatformConfig( 1528): getInt32: Returning default
11-18 18:31:53.308 D/PlatformConfig( 1528): getInstance: Enter
11-18 18:31:53.308 D/PlatformConfig( 1528): getInt32: Returning default
11-18 18:31:53.308 I/OMX-VDEC-1080P( 1528): component_init: OMX.qcom.video.decoder.hevc : fd=8
11-18 18:31:53.308 E/OMX-VDEC-1080P( 1528): Unsupported output color format for c2d (2141391876)
11-18 18:31:53.308 E/OMX-VDEC-1080P( 1528): Setting color format failed
11-18 18:31:53.308 I/msm_vidc(    0): high: 00000001: ....d: Opening video instance: 0000000000000000, 1
11-18 18:31:53.311 D/PlatformConfig( 1528): getInstance: Enter
11-18 18:31:53.311 D/PlatformConfig( 1528): getInt32: Returning default
11-18 18:31:53.311 D/PlatformConfig( 1528): getInstance: Enter
11-18 18:31:53.311 D/PlatformConfig( 1528): getInt32: Returning default
11-18 18:31:53.311 I/OMX-VDEC-1080P( 1528): omx_vdec::component_init() success : fd=8
11-18 18:31:53.324 D/SurfaceUtils( 5782): connecting to surface 0xb400007d10d0c0a0, reason connectToSurface
11-18 18:31:53.325 I/MediaCodec( 5782): [OMX.qcom.video.decoder.hevc] setting surface generation to 5920777
11-18 18:31:53.325 D/SurfaceUtils( 5782): disconnecting from surface 0xb400007d10d0c0a0, reason connectToSurface(reconnect)
11-18 18:31:53.325 D/SurfaceUtils( 5782): connecting to surface 0xb400007d10d0c0a0, reason connectToSurface(reconnect)
11-18 18:31:53.328 E/OMX-VDEC-1080P( 1528): Extension: OMX.google.android.index.storeANWBufferInMetadata not implemented
11-18 18:31:53.328 E/OMX-VDEC-1080P( 1528): Extension: OMX.google.android.index.configureVideoTunnelMode not implemented
11-18 18:31:53.328 E/OMX-VDEC-1080P( 1528): Extension: OMX.google.android.index.useAndroidNativeBuffer is supported
11-18 18:31:53.328 E/OMX-VDEC-1080P( 1528): get_parameter: unknown param 7f000046
11-18 18:31:53.328 E/OMXNodeInstance( 1528): getParameter(0xf0b50024:qcom.decoder.hevc, ??(0x7f000046)) ERROR: UnsupportedIndex(0x8000101a)
11-18 18:31:53.329 E/OMX-VDEC-1080P( 1528): set_parameter: Error: 0x80001019, setting param 0x7f00005d
11-18 18:31:53.329 E/OMXNodeInstance( 1528): setParameter(0xf0b50024:qcom.decoder.hevc, OMX.google.android.index.allocateNativeHandle(0x7f00005d): Output:1 en=0) ERROR: UnsupportedSetting(0x80001019)
11-18 18:31:53.329 E/OMX-VDEC-1080P( 1528): Extension: OMX.google.android.index.storeANWBufferInMetadata not implemented
11-18 18:31:53.329 E/OMX-VDEC-1080P( 1528): get_parameter: unknown param 6f600011
11-18 18:31:53.329 E/OMXNodeInstance( 1528): getParameter(0xf0b50024:qcom.decoder.hevc, ??(0x6f600011)) ERROR: UnsupportedIndex(0x8000101a)
11-18 18:31:53.329 I/ExtendedACodec( 5782): setupVideoDecoder()
11-18 18:31:53.330 I/ExtendedACodec( 5782): Decoder will be in frame by frame mode
11-18 18:31:53.331 E/OMX-VDEC-1080P( 1528): Setparameter: unknown param 2130706434
11-18 18:31:53.331 E/OMX-VDEC-1080P( 1528): set_parameter: Error: 0x8000101a, setting param 0x7f000002
11-18 18:31:53.331 E/OMXNodeInstance( 1528): setParameter(0xf0b50024:qcom.decoder.hevc, ??(0x7f000002)) ERROR: UnsupportedIndex(0x8000101a)
11-18 18:31:53.331 W/ExtendedACodec( 5782): Failed to set frame packing format on component
11-18 18:31:53.333 E/OMXNodeInstance( 1528): getConfig(0xf0b50024:qcom.decoder.hevc, ??(0x7f000062)) ERROR: UnsupportedSetting(0x80001019)
11-18 18:31:53.345 I/tombstoned(  768): received crash request for pid 1923
11-18 18:31:53.345 I/tombstoned(  768): found intercept fd 512 for pid 1923 and type kDebuggerdJavaBacktrace
11-18 18:31:53.346 I/system_server( 1923): Wrote stack traces to tombstoned
11-18 18:31:53.346 W/tombstoned(  768): skipping tombstone file creation due to intercept
11-18 18:31:53.349 I/dumpstate(23783): libdebuggerd_client: done dumping process 1923
11-18 18:31:53.357 I/GoogleInputMethodService( 6971): GoogleInputMethodService.onFinishInput():3274 
11-18 18:31:53.357 E/OMX-VDEC-1080P( 1528): Extension: OMX.google.android.index.AndroidNativeBufferConsumerUsage not implemented
11-18 18:31:53.357 D/SurfaceUtils( 5782): set up nativeWindow 0xb400007d10d0c0a0 for 1080x2520, color 0x7fa30c06, rotation 0, usage 0x20402900
11-18 18:31:53.358 I/dumpstate(23783): libdebuggerd_client: started dumping process 5638
11-18 18:31:53.359 I/tombstoned(  768): registered intercept for pid 5638 and type kDebuggerdJavaBacktrace
11-18 18:31:53.359 I/ndroid.systemui( 5638): Thread[6,tid=5645,WaitingInMainSignalCatcherLoop,Thread*=0xb400007d00d07b20,peer=0x14dc0258,"Signal Catcher"]: reacting to signal 3
11-18 18:31:53.359 I/ndroid.systemui( 5638): 
11-18 18:31:53.361 W/ResourceManagerService( 1500): Ignoring request to add new resource entry with value <= 0
11-18 18:31:53.363 I/GoogleInputMethodService( 6971): GoogleInputMethodService.updateDeviceLockedStatus():2166 repeatCheckTimes = 0, unlocked = true
11-18 18:31:53.365 I/GoogleInputMethodService( 6971): GoogleInputMethodService.onStartInput():1957 onStartInput(EditorInfo{inputType=0x0(NULL) imeOptions=0x0 privateImeOptions=null actionName=UNSPECIFIED actionLabel=null actionId=0 initialSelStart=-1 initialSelEnd=-1 initialCapsMode=0x0 hintText=null label=null packageName=com.android.wallpaper fieldId=-1 fieldName=null extras=null}, false)
11-18 18:31:53.365 I/GoogleInputMethodService( 6971): GoogleInputMethodService.shouldHideHeaderOnInitialState():4078 ShouldHideHeaderOnInitialState = false
11-18 18:31:53.367 I/GoogleInputMethodService( 6971): GoogleInputMethodService.updateDeviceLockedStatus():2166 repeatCheckTimes = 2, unlocked = true
11-18 18:31:53.464 W/OpenGLRenderer( 5782): Surface doesn't have any previously queued frames, nothing to readback from
11-18 18:31:53.466 W/OpenGLRenderer( 5782): Surface doesn't have any previously queued frames, nothing to readback from
11-18 18:31:53.469 W/OpenGLRenderer( 5782): Surface doesn't have any previously queued frames, nothing to readback from
11-18 18:31:53.470 W/OpenGLRenderer( 5782): Surface doesn't have any previously queued frames, nothing to readback from
11-18 18:31:53.472 E/OMXNodeInstance( 1528): getConfig(0xf0b50024:qcom.decoder.hevc, ??(0x7f000062)) ERROR: UnsupportedSetting(0x80001019)
11-18 18:31:53.475 D/WallpaperService( 5782): Wallpaper has updated the surface:null
11-18 18:31:53.477 W/OpenGLRenderer( 5782): Surface doesn't have any previously queued frames, nothing to readback from
11-18 18:31:53.484 E/OMX-VDEC-1080P( 1528): Extension: OMX.QTI.index.config.video.getdsmode not implemented
11-18 18:31:53.571 W/ServiceManager(24027): Waited one second for gsiservice (is service started? are binder threads started and available?)
11-18 18:31:53.572 I/tombstoned(  768): received crash request for pid 5638
11-18 18:31:53.572 I/tombstoned(  768): found intercept fd 512 for pid 5638 and type kDebuggerdJavaBacktrace
11-18 18:31:53.572 I/ndroid.systemui( 5638): Wrote stack traces to tombstoned
11-18 18:31:53.572 W/tombstoned(  768): skipping tombstone file creation due to intercept
11-18 18:31:53.573 I/dumpstate(23783): libdebuggerd_client: done dumping process 5638
11-18 18:31:53.574 I/dumpstate(23783): libdebuggerd_client: started dumping process 5639
11-18 18:31:53.574 I/tombstoned(  768): registered intercept for pid 5639 and type kDebuggerdJavaBacktrace
11-18 18:31:53.575 I/BpBinder(  634): onLastStrongRef automatically unlinking death recipients: <uncached descriptor>
11-18 18:31:53.578 I/ssioncontroller( 5639): Thread[6,tid=5659,WaitingInMainSignalCatcherLoop,Thread*=0xb400007d00d07b20,peer=0x136c01d0,"Signal Catcher"]: reacting to signal 3
11-18 18:31:53.578 I/ssioncontroller( 5639): 
11-18 18:31:53.581 D/dumpstate(23783): Duration of 'DEVICE-MAPPER': 1.03s
11-18 18:31:53.581 D/dumpstate(23783): Adding dir /metadata/ota (recursive: 1)
11-18 18:31:53.586 I/binder  (    0): undelivered transaction 1083263, process died.
11-18 18:31:53.696 I/tombstoned(  768): received crash request for pid 5639
11-18 18:31:53.697 I/tombstoned(  768): found intercept fd 512 for pid 5639 and type kDebuggerdJavaBacktrace
11-18 18:31:53.697 I/ssioncontroller( 5639): Wrote stack traces to tombstoned
11-18 18:31:53.697 I/dumpstate(23783): libdebuggerd_client: done dumping process 5639
11-18 18:31:53.697 W/tombstoned(  768): skipping tombstone file creation due to intercept
11-18 18:31:53.698 I/dumpstate(23783): libdebuggerd_client: started dumping process 5640
11-18 18:31:53.698 I/tombstoned(  768): registered intercept for pid 5640 and type kDebuggerdJavaBacktrace
11-18 18:31:53.699 I/yericsson.usbux( 5640): Thread[6,tid=5679,WaitingInMainSignalCatcherLoop,Thread*=0xb400007d00d07b20,peer=0x12d801d0,"Signal Catcher"]: reacting to signal 3
11-18 18:31:53.700 I/yericsson.usbux( 5640): 
11-18 18:31:53.734 W/TransactionTracing( 1272): Could not find layer handle 0xb400006cf06e7b90
11-18 18:31:53.738 I/QTI PowerHAL( 1116): Power setBoost: 0, duration: 0
11-18 18:31:53.759 W/InputManager-JNI( 1923): Input channel object 'c1e1de1 com.sonymobile.wallpaper.bt.DefaultWallpaperService (client)' was disposed without first being removed with the input manager!
11-18 18:31:53.764 W/WindowManager( 1923): Failed looking up window session=Session{b957a93 5782:u0a10233} callers=com.android.server.wm.WindowManagerService.windowForClientLocked:5927 com.android.server.wm.WindowManagerService.relayoutWindow:2244 com.android.server.wm.Session.relayout:261 
11-18 18:31:53.773 I/Monkey  (16995): :Sending Trackball (ACTION_MOVE): 0:(0.0,-5.0)
11-18 18:31:53.774 I/QTI PowerHAL( 1116): Power setBoost: 0, duration: 0
