11-18 18:31:59.272 W/CpuPowerCalculator( 1923): UID 10242 CPU cluster # mismatch: Power Profile # 3 actual # 2
11-18 18:31:59.272 W/CpuPowerCalculator( 1923): UID 10242 CPU freq # mismatch: Power Profile # 51 actual # 19
11-18 18:31:59.272 W/CpuPowerCalculator( 1923): UID 10242 CPU freq # mismatch: Power Profile # 51 actual # 19
11-18 18:31:59.272 W/CpuPowerCalculator( 1923): UID 10242 CPU freq # mismatch: Power Profile # 51 actual # 19
11-18 18:31:59.272 W/CpuPowerCalculator( 1923): UID 10239 CPU cluster # mismatch: Power Profile # 3 actual # 2
11-18 18:31:59.272 W/CpuPowerCalculator( 1923): UID 10239 CPU freq # mismatch: Power Profile # 51 actual # 19
11-18 18:31:59.272 W/CpuPowerCalculator( 1923): UID 10239 CPU freq # mismatch: Power Profile # 51 actual # 19
11-18 18:31:59.272 W/CpuPowerCalculator( 1923): UID 10239 CPU freq # mismatch: Power Profile # 51 actual # 19
11-18 18:31:59.272 W/CpuPowerCalculator( 1923): UID 10236 CPU cluster # mismatch: Power Profile # 3 actual # 2
11-18 18:31:59.272 W/CpuPowerCalculator( 1923): UID 10236 CPU freq # mismatch: Power Profile # 51 actual # 19
11-18 18:31:59.272 W/CpuPowerCalculator( 1923): UID 10236 CPU freq # mismatch: Power Profile # 51 actual # 19
11-18 18:31:59.272 W/CpuPowerCalculator( 1923): UID 10236 CPU freq # mismatch: Power Profile # 51 actual # 19
11-18 18:31:59.272 W/CpuPowerCalculator( 1923): UID 10233 CPU cluster # mismatch: Power Profile # 3 actual # 2
11-18 18:31:59.272 W/CpuPowerCalculator( 1923): UID 10233 CPU freq # mismatch: Power Profile # 51 actual # 19
11-18 18:31:59.272 W/CpuPowerCalculator( 1923): UID 10233 CPU freq # mismatch: Power Profile # 51 actual # 19
11-18 18:31:59.272 W/CpuPowerCalculator( 1923): UID 10233 CPU freq # mismatch: Power Profile # 51 actual # 19
11-18 18:31:59.272 W/CpuPowerCalculator( 1923): UID 10228 CPU cluster # mismatch: Power Profile # 3 actual # 2
11-18 18:31:59.272 W/CpuPowerCalculator( 1923): UID 10228 CPU freq # mismatch: Power Profile # 51 actual # 19
11-18 18:31:59.272 W/CpuPowerCalculator( 1923): UID 10228 CPU freq # mismatch: Power Profile # 51 actual # 19
11-18 18:31:59.272 W/CpuPowerCalculator( 1923): UID 10228 CPU freq # mismatch: Power Profile # 51 actual # 19
11-18 18:31:59.272 W/CpuPowerCalculator( 1923): UID 10224 CPU cluster # mismatch: Power Profile # 3 actual # 2
11-18 18:31:59.272 W/CpuPowerCalculator( 1923): UID 10224 CPU freq # mismatch: Power Profile # 51 actual # 19
11-18 18:31:59.272 W/CpuPowerCalculator( 1923): UID 10224 CPU freq # mismatch: Power Profile # 51 actual # 19
11-18 18:31:59.272 W/CpuPowerCalculator( 1923): UID 10224 CPU freq # mismatch: Power Profile # 51 actual # 19
11-18 18:31:59.272 W/CpuPowerCalculator( 1923): UID 10223 CPU cluster # mismatch: Power Profile # 3 actual # 2
11-18 18:31:59.272 W/CpuPowerCalculator( 1923): UID 10223 CPU freq # mismatch: Power Profile # 51 actual # 19
11-18 18:31:59.272 W/CpuPowerCalculator( 1923): UID 10223 CPU freq # mismatch: Power Profile # 51 actual # 19
11-18 18:31:59.272 W/CpuPowerCalculator( 1923): UID 10223 CPU freq # mismatch: Power Profile # 51 actual # 19
11-18 18:31:59.272 W/CpuPowerCalculator( 1923): UID 10221 CPU cluster # mismatch: Power Profile # 3 actual # 2
11-18 18:31:59.272 W/CpuPowerCalculator( 1923): UID 10221 CPU freq # mismatch: Power Profile # 51 actual # 19
11-18 18:31:59.273 W/CpuPowerCalculator( 1923): UID 10221 CPU freq # mismatch: Power Profile # 51 actual # 19
11-18 18:31:59.273 W/CpuPowerCalculator( 1923): UID 10221 CPU freq # mismatch: Power Profile # 51 actual # 19
11-18 18:31:59.273 W/CpuPowerCalculator( 1923): UID 10216 CPU cluster # mismatch: Power Profile # 3 actual # 2
11-18 18:31:59.273 W/CpuPowerCalculator( 1923): UID 10216 CPU freq # mismatch: Power Profile # 51 actual # 19
11-18 18:31:59.273 W/CpuPowerCalculator( 1923): UID 10216 CPU freq # mismatch: Power Profile # 51 actual # 19
11-18 18:31:59.273 W/CpuPowerCalculator( 1923): UID 10216 CPU freq # mismatch: Power Profile # 51 actual # 19
11-18 18:31:59.273 W/CpuPowerCalculator( 1923): UID 10216 CPU freq # mismatch: Power Profile # 51 actual # 19
11-18 18:31:59.273 W/CpuPowerCalculator( 1923): UID 10216 CPU freq # mismatch: Power Profile # 51 actual # 19
11-18 18:31:59.273 W/CpuPowerCalculator( 1923): UID 10215 CPU cluster # mismatch: Power Profile # 3 actual # 2
11-18 18:31:59.273 W/CpuPowerCalculator( 1923): UID 10215 CPU freq # mismatch: Power Profile # 51 actual # 19
11-18 18:31:59.273 W/CpuPowerCalculator( 1923): UID 10215 CPU freq # mismatch: Power Profile # 51 actual # 19
11-18 18:31:59.273 W/CpuPowerCalculator( 1923): UID 10215 CPU freq # mismatch: Power Profile # 51 actual # 19
11-18 18:31:59.273 W/CpuPowerCalculator( 1923): UID 10215 CPU freq # mismatch: Power Profile # 51 actual # 19
11-18 18:31:59.273 W/CpuPowerCalculator( 1923): UID 10215 CPU freq # mismatch: Power Profile # 51 actual # 19
11-18 18:31:59.273 W/CpuPowerCalculator( 1923): UID 10214 CPU cluster # mismatch: Power Profile # 3 actual # 2
11-18 18:31:59.273 W/CpuPowerCalculator( 1923): UID 10214 CPU freq # mismatch: Power Profile # 51 actual # 19
11-18 18:31:59.273 W/CpuPowerCalculator( 1923): UID 10214 CPU freq # mismatch: Power Profile # 51 actual # 19
11-18 18:31:59.273 W/CpuPowerCalculator( 1923): UID 10214 CPU freq # mismatch: Power Profile # 51 actual # 19
11-18 18:31:59.273 W/CpuPowerCalculator( 1923): UID 10212 CPU cluster # mismatch: Power Profile # 3 actual # 2
11-18 18:31:59.273 W/CpuPowerCalculator( 1923): UID 10212 CPU freq # mismatch: Power Profile # 51 actual # 19
11-18 18:31:59.273 W/CpuPowerCalculator( 1923): UID 10212 CPU freq # mismatch: Power Profile # 51 actual # 19
11-18 18:31:59.273 W/CpuPowerCalculator( 1923): UID 10212 CPU freq # mismatch: Power Profile # 51 actual # 19
11-18 18:31:59.273 W/CpuPowerCalculator( 1923): UID 10211 CPU cluster # mismatch: Power Profile # 3 actual # 2
11-18 18:31:59.273 W/CpuPowerCalculator( 1923): UID 10211 CPU freq # mismatch: Power Profile # 51 actual # 19
11-18 18:31:59.273 W/CpuPowerCalculator( 1923): UID 10211 CPU freq # mismatch: Power Profile # 51 actual # 19
11-18 18:31:59.273 W/CpuPowerCalculator( 1923): UID 10211 CPU freq # mismatch: Power Profile # 51 actual # 19
11-18 18:31:59.273 W/CpuPowerCalculator( 1923): UID 10211 CPU freq # mismatch: Power Profile # 51 actual # 19
11-18 18:31:59.273 W/CpuPowerCalculator( 1923): UID 10210 CPU cluster # mismatch: Power Profile # 3 actual # 2
11-18 18:31:59.273 W/CpuPowerCalculator( 1923): UID 10210 CPU freq # mismatch: Power Profile # 51 actual # 19
11-18 18:31:59.273 W/CpuPowerCalculator( 1923): UID 10210 CPU freq # mismatch: Power Profile # 51 actual # 19
11-18 18:31:59.273 W/CpuPowerCalculator( 1923): UID 10210 CPU freq # mismatch: Power Profile # 51 actual # 19
11-18 18:31:59.274 W/CpuPowerCalculator( 1923): UID 10204 CPU cluster # mismatch: Power Profile # 3 actual # 2
11-18 18:31:59.274 W/CpuPowerCalculator( 1923): UID 10204 CPU freq # mismatch: Power Profile # 51 actual # 19
11-18 18:31:59.274 W/CpuPowerCalculator( 1923): UID 10204 CPU freq # mismatch: Power Profile # 51 actual # 19
11-18 18:31:59.274 W/CpuPowerCalculator( 1923): UID 10204 CPU freq # mismatch: Power Profile # 51 actual # 19
11-18 18:31:59.274 W/CpuPowerCalculator( 1923): UID 10203 CPU cluster # mismatch: Power Profile # 3 actual # 2
11-18 18:31:59.274 W/CpuPowerCalculator( 1923): UID 10203 CPU freq # mismatch: Power Profile # 51 actual # 19
11-18 18:31:59.274 W/CpuPowerCalculator( 1923): UID 10203 CPU freq # mismatch: Power Profile # 51 actual # 19
11-18 18:31:59.274 W/CpuPowerCalculator( 1923): UID 10203 CPU freq # mismatch: Power Profile # 51 actual # 19
11-18 18:31:59.274 W/CpuPowerCalculator( 1923): UID 10201 CPU cluster # mismatch: Power Profile # 3 actual # 2
11-18 18:31:59.274 W/CpuPowerCalculator( 1923): UID 10201 CPU freq # mismatch: Power Profile # 51 actual # 19
11-18 18:31:59.274 W/CpuPowerCalculator( 1923): UID 10201 CPU freq # mismatch: Power Profile # 51 actual # 19
11-18 18:31:59.274 W/CpuPowerCalculator( 1923): UID 10201 CPU freq # mismatch: Power Profile # 51 actual # 19
11-18 18:31:59.274 W/CpuPowerCalculator( 1923): UID 10200 CPU cluster # mismatch: Power Profile # 3 actual # 2
11-18 18:31:59.274 W/CpuPowerCalculator( 1923): UID 10200 CPU freq # mismatch: Power Profile # 51 actual # 19
11-18 18:31:59.274 W/CpuPowerCalculator( 1923): UID 10200 CPU freq # mismatch: Power Profile # 51 actual # 19
11-18 18:31:59.274 W/CpuPowerCalculator( 1923): UID 10200 CPU freq # mismatch: Power Profile # 51 actual # 19
11-18 18:31:59.274 W/CpuPowerCalculator( 1923): UID 10198 CPU cluster # mismatch: Power Profile # 3 actual # 2
11-18 18:31:59.274 W/CpuPowerCalculator( 1923): UID 10198 CPU freq # mismatch: Power Profile # 51 actual # 19
11-18 18:31:59.274 W/CpuPowerCalculator( 1923): UID 10198 CPU freq # mismatch: Power Profile # 51 actual # 19
11-18 18:31:59.274 W/CpuPowerCalculator( 1923): UID 10198 CPU freq # mismatch: Power Profile # 51 actual # 19
11-18 18:31:59.274 W/CpuPowerCalculator( 1923): UID 10198 CPU freq # mismatch: Power Profile # 51 actual # 19
11-18 18:31:59.274 W/CpuPowerCalculator( 1923): UID 10198 CPU freq # mismatch: Power Profile # 51 actual # 19
11-18 18:31:59.274 W/CpuPowerCalculator( 1923): UID 10197 CPU cluster # mismatch: Power Profile # 3 actual # 2
11-18 18:31:59.274 W/CpuPowerCalculator( 1923): UID 10197 CPU freq # mismatch: Power Profile # 51 actual # 19
11-18 18:31:59.274 W/CpuPowerCalculator( 1923): UID 10197 CPU freq # mismatch: Power Profile # 51 actual # 19
11-18 18:31:59.274 W/CpuPowerCalculator( 1923): UID 10197 CPU freq # mismatch: Power Profile # 51 actual # 19
11-18 18:31:59.274 W/CpuPowerCalculator( 1923): UID 10196 CPU cluster # mismatch: Power Profile # 3 actual # 2
11-18 18:31:59.274 W/CpuPowerCalculator( 1923): UID 10196 CPU freq # mismatch: Power Profile # 51 actual # 19
11-18 18:31:59.274 W/CpuPowerCalculator( 1923): UID 10196 CPU freq # mismatch: Power Profile # 51 actual # 19
11-18 18:31:59.274 W/CpuPowerCalculator( 1923): UID 10196 CPU freq # mismatch: Power Profile # 51 actual # 19
11-18 18:31:59.274 W/CpuPowerCalculator( 1923): UID 10196 CPU freq # mismatch: Power Profile # 51 actual # 19
11-18 18:31:59.274 W/CpuPowerCalculator( 1923): UID 10196 CPU freq # mismatch: Power Profile # 51 actual # 19
11-18 18:31:59.274 W/CpuPowerCalculator( 1923): UID 10195 CPU cluster # mismatch: Power Profile # 3 actual # 2
11-18 18:31:59.274 W/CpuPowerCalculator( 1923): UID 10195 CPU freq # mismatch: Power Profile # 51 actual # 19
11-18 18:31:59.274 W/CpuPowerCalculator( 1923): UID 10195 CPU freq # mismatch: Power Profile # 51 actual # 19
11-18 18:31:59.274 W/CpuPowerCalculator( 1923): UID 10195 CPU freq # mismatch: Power Profile # 51 actual # 19
11-18 18:31:59.274 W/CpuPowerCalculator( 1923): UID 10195 CPU freq # mismatch: Power Profile # 51 actual # 19
11-18 18:31:59.274 W/CpuPowerCalculator( 1923): UID 10193 CPU cluster # mismatch: Power Profile # 3 actual # 2
11-18 18:31:59.274 W/CpuPowerCalculator( 1923): UID 10193 CPU freq # mismatch: Power Profile # 51 actual # 19
11-18 18:31:59.274 W/CpuPowerCalculator( 1923): UID 10193 CPU freq # mismatch: Power Profile # 51 actual # 19
11-18 18:31:59.274 W/CpuPowerCalculator( 1923): UID 10193 CPU freq # mismatch: Power Profile # 51 actual # 19
11-18 18:31:59.274 W/CpuPowerCalculator( 1923): UID 10192 CPU cluster # mismatch: Power Profile # 3 actual # 2
11-18 18:31:59.274 W/CpuPowerCalculator( 1923): UID 10192 CPU freq # mismatch: Power Profile # 51 actual # 19
11-18 18:31:59.275 W/CpuPowerCalculator( 1923): UID 10192 CPU freq # mismatch: Power Profile # 51 actual # 19
11-18 18:31:59.275 W/CpuPowerCalculator( 1923): UID 10192 CPU freq # mismatch: Power Profile # 51 actual # 19
11-18 18:31:59.275 W/CpuPowerCalculator( 1923): UID 10190 CPU cluster # mismatch: Power Profile # 3 actual # 2
11-18 18:31:59.275 W/CpuPowerCalculator( 1923): UID 10190 CPU freq # mismatch: Power Profile # 51 actual # 19
11-18 18:31:59.275 W/CpuPowerCalculator( 1923): UID 10190 CPU freq # mismatch: Power Profile # 51 actual # 19
11-18 18:31:59.275 W/CpuPowerCalculator( 1923): UID 10190 CPU freq # mismatch: Power Profile # 51 actual # 19
11-18 18:31:59.275 W/CpuPowerCalculator( 1923): UID 10190 CPU freq # mismatch: Power Profile # 51 actual # 19
11-18 18:31:59.275 W/CpuPowerCalculator( 1923): UID 10189 CPU cluster # mismatch: Power Profile # 3 actual # 2
11-18 18:31:59.275 W/CpuPowerCalculator( 1923): UID 10189 CPU freq # mismatch: Power Profile # 51 actual # 19
11-18 18:31:59.275 W/CpuPowerCalculator( 1923): UID 10189 CPU freq # mismatch: Power Profile # 51 actual # 19
11-18 18:31:59.275 W/CpuPowerCalculator( 1923): UID 10189 CPU freq # mismatch: Power Profile # 51 actual # 19
11-18 18:31:59.275 W/CpuPowerCalculator( 1923): UID 10189 CPU freq # mismatch: Power Profile # 51 actual # 19
11-18 18:31:59.275 W/CpuPowerCalculator( 1923): UID 10188 CPU cluster # mismatch: Power Profile # 3 actual # 2
11-18 18:31:59.275 W/CpuPowerCalculator( 1923): UID 10188 CPU freq # mismatch: Power Profile # 51 actual # 19
11-18 18:31:59.275 W/CpuPowerCalculator( 1923): UID 10188 CPU freq # mismatch: Power Profile # 51 actual # 19
11-18 18:31:59.275 W/CpuPowerCalculator( 1923): UID 10188 CPU freq # mismatch: Power Profile # 51 actual # 19
11-18 18:31:59.275 W/CpuPowerCalculator( 1923): UID 10185 CPU cluster # mismatch: Power Profile # 3 actual # 2
11-18 18:31:59.275 W/CpuPowerCalculator( 1923): UID 10185 CPU freq # mismatch: Power Profile # 51 actual # 19
11-18 18:31:59.275 W/CpuPowerCalculator( 1923): UID 10185 CPU freq # mismatch: Power Profile # 51 actual # 19
11-18 18:31:59.275 W/CpuPowerCalculator( 1923): UID 10185 CPU freq # mismatch: Power Profile # 51 actual # 19
11-18 18:31:59.275 W/CpuPowerCalculator( 1923): UID 10184 CPU cluster # mismatch: Power Profile # 3 actual # 2
11-18 18:31:59.275 W/CpuPowerCalculator( 1923): UID 10184 CPU freq # mismatch: Power Profile # 51 actual # 19
11-18 18:31:59.275 W/CpuPowerCalculator( 1923): UID 10184 CPU freq # mismatch: Power Profile # 51 actual # 19
11-18 18:31:59.275 W/CpuPowerCalculator( 1923): UID 10184 CPU freq # mismatch: Power Profile # 51 actual # 19
11-18 18:31:59.275 W/CpuPowerCalculator( 1923): UID 10183 CPU cluster # mismatch: Power Profile # 3 actual # 2
11-18 18:31:59.275 W/CpuPowerCalculator( 1923): UID 10183 CPU freq # mismatch: Power Profile # 51 actual # 19
11-18 18:31:59.275 W/CpuPowerCalculator( 1923): UID 10183 CPU freq # mismatch: Power Profile # 51 actual # 19
11-18 18:31:59.275 W/CpuPowerCalculator( 1923): UID 10183 CPU freq # mismatch: Power Profile # 51 actual # 19
11-18 18:31:59.275 W/CpuPowerCalculator( 1923): UID 10183 CPU freq # mismatch: Power Profile # 51 actual # 19
11-18 18:31:59.275 W/CpuPowerCalculator( 1923): UID 10181 CPU cluster # mismatch: Power Profile # 3 actual # 2
11-18 18:31:59.275 W/CpuPowerCalculator( 1923): UID 10181 CPU freq # mismatch: Power Profile # 51 actual # 19
11-18 18:31:59.275 W/CpuPowerCalculator( 1923): UID 10181 CPU freq # mismatch: Power Profile # 51 actual # 19
11-18 18:31:59.275 W/CpuPowerCalculator( 1923): UID 10181 CPU freq # mismatch: Power Profile # 51 actual # 19
11-18 18:31:59.275 W/CpuPowerCalculator( 1923): UID 10181 CPU freq # mismatch: Power Profile # 51 actual # 19
11-18 18:31:59.275 W/CpuPowerCalculator( 1923): UID 10178 CPU cluster # mismatch: Power Profile # 3 actual # 2
11-18 18:31:59.275 W/CpuPowerCalculator( 1923): UID 10178 CPU freq # mismatch: Power Profile # 51 actual # 19
11-18 18:31:59.275 W/CpuPowerCalculator( 1923): UID 10178 CPU freq # mismatch: Power Profile # 51 actual # 19
11-18 18:31:59.275 W/CpuPowerCalculator( 1923): UID 10178 CPU freq # mismatch: Power Profile # 51 actual # 19
11-18 18:31:59.276 W/CpuPowerCalculator( 1923): UID 10175 CPU cluster # mismatch: Power Profile # 3 actual # 2
11-18 18:31:59.276 W/CpuPowerCalculator( 1923): UID 10175 CPU freq # mismatch: Power Profile # 51 actual # 19
11-18 18:31:59.276 W/CpuPowerCalculator( 1923): UID 10175 CPU freq # mismatch: Power Profile # 51 actual # 19
11-18 18:31:59.276 W/CpuPowerCalculator( 1923): UID 10175 CPU freq # mismatch: Power Profile # 51 actual # 19
11-18 18:31:59.276 W/CpuPowerCalculator( 1923): UID 10175 CPU freq # mismatch: Power Profile # 51 actual # 19
11-18 18:31:59.276 W/CpuPowerCalculator( 1923): UID 10175 CPU freq # mismatch: Power Profile # 51 actual # 19
11-18 18:31:59.276 W/CpuPowerCalculator( 1923): UID 10174 CPU cluster # mismatch: Power Profile # 3 actual # 2
11-18 18:31:59.276 W/CpuPowerCalculator( 1923): UID 10174 CPU freq # mismatch: Power Profile # 51 actual # 19
11-18 18:31:59.276 W/CpuPowerCalculator( 1923): UID 10174 CPU freq # mismatch: Power Profile # 51 actual # 19
11-18 18:31:59.276 W/CpuPowerCalculator( 1923): UID 10174 CPU freq # mismatch: Power Profile # 51 actual # 19
11-18 18:31:59.276 W/CpuPowerCalculator( 1923): UID 10174 CPU freq # mismatch: Power Profile # 51 actual # 19
11-18 18:31:59.276 W/CpuPowerCalculator( 1923): UID 10172 CPU cluster # mismatch: Power Profile # 3 actual # 2
11-18 18:31:59.276 W/CpuPowerCalculator( 1923): UID 10172 CPU freq # mismatch: Power Profile # 51 actual # 19
11-18 18:31:59.276 W/CpuPowerCalculator( 1923): UID 10172 CPU freq # mismatch: Power Profile # 51 actual # 19
11-18 18:31:59.276 W/CpuPowerCalculator( 1923): UID 10172 CPU freq # mismatch: Power Profile # 51 actual # 19
11-18 18:31:59.276 W/CpuPowerCalculator( 1923): UID 10170 CPU cluster # mismatch: Power Profile # 3 actual # 2
11-18 18:31:59.276 W/CpuPowerCalculator( 1923): UID 10170 CPU freq # mismatch: Power Profile # 51 actual # 19
11-18 18:31:59.276 W/CpuPowerCalculator( 1923): UID 10170 CPU freq # mismatch: Power Profile # 51 actual # 19
11-18 18:31:59.276 W/CpuPowerCalculator( 1923): UID 10170 CPU freq # mismatch: Power Profile # 51 actual # 19
11-18 18:31:59.276 W/CpuPowerCalculator( 1923): UID 10170 CPU freq # mismatch: Power Profile # 51 actual # 19
11-18 18:31:59.276 W/CpuPowerCalculator( 1923): UID 10169 CPU cluster # mismatch: Power Profile # 3 actual # 2
11-18 18:31:59.276 W/CpuPowerCalculator( 1923): UID 10169 CPU freq # mismatch: Power Profile # 51 actual # 19
11-18 18:31:59.276 W/CpuPowerCalculator( 1923): UID 10169 CPU freq # mismatch: Power Profile # 51 actual # 19
11-18 18:31:59.276 W/CpuPowerCalculator( 1923): UID 10169 CPU freq # mismatch: Power Profile # 51 actual # 19
11-18 18:31:59.276 W/CpuPowerCalculator( 1923): UID 10168 CPU cluster # mismatch: Power Profile # 3 actual # 2
11-18 18:31:59.276 W/CpuPowerCalculator( 1923): UID 10168 CPU freq # mismatch: Power Profile # 51 actual # 19
11-18 18:31:59.276 W/CpuPowerCalculator( 1923): UID 10168 CPU freq # mismatch: Power Profile # 51 actual # 19
11-18 18:31:59.276 W/CpuPowerCalculator( 1923): UID 10168 CPU freq # mismatch: Power Profile # 51 actual # 19
11-18 18:31:59.276 W/CpuPowerCalculator( 1923): UID 10163 CPU cluster # mismatch: Power Profile # 3 actual # 2
11-18 18:31:59.276 W/CpuPowerCalculator( 1923): UID 10163 CPU freq # mismatch: Power Profile # 51 actual # 19
11-18 18:31:59.276 W/CpuPowerCalculator( 1923): UID 10163 CPU freq # mismatch: Power Profile # 51 actual # 19
11-18 18:31:59.276 W/CpuPowerCalculator( 1923): UID 10163 CPU freq # mismatch: Power Profile # 51 actual # 19
11-18 18:31:59.276 W/CpuPowerCalculator( 1923): UID 10163 CPU freq # mismatch: Power Profile # 51 actual # 19
11-18 18:31:59.276 W/CpuPowerCalculator( 1923): UID 10161 CPU cluster # mismatch: Power Profile # 3 actual # 2
11-18 18:31:59.276 W/CpuPowerCalculator( 1923): UID 10161 CPU freq # mismatch: Power Profile # 51 actual # 19
11-18 18:31:59.276 W/CpuPowerCalculator( 1923): UID 10161 CPU freq # mismatch: Power Profile # 51 actual # 19
11-18 18:31:59.276 W/CpuPowerCalculator( 1923): UID 10161 CPU freq # mismatch: Power Profile # 51 actual # 19
11-18 18:31:59.277 W/CpuPowerCalculator( 1923): UID 10158 CPU cluster # mismatch: Power Profile # 3 actual # 2
11-18 18:31:59.277 W/CpuPowerCalculator( 1923): UID 10158 CPU freq # mismatch: Power Profile # 51 actual # 19
11-18 18:31:59.277 W/CpuPowerCalculator( 1923): UID 10158 CPU freq # mismatch: Power Profile # 51 actual # 19
11-18 18:31:59.277 W/CpuPowerCalculator( 1923): UID 10158 CPU freq # mismatch: Power Profile # 51 actual # 19
11-18 18:31:59.277 W/CpuPowerCalculator( 1923): UID 10158 CPU freq # mismatch: Power Profile # 51 actual # 19
11-18 18:31:59.277 W/CpuPowerCalculator( 1923): UID 10157 CPU cluster # mismatch: Power Profile # 3 actual # 2
11-18 18:31:59.277 W/CpuPowerCalculator( 1923): UID 10157 CPU freq # mismatch: Power Profile # 51 actual # 19
11-18 18:31:59.277 W/CpuPowerCalculator( 1923): UID 10157 CPU freq # mismatch: Power Profile # 51 actual # 19
11-18 18:31:59.277 W/CpuPowerCalculator( 1923): UID 10157 CPU freq # mismatch: Power Profile # 51 actual # 19
11-18 18:31:59.277 W/CpuPowerCalculator( 1923): UID 10156 CPU cluster # mismatch: Power Profile # 3 actual # 2
11-18 18:31:59.277 W/CpuPowerCalculator( 1923): UID 10156 CPU freq # mismatch: Power Profile # 51 actual # 19
11-18 18:31:59.277 W/CpuPowerCalculator( 1923): UID 10156 CPU freq # mismatch: Power Profile # 51 actual # 19
11-18 18:31:59.277 W/CpuPowerCalculator( 1923): UID 10156 CPU freq # mismatch: Power Profile # 51 actual # 19
11-18 18:31:59.277 W/CpuPowerCalculator( 1923): UID 10151 CPU cluster # mismatch: Power Profile # 3 actual # 2
11-18 18:31:59.277 W/CpuPowerCalculator( 1923): UID 10151 CPU freq # mismatch: Power Profile # 51 actual # 19
11-18 18:31:59.277 W/CpuPowerCalculator( 1923): UID 10151 CPU freq # mismatch: Power Profile # 51 actual # 19
11-18 18:31:59.277 W/CpuPowerCalculator( 1923): UID 10151 CPU freq # mismatch: Power Profile # 51 actual # 19
11-18 18:31:59.277 W/CpuPowerCalculator( 1923): UID 10150 CPU cluster # mismatch: Power Profile # 3 actual # 2
11-18 18:31:59.277 W/CpuPowerCalculator( 1923): UID 10150 CPU freq # mismatch: Power Profile # 51 actual # 19
11-18 18:31:59.277 W/CpuPowerCalculator( 1923): UID 10150 CPU freq # mismatch: Power Profile # 51 actual # 19
11-18 18:31:59.277 W/CpuPowerCalculator( 1923): UID 10150 CPU freq # mismatch: Power Profile # 51 actual # 19
11-18 18:31:59.277 W/CpuPowerCalculator( 1923): UID 10148 CPU cluster # mismatch: Power Profile # 3 actual # 2
11-18 18:31:59.277 W/CpuPowerCalculator( 1923): UID 10148 CPU freq # mismatch: Power Profile # 51 actual # 19
11-18 18:31:59.277 W/CpuPowerCalculator( 1923): UID 10148 CPU freq # mismatch: Power Profile # 51 actual # 19
11-18 18:31:59.277 W/CpuPowerCalculator( 1923): UID 10148 CPU freq # mismatch: Power Profile # 51 actual # 19
11-18 18:31:59.277 W/CpuPowerCalculator( 1923): UID 10148 CPU freq # mismatch: Power Profile # 51 actual # 19
11-18 18:31:59.277 W/CpuPowerCalculator( 1923): UID 10147 CPU cluster # mismatch: Power Profile # 3 actual # 2
11-18 18:31:59.277 W/CpuPowerCalculator( 1923): UID 10147 CPU freq # mismatch: Power Profile # 51 actual # 19
11-18 18:31:59.277 W/CpuPowerCalculator( 1923): UID 10147 CPU freq # mismatch: Power Profile # 51 actual # 19
11-18 18:31:59.277 W/CpuPowerCalculator( 1923): UID 10147 CPU freq # mismatch: Power Profile # 51 actual # 19
11-18 18:31:59.277 W/CpuPowerCalculator( 1923): UID 10145 CPU cluster # mismatch: Power Profile # 3 actual # 2
11-18 18:31:59.277 W/CpuPowerCalculator( 1923): UID 10145 CPU freq # mismatch: Power Profile # 51 actual # 19
11-18 18:31:59.277 W/CpuPowerCalculator( 1923): UID 10145 CPU freq # mismatch: Power Profile # 51 actual # 19
11-18 18:31:59.277 W/CpuPowerCalculator( 1923): UID 10145 CPU freq # mismatch: Power Profile # 51 actual # 19
11-18 18:31:59.277 W/CpuPowerCalculator( 1923): UID 10140 CPU cluster # mismatch: Power Profile # 3 actual # 2
11-18 18:31:59.277 W/CpuPowerCalculator( 1923): UID 10140 CPU freq # mismatch: Power Profile # 51 actual # 19
11-18 18:31:59.278 W/CpuPowerCalculator( 1923): UID 10140 CPU freq # mismatch: Power Profile # 51 actual # 19
11-18 18:31:59.278 W/CpuPowerCalculator( 1923): UID 10140 CPU freq # mismatch: Power Profile # 51 actual # 19
11-18 18:31:59.278 W/CpuPowerCalculator( 1923): UID 10139 CPU cluster # mismatch: Power Profile # 3 actual # 2
11-18 18:31:59.278 W/CpuPowerCalculator( 1923): UID 10139 CPU freq # mismatch: Power Profile # 51 actual # 19
11-18 18:31:59.278 W/CpuPowerCalculator( 1923): UID 10139 CPU freq # mismatch: Power Profile # 51 actual # 19
11-18 18:31:59.278 W/CpuPowerCalculator( 1923): UID 10139 CPU freq # mismatch: Power Profile # 51 actual # 19
11-18 18:31:59.278 W/CpuPowerCalculator( 1923): UID 10124 CPU cluster # mismatch: Power Profile # 3 actual # 2
11-18 18:31:59.278 W/CpuPowerCalculator( 1923): UID 10124 CPU freq # mismatch: Power Profile # 51 actual # 19
11-18 18:31:59.278 W/CpuPowerCalculator( 1923): UID 10124 CPU freq # mismatch: Power Profile # 51 actual # 19
11-18 18:31:59.278 W/CpuPowerCalculator( 1923): UID 10124 CPU freq # mismatch: Power Profile # 51 actual # 19
11-18 18:31:59.278 W/CpuPowerCalculator( 1923): UID 10123 CPU cluster # mismatch: Power Profile # 3 actual # 2
11-18 18:31:59.278 W/CpuPowerCalculator( 1923): UID 10123 CPU freq # mismatch: Power Profile # 51 actual # 19
11-18 18:31:59.278 W/CpuPowerCalculator( 1923): UID 10123 CPU freq # mismatch: Power Profile # 51 actual # 19
11-18 18:31:59.278 W/CpuPowerCalculator( 1923): UID 10123 CPU freq # mismatch: Power Profile # 51 actual # 19
11-18 18:31:59.278 W/CpuPowerCalculator( 1923): UID 10123 CPU freq # mismatch: Power Profile # 51 actual # 19
11-18 18:31:59.278 W/CpuPowerCalculator( 1923): UID 10121 CPU cluster # mismatch: Power Profile # 3 actual # 2
11-18 18:31:59.278 W/CpuPowerCalculator( 1923): UID 10121 CPU freq # mismatch: Power Profile # 51 actual # 19
11-18 18:31:59.278 W/CpuPowerCalculator( 1923): UID 10121 CPU freq # mismatch: Power Profile # 51 actual # 19
11-18 18:31:59.278 W/CpuPowerCalculator( 1923): UID 10121 CPU freq # mismatch: Power Profile # 51 actual # 19
11-18 18:31:59.278 W/CpuPowerCalculator( 1923): UID 10118 CPU cluster # mismatch: Power Profile # 3 actual # 2
11-18 18:31:59.278 W/CpuPowerCalculator( 1923): UID 10118 CPU freq # mismatch: Power Profile # 51 actual # 19
11-18 18:31:59.278 W/CpuPowerCalculator( 1923): UID 10118 CPU freq # mismatch: Power Profile # 51 actual # 19
11-18 18:31:59.278 W/CpuPowerCalculator( 1923): UID 10118 CPU freq # mismatch: Power Profile # 51 actual # 19
11-18 18:31:59.278 W/CpuPowerCalculator( 1923): UID 10117 CPU cluster # mismatch: Power Profile # 3 actual # 2
11-18 18:31:59.278 W/CpuPowerCalculator( 1923): UID 10117 CPU freq # mismatch: Power Profile # 51 actual # 19
11-18 18:31:59.278 W/CpuPowerCalculator( 1923): UID 10117 CPU freq # mismatch: Power Profile # 51 actual # 19
11-18 18:31:59.278 W/CpuPowerCalculator( 1923): UID 10117 CPU freq # mismatch: Power Profile # 51 actual # 19
11-18 18:31:59.278 W/CpuPowerCalculator( 1923): UID 10116 CPU cluster # mismatch: Power Profile # 3 actual # 2
11-18 18:31:59.278 W/CpuPowerCalculator( 1923): UID 10116 CPU freq # mismatch: Power Profile # 51 actual # 19
11-18 18:31:59.278 W/CpuPowerCalculator( 1923): UID 10116 CPU freq # mismatch: Power Profile # 51 actual # 19
11-18 18:31:59.278 W/CpuPowerCalculator( 1923): UID 10116 CPU freq # mismatch: Power Profile # 51 actual # 19
11-18 18:31:59.278 W/CpuPowerCalculator( 1923): UID 10115 CPU cluster # mismatch: Power Profile # 3 actual # 2
11-18 18:31:59.278 W/CpuPowerCalculator( 1923): UID 10115 CPU freq # mismatch: Power Profile # 51 actual # 19
11-18 18:31:59.278 W/CpuPowerCalculator( 1923): UID 10115 CPU freq # mismatch: Power Profile # 51 actual # 19
11-18 18:31:59.278 W/CpuPowerCalculator( 1923): UID 10115 CPU freq # mismatch: Power Profile # 51 actual # 19
11-18 18:31:59.278 W/CpuPowerCalculator( 1923): UID 10114 CPU cluster # mismatch: Power Profile # 3 actual # 2
11-18 18:31:59.278 W/CpuPowerCalculator( 1923): UID 10114 CPU freq # mismatch: Power Profile # 51 actual # 19
11-18 18:31:59.278 W/CpuPowerCalculator( 1923): UID 10114 CPU freq # mismatch: Power Profile # 51 actual # 19
11-18 18:31:59.278 W/CpuPowerCalculator( 1923): UID 10114 CPU freq # mismatch: Power Profile # 51 actual # 19
11-18 18:31:59.278 W/CpuPowerCalculator( 1923): UID 10108 CPU cluster # mismatch: Power Profile # 3 actual # 2
11-18 18:31:59.278 W/CpuPowerCalculator( 1923): UID 10108 CPU freq # mismatch: Power Profile # 51 actual # 19
11-18 18:31:59.279 W/CpuPowerCalculator( 1923): UID 10108 CPU freq # mismatch: Power Profile # 51 actual # 19
11-18 18:31:59.279 W/CpuPowerCalculator( 1923): UID 10108 CPU freq # mismatch: Power Profile # 51 actual # 19
11-18 18:31:59.279 W/CpuPowerCalculator( 1923): UID 10108 CPU freq # mismatch: Power Profile # 51 actual # 19
11-18 18:31:59.279 W/CpuPowerCalculator( 1923): UID 10107 CPU cluster # mismatch: Power Profile # 3 actual # 2
11-18 18:31:59.279 W/CpuPowerCalculator( 1923): UID 10107 CPU freq # mismatch: Power Profile # 51 actual # 19
11-18 18:31:59.279 W/CpuPowerCalculator( 1923): UID 10107 CPU freq # mismatch: Power Profile # 51 actual # 19
11-18 18:31:59.279 W/CpuPowerCalculator( 1923): UID 10107 CPU freq # mismatch: Power Profile # 51 actual # 19
11-18 18:31:59.279 W/CpuPowerCalculator( 1923): UID 10103 CPU cluster # mismatch: Power Profile # 3 actual # 2
11-18 18:31:59.279 W/CpuPowerCalculator( 1923): UID 10103 CPU freq # mismatch: Power Profile # 51 actual # 19
11-18 18:31:59.279 W/CpuPowerCalculator( 1923): UID 10103 CPU freq # mismatch: Power Profile # 51 actual # 19
11-18 18:31:59.279 W/CpuPowerCalculator( 1923): UID 10103 CPU freq # mismatch: Power Profile # 51 actual # 19
11-18 18:31:59.279 W/CpuPowerCalculator( 1923): UID 10103 CPU freq # mismatch: Power Profile # 51 actual # 19
11-18 18:31:59.279 W/CpuPowerCalculator( 1923): UID 10101 CPU cluster # mismatch: Power Profile # 3 actual # 2
11-18 18:31:59.279 W/CpuPowerCalculator( 1923): UID 10101 CPU freq # mismatch: Power Profile # 51 actual # 19
11-18 18:31:59.279 W/CpuPowerCalculator( 1923): UID 10101 CPU freq # mismatch: Power Profile # 51 actual # 19
11-18 18:31:59.279 W/CpuPowerCalculator( 1923): UID 10101 CPU freq # mismatch: Power Profile # 51 actual # 19
11-18 18:31:59.279 W/CpuPowerCalculator( 1923): UID 10101 CPU freq # mismatch: Power Profile # 51 actual # 19
11-18 18:31:59.279 W/CpuPowerCalculator( 1923): UID 9999 CPU cluster # mismatch: Power Profile # 3 actual # 2
11-18 18:31:59.279 W/CpuPowerCalculator( 1923): UID 9999 CPU freq # mismatch: Power Profile # 51 actual # 19
11-18 18:31:59.279 W/CpuPowerCalculator( 1923): UID 2998 CPU cluster # mismatch: Power Profile # 3 actual # 2
11-18 18:31:59.279 W/CpuPowerCalculator( 1923): UID 2998 CPU freq # mismatch: Power Profile # 51 actual # 19
11-18 18:31:59.279 W/CpuPowerCalculator( 1923): UID 2997 CPU cluster # mismatch: Power Profile # 3 actual # 2
11-18 18:31:59.279 W/CpuPowerCalculator( 1923): UID 2997 CPU freq # mismatch: Power Profile # 51 actual # 19
11-18 18:31:59.279 W/CpuPowerCalculator( 1923): UID 2987 CPU cluster # mismatch: Power Profile # 3 actual # 2
11-18 18:31:59.279 W/CpuPowerCalculator( 1923): UID 2987 CPU freq # mismatch: Power Profile # 51 actual # 19
11-18 18:31:59.279 W/CpuPowerCalculator( 1923): UID 2906 CPU cluster # mismatch: Power Profile # 3 actual # 2
11-18 18:31:59.279 W/CpuPowerCalculator( 1923): UID 2906 CPU freq # mismatch: Power Profile # 51 actual # 19
11-18 18:31:59.279 W/CpuPowerCalculator( 1923): UID 2903 CPU cluster # mismatch: Power Profile # 3 actual # 2
11-18 18:31:59.279 W/CpuPowerCalculator( 1923): UID 2903 CPU freq # mismatch: Power Profile # 51 actual # 19
11-18 18:31:59.279 W/CpuPowerCalculator( 1923): UID 2000 CPU cluster # mismatch: Power Profile # 3 actual # 2
11-18 18:31:59.279 W/CpuPowerCalculator( 1923): UID 2000 CPU freq # mismatch: Power Profile # 51 actual # 19
11-18 18:31:59.279 W/CpuPowerCalculator( 1923): UID 2000 CPU freq # mismatch: Power Profile # 51 actual # 19
11-18 18:31:59.279 W/CpuPowerCalculator( 1923): UID 2000 CPU freq # mismatch: Power Profile # 51 actual # 19
11-18 18:31:59.279 W/CpuPowerCalculator( 1923): UID 1073 CPU cluster # mismatch: Power Profile # 3 actual # 2
11-18 18:31:59.279 W/CpuPowerCalculator( 1923): UID 1073 CPU freq # mismatch: Power Profile # 51 actual # 19
11-18 18:31:59.279 W/CpuPowerCalculator( 1923): UID 1073 CPU freq # mismatch: Power Profile # 51 actual # 19
11-18 18:31:59.279 W/CpuPowerCalculator( 1923): UID 1073 CPU freq # mismatch: Power Profile # 51 actual # 19
11-18 18:31:59.280 W/CpuPowerCalculator( 1923): UID 1072 CPU cluster # mismatch: Power Profile # 3 actual # 2
11-18 18:31:59.280 W/CpuPowerCalculator( 1923): UID 1072 CPU freq # mismatch: Power Profile # 51 actual # 19
11-18 18:31:59.280 W/CpuPowerCalculator( 1923): UID 1069 CPU cluster # mismatch: Power Profile # 3 actual # 2
11-18 18:31:59.280 W/CpuPowerCalculator( 1923): UID 1069 CPU freq # mismatch: Power Profile # 51 actual # 19
11-18 18:31:59.280 W/CpuPowerCalculator( 1923): UID 1068 CPU cluster # mismatch: Power Profile # 3 actual # 2
11-18 18:31:59.280 W/CpuPowerCalculator( 1923): UID 1068 CPU freq # mismatch: Power Profile # 51 actual # 19
11-18 18:31:59.280 W/CpuPowerCalculator( 1923): UID 1068 CPU freq # mismatch: Power Profile # 51 actual # 19
11-18 18:31:59.280 W/CpuPowerCalculator( 1923): UID 1068 CPU freq # mismatch: Power Profile # 51 actual # 19
11-18 18:31:59.280 W/CpuPowerCalculator( 1923): UID 1067 CPU freq # mismatch: Power Profile # 51 actual # 19
11-18 18:31:59.280 W/CpuPowerCalculator( 1923): UID 1066 CPU cluster # mismatch: Power Profile # 3 actual # 2
11-18 18:31:59.280 W/CpuPowerCalculator( 1923): UID 1066 CPU freq # mismatch: Power Profile # 51 actual # 19
11-18 18:31:59.280 W/CpuPowerCalculator( 1923): UID 1053 CPU cluster # mismatch: Power Profile # 3 actual # 2
11-18 18:31:59.280 W/CpuPowerCalculator( 1923): UID 1053 CPU freq # mismatch: Power Profile # 51 actual # 19
11-18 18:31:59.280 W/CpuPowerCalculator( 1923): UID 1047 CPU cluster # mismatch: Power Profile # 3 actual # 2
11-18 18:31:59.280 W/CpuPowerCalculator( 1923): UID 1047 CPU freq # mismatch: Power Profile # 51 actual # 19
11-18 18:31:59.280 W/CpuPowerCalculator( 1923): UID 1046 CPU cluster # mismatch: Power Profile # 3 actual # 2
11-18 18:31:59.280 W/CpuPowerCalculator( 1923): UID 1046 CPU freq # mismatch: Power Profile # 51 actual # 19
11-18 18:31:59.280 W/CpuPowerCalculator( 1923): UID 1041 CPU cluster # mismatch: Power Profile # 3 actual # 2
11-18 18:31:59.280 W/CpuPowerCalculator( 1923): UID 1041 CPU freq # mismatch: Power Profile # 51 actual # 19
11-18 18:31:59.280 W/CpuPowerCalculator( 1923): UID 1040 CPU cluster # mismatch: Power Profile # 3 actual # 2
11-18 18:31:59.280 W/CpuPowerCalculator( 1923): UID 1040 CPU freq # mismatch: Power Profile # 51 actual # 19
11-18 18:31:59.280 W/CpuPowerCalculator( 1923): UID 1036 CPU cluster # mismatch: Power Profile # 3 actual # 2
11-18 18:31:59.280 W/CpuPowerCalculator( 1923): UID 1036 CPU freq # mismatch: Power Profile # 51 actual # 19
11-18 18:31:59.280 W/CpuPowerCalculator( 1923): UID 1027 CPU cluster # mismatch: Power Profile # 3 actual # 2
11-18 18:31:59.280 W/CpuPowerCalculator( 1923): UID 1027 CPU freq # mismatch: Power Profile # 51 actual # 19
11-18 18:31:59.280 W/CpuPowerCalculator( 1923): UID 1027 CPU freq # mismatch: Power Profile # 51 actual # 19
11-18 18:31:59.280 W/CpuPowerCalculator( 1923): UID 1027 CPU freq # mismatch: Power Profile # 51 actual # 19
11-18 18:31:59.280 W/CpuPowerCalculator( 1923): UID 1021 CPU cluster # mismatch: Power Profile # 3 actual # 2
11-18 18:31:59.280 W/CpuPowerCalculator( 1923): UID 1021 CPU freq # mismatch: Power Profile # 51 actual # 19
11-18 18:31:59.280 W/CpuPowerCalculator( 1923): UID 1019 CPU cluster # mismatch: Power Profile # 3 actual # 2
11-18 18:31:59.280 W/CpuPowerCalculator( 1923): UID 1019 CPU freq # mismatch: Power Profile # 51 actual # 19
11-18 18:31:59.280 W/CpuPowerCalculator( 1923): UID 1017 CPU cluster # mismatch: Power Profile # 3 actual # 2
11-18 18:31:59.280 W/CpuPowerCalculator( 1923): UID 1017 CPU freq # mismatch: Power Profile # 51 actual # 19
11-18 18:31:59.280 W/CpuPowerCalculator( 1923): UID 1013 CPU cluster # mismatch: Power Profile # 3 actual # 2
11-18 18:31:59.280 W/CpuPowerCalculator( 1923): UID 1013 CPU freq # mismatch: Power Profile # 51 actual # 19
11-18 18:31:59.280 W/CpuPowerCalculator( 1923): UID 1010 CPU cluster # mismatch: Power Profile # 3 actual # 2
11-18 18:31:59.280 W/CpuPowerCalculator( 1923): UID 1010 CPU freq # mismatch: Power Profile # 51 actual # 19
11-18 18:31:59.280 W/CpuPowerCalculator( 1923): UID 1003 CPU cluster # mismatch: Power Profile # 3 actual # 2
11-18 18:31:59.280 W/CpuPowerCalculator( 1923): UID 1003 CPU freq # mismatch: Power Profile # 51 actual # 19
11-18 18:31:59.280 W/CpuPowerCalculator( 1923): UID 1002 CPU cluster # mismatch: Power Profile # 3 actual # 2
11-18 18:31:59.281 W/CpuPowerCalculator( 1923): UID 1002 CPU freq # mismatch: Power Profile # 51 actual # 19
11-18 18:31:59.281 W/CpuPowerCalculator( 1923): UID 1002 CPU freq # mismatch: Power Profile # 51 actual # 19
11-18 18:31:59.281 W/CpuPowerCalculator( 1923): UID 1002 CPU freq # mismatch: Power Profile # 51 actual # 19
11-18 18:31:59.281 W/CpuPowerCalculator( 1923): UID 1002 CPU freq # mismatch: Power Profile # 51 actual # 19
11-18 18:31:59.281 W/CpuPowerCalculator( 1923): UID 1001 CPU cluster # mismatch: Power Profile # 3 actual # 2
11-18 18:31:59.281 W/CpuPowerCalculator( 1923): UID 1001 CPU freq # mismatch: Power Profile # 51 actual # 19
11-18 18:31:59.281 W/CpuPowerCalculator( 1923): UID 1001 CPU freq # mismatch: Power Profile # 51 actual # 19
11-18 18:31:59.281 W/CpuPowerCalculator( 1923): UID 1001 CPU freq # mismatch: Power Profile # 51 actual # 19
11-18 18:31:59.281 W/CpuPowerCalculator( 1923): UID 1000 CPU cluster # mismatch: Power Profile # 3 actual # 2
11-18 18:31:59.281 W/CpuPowerCalculator( 1923): UID 1000 CPU freq # mismatch: Power Profile # 51 actual # 19
11-18 18:31:59.281 W/CpuPowerCalculator( 1923): UID 1000 CPU freq # mismatch: Power Profile # 51 actual # 19
11-18 18:31:59.281 W/CpuPowerCalculator( 1923): UID 1000 CPU freq # mismatch: Power Profile # 51 actual # 19
11-18 18:31:59.281 W/CpuPowerCalculator( 1923): UID 0 CPU cluster # mismatch: Power Profile # 3 actual # 2
11-18 18:31:59.281 W/CpuPowerCalculator( 1923): UID 0 CPU freq # mismatch: Power Profile # 51 actual # 19
11-18 18:31:59.724 W/TransactionTracing( 1272): Could not find layer id -1
11-18 18:31:59.724 W/TransactionTracing( 1272): Could not find layer id -1
11-18 18:31:59.874 I/qcom_rpmh DRV(    0): apps_rsc TCS Busy, retrying RPMH message send: addr=0x30010
11-18 18:31:59.886 I/Monkey  (16995): :Sending Touch (ACTION_DOWN): 0:(1059.0,2137.0)
11-18 18:31:59.890 I/QTI PowerHAL( 1116): Power setBoost: 0, duration: 0
11-18 18:31:59.892 I/Monkey  (16995): :Sending Touch (ACTION_MOVE): 0:(1050.4451,2132.262)
11-18 18:31:59.892 I/QTI PowerHAL( 1116): Power setBoost: 0, duration: 0
11-18 18:31:59.894 I/Monkey  (16995): :Sending Touch (ACTION_MOVE): 0:(1048.6871,2130.2551)
11-18 18:31:59.895 I/Monkey  (16995): :Sending Touch (ACTION_UP): 0:(1042.6089,2125.5847)
11-18 18:31:59.896 I/Monkey  (16995): Sleeping for 1000 milliseconds
11-18 18:31:59.959 W/TransactionTracing( 1272): Could not find layer id -1
11-18 18:32:00.113 E/        (    0): [drm:sde_connector_check_status_work:2232] [sde error]Check err_flag status 0
11-18 18:32:00.158 I/qcom_rpmh DRV(    0): apps_rsc TCS Busy, retrying RPMH message send: addr=0x30010
11-18 18:32:00.204 D/audio_hw_primary( 1089): out_set_parameters: enter: usecase(1: low-latency-playback) kvpairs: suspend_playback=false
11-18 18:32:00.204 D/audio_hw_extn( 1089): audio_extn_fm_set_parameters: Enter
11-18 18:32:00.204 W/audio_hw_primary( 1089): out_write: underrun(194) frames_by_time(48199) > out->last_fifo_frames_remaining(384)
11-18 18:32:00.242 D/audio_hw_primary( 1089): out_set_parameters: enter: usecase(1: low-latency-playback) kvpairs: suspend_playback=true
11-18 18:32:00.242 D/audio_hw_extn( 1089): audio_extn_fm_set_parameters: Enter
11-18 18:32:00.881 E/dumpstate(23783): libdebuggerd_client: failed to read status response from tombstoned: Try again
11-18 18:32:00.881 I/tombstoned(  768): intercept for pid 5865 and type kDebuggerdJavaBacktrace terminated: due to input
11-18 18:32:00.882 I/dumpstate(23783): libdebuggerd_client: started dumping process 5895
11-18 18:32:00.882 I/tombstoned(  768): registered intercept for pid 5895 and type kDebuggerdJavaBacktrace
11-18 18:32:00.882 I/riasystemserver( 5895): Thread[5,tid=5901,WaitingInMainSignalCatcherLoop,Thread*=0xb400007d00d19140,peer=0x12f001d0,"Signal Catcher"]: reacting to signal 3
11-18 18:32:00.882 I/riasystemserver( 5895): 
11-18 18:32:00.897 I/Monkey  (16995): :Sending Key (ACTION_DOWN): 82    // KEYCODE_MENU
11-18 18:32:00.899 I/QTI PowerHAL( 1116): Power setBoost: 0, duration: 0
11-18 18:32:00.901 I/QTI PowerHAL( 1116): Power setBoost: 0, duration: 0
11-18 18:32:00.901 I/Monkey  (16995): :Sending Key (ACTION_UP): 82    // KEYCODE_MENU
11-18 18:32:00.907 E/InputEventSender(23766): Exception dispatching finished signal for seq=91
11-18 18:32:00.907 E/MessageQueue-JNI(23766): Exception in MessageQueue callback: handleReceiveCallback
11-18 18:32:00.907 E/MessageQueue-JNI(23766): android.view.InflateException: Binary XML file line #17 in com.android.wallpaper:layout/abc_expanded_menu_layout: Failed to resolve attribute at index 0: TypedValue{t=0x2/d=0x7f04030b a=-1}, theme={InheritanceMap=[id=0x7f12024ecom.android.wallpaper:style/Theme.AppCompat.CompactMenu, id=0x7f12004acom.android.wallpaper:style/Base.Theme.AppCompat.CompactMenu], Themes=[com.android.wallpaper:style/Theme.AppCompat.CompactMenu, forced, com.android.wallpaper:style/WallpaperTheme, forced, com.android.wallpaper:style/WallpaperTheme.Preview, forced, com.android.wallpaper:style/Theme.AppCompat.Empty, forced, android:style/Theme.DeviceDefault.Light.DarkActionBar, forced]}
11-18 18:32:00.907 E/MessageQueue-JNI(23766): Caused by: java.lang.UnsupportedOperationException: Failed to resolve attribute at index 0: TypedValue{t=0x2/d=0x7f04030b a=-1}, theme={InheritanceMap=[id=0x7f12024ecom.android.wallpaper:style/Theme.AppCompat.CompactMenu, id=0x7f12004acom.android.wallpaper:style/Base.Theme.AppCompat.CompactMenu], Themes=[com.android.wallpaper:style/Theme.AppCompat.CompactMenu, forced, com.android.wallpaper:style/WallpaperTheme, forced, com.android.wallpaper:style/WallpaperTheme.Preview, forced, com.android.wallpaper:style/Theme.AppCompat.Empty, forced, android:style/Theme.DeviceDefault.Light.DarkActionBar, forced]}
11-18 18:32:00.907 E/MessageQueue-JNI(23766): 	at android.content.res.TypedArray.getLayoutDimension(TypedArray.java:834)
11-18 18:32:00.907 E/MessageQueue-JNI(23766): 	at android.view.ViewGroup$LayoutParams.setBaseAttributes(ViewGroup.java:8231)
11-18 18:32:00.907 E/MessageQueue-JNI(23766): 	at android.view.ViewGroup$MarginLayoutParams.<init>(ViewGroup.java:8429)
11-18 18:32:00.907 E/MessageQueue-JNI(23766): 	at android.widget.FrameLayout$LayoutParams.<init>(FrameLayout.java:452)
11-18 18:32:00.907 E/MessageQueue-JNI(23766): 	at android.widget.FrameLayout.generateLayoutParams(FrameLayout.java:380)
11-18 18:32:00.907 E/MessageQueue-JNI(23766): 	at android.widget.FrameLayout.generateLayoutParams(FrameLayout.java:58)
11-18 18:32:00.907 E/MessageQueue-JNI(23766): 	at android.view.LayoutInflater.inflate(LayoutInflater.java:673)
11-18 18:32:00.907 E/MessageQueue-JNI(23766): 	at android.view.LayoutInflater.inflate(LayoutInflater.java:538)
11-18 18:32:00.907 E/MessageQueue-JNI(23766): 	at androidx.appcompat.view.menu.ListMenuPresenter.getMenuView(ListMenuPresenter.java:106)
11-18 18:32:00.907 E/MessageQueue-JNI(23766): 	at androidx.appcompat.app.AppCompatDelegateImpl$PanelFeatureState.getListMenuView(AppCompatDelegateImpl.java:2941)
11-18 18:32:00.907 E/MessageQueue-JNI(23766): 	at androidx.appcompat.app.AppCompatDelegateImpl.initializePanelContent(AppCompatDelegateImpl.java:1852)
11-18 18:32:00.907 E/MessageQueue-JNI(23766): 	at androidx.appcompat.app.AppCompatDelegateImpl.openPanel(AppCompatDelegateImpl.java:1691)
11-18 18:32:00.907 E/MessageQueue-JNI(23766): 	at androidx.appcompat.app.AppCompatDelegateImpl.onKeyUpPanel(AppCompatDelegateImpl.java:2059)
11-18 18:32:00.907 E/MessageQueue-JNI(23766): 	at androidx.appcompat.app.AppCompatDelegateImpl.onKeyUp(AppCompatDelegateImpl.java:1481)
11-18 18:32:00.907 E/MessageQueue-JNI(23766): 	at androidx.appcompat.app.AppCompatDelegateImpl.dispatchKeyEvent(AppCompatDelegateImpl.java:1475)
11-18 18:32:00.907 E/MessageQueue-JNI(23766): 	at androidx.appcompat.app.AppCompatDelegateImpl$AppCompatWindowCallback.dispatchKeyEvent(AppCompatDelegateImpl.java:3089)
11-18 18:32:00.907 E/MessageQueue-JNI(23766): 	at com.android.internal.policy.DecorView.dispatchKeyEvent(DecorView.java:417)
11-18 18:32:00.907 E/MessageQueue-JNI(23766): 	at android.view.ViewRootImpl$ViewPostImeInputStage.processKeyEvent(ViewRootImpl.java:6481)
11-18 18:32:00.907 E/MessageQueue-JNI(23766): 	at android.view.ViewRootImpl$ViewPostImeInputStage.onProcess(ViewRootImpl.java:6347)
11-18 18:32:00.907 E/MessageQueue-JNI(23766): 	at android.view.ViewRootImpl$InputStage.deliver(ViewRootImpl.java:5807)
11-18 18:32:00.907 E/MessageQueue-JNI(23766): 	at android.view.ViewRootImpl$InputStage.onDeliverToNext(ViewRootImpl.java:5864)
11-18 18:32:00.907 E/MessageQueue-JNI(23766): 	at android.view.ViewRootImpl$InputStage.forward(ViewRootImpl.java:5830)
11-18 18:32:00.907 E/MessageQueue-JNI(23766): 	at android.view.ViewRootImpl$AsyncInputStage.forward(ViewRootImpl.java:5995)
11-18 18:32:00.907 E/MessageQueue-JNI(23766): 	at android.view.ViewRootImpl$InputStage.apply(ViewRootImpl.java:5838)
11-18 18:32:00.907 E/MessageQueue-JNI(23766): 	at android.view.ViewRootImpl$AsyncInputStage.apply(ViewRootImpl.java:6052)
11-18 18:32:00.907 E/MessageQueue-JNI(23766): 	at android.view.ViewRootImpl$InputStage.deliver(ViewRootImpl.java:5811)
11-18 18:32:00.907 E/MessageQueue-JNI(23766): 	at android.view.ViewRootImpl$InputStage.onDeliverToNext(ViewRootImpl.java:5864)
11-18 18:32:00.907 E/MessageQueue-JNI(23766): 	at android.view.ViewRootImpl$InputStage.forward(ViewRootImpl.java:5830)
11-18 18:32:00.907 E/MessageQueue-JNI(23766): 	at android.view.ViewRootImpl$InputStage.apply(ViewRootImpl.java:5838)
11-18 18:32:00.907 E/MessageQueue-JNI(23766): 	at android.view.ViewRootImpl$InputStage.deliver(ViewRootImpl.java:5811)
11-18 18:32:00.907 E/MessageQueue-JNI(23766): 	at android.view.ViewRootImpl$InputStage.onDeliverToNext(ViewRootImpl.java:5864)
11-18 18:32:00.907 E/MessageQueue-JNI(23766): 	at android.view.ViewRootImpl$InputStage.forward(ViewRootImpl.java:5830)
11-18 18:32:00.907 E/MessageQueue-JNI(23766): 	at android.view.ViewRootImpl$AsyncInputStage.forward(ViewRootImpl.java:6028)
11-18 18:32:00.907 E/MessageQueue-JNI(23766): 	at android.view.ViewRootImpl$ImeInputStage.onFinishedInputEvent(ViewRootImpl.java:6208)
11-18 18:32:00.907 E/MessageQueue-JNI(23766): 	at android.view.inputmethod.InputMethodManager$PendingEvent.run(InputMethodManager.java:3666)
11-18 18:32:00.907 E/MessageQueue-JNI(23766): 	at android.view.inputmethod.InputMethodManager.invokeFinishedInputEventCallback(InputMethodManager.java:3186)
11-18 18:32:00.907 E/MessageQueue-JNI(23766): 	at android.view.inputmethod.InputMethodManager.finishedInputEvent(InputMethodManager.java:3177)
11-18 18:32:00.907 E/MessageQueue-JNI(23766): 	at android.view.inputmethod.InputMethodManager$ImeInputEventSender.onInputEventFinished(InputMethodManager.java:3643)
11-18 18:32:00.907 E/MessageQueue-JNI(23766): 	at android.view.InputEventSender.dispatchInputEventFinished(InputEventSender.java:154)
11-18 18:32:00.907 E/MessageQueue-JNI(23766): 	at android.os.MessageQueue.nativePollOnce(Native Method)
11-18 18:32:00.907 E/MessageQueue-JNI(23766): 	at android.os.MessageQueue.next(MessageQueue.java:338)
11-18 18:32:00.907 E/MessageQueue-JNI(23766): 	at android.os.Looper.loopOnce(Looper.java:301)
11-18 18:32:00.907 E/MessageQueue-JNI(23766): 	at android.os.Looper.loop(Looper.java:475)
11-18 18:32:00.907 E/MessageQueue-JNI(23766): 	at android.app.ActivityThread.main(ActivityThread.java:7954)
11-18 18:32:00.907 E/MessageQueue-JNI(23766): 	at java.lang.reflect.Method.invoke(Native Method)
11-18 18:32:00.907 E/MessageQueue-JNI(23766): 	at com.android.internal.os.RuntimeInit$MethodAndArgsCaller.run(RuntimeInit.java:548)
11-18 18:32:00.907 E/MessageQueue-JNI(23766): 	at com.android.internal.os.ZygoteInit.main(ZygoteInit.java:942)
11-18 18:32:00.908 D/AndroidRuntime(23766): Shutting down VM
11-18 18:32:00.908 E/AndroidRuntime(23766): FATAL EXCEPTION: main
11-18 18:32:00.908 E/AndroidRuntime(23766): Process: com.android.wallpaper, PID: 23766
11-18 18:32:00.908 E/AndroidRuntime(23766): android.view.InflateException: Binary XML file line #17 in com.android.wallpaper:layout/abc_expanded_menu_layout: Failed to resolve attribute at index 0: TypedValue{t=0x2/d=0x7f04030b a=-1}, theme={InheritanceMap=[id=0x7f12024ecom.android.wallpaper:style/Theme.AppCompat.CompactMenu, id=0x7f12004acom.android.wallpaper:style/Base.Theme.AppCompat.CompactMenu], Themes=[com.android.wallpaper:style/Theme.AppCompat.CompactMenu, forced, com.android.wallpaper:style/WallpaperTheme, forced, com.android.wallpaper:style/WallpaperTheme.Preview, forced, com.android.wallpaper:style/Theme.AppCompat.Empty, forced, android:style/Theme.DeviceDefault.Light.DarkActionBar, forced]}
11-18 18:32:00.908 E/AndroidRuntime(23766): Caused by: java.lang.UnsupportedOperationException: Failed to resolve attribute at index 0: TypedValue{t=0x2/d=0x7f04030b a=-1}, theme={InheritanceMap=[id=0x7f12024ecom.android.wallpaper:style/Theme.AppCompat.CompactMenu, id=0x7f12004acom.android.wallpaper:style/Base.Theme.AppCompat.CompactMenu], Themes=[com.android.wallpaper:style/Theme.AppCompat.CompactMenu, forced, com.android.wallpaper:style/WallpaperTheme, forced, com.android.wallpaper:style/WallpaperTheme.Preview, forced, com.android.wallpaper:style/Theme.AppCompat.Empty, forced, android:style/Theme.DeviceDefault.Light.DarkActionBar, forced]}
