11-18 18:40:02.196 D/audio_hw_primary( 1089): out_set_parameters: enter: usecase(1: low-latency-playback) kvpairs: suspend_playback=true
11-18 18:40:02.196 D/audio_hw_extn( 1089): audio_extn_fm_set_parameters: Enter
11-18 18:40:02.196 D/audio_hw_primary( 1089): out_set_parameters: enter: usecase(1: low-latency-playback) kvpairs: suspend_playback=false
11-18 18:40:02.196 D/audio_hw_extn( 1089): audio_extn_fm_set_parameters: Enter
11-18 18:40:02.420 W/TransactionTracing( 1272): Could not find layer handle 0xb400006cf06f3a10
11-18 18:40:02.440 D/audio_hw_primary( 1089): out_set_parameters: enter: usecase(1: low-latency-playback) kvpairs: suspend_playback=true
11-18 18:40:02.440 D/audio_hw_extn( 1089): audio_extn_fm_set_parameters: Enter
11-18 18:40:02.552 I/qcom_rpmh DRV(    0): apps_rsc TCS Busy, retrying RPMH message send: addr=0x30010
11-18 18:40:03.155 I/Monkey  (16995):     //[calendar_time:2022-11-18 18:40:03.154  system_uptime:2255297]
11-18 18:40:03.155 I/Monkey  (16995):     // Sending event #3600
11-18 18:40:03.155 I/Monkey  (16995): :Sending Key (ACTION_DOWN): 82    // KEYCODE_MENU
11-18 18:40:03.156 I/QTI PowerHAL( 1116): Power setBoost: 0, duration: 0
11-18 18:40:03.158 I/QTI PowerHAL( 1116): Power setBoost: 0, duration: 0
11-18 18:40:03.159 I/Monkey  (16995): :Sending Key (ACTION_UP): 82    // KEYCODE_MENU
11-18 18:40:03.161 D/CoreBackPreview( 1923): Window{6089ea4 u0 AtchDlg:com.android.wallpaper/com.android.wallpaper.picker.CustomizationPickerActivity}: Setting back callback null
11-18 18:40:03.162 W/InputManager-JNI( 1923): Input channel object '6089ea4 AtchDlg:com.android.wallpaper/com.android.wallpaper.picker.CustomizationPickerActivity (client)' was disposed without first being removed with the input manager!
11-18 18:40:03.163 I/Monkey  (16995): Sleeping for 1000 milliseconds
11-18 18:40:03.166 D/audio_hw_primary( 1089): adev_get_parameters:360ra_upmix_supported_device
11-18 18:40:03.166 D/audio_hw_spkr_prot( 1089): fbsp_get_parameters: Speaker protection disabled
11-18 18:40:03.166 D/soundtrigger( 1089): audio_extn_sound_trigger_get_parameters input string<360ra_upmix_supported_device=>
11-18 18:40:03.166 D/soundtrigger( 1089): extract_sm_handle input string <360ra_upmix_supported_device=> param string <360ra_upmix_supported_device=>
11-18 18:40:03.166 D/audio_hw_extn( 1089): audio_extn_fm_get_parameters: Enter
11-18 18:40:03.166 D/audio_hw_extn( 1089): audio_extn_get_parameters: returns 
11-18 18:40:03.166 D/audio_hw_primary( 1089): adev_get_parameters: exit: returns - 
11-18 18:40:03.167 D/audio_hw_primary( 1089): adev_get_parameters:360ra_upmix_headphone
11-18 18:40:03.167 D/audio_hw_spkr_prot( 1089): fbsp_get_parameters: Speaker protection disabled
11-18 18:40:03.167 D/soundtrigger( 1089): audio_extn_sound_trigger_get_parameters input string<360ra_upmix_headphone=>
11-18 18:40:03.167 D/soundtrigger( 1089): extract_sm_handle input string <360ra_upmix_headphone=> param string <360ra_upmix_headphone=>
11-18 18:40:03.167 D/audio_hw_extn( 1089): audio_extn_fm_get_parameters: Enter
11-18 18:40:03.167 D/audio_hw_extn( 1089): audio_extn_get_parameters: returns 
11-18 18:40:03.167 D/audio_hw_primary( 1089): adev_get_parameters: exit: returns - 
11-18 18:40:03.173 D/audio_hw_primary( 1089): out_set_parameters: enter: usecase(1: low-latency-playback) kvpairs: suspend_playback=false
11-18 18:40:03.173 D/audio_hw_extn( 1089): audio_extn_fm_set_parameters: Enter
11-18 18:40:03.174 I/QTI PowerHAL( 1116): Power setBoost: 0, duration: 0
11-18 18:40:03.175 W/audio_hw_primary( 1089): out_write: underrun(379) frames_by_time(35421) > out->last_fifo_frames_remaining(384)
11-18 18:40:03.176 V/WindowManager( 1923): Unknown focus tokens, dropping reportFocusChanged
11-18 18:40:03.194 I/GoogleInputMethodService( 6971): GoogleInputMethodService.onFinishInput():3274 
11-18 18:40:03.195 I/GoogleInputMethodService( 6971): GoogleInputMethodService.updateDeviceLockedStatus():2166 repeatCheckTimes = 0, unlocked = true
11-18 18:40:03.195 I/GoogleInputMethodService( 6971): GoogleInputMethodService.onStartInput():1957 onStartInput(EditorInfo{inputType=0x0(NULL) imeOptions=0x0 privateImeOptions=null actionName=UNSPECIFIED actionLabel=null actionId=0 initialSelStart=-1 initialSelEnd=-1 initialCapsMode=0x0 hintText=null label=null packageName=com.android.wallpaper fieldId=2131362422 fieldName=null extras=null}, false)
11-18 18:40:03.195 I/GoogleInputMethodService( 6971): GoogleInputMethodService.shouldHideHeaderOnInitialState():4078 ShouldHideHeaderOnInitialState = false
11-18 18:40:03.196 I/GoogleInputMethodService( 6971): GoogleInputMethodService.updateDeviceLockedStatus():2166 repeatCheckTimes = 2, unlocked = true
11-18 18:40:03.415 D/audio_hw_primary( 1089): out_set_parameters: enter: usecase(1: low-latency-playback) kvpairs: suspend_playback=true
11-18 18:40:03.415 D/audio_hw_extn( 1089): audio_extn_fm_set_parameters: Enter
11-18 18:40:03.522 I/qcom_rpmh DRV(    0): apps_rsc TCS Busy, retrying RPMH message send: addr=0x30010
11-18 18:40:04.164 I/Monkey  (16995): :Sending Touch (ACTION_DOWN): 0:(996.0,102.0)
11-18 18:40:04.165 I/QTI PowerHAL( 1116): Power setBoost: 0, duration: 0
11-18 18:40:04.168 I/QTI PowerHAL( 1116): Power setBoost: 0, duration: 0
11-18 18:40:04.170 I/Monkey  (16995): :Sending Touch (ACTION_UP): 0:(997.8313,82.694084)
11-18 18:40:04.173 I/GoogleInputMethodService( 6971): GoogleInputMethodService.onFinishInput():3274 
11-18 18:40:04.174 I/Monkey  (16995): Sleeping for 1000 milliseconds
11-18 18:40:04.175 I/GoogleInputMethodService( 6971): GoogleInputMethodService.updateDeviceLockedStatus():2166 repeatCheckTimes = 0, unlocked = true
11-18 18:40:04.175 I/GoogleInputMethodService( 6971): GoogleInputMethodService.onStartInput():1957 onStartInput(EditorInfo{inputType=0x0(NULL) imeOptions=0x0 privateImeOptions=null actionName=UNSPECIFIED actionLabel=null actionId=0 initialSelStart=-1 initialSelEnd=-1 initialCapsMode=0x0 hintText=null label=null packageName=com.android.wallpaper fieldId=2131361923 fieldName=null extras=null}, false)
11-18 18:40:04.175 I/GoogleInputMethodService( 6971): GoogleInputMethodService.shouldHideHeaderOnInitialState():4078 ShouldHideHeaderOnInitialState = false
11-18 18:40:04.176 I/GoogleInputMethodService( 6971): GoogleInputMethodService.updateDeviceLockedStatus():2166 repeatCheckTimes = 2, unlocked = true
11-18 18:40:04.292 I/qcom_rpmh DRV(    0): apps_rsc TCS Busy, retrying RPMH message send: addr=0x30010
11-18 18:40:04.416 D/audio_hw_primary( 1089): out_set_parameters: enter: usecase(1: low-latency-playback) kvpairs: suspend_playback=false
11-18 18:40:04.416 D/audio_hw_extn( 1089): audio_extn_fm_set_parameters: Enter
11-18 18:40:04.416 W/audio_hw_primary( 1089): out_write: underrun(380) frames_by_time(48216) > out->last_fifo_frames_remaining(384)
11-18 18:40:04.457 D/audio_hw_primary( 1089): out_set_parameters: enter: usecase(1: low-latency-playback) kvpairs: suspend_playback=true
11-18 18:40:04.457 D/audio_hw_extn( 1089): audio_extn_fm_set_parameters: Enter
11-18 18:40:05.175 I/Monkey  (16995): :Sending Key (ACTION_DOWN): 204    // KEYCODE_LANGUAGE_SWITCH
11-18 18:40:05.176 I/QTI PowerHAL( 1116): Power setBoost: 0, duration: 0
11-18 18:40:05.178 I/QTI PowerHAL( 1116): Power setBoost: 0, duration: 0
11-18 18:40:05.181 I/Monkey  (16995): :Sending Key (ACTION_UP): 204    // KEYCODE_LANGUAGE_SWITCH
11-18 18:40:05.183 I/Monkey  (16995): Sleeping for 1000 milliseconds
11-18 18:40:05.458 D/audio_hw_primary( 1089): out_set_parameters: enter: usecase(1: low-latency-playback) kvpairs: suspend_playback=false
11-18 18:40:05.458 D/audio_hw_extn( 1089): audio_extn_fm_set_parameters: Enter
11-18 18:40:05.458 W/audio_hw_primary( 1089): out_write: underrun(381) frames_by_time(48188) > out->last_fifo_frames_remaining(384)
11-18 18:40:05.497 D/audio_hw_primary( 1089): out_set_parameters: enter: usecase(1: low-latency-playback) kvpairs: suspend_playback=true
11-18 18:40:05.497 D/audio_hw_extn( 1089): audio_extn_fm_set_parameters: Enter
11-18 18:40:06.183 I/Monkey  (16995): :Sending Touch (ACTION_DOWN): 0:(387.0,366.0)
11-18 18:40:06.185 I/QTI PowerHAL( 1116): Power setBoost: 0, duration: 0
11-18 18:40:06.186 I/QTI PowerHAL( 1116): Power setBoost: 0, duration: 0
11-18 18:40:06.186 I/Monkey  (16995): :Sending Touch (ACTION_UP): 0:(388.33206,365.41138)
11-18 18:40:06.187 I/Monkey  (16995): Sleeping for 1000 milliseconds
11-18 18:40:06.196 I/ActivityTaskManager( 1923): START u0 {act=android.content.pm.action.REQUEST_PERMISSIONS pkg=com.google.android.permissioncontroller cmp=com.google.android.permissioncontroller/com.android.permissioncontroller.permission.ui.GrantPermissionsActivity (has extras)} from uid 10251
11-18 18:40:06.196 I/Monkey  (16995):     // Allowing start of Intent { act=android.content.pm.action.REQUEST_PERMISSIONS pkg=com.google.android.permissioncontroller cmp=com.google.android.permissioncontroller/com.android.permissioncontroller.permission.ui.GrantPermissionsActivity } in package com.google.android.permissioncontroller
11-18 18:40:06.202 D/audio_hw_primary( 1089): adev_get_parameters:360ra_upmix_supported_device
11-18 18:40:06.202 D/audio_hw_spkr_prot( 1089): fbsp_get_parameters: Speaker protection disabled
11-18 18:40:06.202 D/soundtrigger( 1089): audio_extn_sound_trigger_get_parameters input string<360ra_upmix_supported_device=>
11-18 18:40:06.202 D/soundtrigger( 1089): extract_sm_handle input string <360ra_upmix_supported_device=> param string <360ra_upmix_supported_device=>
11-18 18:40:06.202 D/audio_hw_extn( 1089): audio_extn_fm_get_parameters: Enter
11-18 18:40:06.202 D/audio_hw_extn( 1089): audio_extn_get_parameters: returns 
11-18 18:40:06.202 D/audio_hw_primary( 1089): adev_get_parameters: exit: returns - 
11-18 18:40:06.203 D/audio_hw_primary( 1089): adev_get_parameters:360ra_upmix_headphone
11-18 18:40:06.203 D/audio_hw_spkr_prot( 1089): fbsp_get_parameters: Speaker protection disabled
11-18 18:40:06.203 D/soundtrigger( 1089): audio_extn_sound_trigger_get_parameters input string<360ra_upmix_headphone=>
11-18 18:40:06.203 D/soundtrigger( 1089): extract_sm_handle input string <360ra_upmix_headphone=> param string <360ra_upmix_headphone=>
11-18 18:40:06.203 D/audio_hw_extn( 1089): audio_extn_fm_get_parameters: Enter
11-18 18:40:06.203 D/audio_hw_extn( 1089): audio_extn_get_parameters: returns 
11-18 18:40:06.203 D/audio_hw_primary( 1089): adev_get_parameters: exit: returns - 
11-18 18:40:06.205 D/audio_hw_primary( 1089): out_set_parameters: enter: usecase(1: low-latency-playback) kvpairs: suspend_playback=false
11-18 18:40:06.205 D/audio_hw_extn( 1089): audio_extn_fm_set_parameters: Enter
11-18 18:40:06.207 W/audio_hw_primary( 1089): out_write: underrun(382) frames_by_time(34114) > out->last_fifo_frames_remaining(384)
11-18 18:40:06.208 D/ActivityTrigger( 1923): ActivityTrigger activityPauseTrigger 
11-18 18:40:06.225 I/ActivityTaskManager( 1923): The Process com.google.android.permissioncontroller Already Exists in BG. So sending its PID: 5639
11-18 18:40:06.227 W/ActivityTaskManager( 1923): Tried to set launchTime (0) < mLastActivityLaunchTime (2247288)
11-18 18:40:06.229 D/CompatibilityInfo( 1923): mCompatibilityFlags - 0
11-18 18:40:06.229 D/CompatibilityInfo( 1923): applicationDensity - 420
11-18 18:40:06.229 D/CompatibilityInfo( 1923): applicationScale - 1.0
11-18 18:40:06.239 I/android_os_HwBinder( 1923): HwBinder: Starting thread pool for getting: vendor.semc.hardware.display@2.0::IDisplay/default
11-18 18:40:06.241 D/DisplayBoosterService( 1923): DisplayColorManager: get persist.vendor.colorgamut.mode : 1
11-18 18:40:06.241 D/DisplayBoosterService( 1923): BacklightBoostManager: No need to boost
11-18 18:40:06.245 E/ActivityThread( 7450): Failed to find provider info for com.sony.songpal.mdr.application.mdr_info
11-18 18:40:06.247 D/AutofillManager( 5639): Fill dialog is enabled:false, hints=[]
11-18 18:40:06.251 I/android_os_HwBinder( 7362): HwBinder: Starting thread pool for getting: vendor.semc.system.idd@1.0::IIdd/default
11-18 18:40:06.272 D/CoreBackPreview( 1923): Window{f99e335 u0 com.google.android.permissioncontroller/com.android.permissioncontroller.permission.ui.GrantPermissionsActivity}: Setting back callback OnBackInvokedCallbackInfo{mCallback=android.window.IOnBackInvokedCallback$Stub$Proxy@927db1, mPriority=0}
11-18 18:40:06.312 I/ActivityTaskManager( 1923): Displayed com.google.android.permissioncontroller/com.android.permissioncontroller.permission.ui.GrantPermissionsActivity: +113ms
11-18 18:40:06.318 W/TransactionTracing( 1272): Could not find layer handle 0xb400006cf06f2930
11-18 18:40:06.318 W/TransactionTracing( 1272): Could not find layer handle 0xb400006cf0685af0
11-18 18:40:06.334 I/QTI PowerHAL( 1116): Power setBoost: 0, duration: 0
11-18 18:40:06.334 I/QTI PowerHAL( 1116): Power setBoost: 0, duration: 0
11-18 18:40:06.442 D/audio_hw_primary( 1089): out_set_parameters: enter: usecase(1: low-latency-playback) kvpairs: suspend_playback=true
11-18 18:40:06.442 D/audio_hw_extn( 1089): audio_extn_fm_set_parameters: Enter
11-18 18:40:06.513 E/        (    0): [drm:sde_connector_check_status_work:2232] [sde error]Check err_flag status 0
11-18 18:40:06.752 W/TransactionTracing( 1272): Could not find layer id -1
11-18 18:40:06.769 W/TransactionTracing( 1272): Could not find layer id -1
11-18 18:40:06.769 W/TransactionTracing( 1272): Could not find layer id -1
11-18 18:40:06.769 E/dumpstate( 6331): libdebuggerd_client: failed to read status response from tombstoned: Try again
11-18 18:40:06.769 I/tombstoned(  768): intercept for pid 5865 and type kDebuggerdJavaBacktrace terminated: due to input
11-18 18:40:06.770 I/dumpstate( 6331): libdebuggerd_client: started dumping process 5895
11-18 18:40:06.770 I/tombstoned(  768): registered intercept for pid 5895 and type kDebuggerdJavaBacktrace
11-18 18:40:06.770 I/riasystemserver( 5895): Thread[5,tid=5901,WaitingInMainSignalCatcherLoop,Thread*=0xb400007d00d19140,peer=0x12cc01d0,"Signal Catcher"]: reacting to signal 3
11-18 18:40:06.770 I/riasystemserver( 5895): 
11-18 18:40:06.803 I/tombstoned(  768): received crash request for pid 5895
11-18 18:40:06.803 I/tombstoned(  768): found intercept fd 512 for pid 5895 and type kDebuggerdJavaBacktrace
11-18 18:40:06.803 I/dumpstate( 6331): libdebuggerd_client: done dumping process 5895
11-18 18:40:06.803 I/riasystemserver( 5895): Wrote stack traces to tombstoned
11-18 18:40:06.803 W/tombstoned(  768): skipping tombstone file creation due to intercept
11-18 18:40:06.804 I/dumpstate( 6331): libdebuggerd_client: started dumping process 5914
11-18 18:40:06.804 I/tombstoned(  768): registered intercept for pid 5914 and type kDebuggerdJavaBacktrace
11-18 18:40:06.804 I/lligent.iengine( 5914): Thread[2,tid=5919,WaitingInMainSignalCatcherLoop,Thread*=0xb400007d00d0ce90,peer=0x12cc01d0,"Signal Catcher"]: reacting to signal 3
11-18 18:40:06.804 I/lligent.iengine( 5914): 
11-18 18:40:06.826 I/tombstoned(  768): received crash request for pid 5914
11-18 18:40:06.826 I/tombstoned(  768): found intercept fd 512 for pid 5914 and type kDebuggerdJavaBacktrace
11-18 18:40:06.827 I/lligent.iengine( 5914): Wrote stack traces to tombstoned
11-18 18:40:06.827 W/tombstoned(  768): skipping tombstone file creation due to intercept
11-18 18:40:06.827 I/dumpstate( 6331): libdebuggerd_client: done dumping process 5914
11-18 18:40:06.828 I/dumpstate( 6331): libdebuggerd_client: started dumping process 5929
11-18 18:40:06.828 I/tombstoned(  768): registered intercept for pid 5929 and type kDebuggerdJavaBacktrace
11-18 18:40:06.828 I/.dataservices( 5929): Thread[6,tid=5942,WaitingInMainSignalCatcherLoop,Thread*=0xb400007d00d07b20,peer=0x12d001d0,"Signal Catcher"]: reacting to signal 3
11-18 18:40:06.828 I/.dataservices( 5929): 
11-18 18:40:06.862 I/tombstoned(  768): received crash request for pid 5929
11-18 18:40:06.862 I/tombstoned(  768): found intercept fd 512 for pid 5929 and type kDebuggerdJavaBacktrace
11-18 18:40:06.863 I/dumpstate( 6331): libdebuggerd_client: done dumping process 5929
11-18 18:40:06.863 I/.dataservices( 5929): Wrote stack traces to tombstoned
11-18 18:40:06.863 W/tombstoned(  768): skipping tombstone file creation due to intercept
11-18 18:40:06.864 I/dumpstate( 6331): libdebuggerd_client: started dumping process 5935
11-18 18:40:06.864 I/tombstoned(  768): registered intercept for pid 5935 and type kDebuggerdJavaBacktrace
11-18 18:40:06.864 I/qtidataservices( 5935): Thread[5,tid=5961,WaitingInMainSignalCatcherLoop,Thread*=0xb400007d00d19140,peer=0x12cc01d0,"Signal Catcher"]: reacting to signal 3
11-18 18:40:06.864 I/qtidataservices( 5935): 
11-18 18:40:06.916 I/tombstoned(  768): received crash request for pid 5935
11-18 18:40:06.916 I/tombstoned(  768): found intercept fd 512 for pid 5935 and type kDebuggerdJavaBacktrace
11-18 18:40:06.916 I/dumpstate( 6331): libdebuggerd_client: done dumping process 5935
11-18 18:40:06.916 I/qtidataservices( 5935): Wrote stack traces to tombstoned
11-18 18:40:06.916 W/tombstoned(  768): skipping tombstone file creation due to intercept
11-18 18:40:06.917 I/dumpstate( 6331): libdebuggerd_client: started dumping process 5952
11-18 18:40:06.917 I/tombstoned(  768): registered intercept for pid 5952 and type kDebuggerdJavaBacktrace
11-18 18:40:06.917 I/com.qti.phone( 5952): Thread[6,tid=5966,WaitingInMainSignalCatcherLoop,Thread*=0xb400007d00d07b20,peer=0x12cc01d0,"Signal Catcher"]: reacting to signal 3
11-18 18:40:06.917 I/com.qti.phone( 5952): 
11-18 18:40:06.953 I/tombstoned(  768): received crash request for pid 5952
11-18 18:40:06.953 I/tombstoned(  768): found intercept fd 512 for pid 5952 and type kDebuggerdJavaBacktrace
11-18 18:40:06.954 I/com.qti.phone( 5952): Wrote stack traces to tombstoned
11-18 18:40:06.954 I/dumpstate( 6331): libdebuggerd_client: done dumping process 5952
11-18 18:40:06.954 W/tombstoned(  768): skipping tombstone file creation due to intercept
11-18 18:40:06.955 I/dumpstate( 6331): libdebuggerd_client: started dumping process 5955
11-18 18:40:06.955 I/tombstoned(  768): registered intercept for pid 5955 and type kDebuggerdJavaBacktrace
11-18 18:40:06.955 I/mm.qtil.aptxacu( 5955): Thread[5,tid=5995,WaitingInMainSignalCatcherLoop,Thread*=0xb400007d00d19140,peer=0x12cc01d0,"Signal Catcher"]: reacting to signal 3
11-18 18:40:06.955 I/mm.qtil.aptxacu( 5955): 
11-18 18:40:06.979 I/tombstoned(  768): received crash request for pid 5955
11-18 18:40:06.979 I/tombstoned(  768): found intercept fd 512 for pid 5955 and type kDebuggerdJavaBacktrace
11-18 18:40:06.979 I/dumpstate( 6331): libdebuggerd_client: done dumping process 5955
11-18 18:40:06.980 W/tombstoned(  768): skipping tombstone file creation due to intercept
11-18 18:40:06.980 I/mm.qtil.aptxacu( 5955): Wrote stack traces to tombstoned
11-18 18:40:06.980 I/dumpstate( 6331): libdebuggerd_client: started dumping process 5972
11-18 18:40:06.980 I/tombstoned(  768): registered intercept for pid 5972 and type kDebuggerdJavaBacktrace
11-18 18:40:06.980 I/mm.qtil.aptxals( 5972): Thread[2,tid=6001,WaitingInMainSignalCatcherLoop,Thread*=0xb400007d00d0ce90,peer=0x12cc01d0,"Signal Catcher"]: reacting to signal 3
11-18 18:40:06.980 I/mm.qtil.aptxals( 5972): 
11-18 18:40:07.013 I/tombstoned(  768): received crash request for pid 5972
11-18 18:40:07.013 I/tombstoned(  768): found intercept fd 512 for pid 5972 and type kDebuggerdJavaBacktrace
11-18 18:40:07.013 W/tombstoned(  768): skipping tombstone file creation due to intercept
11-18 18:40:07.013 I/mm.qtil.aptxals( 5972): Wrote stack traces to tombstoned
11-18 18:40:07.014 I/dumpstate( 6331): libdebuggerd_client: done dumping process 5972
11-18 18:40:07.014 I/dumpstate( 6331): libdebuggerd_client: started dumping process 5996
11-18 18:40:07.014 I/tombstoned(  768): registered intercept for pid 5996 and type kDebuggerdJavaBacktrace
11-18 18:40:07.014 I/esdk.sysservice( 5996): Thread[5,tid=6036,WaitingInMainSignalCatcherLoop,Thread*=0xb400007d00d19140,peer=0x12cc01d0,"Signal Catcher"]: reacting to signal 3
11-18 18:40:07.015 I/esdk.sysservice( 5996): 
11-18 18:40:07.044 I/tombstoned(  768): received crash request for pid 5996
11-18 18:40:07.044 I/tombstoned(  768): found intercept fd 512 for pid 5996 and type kDebuggerdJavaBacktrace
11-18 18:40:07.045 I/dumpstate( 6331): libdebuggerd_client: done dumping process 5996
11-18 18:40:07.045 I/esdk.sysservice( 5996): Wrote stack traces to tombstoned
11-18 18:40:07.045 W/tombstoned(  768): skipping tombstone file creation due to intercept
11-18 18:40:07.046 I/dumpstate( 6331): libdebuggerd_client: started dumping process 6027
11-18 18:40:07.046 I/tombstoned(  768): registered intercept for pid 6027 and type kDebuggerdJavaBacktrace
11-18 18:40:07.046 I/.codeaurora.ims( 6027): Thread[5,tid=6049,WaitingInMainSignalCatcherLoop,Thread*=0xb400007d00d19140,peer=0x12d001d0,"Signal Catcher"]: reacting to signal 3
11-18 18:40:07.046 I/.codeaurora.ims( 6027): 
11-18 18:40:07.078 I/tombstoned(  768): received crash request for pid 6027
11-18 18:40:07.078 I/tombstoned(  768): found intercept fd 512 for pid 6027 and type kDebuggerdJavaBacktrace
11-18 18:40:07.079 I/dumpstate( 6331): libdebuggerd_client: done dumping process 6027
11-18 18:40:07.079 W/tombstoned(  768): skipping tombstone file creation due to intercept
11-18 18:40:07.079 I/.codeaurora.ims( 6027): Wrote stack traces to tombstoned
11-18 18:40:07.079 I/dumpstate( 6331): libdebuggerd_client: started dumping process 6051
11-18 18:40:07.079 I/tombstoned(  768): registered intercept for pid 6051 and type kDebuggerdJavaBacktrace
11-18 18:40:07.079 I/bile.enterprise( 6051): Thread[5,tid=6072,WaitingInMainSignalCatcherLoop,Thread*=0xb400007d00d19140,peer=0x12cc01d0,"Signal Catcher"]: reacting to signal 3
11-18 18:40:07.079 I/bile.enterprise( 6051): 
11-18 18:40:07.105 I/tombstoned(  768): received crash request for pid 6051
11-18 18:40:07.105 I/tombstoned(  768): found intercept fd 512 for pid 6051 and type kDebuggerdJavaBacktrace
11-18 18:40:07.105 I/dumpstate( 6331): libdebuggerd_client: done dumping process 6051
11-18 18:40:07.105 I/bile.enterprise( 6051): Wrote stack traces to tombstoned
11-18 18:40:07.105 W/tombstoned(  768): skipping tombstone file creation due to intercept
11-18 18:40:07.106 I/dumpstate( 6331): libdebuggerd_client: started dumping process 6076
11-18 18:40:07.106 I/tombstoned(  768): registered intercept for pid 6076 and type kDebuggerdJavaBacktrace
11-18 18:40:07.106 I/tssystemservice( 6076): Thread[2,tid=6092,WaitingInMainSignalCatcherLoop,Thread*=0xb400007d00d0ce90,peer=0x12cc01d0,"Signal Catcher"]: reacting to signal 3
11-18 18:40:07.106 I/tssystemservice( 6076): 
11-18 18:40:07.131 I/tombstoned(  768): received crash request for pid 6076
11-18 18:40:07.131 I/tombstoned(  768): found intercept fd 512 for pid 6076 and type kDebuggerdJavaBacktrace
11-18 18:40:07.132 W/tombstoned(  768): skipping tombstone file creation due to intercept
11-18 18:40:07.132 I/tssystemservice( 6076): Wrote stack traces to tombstoned
11-18 18:40:07.132 I/dumpstate( 6331): libdebuggerd_client: done dumping process 6076
11-18 18:40:07.132 I/dumpstate( 6331): libdebuggerd_client: started dumping process 6117
11-18 18:40:07.133 I/tombstoned(  768): registered intercept for pid 6117 and type kDebuggerdJavaBacktrace
11-18 18:40:07.133 I/com.android.se( 6117): Thread[3,tid=6132,WaitingInMainSignalCatcherLoop,Thread*=0xb400007d00d05f50,peer=0x12cc01d0,"Signal Catcher"]: reacting to signal 3
11-18 18:40:07.133 I/com.android.se( 6117): 
11-18 18:40:07.158 I/tombstoned(  768): received crash request for pid 6117
11-18 18:40:07.158 I/tombstoned(  768): found intercept fd 512 for pid 6117 and type kDebuggerdJavaBacktrace
11-18 18:40:07.158 W/tombstoned(  768): skipping tombstone file creation due to intercept
11-18 18:40:07.158 I/com.android.se( 6117): Wrote stack traces to tombstoned
11-18 18:40:07.158 I/dumpstate( 6331): libdebuggerd_client: done dumping process 6117
11-18 18:40:07.159 I/dumpstate( 6331): libdebuggerd_client: started dumping process 6126
11-18 18:40:07.159 I/tombstoned(  768): registered intercept for pid 6126 and type kDebuggerdJavaBacktrace
11-18 18:40:07.159 I/on.crashmonitor( 6126): Thread[5,tid=6153,WaitingInMainSignalCatcherLoop,Thread*=0xb400007d00d19140,peer=0x12cc01d0,"Signal Catcher"]: reacting to signal 3
11-18 18:40:07.159 I/on.crashmonitor( 6126): 
11-18 18:40:07.184 I/qcom_rpmh DRV(    0): apps_rsc TCS Busy, retrying RPMH message send: addr=0x30010
11-18 18:40:07.188 I/Monkey  (16995): :Sending Key (ACTION_DOWN): 22    // KEYCODE_DPAD_RIGHT
11-18 18:40:07.189 I/QTI PowerHAL( 1116): Power setBoost: 0, duration: 0
11-18 18:40:07.191 I/Monkey  (16995): :Sending Key (ACTION_UP): 22    // KEYCODE_DPAD_RIGHT
11-18 18:40:07.191 D/InputDispatcher( 1923): Touch mode switch rejected, caller (pid=0, uid=10330) doesn't own the focused window nor none of the previously interacted window
11-18 18:40:07.191 I/tombstoned(  768): received crash request for pid 6126
11-18 18:40:07.191 I/tombstoned(  768): found intercept fd 512 for pid 6126 and type kDebuggerdJavaBacktrace
11-18 18:40:07.192 I/on.crashmonitor( 6126): Wrote stack traces to tombstoned
11-18 18:40:07.192 I/dumpstate( 6331): libdebuggerd_client: done dumping process 6126
11-18 18:40:07.192 W/tombstoned(  768): skipping tombstone file creation due to intercept
11-18 18:40:07.192 I/dumpstate( 6331): libdebuggerd_client: started dumping process 6148
11-18 18:40:07.193 I/tombstoned(  768): registered intercept for pid 6148 and type kDebuggerdJavaBacktrace
11-18 18:40:07.193 I/QTI PowerHAL( 1116): Power setBoost: 0, duration: 0
11-18 18:40:07.193 I/atisticsservice( 6148): Thread[5,tid=6173,WaitingInMainSignalCatcherLoop,Thread*=0xb400007d00d19140,peer=0x12d001d0,"Signal Catcher"]: reacting to signal 3
11-18 18:40:07.193 I/atisticsservice( 6148): 
11-18 18:40:07.194 I/Monkey  (16995): Sleeping for 1000 milliseconds
11-18 18:40:07.232 I/tombstoned(  768): received crash request for pid 6148
11-18 18:40:07.232 I/tombstoned(  768): found intercept fd 512 for pid 6148 and type kDebuggerdJavaBacktrace
11-18 18:40:07.233 I/dumpstate( 6331): libdebuggerd_client: done dumping process 6148
11-18 18:40:07.233 I/atisticsservice( 6148): Wrote stack traces to tombstoned
11-18 18:40:07.233 W/tombstoned(  768): skipping tombstone file creation due to intercept
11-18 18:40:07.233 I/dumpstate( 6331): libdebuggerd_client: started dumping process 6166
11-18 18:40:07.234 I/tombstoned(  768): registered intercept for pid 6166 and type kDebuggerdJavaBacktrace
11-18 18:40:07.234 I/.dropbox.system( 6166): Thread[5,tid=6185,WaitingInMainSignalCatcherLoop,Thread*=0xb400007d00d19140,peer=0x12cc01d0,"Signal Catcher"]: reacting to signal 3
11-18 18:40:07.234 I/.dropbox.system( 6166): 
11-18 18:40:07.268 I/tombstoned(  768): received crash request for pid 6166
11-18 18:40:07.268 I/tombstoned(  768): found intercept fd 512 for pid 6166 and type kDebuggerdJavaBacktrace
11-18 18:40:07.268 I/.dropbox.system( 6166): Wrote stack traces to tombstoned
11-18 18:40:07.268 W/tombstoned(  768): skipping tombstone file creation due to intercept
11-18 18:40:07.268 I/dumpstate( 6331): libdebuggerd_client: done dumping process 6166
11-18 18:40:07.270 I/dumpstate( 6331): libdebuggerd_client: started dumping process 6187
11-18 18:40:07.270 I/tombstoned(  768): registered intercept for pid 6187 and type kDebuggerdJavaBacktrace
11-18 18:40:07.270 I/m.android.phone( 6187): Thread[6,tid=6207,WaitingInMainSignalCatcherLoop,Thread*=0xb400007d00d07b20,peer=0x12f801d0,"Signal Catcher"]: reacting to signal 3
11-18 18:40:07.270 I/m.android.phone( 6187): 
11-18 18:40:07.320 I/tombstoned(  768): received crash request for pid 6187
11-18 18:40:07.320 I/tombstoned(  768): found intercept fd 512 for pid 6187 and type kDebuggerdJavaBacktrace
11-18 18:40:07.320 I/dumpstate( 6331): libdebuggerd_client: done dumping process 6187
11-18 18:40:07.320 I/m.android.phone( 6187): Wrote stack traces to tombstoned
11-18 18:40:07.320 W/tombstoned(  768): skipping tombstone file creation due to intercept
11-18 18:40:07.322 I/dumpstate( 6331): libdebuggerd_client: started dumping process 6197
11-18 18:40:07.322 I/tombstoned(  768): registered intercept for pid 6197 and type kDebuggerdJavaBacktrace
11-18 18:40:07.322 I/mobile.launcher( 6197): Thread[2,tid=6225,WaitingInMainSignalCatcherLoop,Thread*=0xb400007d00d0ce90,peer=0x130001d0,"Signal Catcher"]: reacting to signal 3
11-18 18:40:07.322 I/mobile.launcher( 6197): 
11-18 18:40:07.393 I/tombstoned(  768): received crash request for pid 6197
11-18 18:40:07.393 I/tombstoned(  768): found intercept fd 512 for pid 6197 and type kDebuggerdJavaBacktrace
11-18 18:40:07.393 I/mobile.launcher( 6197): Wrote stack traces to tombstoned
11-18 18:40:07.393 W/tombstoned(  768): skipping tombstone file creation due to intercept
11-18 18:40:07.394 I/dumpstate( 6331): libdebuggerd_client: done dumping process 6197
11-18 18:40:07.394 I/dumpstate( 6331): libdebuggerd_client: started dumping process 6334
11-18 18:40:07.395 I/tombstoned(  768): registered intercept for pid 6334 and type kDebuggerdJavaBacktrace
11-18 18:40:07.395 I/droid.wallpaper( 6334): Thread[5,tid=6342,WaitingInMainSignalCatcherLoop,Thread*=0xb400007d00d096f0,peer=0x12c401a0,"Signal Catcher"]: reacting to signal 3
11-18 18:40:07.395 I/droid.wallpaper( 6334): 
11-18 18:40:07.419 I/qcom_rpmh DRV(    0): apps_rsc TCS Busy, retrying RPMH message send: addr=0x30010
11-18 18:40:07.442 D/audio_hw_primary( 1089): out_set_parameters: enter: usecase(1: low-latency-playback) kvpairs: suspend_playback=false
11-18 18:40:07.442 D/audio_hw_extn( 1089): audio_extn_fm_set_parameters: Enter
11-18 18:40:07.443 W/audio_hw_primary( 1089): out_write: underrun(383) frames_by_time(48179) > out->last_fifo_frames_remaining(384)
11-18 18:40:07.451 I/tombstoned(  768): received crash request for pid 6334
11-18 18:40:07.452 I/tombstoned(  768): found intercept fd 512 for pid 6334 and type kDebuggerdJavaBacktrace
11-18 18:40:07.452 I/droid.wallpaper( 6334): Wrote stack traces to tombstoned
11-18 18:40:07.452 W/tombstoned(  768): skipping tombstone file creation due to intercept
11-18 18:40:07.452 I/dumpstate( 6331): libdebuggerd_client: done dumping process 6334
11-18 18:40:07.453 I/dumpstate( 6331): libdebuggerd_client: started dumping process 6392
11-18 18:40:07.454 I/tombstoned(  768): registered intercept for pid 6392 and type kDebuggerdJavaBacktrace
11-18 18:40:07.454 I/.gms.persistent( 6392): Thread[4,tid=6397,WaitingInMainSignalCatcherLoop,Thread*=0xb400007d00d0b2c0,peer=0x13a401d0,"Signal Catcher"]: reacting to signal 3
11-18 18:40:07.454 I/.gms.persistent( 6392): 
11-18 18:40:07.480 D/audio_hw_primary( 1089): out_set_parameters: enter: usecase(1: low-latency-playback) kvpairs: suspend_playback=true
11-18 18:40:07.480 D/audio_hw_extn( 1089): audio_extn_fm_set_parameters: Enter
11-18 18:40:07.539 I/tombstoned(  768): received crash request for pid 6392
11-18 18:40:07.539 I/tombstoned(  768): found intercept fd 512 for pid 6392 and type kDebuggerdJavaBacktrace
11-18 18:40:07.540 I/dumpstate( 6331): libdebuggerd_client: done dumping process 6392
11-18 18:40:07.540 W/tombstoned(  768): skipping tombstone file creation due to intercept
11-18 18:40:07.540 I/.gms.persistent( 6392): Wrote stack traces to tombstoned
11-18 18:40:07.540 I/dumpstate( 6331): libdebuggerd_client: started dumping process 6697
11-18 18:40:07.541 I/tombstoned(  768): registered intercept for pid 6697 and type kDebuggerdJavaBacktrace
11-18 18:40:07.541 I/android.smspush( 6697): Thread[5,tid=6706,WaitingInMainSignalCatcherLoop,Thread*=0xb400007d00d19140,peer=0x12cc01d0,"Signal Catcher"]: reacting to signal 3
11-18 18:40:07.541 I/android.smspush( 6697): 
11-18 18:40:07.567 I/tombstoned(  768): received crash request for pid 6697
11-18 18:40:07.567 I/tombstoned(  768): found intercept fd 512 for pid 6697 and type kDebuggerdJavaBacktrace
11-18 18:40:07.567 I/android.smspush( 6697): Wrote stack traces to tombstoned
11-18 18:40:07.567 W/tombstoned(  768): skipping tombstone file creation due to intercept
11-18 18:40:07.567 I/dumpstate( 6331): libdebuggerd_client: done dumping process 6697
11-18 18:40:07.568 I/dumpstate( 6331): libdebuggerd_client: started dumping process 6768
11-18 18:40:07.568 I/tombstoned(  768): registered intercept for pid 6768 and type kDebuggerdJavaBacktrace
11-18 18:40:07.569 I/ndroid.settings( 6768): Thread[6,tid=6773,WaitingInMainSignalCatcherLoop,Thread*=0xb400007d00d07b20,peer=0x13b001d0,"Signal Catcher"]: reacting to signal 3
11-18 18:40:07.569 I/ndroid.settings( 6768): 
11-18 18:40:07.734 I/tombstoned(  768): received crash request for pid 6768
11-18 18:40:07.734 I/tombstoned(  768): found intercept fd 512 for pid 6768 and type kDebuggerdJavaBacktrace
11-18 18:40:07.735 W/tombstoned(  768): skipping tombstone file creation due to intercept
11-18 18:40:07.735 I/ndroid.settings( 6768): Wrote stack traces to tombstoned
11-18 18:40:07.735 I/dumpstate( 6331): libdebuggerd_client: done dumping process 6768
11-18 18:40:07.736 I/dumpstate( 6331): libdebuggerd_client: started dumping process 6828
11-18 18:40:07.736 I/tombstoned(  768): registered intercept for pid 6828 and type kDebuggerdJavaBacktrace
11-18 18:40:07.736 I/droid.idmanager( 6828): Thread[3,tid=6834,WaitingInMainSignalCatcherLoop,Thread*=0xb400007d00d05f50,peer=0x12dc01d0,"Signal Catcher"]: reacting to signal 3
11-18 18:40:07.736 I/droid.idmanager( 6828): 
11-18 18:40:07.805 I/tombstoned(  768): received crash request for pid 6828
11-18 18:40:07.805 I/tombstoned(  768): found intercept fd 512 for pid 6828 and type kDebuggerdJavaBacktrace
11-18 18:40:07.805 I/droid.idmanager( 6828): Wrote stack traces to tombstoned
11-18 18:40:07.805 W/tombstoned(  768): skipping tombstone file creation due to intercept
11-18 18:40:07.805 I/dumpstate( 6331): libdebuggerd_client: done dumping process 6828
11-18 18:40:07.806 I/dumpstate( 6331): libdebuggerd_client: started dumping process 6853
11-18 18:40:07.807 I/tombstoned(  768): registered intercept for pid 6853 and type kDebuggerdJavaBacktrace
11-18 18:40:07.808 I/.android.mascot( 6853): Thread[3,tid=6858,WaitingInMainSignalCatcherLoop,Thread*=0xb400007d00d05f50,peer=0x131c0b60,"Signal Catcher"]: reacting to signal 3
11-18 18:40:07.808 I/.android.mascot( 6853): 
11-18 18:40:07.911 I/tombstoned(  768): received crash request for pid 6853
11-18 18:40:07.912 I/tombstoned(  768): found intercept fd 512 for pid 6853 and type kDebuggerdJavaBacktrace
11-18 18:40:07.912 I/dumpstate( 6331): libdebuggerd_client: done dumping process 6853
11-18 18:40:07.912 I/.android.mascot( 6853): Wrote stack traces to tombstoned
11-18 18:40:07.912 W/tombstoned(  768): skipping tombstone file creation due to intercept
11-18 18:40:07.913 I/dumpstate( 6331): libdebuggerd_client: started dumping process 6872
11-18 18:40:07.913 I/tombstoned(  768): registered intercept for pid 6872 and type kDebuggerdJavaBacktrace
11-18 18:40:07.914 I/d.process.acore( 6872): Thread[4,tid=6877,WaitingInMainSignalCatcherLoop,Thread*=0xb400007d00d0b2c0,peer=0x12dc01d0,"Signal Catcher"]: reacting to signal 3
11-18 18:40:07.914 I/d.process.acore( 6872): 
11-18 18:40:08.010 I/tombstoned(  768): received crash request for pid 6872
11-18 18:40:08.011 I/tombstoned(  768): found intercept fd 512 for pid 6872 and type kDebuggerdJavaBacktrace
11-18 18:40:08.011 W/tombstoned(  768): skipping tombstone file creation due to intercept
11-18 18:40:08.011 I/d.process.acore( 6872): Wrote stack traces to tombstoned
11-18 18:40:08.011 I/dumpstate( 6331): libdebuggerd_client: done dumping process 6872
11-18 18:40:08.012 I/dumpstate( 6331): libdebuggerd_client: started dumping process 6901
11-18 18:40:08.012 I/tombstoned(  768): registered intercept for pid 6901 and type kDebuggerdJavaBacktrace
11-18 18:40:08.012 I/rver.telecom:am( 6901): Thread[6,tid=6908,WaitingInMainSignalCatcherLoop,Thread*=0xb400007d00d07b20,peer=0x12f001d0,"Signal Catcher"]: reacting to signal 3
11-18 18:40:08.012 I/rver.telecom:am( 6901): 
11-18 18:40:08.054 I/tombstoned(  768): received crash request for pid 6901
11-18 18:40:08.054 I/tombstoned(  768): found intercept fd 512 for pid 6901 and type kDebuggerdJavaBacktrace
11-18 18:40:08.054 I/rver.telecom:am( 6901): Wrote stack traces to tombstoned
11-18 18:40:08.054 W/tombstoned(  768): skipping tombstone file creation due to intercept
11-18 18:40:08.054 I/dumpstate( 6331): libdebuggerd_client: done dumping process 6901
11-18 18:40:08.055 I/dumpstate( 6331): libdebuggerd_client: started dumping process 6953
11-18 18:40:08.055 I/tombstoned(  768): registered intercept for pid 6953 and type kDebuggerdJavaBacktrace
11-18 18:40:08.055 I/id.ext.services( 6953): Thread[6,tid=6962,WaitingInMainSignalCatcherLoop,Thread*=0xb400007d00d05f50,peer=0x12d001d0,"Signal Catcher"]: reacting to signal 3
11-18 18:40:08.055 I/id.ext.services( 6953): 
11-18 18:40:08.080 I/tombstoned(  768): received crash request for pid 6953
11-18 18:40:08.080 I/tombstoned(  768): found intercept fd 512 for pid 6953 and type kDebuggerdJavaBacktrace
11-18 18:40:08.080 I/id.ext.services( 6953): Wrote stack traces to tombstoned
11-18 18:40:08.080 W/tombstoned(  768): skipping tombstone file creation due to intercept
11-18 18:40:08.080 I/dumpstate( 6331): libdebuggerd_client: done dumping process 6953
11-18 18:40:08.081 I/dumpstate( 6331): libdebuggerd_client: started dumping process 6971
11-18 18:40:08.082 I/tombstoned(  768): registered intercept for pid 6971 and type kDebuggerdJavaBacktrace
11-18 18:40:08.082 I/putmethod.latin( 6971): Thread[5,tid=6983,WaitingInMainSignalCatcherLoop,Thread*=0xb400007d00d096f0,peer=0x137401d0,"Signal Catcher"]: reacting to signal 3
11-18 18:40:08.082 I/putmethod.latin( 6971): 
11-18 18:40:08.194 I/Monkey  (16995): :Sending Key (ACTION_DOWN): 21    // KEYCODE_DPAD_LEFT
11-18 18:40:08.195 I/QTI PowerHAL( 1116): Power setBoost: 0, duration: 0
11-18 18:40:08.196 I/Monkey  (16995): :Sending Key (ACTION_UP): 21    // KEYCODE_DPAD_LEFT
11-18 18:40:08.198 I/QTI PowerHAL( 1116): Power setBoost: 0, duration: 0
11-18 18:40:08.198 I/Monkey  (16995): Sleeping for 1000 milliseconds
11-18 18:40:08.372 I/qcom_rpmh DRV(    0): apps_rsc TCS Busy, retrying RPMH message send: addr=0x30010
11-18 18:40:08.398 I/tombstoned(  768): received crash request for pid 6971
11-18 18:40:08.398 I/tombstoned(  768): found intercept fd 512 for pid 6971 and type kDebuggerdJavaBacktrace
11-18 18:40:08.398 I/putmethod.latin( 6971): Wrote stack traces to tombstoned
11-18 18:40:08.399 W/tombstoned(  768): skipping tombstone file creation due to intercept
11-18 18:40:08.399 I/dumpstate( 6331): libdebuggerd_client: done dumping process 6971
11-18 18:40:08.399 I/dumpstate( 6331): libdebuggerd_client: started dumping process 6975
11-18 18:40:08.400 I/tombstoned(  768): registered intercept for pid 6975 and type kDebuggerdJavaBacktrace
11-18 18:40:08.400 I/e.transmitpower( 6975): Thread[6,tid=6996,WaitingInMainSignalCatcherLoop,Thread*=0xb400007d00d05f50,peer=0x12cc01d0,"Signal Catcher"]: reacting to signal 3
11-18 18:40:08.400 I/e.transmitpower( 6975): 
11-18 18:40:08.466 I/tombstoned(  768): received crash request for pid 6975
11-18 18:40:08.466 I/tombstoned(  768): found intercept fd 512 for pid 6975 and type kDebuggerdJavaBacktrace
11-18 18:40:08.467 W/tombstoned(  768): skipping tombstone file creation due to intercept
11-18 18:40:08.467 I/e.transmitpower( 6975): Wrote stack traces to tombstoned
11-18 18:40:08.467 I/dumpstate( 6331): libdebuggerd_client: done dumping process 6975
11-18 18:40:08.468 I/dumpstate( 6331): libdebuggerd_client: started dumping process 7019
11-18 18:40:08.468 I/tombstoned(  768): registered intercept for pid 7019 and type kDebuggerdJavaBacktrace
11-18 18:40:08.468 I/sonymobile.wifi( 7019): Thread[5,tid=7027,WaitingInMainSignalCatcherLoop,Thread*=0xb400007d00d096f0,peer=0x12cc01d0,"Signal Catcher"]: reacting to signal 3
11-18 18:40:08.468 I/sonymobile.wifi( 7019): 
11-18 18:40:08.481 D/audio_hw_primary( 1089): out_set_parameters: enter: usecase(1: low-latency-playback) kvpairs: suspend_playback=false
11-18 18:40:08.481 D/audio_hw_extn( 1089): audio_extn_fm_set_parameters: Enter
11-18 18:40:08.481 W/audio_hw_primary( 1089): out_write: underrun(384) frames_by_time(48061) > out->last_fifo_frames_remaining(384)
11-18 18:40:08.498 I/tombstoned(  768): received crash request for pid 7019
11-18 18:40:08.498 I/tombstoned(  768): found intercept fd 512 for pid 7019 and type kDebuggerdJavaBacktrace
11-18 18:40:08.499 I/sonymobile.wifi( 7019): Wrote stack traces to tombstoned
11-18 18:40:08.499 I/dumpstate( 6331): libdebuggerd_client: done dumping process 7019
11-18 18:40:08.499 W/tombstoned(  768): skipping tombstone file creation due to intercept
11-18 18:40:08.499 I/dumpstate( 6331): libdebuggerd_client: started dumping process 7252
11-18 18:40:08.500 I/tombstoned(  768): registered intercept for pid 7252 and type kDebuggerdJavaBacktrace
11-18 18:40:08.500 I/alcomm.location( 7252): Thread[3,tid=7257,WaitingInMainSignalCatcherLoop,Thread*=0xb400007d00d0ce90,peer=0x12d801d0,"Signal Catcher"]: reacting to signal 3
11-18 18:40:08.500 I/alcomm.location( 7252): 
11-18 18:40:08.519 D/audio_hw_primary( 1089): out_set_parameters: enter: usecase(1: low-latency-playback) kvpairs: suspend_playback=true
11-18 18:40:08.519 D/audio_hw_extn( 1089): audio_extn_fm_set_parameters: Enter
11-18 18:40:08.528 I/tombstoned(  768): received crash request for pid 7252
11-18 18:40:08.528 I/tombstoned(  768): found intercept fd 512 for pid 7252 and type kDebuggerdJavaBacktrace
11-18 18:40:08.528 I/dumpstate( 6331): libdebuggerd_client: done dumping process 7252
11-18 18:40:08.528 I/alcomm.location( 7252): Wrote stack traces to tombstoned
11-18 18:40:08.528 W/tombstoned(  768): skipping tombstone file creation due to intercept
11-18 18:40:08.529 I/dumpstate( 6331): libdebuggerd_client: started dumping process 7362
11-18 18:40:08.529 I/tombstoned(  768): registered intercept for pid 7362 and type kDebuggerdJavaBacktrace
11-18 18:40:08.529 I/n.devicemonitor( 7362): Thread[6,tid=7369,WaitingInMainSignalCatcherLoop,Thread*=0xb400007d00d05f50,peer=0x130001d0,"Signal Catcher"]: reacting to signal 3
11-18 18:40:08.529 I/n.devicemonitor( 7362): 
11-18 18:40:08.565 I/tombstoned(  768): received crash request for pid 7362
11-18 18:40:08.565 I/tombstoned(  768): found intercept fd 512 for pid 7362 and type kDebuggerdJavaBacktrace
11-18 18:40:08.566 W/tombstoned(  768): skipping tombstone file creation due to intercept
11-18 18:40:08.566 I/n.devicemonitor( 7362): Wrote stack traces to tombstoned
11-18 18:40:08.566 I/dumpstate( 6331): libdebuggerd_client: done dumping process 7362
11-18 18:40:08.566 I/dumpstate( 6331): libdebuggerd_client: started dumping process 7450
11-18 18:40:08.567 I/tombstoned(  768): registered intercept for pid 7450 and type kDebuggerdJavaBacktrace
11-18 18:40:08.567 I/le.sidesenseapp( 7450): Thread[4,tid=7457,WaitingInMainSignalCatcherLoop,Thread*=0xb400007d00d07b20,peer=0x137001d0,"Signal Catcher"]: reacting to signal 3
11-18 18:40:08.567 I/le.sidesenseapp( 7450): 
11-18 18:40:08.628 I/tombstoned(  768): received crash request for pid 7450
11-18 18:40:08.628 I/tombstoned(  768): found intercept fd 512 for pid 7450 and type kDebuggerdJavaBacktrace
11-18 18:40:08.629 I/dumpstate( 6331): libdebuggerd_client: done dumping process 7450
11-18 18:40:08.629 I/le.sidesenseapp( 7450): Wrote stack traces to tombstoned
11-18 18:40:08.629 W/tombstoned(  768): skipping tombstone file creation due to intercept
11-18 18:40:08.630 I/dumpstate( 6331): libdebuggerd_client: started dumping process 7546
11-18 18:40:08.630 I/tombstoned(  768): registered intercept for pid 7546 and type kDebuggerdJavaBacktrace
11-18 18:40:08.630 I/ogle.android.as( 7546): Thread[2,tid=7552,WaitingInMainSignalCatcherLoop,Thread*=0xb400007d00d19140,peer=0x12e801d0,"Signal Catcher"]: reacting to signal 3
11-18 18:40:08.630 I/ogle.android.as( 7546): 
11-18 18:40:08.671 I/tombstoned(  768): received crash request for pid 7546
11-18 18:40:08.671 I/tombstoned(  768): found intercept fd 512 for pid 7546 and type kDebuggerdJavaBacktrace
11-18 18:40:08.671 I/ogle.android.as( 7546): Wrote stack traces to tombstoned
11-18 18:40:08.671 W/tombstoned(  768): skipping tombstone file creation due to intercept
11-18 18:40:08.671 I/dumpstate( 6331): libdebuggerd_client: done dumping process 7546
11-18 18:40:08.672 I/dumpstate( 6331): libdebuggerd_client: started dumping process 7567
11-18 18:40:08.672 I/tombstoned(  768): registered intercept for pid 7567 and type kDebuggerdJavaBacktrace
11-18 18:40:08.672 I/hbox:interactor( 7567): Thread[2,tid=7576,WaitingInMainSignalCatcherLoop,Thread*=0xb400007d00d19140,peer=0x130401d0,"Signal Catcher"]: reacting to signal 3
11-18 18:40:08.672 I/hbox:interactor( 7567): 
11-18 18:40:09.086 I/tombstoned(  768): received crash request for pid 7567
11-18 18:40:09.086 I/tombstoned(  768): found intercept fd 512 for pid 7567 and type kDebuggerdJavaBacktrace
11-18 18:40:09.087 I/dumpstate( 6331): libdebuggerd_client: done dumping process 7567
11-18 18:40:09.087 I/hbox:interactor( 7567): Wrote stack traces to tombstoned
11-18 18:40:09.087 W/tombstoned(  768): skipping tombstone file creation due to intercept
11-18 18:40:09.088 I/dumpstate( 6331): libdebuggerd_client: started dumping process 7588
11-18 18:40:09.088 I/tombstoned(  768): registered intercept for pid 7588 and type kDebuggerdJavaBacktrace
11-18 18:40:09.088 I/FuseDaemon( 7588): Thread[2,tid=7595,WaitingInMainSignalCatcherLoop,Thread*=0xb400007d00d19140,peer=0x12dc01d0,"Signal Catcher"]: reacting to signal 3
11-18 18:40:09.088 I/FuseDaemon( 7588): 
11-18 18:40:09.155 I/tombstoned(  768): received crash request for pid 7588
11-18 18:40:09.155 I/tombstoned(  768): found intercept fd 512 for pid 7588 and type kDebuggerdJavaBacktrace
11-18 18:40:09.156 I/dumpstate( 6331): libdebuggerd_client: done dumping process 7588
11-18 18:40:09.156 I/FuseDaemon( 7588): Wrote stack traces to tombstoned
11-18 18:40:09.156 W/tombstoned(  768): skipping tombstone file creation due to intercept
11-18 18:40:09.156 I/dumpstate( 6331): libdebuggerd_client: started dumping process 7611
11-18 18:40:09.156 I/tombstoned(  768): registered intercept for pid 7611 and type kDebuggerdJavaBacktrace
11-18 18:40:09.156 I/sunlightbooster( 7611): Thread[3,tid=7627,WaitingInMainSignalCatcherLoop,Thread*=0xb400007d00d0ce90,peer=0x12d001d0,"Signal Catcher"]: reacting to signal 3
11-18 18:40:09.156 I/sunlightbooster( 7611): 
11-18 18:40:09.179 I/tombstoned(  768): received crash request for pid 7611
11-18 18:40:09.179 I/tombstoned(  768): found intercept fd 512 for pid 7611 and type kDebuggerdJavaBacktrace
11-18 18:40:09.180 W/tombstoned(  768): skipping tombstone file creation due to intercept
11-18 18:40:09.180 I/dumpstate( 6331): libdebuggerd_client: done dumping process 7611
11-18 18:40:09.180 I/sunlightbooster( 7611): Wrote stack traces to tombstoned
11-18 18:40:09.180 I/dumpstate( 6331): libdebuggerd_client: started dumping process 7612
11-18 18:40:09.181 I/tombstoned(  768): registered intercept for pid 7612 and type kDebuggerdJavaBacktrace
11-18 18:40:09.181 I/ameenhancer.api( 7612): Thread[3,tid=7628,WaitingInMainSignalCatcherLoop,Thread*=0xb400007d00d0ce90,peer=0x131401d0,"Signal Catcher"]: reacting to signal 3
11-18 18:40:09.181 I/ameenhancer.api( 7612): 
11-18 18:40:09.199 I/Monkey  (16995): :Sending Key (ACTION_DOWN): 19    // KEYCODE_DPAD_UP
11-18 18:40:09.199 I/QTI PowerHAL( 1116): Power setBoost: 0, duration: 0
11-18 18:40:09.202 I/QTI PowerHAL( 1116): Power setBoost: 0, duration: 0
11-18 18:40:09.202 I/Monkey  (16995): :Sending Key (ACTION_UP): 19    // KEYCODE_DPAD_UP
11-18 18:40:09.204 I/Monkey  (16995): Sleeping for 1000 milliseconds
11-18 18:40:09.222 I/tombstoned(  768): received crash request for pid 7612
11-18 18:40:09.222 I/tombstoned(  768): found intercept fd 512 for pid 7612 and type kDebuggerdJavaBacktrace
11-18 18:40:09.223 I/dumpstate( 6331): libdebuggerd_client: done dumping process 7612
11-18 18:40:09.223 W/tombstoned(  768): skipping tombstone file creation due to intercept
11-18 18:40:09.223 I/ameenhancer.api( 7612): Wrote stack traces to tombstoned
11-18 18:40:09.223 I/dumpstate( 6331): libdebuggerd_client: started dumping process 7648
11-18 18:40:09.223 I/tombstoned(  768): registered intercept for pid 7648 and type kDebuggerdJavaBacktrace
11-18 18:40:09.223 I/headsetnotifier( 7648): Thread[2,tid=7670,WaitingInMainSignalCatcherLoop,Thread*=0xb400007d00d19140,peer=0x12d001d0,"Signal Catcher"]: reacting to signal 3
11-18 18:40:09.223 I/headsetnotifier( 7648): 
11-18 18:40:09.252 I/tombstoned(  768): received crash request for pid 7648
11-18 18:40:09.252 I/tombstoned(  768): found intercept fd 512 for pid 7648 and type kDebuggerdJavaBacktrace
11-18 18:40:09.252 I/dumpstate( 6331): libdebuggerd_client: done dumping process 7648
11-18 18:40:09.253 I/headsetnotifier( 7648): Wrote stack traces to tombstoned
11-18 18:40:09.253 W/tombstoned(  768): skipping tombstone file creation due to intercept
11-18 18:40:09.253 I/dumpstate( 6331): libdebuggerd_client: started dumping process 7679
11-18 18:40:09.253 I/tombstoned(  768): registered intercept for pid 7679 and type kDebuggerdJavaBacktrace
11-18 18:40:09.253 I/csson.debugmenu( 7679): Thread[2,tid=7704,WaitingInMainSignalCatcherLoop,Thread*=0x7d00d19140,peer=0x12d001d0,"Signal Catcher"]: reacting to signal 3
11-18 18:40:09.253 I/csson.debugmenu( 7679): 
11-18 18:40:09.289 I/tombstoned(  768): received crash request for pid 7679
11-18 18:40:09.289 I/tombstoned(  768): found intercept fd 512 for pid 7679 and type kDebuggerdJavaBacktrace
11-18 18:40:09.290 I/csson.debugmenu( 7679): Wrote stack traces to tombstoned
11-18 18:40:09.290 W/tombstoned(  768): skipping tombstone file creation due to intercept
11-18 18:40:09.290 I/dumpstate( 6331): libdebuggerd_client: done dumping process 7679
11-18 18:40:09.291 I/dumpstate( 6331): libdebuggerd_client: started dumping process 7732
