11-18 18:44:23.789 D/bt_device_interop(17089):  feature:: 16, key :: HK Soho Wireless, value :: Name_Based
11-18 18:44:23.789 D/bt_device_interop(17089):  feature:: 16, key :: 00:09:A7, value :: Address_Based
11-18 18:44:23.789 D/bt_device_interop(17089):  feature:: 16, key :: Beoplay H4, value :: Name_Based
11-18 18:44:23.789 D/bt_device_interop(17089):  feature:: 16, key :: 70:26:05, value :: Address_Based
11-18 18:44:23.789 D/bt_device_interop(17089):  feature:: 16, key :: WF-SP700N, value :: Name_Based
11-18 18:44:23.789 D/bt_device_interop(17089):  feature:: 16, key :: Pixel Buds, value :: Name_Based
11-18 18:44:23.789 D/bt_device_interop(17089): Entry is already present in the list
11-18 18:44:23.789 D/bt_device_interop(17089):  feature:: 16, key :: 00:09:a7, value :: Address_Based
11-18 18:44:23.789 D/bt_device_interop(17089):  feature:: 16, key :: Beoplay E8, value :: Name_Based
11-18 18:44:23.789 D/bt_device_interop(17089):  feature:: 16, key :: Bose SoundWear, value :: Name_Based
11-18 18:44:23.789 D/bt_device_interop(17089):  feature:: 16, key :: Bose Free SoundSport, value :: Name_Based
11-18 18:44:23.789 D/bt_device_interop(17089):  feature:: 16, key :: Samsung Level On, value :: Name_Based
11-18 18:44:23.789 D/bt_device_interop(17089):  feature:: 16, key :: a0:56:b2, value :: Address_Based
11-18 18:44:23.789 D/bt_device_interop(17089):  feature:: 16, key :: BMW 08939, value :: Name_Based
11-18 18:44:23.789 D/bt_device_interop(17089):  feature:: 16, key :: MB Bluetooth, value :: Name_Based
11-18 18:44:23.789 D/bt_device_interop(17089):  feature:: 16, key :: 94:e3:6d, value :: Address_Based
11-18 18:44:23.790 D/bt_device_interop(17089):  feature:: 16, key :: BMW 99999, value :: Name_Based
11-18 18:44:23.790 D/bt_device_interop(17089):  feature:: 16, key :: E4:19:C1, value :: Address_Based
11-18 18:44:23.790 D/bt_device_interop(17089):  feature:: 16, key :: FreeBuds 3, value :: Name_Based
11-18 18:44:23.790 D/bt_device_interop(17089):  feature:: 16, key :: 28:83:35, value :: Address_Based
11-18 18:44:23.790 D/bt_device_interop(17089):  feature:: 16, key :: Level U Pro (5F23), value :: Name_Based
11-18 18:44:23.790 D/bt_device_interop(17089):  feature:: 16, key :: 1C:E6:1D, value :: Address_Based
11-18 18:44:23.790 D/bt_device_interop(17089):  feature:: 16, key :: Galaxy Buds Pro (83B5), value :: Name_Based
11-18 18:44:23.790 D/bt_device_interop(17089):  feature:: 16, key :: BB:27:4D, value :: Address_Based
11-18 18:44:23.790 D/bt_device_interop(17089):  feature:: 16, key :: PH300, value :: Name_Based
11-18 18:44:23.790 D/bt_device_interop(17089):  feature:: 16, key :: C4:30:18, value :: Address_Based
11-18 18:44:23.790 D/bt_device_interop(17089):  feature:: 16, key :: LG-PL7(C7), value :: Name_Based
11-18 18:44:23.790 D/bt_device_interop(17089):  feature:: 16, key :: 6C:DD:BC, value :: Address_Based
11-18 18:44:23.790 D/bt_device_interop(17089):  feature:: 16, key :: Galaxy Buds+ (F375), value :: Name_Based
11-18 18:44:23.790 D/bt_device_interop(17089):  feature:: 16, key :: 2C:4C:C6, value :: Address_Based
11-18 18:44:23.790 D/bt_device_interop(17089):  feature:: 16, key :: KW-V950BW, value :: Name_Based
11-18 18:44:23.790 D/bt_device_interop(17089):  feature:: 16, key :: C6:58:19, value :: Address_Based
11-18 18:44:23.791 D/bt_device_interop(17089):  feature:: 16, key :: S8, value :: Name_Based
11-18 18:44:23.791 D/bt_device_interop(17089):  feature:: 16, key :: 23:05:21, value :: Address_Based
11-18 18:44:23.791 D/bt_device_interop(17089):  feature:: 16, key :: TOZO-T10, value :: Name_Based
11-18 18:44:23.791 D/bt_device_interop(17089):  feature:: 16, key :: 2C:FD:B3, value :: Address_Based
11-18 18:44:23.791 D/bt_device_interop(17089):  feature:: 16, key :: Soundcore Life Q20, value :: Name_Based
11-18 18:44:23.791 D/bt_device_interop(17089):  feature:: 16, key :: 04:21:44, value :: Address_Based
11-18 18:44:23.791 D/bt_device_interop(17089):  feature:: 16, key :: JBL Quantum800, value :: Name_Based
11-18 18:44:23.791 D/bt_device_interop(17089):  feature:: 16, key :: 6C:47:60, value :: Address_Based
11-18 18:44:23.791 D/bt_device_interop(17089):  feature:: 16, key :: Sony SRS-XB13, value :: Name_Based
11-18 18:44:23.791 D/bt_device_interop(17089):  feature:: 16, key :: B0:F1:A3, value :: Address_Based
11-18 18:44:23.791 D/bt_device_interop(17089):  feature:: 16, key :: Ear Fun Free Pro, value :: Name_Based
11-18 18:44:23.791 D/bt_device_interop(17089):  feature:: 16, key :: b4:9a:95, value :: Address_Based
11-18 18:44:23.791 D/bt_device_interop(17089):  feature:: 16, key :: Realme Buds Air 2 Neo, value :: Name_Based
11-18 18:44:23.791 D/bt_device_interop(17089):  feature:: 16, key :: 00:88:79, value :: Address_Based
11-18 18:44:23.791 D/bt_device_interop(17089):  feature:: 16, key :: TAOTRONICS Soundliberty 53, value :: Name_Based
11-18 18:44:23.791 D/bt_device_interop(17089):  feature:: 16, key :: 70:BF:92, value :: Address_Based
11-18 18:44:23.791 D/bt_device_interop(17089):  feature:: 16, key :: Jabra Elite 75t, value :: Name_Based
11-18 18:44:23.791 D/bt_device_interop(17089):  feature:: 16, key :: 9C:64:8B, value :: Address_Based
11-18 18:44:23.792 D/bt_device_interop(17089):  feature:: 16, key :: Beats Pill+, value :: Name_Based
11-18 18:44:23.792 D/bt_device_interop(17089):  feature:: 33, key :: AC:FD:CE, value :: Address_Based
11-18 18:44:23.792 D/bt_device_interop(17089):  feature:: 21, key :: 00:1B:DC-0x0012, value :: SSR_Max_Lat_Based
11-18 18:44:23.792 D/bt_device_interop(17089):  feature:: 21, key :: DC:2C:26-0x0000, value :: SSR_Max_Lat_Based
11-18 18:44:23.792 D/bt_device_interop(17089):  feature:: 21, key :: 54:46:6B-0x0001, value :: SSR_Max_Lat_Based
11-18 18:44:23.792 D/bt_device_interop(17089):  feature:: 25, key :: 98:7b:f3, value :: Address_Based
11-18 18:44:23.792 D/bt_device_interop(17089):  feature:: 27, key :: 04:52:c7, value :: Address_Based
11-18 18:44:23.792 D/bt_device_interop(17089):  feature:: 27, key :: AirPods Pro, value :: Name_Based
11-18 18:44:23.792 D/bt_device_interop(17089):  feature:: 27, key :: 24:A8:7D, value :: Address_Based
11-18 18:44:23.792 D/bt_device_interop(17089):  feature:: 27, key :: f0:45:da, value :: Address_Based
11-18 18:44:23.792 D/bt_device_interop(17089):  feature:: 28, key :: 00:08:8a, value :: Address_Based
11-18 18:44:23.792 D/bt_device_interop(17089):  feature:: 28, key :: JABRA EASYGO, value :: Name_Based
11-18 18:44:23.792 D/bt_device_interop(17089):  feature:: 28, key :: 55:55:55, value :: Address_Based
11-18 18:44:23.792 D/bt_device_interop(17089):  feature:: 28, key :: LG HBSF110 Master, value :: Name_Based
11-18 18:44:23.792 D/bt_device_interop(17089):  feature:: 29, key :: 00:09:93, value :: Address_Based
11-18 18:44:23.792 D/bt_device_interop(17089):  feature:: 29, key :: 74:6f:f7, value :: Address_Based
11-18 18:44:23.792 D/bt_device_interop(17089):  feature:: 29, key :: A0:56:B2:4F, value :: Address_Based
11-18 18:44:23.792 D/bt_device_interop(17089):  feature:: 29, key :: 00:54:AF, value :: Address_Based
11-18 18:44:23.792 D/bt_device_interop(17089):  feature:: 29, key :: 00:00:2E, value :: Address_Based
11-18 18:44:23.793 D/bt_device_interop(17089):  feature:: 29, key :: A0:56:B2:5A, value :: Address_Based
11-18 18:44:23.793 D/bt_device_interop(17089):  feature:: 9, key :: 08:62:66, value :: Address_Based
11-18 18:44:23.793 D/bt_device_interop(17089):  feature:: 9, key :: 38:2C:4A:C9, value :: Address_Based
11-18 18:44:23.793 D/bt_device_interop(17089):  feature:: 9, key :: 38:2C:4A:E6, value :: Address_Based
11-18 18:44:23.793 D/bt_device_interop(17089):  feature:: 9, key :: 54:A0:50:D9, value :: Address_Based
11-18 18:44:23.793 D/bt_device_interop(17089):  feature:: 9, key :: AC:9E:17, value :: Address_Based
11-18 18:44:23.793 D/bt_device_interop(17089):  feature:: 9, key :: F0:79:59, value :: Address_Based
11-18 18:44:23.793 D/bt_device_interop(17089):  feature:: 23, key :: 00:1D:86, value :: Address_Based
11-18 18:44:23.793 D/bt_device_interop(17089):  feature:: 23, key :: KMM-BT51*HD, value :: Name_Based
11-18 18:44:23.793 D/bt_device_interop(17089):  feature:: 10, key :: Pixel C Keyboard, value :: Name_Based
11-18 18:44:23.793 D/bt_device_interop(17089):  feature:: 10, key :: MiMouse, value :: Name_Based
11-18 18:44:23.793 D/bt_device_interop(17089):  feature:: 10, key :: HTC Fetch, value :: Name_Based
11-18 18:44:23.793 D/bt_device_interop(17089):  feature:: 31, key :: LG Lighting, value :: Name_Based
11-18 18:44:23.793 D/bt_device_interop(17089):  feature:: 31, key :: KS_5w4Zu, value :: Name_Based
11-18 18:44:23.793 D/bt_device_interop(17089):  feature:: 31, key :: ZUK, value :: Name_Based
11-18 18:44:23.793 D/bt_device_interop(17089):  feature:: 31, key :: ITAG, value :: Name_Based
11-18 18:44:23.793 D/bt_device_interop(17089):  feature:: 31, key :: Pokemon GO Plus, value :: Name_Based
11-18 18:44:23.793 D/bt_device_interop(17089):  feature:: 31, key :: FeiZhiX8/X8Pro, value :: Name_Based
11-18 18:44:23.793 D/bt_device_interop(17089):  feature:: 31, key :: FeiZhiAPEX, value :: Name_Based
11-18 18:44:23.793 D/bt_device_interop(17089):  feature:: 31, key :: FeiZhiWee, value :: Name_Based
11-18 18:44:23.793 D/bt_device_interop(17089):  feature:: 31, key :: FeiZhi Wee 2T, value :: Name_Based
11-18 18:44:23.793 D/bt_device_interop(17089):  feature:: 34, key :: 2c:dc:ad:08, value :: Address_Based
11-18 18:44:23.793 D/bt_device_interop(17089):  feature:: 34, key :: 74:6f:f7, value :: Address_Based
11-18 18:44:23.794 D/bt_device_interop(17089):  feature:: 34, key :: 90:03:b7, value :: Address_Based
11-18 18:44:23.794 D/bt_device_interop(17089):  feature:: 34, key :: 00:06:F5, value :: Address_Based
11-18 18:44:23.794 D/bt_device_interop(17089):  feature:: 35, key :: 50:65:83, value :: Address_Based
11-18 18:44:23.794 D/bt_device_interop(17089):  feature:: 35, key :: 28:3f:69, value :: Address_Based
11-18 18:44:23.794 D/bt_device_interop(17089):  feature:: 35, key :: AirPods, value :: Name_Based
11-18 18:44:23.794 D/bt_device_interop(17089):  feature:: 35, key :: 0x0094, value :: Manufacturer_Based
11-18 18:44:23.794 D/bt_device_interop(17089):  feature:: 37, key :: 10:b7:f6, value :: Address_Based
11-18 18:44:23.794 D/bt_device_interop(17089):  feature:: 37, key :: AirPods, value :: Name_Based
11-18 18:44:23.794 D/bt_device_interop(17089):  feature:: 42, key :: 00:0E:9F, value :: Address_Based
11-18 18:44:23.794 D/bt_device_interop(17089):  feature:: 38, key :: 98:B6:E9, value :: Address_Based
11-18 18:44:23.794 D/bt_device_interop(17089):  feature:: 40, key :: 04:4E:AF, value :: Address_Based
11-18 18:44:23.794 D/bt_device_interop(17089):  feature:: 40, key :: HB20, value :: Name_Based
11-18 18:44:23.794 D/bt_device_interop(17089):  feature:: 40, key :: HB 20, value :: Name_Based
11-18 18:44:23.794 D/bt_device_interop(17089):  feature:: 41, key :: com.google.android.apps.youtube.music, value :: Name_Based
11-18 18:44:23.794 D/bt_device_interop(17089):  feature:: 41, key :: com.gaana, value :: Name_Based
11-18 18:44:23.794 D/bt_device_interop(17089):  feature:: 41, key :: com.sonyericsson.music, value :: Name_Based
11-18 18:44:23.794 D/bt_device_interop(17089):  feature:: 43, key :: SBH90C, value :: Name_Based
11-18 18:44:23.794 D/bt_device_interop(17089):  feature:: 44, key :: 00:23:3D, value :: Address_Based
11-18 18:44:23.794 D/bt_device_interop(17089):  feature:: 45, key :: 10:4F:A8, value :: Address_Based
11-18 18:44:23.794 D/bt_device_interop(17089):  feature:: 46, key :: 00:15:83, value :: Address_Based
11-18 18:44:23.794 D/bt_device_interop(17089):  feature:: 46, key :: 2a:eb:00, value :: Address_Based
11-18 18:44:23.794 D/bt_device_interop(17089):  feature:: 46, key :: 30:53:00, value :: Address_Based
11-18 18:44:23.794 D/bt_device_interop(17089):  feature:: 46, key :: 00:17:53, value :: Address_Based
11-18 18:44:23.794 D/bt_device_interop(17089):  feature:: 46, key :: 40:ef:4c, value :: Address_Based
11-18 18:44:23.794 D/bt_device_interop(17089):  feature:: 46, key :: 00:07:04, value :: Address_Based
11-18 18:44:23.794 D/bt_device_interop(17089):  feature:: 46, key :: 18:48:ca, value :: Address_Based
11-18 18:44:23.794 D/bt_device_interop(17089):  feature:: 47, key :: f4:15:fd, value :: Address_Based
11-18 18:44:23.794 D/bt_device_interop(17089):  feature:: 47, key :: 94:B2:CC:52, value :: Address_Based
11-18 18:44:23.794 D/bt_device_interop(17089):  feature:: 47, key :: 94:B2:CC:4C, value :: Address_Based
11-18 18:44:23.794 D/bt_device_interop(17089):  feature:: 48, key :: Geely_BT, value :: Name_Based
11-18 18:44:23.794 D/bt_device_interop(17089):  feature:: 49, key :: Microsoft Bluetooth Mouse, value :: Name_Based
11-18 18:44:23.794 D/bt_device_interop(17089):  feature:: 50, key :: Bose Mini II SoundLink, value :: Name_Based
11-18 18:44:23.794 D/bt_device_interop(17089):  feature:: 50, key :: Honda HFT, value :: Name_Based
11-18 18:44:23.794 D/bt_device_interop(17089):  feature:: 50, key :: HAVAL M6, value :: Name_Based
11-18 18:44:23.795 D/bt_device_interop(17089):  feature:: 51, key :: 00:09:93, value :: Address_Based
11-18 18:44:23.795 D/bt_device_interop(17089):  feature:: 52, key :: RK-Bluetooth keyboard, value :: Name_Based
11-18 18:44:23.795 D/bt_device_interop(17089):  feature:: 52, key :: 0x05ac-0x0255, value :: Vndr_Prdt_Based
11-18 18:44:23.795 D/bt_device_interop(17089):  feature:: 53, key :: 48:eb:62, value :: Address_Based
11-18 18:44:23.798 W/bt_device_profile(17089): profile_config_init load config file succesful : /data/misc/bluedroid/bt_profile.conf
11-18 18:44:23.799 W/bt_device_profile(17089):  AVRCP_ID: key :: avrcp_0103_support, value :: false
11-18 18:44:23.799 W/bt_device_profile(17089):  AVRCP_ID: entry->profile_feature_type.avrcp_feature_entry.avrcp_0103_support false
11-18 18:44:23.799 W/bt_device_profile(17089):  AVRCP_ID: key :: avrcp_coverart_support, value :: true
11-18 18:44:23.799 W/bt_device_profile(17089):  AVRCP_ID: &entry->profile_feature_type.avrcp_feature_entry.avrcp_coverart_support true
11-18 18:44:23.799 D/bt_device_profile(17089): Entry is already present in the list
11-18 18:44:23.799 W/bt_device_profile(17089):  PBAP_ID: key :: pbap_0102_support, value :: true
11-18 18:44:23.799 W/bt_device_profile(17089):  PBAP_ID: key :: use_sim_support, value :: false
11-18 18:44:23.799 D/bt_device_profile(17089): Entry is already present in the list
11-18 18:44:23.799 W/bt_device_profile(17089):  MAP_ID: key :: map_email_support, value :: true
11-18 18:44:23.799 W/bt_device_profile(17089):  MAP_ID: key :: map_0104_support, value :: true
11-18 18:44:23.799 D/bt_device_profile(17089): Entry is already present in the list
11-18 18:44:23.799 W/bt_device_profile(17089):  MAX_POW_ID: key :: BLE_max_pow_support, value :: 0x80
11-18 18:44:23.799 W/bt_device_profile(17089):  MAX_POW_ID: BLE_pow :: 80
11-18 18:44:23.799 W/bt_device_profile(17089):  OPP_ID: key :: opp_0100_support, value :: false
11-18 18:44:23.799 W/bt_device_profile(17089):  RF_PATH_LOSS_ID: key :: RF_TX_Path_Compensation_Value, value :: 0x0000
11-18 18:44:23.799 W/bt_device_profile(17089):  RF_PATH_LOSS_ID: key :: RF_RX_Path_Compensation_Value, value :: 0x0000
11-18 18:44:23.799 D/bt_device_profile(17089): Entry is already present in the list
11-18 18:44:23.804 I/bt_stack_config(17089): init attempt to load stack conf from /etc/bluetooth/bt_stack.conf
11-18 18:44:23.808 I/bt_osi_thread(17089): run_thread: thread id 17134, thread name bt_jni_workqueue started
11-18 18:44:23.808 I/bt_btif_core(17089): btif_init_bluetooth finished
11-18 18:44:23.808 I/bt_btif_core(17089): run_message_loop entered
11-18 18:44:23.811 W/droid.bluetooth(17089): [1118/184423.811694:WARNING:stack_interface.cc(101)] btif_stack_state OnStackState 0x01
11-18 18:44:23.811 I/bt_stack_manager(17089): event_init_stack finished
11-18 18:44:23.812 I/bt_btif (17089): get_profile_interface: id = socket
11-18 18:44:23.813 E/bt_btif_storage(17089): btif_storage_get_adapter_property: Controller not ready! Unable to return Bluetooth Address
11-18 18:44:23.813 E/BluetoothServiceJni(17089): adapter_properties_callback: Status 1 is incorrect
11-18 18:44:23.816 D/BluetoothKeystoreService(17089): initJni()
11-18 18:44:23.817 I/bt_btif (17089): get_profile_interface: id = bluetooth_keystore
11-18 18:44:23.817 I/bt_btif (17089): get_profile_interface: id = sdp
11-18 18:44:23.823 D/AdapterProperties(17089): Name is: Xperia 10 III
11-18 18:44:23.823 D/BluetoothManagerService( 1923): Bluetooth Adapter name changed to Xperia 10 III by android
11-18 18:44:23.823 D/BluetoothManagerService( 1923): Stored Bluetooth name: Xperia 10 III
11-18 18:44:23.834 D/BluetoothDatabase(17089): start()
11-18 18:44:23.839 D/BluetoothDatabase(17089): Load Database
11-18 18:44:23.839 D/BluetoothAdapterService(17089): Phone policy enabled
11-18 18:44:23.844 D/BluetoothBondStateMachine(17089): make
11-18 18:44:23.845 I/BluetoothBondStateMachine(17089): StableState(): Entering Off State
11-18 18:44:23.845 D/BluetoothActiveDeviceManager(17089): start()
11-18 18:44:23.846 D/BluetoothActiveDeviceManager(17089): start(): Registering for the active device changed intents
11-18 18:44:23.858 D/BluetoothActiveDeviceManager(17089): onAudioDevicesAdded
11-18 18:44:23.858 D/BluetoothActiveDeviceManager(17089): Audio device added: SO-52B type: 1
11-18 18:44:23.858 D/BluetoothActiveDeviceManager(17089): Audio device added: SO-52B type: 2
11-18 18:44:23.858 D/BluetoothActiveDeviceManager(17089): Audio device added: SO-52B type: 18
11-18 18:44:23.858 D/BluetoothActiveDeviceManager(17089): Audio device added: SO-52B type: 15
11-18 18:44:23.858 D/BluetoothActiveDeviceManager(17089): Audio device added: SO-52B type: 18
11-18 18:44:23.858 D/BluetoothActiveDeviceManager(17089): Audio device added: SO-52B type: 15
11-18 18:44:23.858 D/BluetoothActiveDeviceManager(17089): Audio device added: SO-52B type: 25
11-18 18:44:23.860 D/BluetoothAdapterService(17089): setAdapterService com.android.bluetooth.btservice.AdapterService@867ac8
11-18 18:44:23.865 I/droid.bluetooth(17089): [1118/184423.864940:INFO:com_android_bluetooth_btservice_vendor.cpp(873)] load_bt_configstore_lib loaded HAL: bt_configstore_interface_t=0x7b034d1970, bt_configstore_lib_handle=0x4562fdd39cf57e3f
11-18 18:44:23.865 I/bt_config_store(17089): getVendorProperties 
11-18 18:44:23.865 I/binder  (    0): 17089:17089 ioctl 40046210 7fe3b561d4 returned -22
11-18 18:44:23.872 I/vendor.qti.hardware.btconfigstore@2.0-BTConfigStore( 1093): getVendorProperties:: Bluetooth soc type set to: cherokee, ret: 8
11-18 18:44:23.872 I/vendor.qti.hardware.btconfigstore@2.0-BTConfigStore( 1093): getVendorProperties:: persist.vendor.qcom.bluetooth.enable.splita2dp: true, ret: 4
11-18 18:44:23.872 I/vendor.qti.hardware.btconfigstore@2.0-BTConfigStore( 1093): getVendorProperties:: persist.vendor.qcom.bluetooth.a2dp_offload_cap: sbc-aptx-aptxtws-aptxhd-aac-ldac-aptxadaptiver2, ret: 47
11-18 18:44:23.872 I/vendor.qti.hardware.btconfigstore@2.0-BTConfigStore( 1093): getVendorProperties:: ro.vendor.bluetooth.wipower: false, ret: 5
11-18 18:44:23.872 I/vendor.qti.hardware.btconfigstore@2.0-BTConfigStore( 1093): getVendorProperties:: persist.vendor.qcom.bluetooth.aac_frm_ctl.enabled: false, ret: 5
11-18 18:44:23.873 I/vendor.qti.hardware.btconfigstore@2.0-BTConfigStore( 1093): getVendorProperties:: persist.vendor.qcom.bluetooth.enable.swb: true, ret: 4
11-18 18:44:23.873 I/vendor.qti.hardware.btconfigstore@2.0-BTConfigStore( 1093): getVendorProperties:: persist.vendor.qcom.bluetooth.enable.swbpm: true, ret: 4
11-18 18:44:23.873 I/vendor.qti.hardware.btconfigstore@2.0-BTConfigStore( 1093): getVendorProperties:: persist.vendor.qcom.bluetooth.a2dp_mcast_test.enabled: false, ret: 5
11-18 18:44:23.873 I/vendor.qti.hardware.btconfigstore@2.0-BTConfigStore( 1093): getVendorProperties:: persist.vendor.qcom.bluetooth.twsp_state.enabled: false, ret: 5
11-18 18:44:23.873 I/vendor.qti.hardware.btconfigstore@2.0-BTConfigStore( 1093): getVendorProperties:: persist.vendor.qcom.bluetooth.max_power_support: false, ret: 5
11-18 18:44:23.873 I/bt_config_store(17089): prop type: BT_PROP_SOC_TYPE, prop_value: cherokee
11-18 18:44:23.873 I/bt_config_store(17089): prop type: BT_PROP_SPILT_A2DP, prop_value: true
11-18 18:44:23.873 I/bt_config_store(17089): prop type: BT_PROP_A2DP_OFFLOAD_CAP, prop_value: sbc-aptx-aptxtws-aptxhd-aac-ldac-aptxadaptiver2
11-18 18:44:23.873 I/bt_config_store(17089): prop type: BT_PROP_WIPOWER, prop_value: false
11-18 18:44:23.873 I/bt_config_store(17089): prop type: BT_PROP_AAC_FRAME_CTL, prop_value: false
11-18 18:44:23.873 I/bt_config_store(17089):  not handled propType = 6
11-18 18:44:23.873 I/bt_config_store(17089): prop type: not handled, prop_value: true
11-18 18:44:23.873 I/bt_config_store(17089):  not handled propType = 7
11-18 18:44:23.873 I/bt_config_store(17089): prop type: not handled, prop_value: true
11-18 18:44:23.873 I/bt_config_store(17089):  not handled propType = 8
11-18 18:44:23.873 I/bt_config_store(17089): prop type: not handled, prop_value: false
11-18 18:44:23.873 I/bt_config_store(17089):  not handled propType = 9
11-18 18:44:23.873 I/bt_config_store(17089): prop type: not handled, prop_value: false
11-18 18:44:23.873 I/bt_config_store(17089):  not handled propType = 11
11-18 18:44:23.873 I/bt_config_store(17089): prop type: not handled, prop_value: false
11-18 18:44:23.873 I/BluetoothVendorJni(17089): initNative:: soc_name = cherokee
11-18 18:44:23.873 I/BluetoothVendorJni(17089): initNative:: a2dp_offload_Cap = sbc-aptx-aptxtws-aptxhd-aac-ldac-aptxadaptiver2
11-18 18:44:23.873 I/bt_btif (17089): get_profile_interface: id = vendor
11-18 18:44:23.873 I/bt_btif_vendor(17089): init
11-18 18:44:23.873 I/bt_btif_vendor(17089): init done
11-18 18:44:23.873 D/BluetoothVendorService(17089): Qti Stack enabled status: true
11-18 18:44:23.873 I/BluetoothVendorJni(17089): getSocNameNative
11-18 18:44:23.873 D/BluetoothVendorService(17089): socName: cherokee
11-18 18:44:23.873 I/BluetoothVendorJni(17089): getA2apOffloadCapabilityNative
11-18 18:44:23.873 D/BluetoothVendorService(17089): a2dpOffloadCap: sbc-aptx-aptxtws-aptxhd-aac-ldac-aptxadaptiver2
11-18 18:44:23.873 I/BluetoothVendorJni(17089): isSplitA2dpEnabledNative
11-18 18:44:23.873 D/BluetoothVendorService(17089): splitA2dpEnabled: true
11-18 18:44:23.873 I/BluetoothVendorJni(17089): isSwbEnabledNative
11-18 18:44:23.873 D/BluetoothVendorService(17089): isSwbEnabled: true
11-18 18:44:23.873 I/BluetoothVendorJni(17089): isSwbPmEnabledNative
11-18 18:44:23.873 D/BluetoothVendorService(17089): isSwbPmEnabled: true
11-18 18:44:23.874 I/bt_btif (17089): get_profile_interface: id = vendorSocket
11-18 18:44:23.876 I/AdapterProperties(17089): init(), maxConnectedAudioDevices, default=5, propertyOverlayed=5, finalValue=5
11-18 18:44:23.881 D/BluetoothAdapterService(17089): onBind()
11-18 18:44:23.883 D/BluetoothManagerService( 1923): BluetoothServiceConnection: com.android.bluetooth.btservice.AdapterService
11-18 18:44:23.883 D/BluetoothManagerService( 1923): MESSAGE_BLUETOOTH_SERVICE_CONNECTED: 1
11-18 18:44:23.892 D/BluetoothAdapterService(17089): android.net.wifi.STATE_CHANGE
11-18 18:44:23.892 D/BluetoothDatabase(17089): compactLastConnectionTime: Compacting metadata after load
11-18 18:44:23.892 I/BluetoothDatabase(17089): cacheMetadata
11-18 18:44:23.893 D/BluetoothAdapterService(17089): enable() - Enable called with quiet mode status =  false
11-18 18:44:23.894 I/AdapterState(17089): BLE_TURNING_ON : entered 
11-18 18:44:23.894 D/AdapterProperties(17089): Setting state to BLE_TURNING_ON
11-18 18:44:23.894 D/BluetoothAdapterService(17089): updateAdapterState() - Broadcasting state BLE_TURNING_ON to 1 receivers.
11-18 18:44:23.895 D/BluetoothManagerService( 1923): MESSAGE_GET_NAME_AND_ADDRESS
11-18 18:44:23.896 D/BluetoothAdapterService(17089): android.net.wifi.WIFI_STATE_CHANGED
11-18 18:44:23.899 D/BluetoothManagerService( 1923): Stored Bluetooth name: Xperia 10 III
11-18 18:44:23.900 D/BluetoothAdapterService(17089): bleOnProcessStart()
11-18 18:44:23.900 D/BluetoothAdapterService(17089): setAdvanceAudioSupport 
11-18 18:44:23.900 D/AdapterServiceConfig(17089): initAdvAudioConfig: adv_audio_feature_mask = 2
11-18 18:44:23.904 D/BluetoothManagerService( 1923): MESSAGE_INFORM_ADAPTER_SERVICE_UP
11-18 18:44:23.904 D/BluetoothManagerService( 1923): Broadcasting onBluetoothServiceUp() to 13 receivers.
11-18 18:44:23.904 D/BluetoothAdapter( 1923): onBluetoothServiceUp: android.bluetooth.IBluetooth$Stub$Proxy@57277da
11-18 18:44:23.904 D/BluetoothAdapter( 5972): onBluetoothServiceUp: android.bluetooth.IBluetooth$Stub$Proxy@b17f8d0
11-18 18:44:23.905 D/BluetoothAdapter( 7362): onBluetoothServiceUp: android.bluetooth.IBluetooth$Stub$Proxy@6199898
11-18 18:44:23.906 D/BluetoothAdapter( 7019): onBluetoothServiceUp: android.bluetooth.IBluetooth$Stub$Proxy@1e1decb
11-18 18:44:23.906 D/BluetoothAdapter(17089): onBluetoothServiceUp: com.android.bluetooth.btservice.AdapterService$AdapterServiceBinder@7e7d9e9
11-18 18:44:23.907 D/BluetoothAdapter( 6768): onBluetoothServiceUp: android.bluetooth.IBluetooth$Stub$Proxy@80a7ad3
11-18 18:44:23.908 D/BluetoothManagerService( 1923): MESSAGE_BLUETOOTH_STATE_CHANGE: OFF > BLE_TURNING_ON
11-18 18:44:23.908 D/BluetoothAdapter( 6187): onBluetoothServiceUp: android.bluetooth.IBluetooth$Stub$Proxy@826c747
11-18 18:44:23.909 D/BluetoothAdapter( 7732): onBluetoothServiceUp: android.bluetooth.IBluetooth$Stub$Proxy@90e12d1
11-18 18:44:23.909 D/BluetoothAdapter( 4556): onBluetoothServiceUp: android.bluetooth.IBluetooth$Stub$Proxy@d670a19
11-18 18:44:23.909 D/BluetoothAdapter( 5638): onBluetoothServiceUp: android.bluetooth.IBluetooth$Stub$Proxy@9b128ed
11-18 18:44:23.910 D/BluetoothAdapter( 7906): onBluetoothServiceUp: android.bluetooth.IBluetooth$Stub$Proxy@14110fa
11-18 18:44:23.910 D/BluetoothAdapter( 8289): onBluetoothServiceUp: android.bluetooth.IBluetooth$Stub$Proxy@5a86e40
11-18 18:44:23.911 D/BluetoothAdapter( 6392): onBluetoothServiceUp: android.bluetooth.IBluetooth$Stub$Proxy@7b49029
11-18 18:44:23.911 W/AdapterServiceConfig(17089): LC3 Codec is not supported. adv_audio_feature_mask = 2
11-18 18:44:23.911 D/AdapterServiceConfig(17089): getAudioProperties mIsA2dpSink false mIsBAEnabled false mIsSplitA2dpEnabled true isCsipQti false
11-18 18:44:23.911 D/AdapterServiceConfig(17089): Adding HeadsetService
11-18 18:44:23.911 D/AdapterServiceConfig(17089): Adding A2dpService
11-18 18:44:23.911 D/AdapterServiceConfig(17089): Adding HidHostService
11-18 18:44:23.911 D/AdapterServiceConfig(17089): Adding PanService
11-18 18:44:23.911 D/AdapterServiceConfig(17089): Adding GattService
11-18 18:44:23.911 D/AdapterServiceConfig(17089): Adding BluetoothMapService
11-18 18:44:23.911 D/AdapterServiceConfig(17089): Adding AvrcpControllerService
11-18 18:44:23.911 D/BluetoothManagerService( 1923): Sending BLE State Change: OFF > BLE_TURNING_ON
11-18 18:44:23.911 D/AdapterServiceConfig(17089): Adding HidDeviceService
11-18 18:44:23.912 D/AdapterServiceConfig(17089): Adding BluetoothOppService
11-18 18:44:23.912 D/AdapterServiceConfig(17089): Adding BluetoothPbapService
11-18 18:44:23.912 D/AdapterServiceConfig(17089): Adding HearingAidService
11-18 18:44:23.912 D/AdapterServiceConfig(17089): Profile BATService Not added
11-18 18:44:23.912 D/BluetoothAdapterService(17089): BleOnProcessStart() - Make Bond State Machine
11-18 18:44:23.916 D/BluetoothAdapter( 1923): isLeEnabled(): BLE_TURNING_ON
11-18 18:44:23.920 D/CompatibilityInfo( 1923): mCompatibilityFlags - 0
11-18 18:44:23.920 D/CompatibilityInfo( 1923): applicationDensity - 420
11-18 18:44:23.920 D/CompatibilityInfo( 1923): applicationScale - 1.0
11-18 18:44:23.923 D/BtGatt.GattService(17089): classInitNative called
11-18 18:44:23.923 I/BtGatt.JNI(17089): classInitNative(L1199): classInitNative: Success!
11-18 18:44:23.926 D/BtGatt.DebugUtils(17089): handleDebugAction() action=null
11-18 18:44:23.927 D/GattService(17089): Received start request. Starting profile...
11-18 18:44:23.929 D/BtGatt.GattService(17089): start()
11-18 18:44:23.930 I/bt_btif (17089): get_profile_interface: id = gatt
11-18 18:44:23.931 D/BtGatt.AdvertiseManager(17089): advertise manager created
11-18 18:44:23.932 D/CompatibilityChangeReporter(17089): Compat change id reported: 160794467; UID 1002; state: ENABLED
11-18 18:44:23.940 D/BtGatt.SyncManager(17089): advertise manager created
11-18 18:44:23.941 I/ScanResultHandler(17089): ScanResultHandler 
11-18 18:44:23.941 D/BtGatt.GattService(17089): setGattService(): set to: com.android.bluetooth.gatt.GattService@2182f88
11-18 18:44:23.941 D/GattService(17089):  profile started successfully
11-18 18:44:23.943 W/BluetoothAdapterService(17089): onProfileServiceStateChange() - Gatt profile service started..
11-18 18:44:23.943 I/bt_btif (17089): QTI OMR1 stack: enable
11-18 18:44:23.943 E/bt_vnd_log(17089): init_vnd_Logger, Logger Not enabled from config file
11-18 18:44:23.943 I/bt_stack_manager(17089): event_start_up_stack is bringing up the stack
11-18 18:44:23.943 I/bt_core_module(17089): module_start_up Starting module "btif_config_module"
11-18 18:44:23.943 I/bt_core_module(17089): module_start_up Started module "btif_config_module"
11-18 18:44:23.944 W/droid.bluetooth(17089): [1118/184423.943960:WARNING:stack_interface.cc(101)] btif_stack_state OnStackState 0x02
11-18 18:44:23.944 I/bt_core_module(17089): module_start_up Starting module "btif_bap_config_module"
11-18 18:44:23.944 I/bt_core_module(17089): module_start_up Started module "btif_bap_config_module"
11-18 18:44:23.944 I/bt_core_module(17089): module_start_up Starting module "device_iot_config_module"
11-18 18:44:23.944 I/bt_core_module(17089): module_start_up Started module "device_iot_config_module"
11-18 18:44:23.947 I/bt_core_module(17089): module_start_up Starting module "btsnoop_module"
11-18 18:44:23.947 I/droid.bluetooth(17089): [1118/184423.947479:INFO:btsnoop.cc(410)] start_up: Filtered Snoop Logs enabled
11-18 18:44:23.947 I/droid.bluetooth(17089): [1118/184423.947527:INFO:btsnoop.cc(895)] delete_btsnoop_files: Deleting snoop logs if they exist. filtered = 0
11-18 18:44:23.953 D/bt_snoop(17089): start_up: vendor_logging_level values is 65535 
11-18 18:44:23.953 I/bt_core_module(17089): module_start_up Started module "btsnoop_module"
11-18 18:44:23.953 I/bt_core_module(17089): module_start_up Starting module "hci_module"
11-18 18:44:23.953 I/bt_hci  (17089): hci_module_start_up
11-18 18:44:23.954 I/bt_osi_thread(17089): run_thread: thread id 17154, thread name hci_thread started
11-18 18:44:23.954 D/bt_osi_wakelock(17089): wakelock_initialize_native opening wake locks
11-18 18:44:23.954 D/bt_hci  (17089): hci_module_start_up starting async portion
11-18 18:44:23.955 I/bt_hci  (17089): hci_initialize
11-18 18:44:23.955 I/hwservicemanager(  635): getTransport: Cannot find entry android.hardware.bluetooth@1.1::IBluetoothHci/default in either framework or device VINTF manifest.
11-18 18:44:23.955 I/bt_hci  (17089): hci_initialize Using IBluetoothHci 1.0 service
11-18 18:44:23.958 I/bt_hci  (17089): hci_initialize: IBluetoothHci::getService() returned 0xb400007c40d07cb0 (remote)
11-18 18:44:23.963 W/vendor.qti.bluetooth@1.0-bluetooth_hci( 1093): BluetoothHci::initialize()
11-18 18:44:23.963 W/vendor.qti.bluetooth@1.0-data_handler( 1093): DataHandler:: Init()
11-18 18:44:23.964 W/vendor.qti.bluetooth@1.0-data_handler( 1093): SOC property  set to cherokee
11-18 18:44:23.964 I/vendor.qti.bluetooth@1.0-data_handler( 1093): data_service_setup_sighandler: Entry
11-18 18:44:23.964 D/vendor.qti.bluetooth@1.0-data_handler( 1093): isProtocolAdded:
11-18 18:44:23.964 I/vendor.qti.bluetooth@1.0-data_handler( 1093): isProtocolAdded: status:0
11-18 18:44:23.964 I/vendor.qti.bluetooth@1.0-data_handler( 1093): Open init_status 0 
11-18 18:44:23.964 I/vendor.qti.bluetooth@1.0-data_handler( 1093): Open: soc_need_reload_patch = 1
11-18 18:44:23.964 D/vendor.qti.bluetooth@1.0-wake_lock( 1093): Init wakelock is initiated 
11-18 18:44:23.965 I/vendor.qti.bluetooth@1.0-bluetooth_hci( 1093): initialize: linking to deathRecipient
11-18 18:44:23.965 D/vendor.qti.bluetooth@1.0-data_handler( 1093): IsXMEMEnabled : XMEM property value = 0
11-18 18:44:23.965 D/vendor.qti.bluetooth@1.0-data_handler( 1093): StartInitTimer: Init timer started
11-18 18:44:23.965 D/vendor.qti.bluetooth@1.0-uart_controller( 1093): StartRecoveryStuckTimer
11-18 18:44:23.965 D/vendor.qti.bluetooth@1.0-uart_controller( 1093): StartRecoveryStuckTimer:Stuck recovery timer started
11-18 18:44:23.965 D/vendor.qti.bluetooth@1.0-uart_controller( 1093): StartRecoveryStuckTimer: Stuck recovery timer started
11-18 18:44:23.965 I/vendor.qti.bluetooth@1.0-uart_controller( 1093): soc need reload patch = 1
11-18 18:44:23.965 D/vendor.qti.bluetooth@1.0-power_manager( 1093): SetPower: enable: 0
11-18 18:44:23.965 E/vendor.qti.bluetooth@1.0-power_manager( 1093): 
11-18 18:44:23.965 E/vendor.qti.bluetooth@1.0-power_manager( 1093): PowerUpChip enable(0) retentionMode(0)
11-18 18:44:23.966 D/vendor.qti.bluetooth@1.0-power_manager( 1093): SetPower: enable: 1
11-18 18:44:23.966 E/vendor.qti.bluetooth@1.0-power_manager( 1093): 
11-18 18:44:23.966 E/vendor.qti.bluetooth@1.0-power_manager( 1093): PowerUpChip enable(1) retentionMode(0)
11-18 18:44:23.966 E/bt_ioctl(    0): BT_CMD_PWR_CTRL pwr_cntrl:0
11-18 18:44:23.966 E/bt_ioctl(    0): BT state already:0 no change done
11-18 18:44:23.966 E/bt_ioctl(    0): BT_CMD_PWR_CTRL pwr_cntrl:1
11-18 18:44:23.966 I/bt_power soc(    0): bt_wcn3990: Linked as a consumer to regulator.15
11-18 18:44:23.966 E/bt_vreg_enable(    0): vreg_en successful for : qca,bt-vdd-io
11-18 18:44:23.966 I/bt_power soc(    0): bt_wcn3990: Linked as a consumer to regulator.12
11-18 18:44:23.966 E/bt_vreg_enable(    0): vreg_en successful for : qca,bt-vdd-xtal
11-18 18:44:23.966 I/bt_power soc(    0): bt_wcn3990: Linked as a consumer to regulator.32
11-18 18:44:23.967 E/bt_vreg_enable(    0): vreg_en successful for : qca,bt-vdd-core
11-18 18:44:23.967 I/bt_power soc(    0): bt_wcn3990: Linked as a consumer to regulator.40
11-18 18:44:23.971 E/bt_vreg_enable(    0): vreg_en successful for : qca,bt-vdd-pa
11-18 18:44:23.972 D/vendor.qti.bluetooth@1.0-wake_lock( 1093): Acquire wakelock is acquired 
11-18 18:44:23.973 D/vendor.qti.bluetooth@1.0-uart_transport( 1093): Init:> soc_type: 3, need_reload: 1
11-18 18:44:23.973 D/vendor.qti.bluetooth@1.0-uart_transport( 1093): SendWakeupSignal: Opening port for sending wakeup signal
11-18 18:44:23.973 I/vendor.qti.bluetooth@1.0-uart_transport( 1093): InitTransport: opening /dev/ttyHS0
11-18 18:44:23.974 D/vendor.qti.bluetooth@1.0-uart_transport( 1093): userial clock on
11-18 18:44:23.988 I/vendor.qti.bluetooth@1.0-uart_transport( 1093): GetBaudRate: Current Baudrate = 38400 bps
11-18 18:44:23.988 I/vendor.qti.bluetooth@1.0-uart_transport( 1093): InitTransport: device fd = 9 open @38400 bps
11-18 18:44:23.994 I/vendor.qti.bluetooth@1.0-uart_transport( 1093): SendWakeupSignal:sent out wakeup signal
11-18 18:44:24.092 D/vendor.qti.bluetooth@1.0-uart_transport( 1093): DeInitTransport: Voting for clock OFF
11-18 18:44:24.105 I/vendor.qti.bluetooth@1.0-uart_transport( 1093): DeInitTransport: Transport is being closed!
11-18 18:44:24.105 D/vendor.qti.bluetooth@1.0-uart_transport( 1093): CleanUp:> soc_type: 3, need_reload: 1
11-18 18:44:24.105 I/vendor.qti.bluetooth@1.0-uart_transport( 1093): InitTransport: opening /dev/ttyHS0
11-18 18:44:24.106 D/vendor.qti.bluetooth@1.0-uart_transport( 1093): userial clock on
11-18 18:44:24.119 I/vendor.qti.bluetooth@1.0-uart_transport( 1093): GetBaudRate: Current Baudrate = 2400 bps
11-18 18:44:24.119 I/vendor.qti.bluetooth@1.0-uart_transport( 1093): InitTransport: device fd = 9 open @2400 bps
11-18 18:44:24.124 I/vendor.qti.bluetooth@1.0-uart_transport( 1093): CleanUp:send out shutdown signal
11-18 18:44:24.124 D/vendor.qti.bluetooth@1.0-uart_transport( 1093): DeInitTransport: Voting for clock OFF
11-18 18:44:24.137 I/vendor.qti.bluetooth@1.0-uart_transport( 1093): DeInitTransport: Transport is being closed!
11-18 18:44:24.188 D/vendor.qti.bluetooth@1.0-uart_transport( 1093): SendPowerOnPulse: Opening port for sending power ON pulse
11-18 18:44:24.188 I/vendor.qti.bluetooth@1.0-uart_transport( 1093): InitTransport: opening /dev/ttyHS0
11-18 18:44:24.188 D/vendor.qti.bluetooth@1.0-uart_transport( 1093): userial clock on
11-18 18:44:24.201 I/vendor.qti.bluetooth@1.0-uart_transport( 1093): GetBaudRate: Current Baudrate = 115200 bps
11-18 18:44:24.201 I/vendor.qti.bluetooth@1.0-uart_transport( 1093): InitTransport: device fd = 9 open @115200 bps
11-18 18:44:24.202 I/vendor.qti.bluetooth@1.0-uart_transport( 1093): SendPowerOnPulse:send out poweron signal
11-18 18:44:24.277 I/Monkey  (16995): :Sending Key (ACTION_DOWN): 21    // KEYCODE_DPAD_LEFT
11-18 18:44:24.279 I/QTI PowerHAL( 1116): Power setBoost: 0, duration: 0
11-18 18:44:24.282 I/Monkey  (16995): :Sending Key (ACTION_UP): 21    // KEYCODE_DPAD_LEFT
11-18 18:44:24.284 I/QTI PowerHAL( 1116): Power setBoost: 0, duration: 0
11-18 18:44:24.284 I/Monkey  (16995): Sleeping for 1000 milliseconds
11-18 18:44:24.302 D/vendor.qti.bluetooth@1.0-uart_transport( 1093): DeInitTransport: Voting for clock OFF
11-18 18:44:24.314 I/vendor.qti.bluetooth@1.0-uart_transport( 1093): DeInitTransport: Transport is being closed!
11-18 18:44:24.314 I/vendor.qti.bluetooth@1.0-uart_transport( 1093): InitTransport: opening /dev/ttyHS0
11-18 18:44:24.314 D/vendor.qti.bluetooth@1.0-uart_transport( 1093): userial clock on
11-18 18:44:24.314 I/vendor.qti.bluetooth@1.0-uart_transport( 1093): InitTransport: HW flow control enabled
11-18 18:44:24.324 I/vendor.qti.bluetooth@1.0-uart_transport( 1093): GetBaudRate: Current Baudrate = 115200 bps
11-18 18:44:24.324 I/vendor.qti.bluetooth@1.0-uart_transport( 1093): InitTransport: device fd = 9 open @115200 bps
11-18 18:44:24.324 D/vendor.qti.bluetooth@1.0-uart_transport( 1093): userial clock off
11-18 18:44:24.325 D/vendor.qti.bluetooth@1.0-power_manager( 1093): CheckSwCtrl: Check SW_CTRL & save value in kernel
11-18 18:44:24.325 D/vendor.qti.bluetooth@1.0-patch_dl_manager( 1093): PatchDLManager
11-18 18:44:24.325 D/vendor.qti.bluetooth@1.0-ibs_handler( 1093): IsEnabled: Reading sibs property
11-18 18:44:24.325 D/vendor.qti.bluetooth@1.0-ibs_handler( 1093): IsEnabled: Done reading sibs property
11-18 18:44:24.325 D/vendor.qti.bluetooth@1.0-ibs_handler( 1093): IsEnabled: SIBS enabled: true
11-18 18:44:24.326 D/vendor.qti.bluetooth@1.0-ibs_handler( 1093): IbsHandler
11-18 18:44:24.326 D/vendor.qti.bluetooth@1.0-ibs_handler( 1093): InitInt: tty_fd = 9
11-18 18:44:24.326 D/vendor.qti.bluetooth@1.0-bluetooth_address( 1093): GetLocalAddress
11-18 18:44:24.327 E/vendor.qti.bluetooth@1.0-bluetooth_address( 1093): CMD result: 1
11-18 18:44:24.328 D/vendor.qti.bluetooth@1.0-bluetooth_address( 1093): GetLocalAddress: Trying /data/vendor/etc/bluetooth_bdaddr
11-18 18:44:24.328 E/vendor.qti.bluetooth@1.0-bluetooth_address( 1093): GetLocalAddress: No preset BDA! Generating BDA: 22:22:44:b1:90:c7 for prop persist.vendor.service.bdroid.bdaddr
11-18 18:44:24.329 E/vendor.qti.bluetooth@1.0-bluetooth_address( 1093): GetLocalAddress: This is a bug in the platform!  Please fix!
11-18 18:44:24.325 I/bt_ioctl(    0): BT_CMD_CHECK_SW_CTRL
11-18 18:44:24.325 I/bt_ioctl(    0): bt-sw-ctrl-gpio(1193) value(1)
11-18 18:44:24.334 I/vendor.qti.bluetooth@1.0-uart_transport( 1093): ## userial_vendor_ioctl: UART Flow On 
11-18 18:44:24.334 I/vendor.qti.bluetooth@1.0-patch_dl_manager( 1093): Wipower not enabled
11-18 18:44:24.334 I/vendor.qti.bluetooth@1.0-patch_dl_manager( 1093):  SocInit 
11-18 18:44:24.334 D/vendor.qti.bluetooth@1.0-patch_dl_manager( 1093): PatchVerReq: Sending Get Version CMD to SOC
11-18 18:44:24.335 D/vendor.qti.bluetooth@1.0-patch_dl_manager( 1093): HciSendVsCmd: Get Version Cmd sent to SOC
11-18 18:44:24.339 I/vendor.qti.bluetooth@1.0-patch_dl_manager( 1093): ReadVsHciEvent: Expected CC
11-18 18:44:24.339 I/vendor.qti.bluetooth@1.0-patch_dl_manager( 1093): HCI Unified command interface supported
11-18 18:44:24.339 I/vendor.qti.bluetooth@1.0-patch_dl_manager( 1093): 	 unified Current Product ID		: 0x0000000a
11-18 18:44:24.339 I/vendor.qti.bluetooth@1.0-patch_dl_manager( 1093): 	 unified Current Patch Version		: 0x0de9
11-18 18:44:24.339 I/vendor.qti.bluetooth@1.0-patch_dl_manager( 1093): 	 unified Current ROM Build Version	: 0x0302
11-18 18:44:24.339 I/vendor.qti.bluetooth@1.0-patch_dl_manager( 1093): 	 unified Current SOC Version		: 0x40014320
11-18 18:44:24.339 D/vendor.qti.bluetooth@1.0-patch_dl_manager( 1093): HandleEdlCmdResEvt: Writing version info. in /data/vendor/bluetooth/bt_fw_version.txt
11-18 18:44:24.340 D/vendor.qti.bluetooth@1.0-patch_dl_manager( 1093): HandleEdlCmdResEvt: Done writing version info. in /data/vendor/bluetooth/bt_fw_version.txt
11-18 18:44:24.340 E/vendor.qti.bluetooth@1.0-power_manager( 1093): 
11-18 18:44:24.340 E/vendor.qti.bluetooth@1.0-power_manager( 1093): bt soc version  (1073824544)
11-18 18:44:24.340 E/vendor.qti.bluetooth@1.0-patch_dl_manager( 1093): PatchVerReq: rsp[CMD_RSP_OFFSET] = 1 ,  rsp[RSP_TYPE_OFFSET] = 0
11-18 18:44:24.340 I/vendor.qti.bluetooth@1.0-patch_dl_manager( 1093): SocInit: Chipset Version (0x40014320000a0302)
11-18 18:44:24.340 I/vendor.qti.bluetooth@1.0-patch_dl_manager( 1093): FormRegularPaths: Getting value of persist.vendor.bluetooth.alt_path_for_fw
11-18 18:44:24.340 I/vendor.qti.bluetooth@1.0-patch_dl_manager( 1093): FormRegularPaths: persist.vendor.bluetooth.alt_path_for_fw not set!
11-18 18:44:24.340 D/vendor.qti.bluetooth@1.0-patch_dl_manager( 1093): FormRegularPaths: Checking and Setting proper Rampatch and NVM path
11-18 18:44:24.340 D/vendor.qti.bluetooth@1.0-patch_dl_manager( 1093): FormRegularPaths: Done checking and setting proper Rampatch and NVM path
11-18 18:44:24.340 I/vendor.qti.bluetooth@1.0-uart_transport( 1093): ## userial_vendor_ioctl: UART Flow Off 
11-18 18:44:24.340 E/bt_ioctl(    0): unified Current SOC Version : 40014320
11-18 18:44:24.361 I/vendor.qti.bluetooth@1.0-uart_transport( 1093): ## userial_vendor_set_baud: 17
11-18 18:44:24.372 I/vendor.qti.bluetooth@1.0-uart_transport( 1093): SetBaudRate: in BOTHER
11-18 18:44:24.372 I/vendor.qti.bluetooth@1.0-uart_transport( 1093): GetBaudRate: Current Baudrate = 3200000 bps
11-18 18:44:24.372 I/vendor.qti.bluetooth@1.0-uart_transport( 1093): ## userial_vendor_ioctl: UART Flow On 
11-18 18:44:24.372 D/vendor.qti.bluetooth@1.0-patch_dl_manager( 1093): ReadHciEvent: Expected CC
11-18 18:44:24.372 I/vendor.qti.bluetooth@1.0-patch_dl_manager( 1093): SocInit: Baud rate changed successfully 
11-18 18:44:24.372 E/vendor.qti.bluetooth@1.0-patch_dl_manager( 1093): /bt_firmware/image/crbtfw32.tlv File Open Fail No such file or directory (2)
11-18 18:44:24.372 I/vendor.qti.bluetooth@1.0-patch_dl_manager( 1093): File open /vendor/bt_firmware/image/crbtfw32.tlv succeeded
11-18 18:44:24.374 I/vendor.qti.bluetooth@1.0-patch_dl_manager( 1093): ====================================================
11-18 18:44:24.374 I/vendor.qti.bluetooth@1.0-patch_dl_manager( 1093): TLV Type			 : 0x1
11-18 18:44:24.374 I/vendor.qti.bluetooth@1.0-patch_dl_manager( 1093): Length			 : 123892 bytes
11-18 18:44:24.374 I/vendor.qti.bluetooth@1.0-patch_dl_manager( 1093): Total Length			 : 123860 bytes
11-18 18:44:24.374 I/vendor.qti.bluetooth@1.0-patch_dl_manager( 1093): Patch Data Length			 : 123824 bytes
11-18 18:44:24.374 I/vendor.qti.bluetooth@1.0-patch_dl_manager( 1093): Signing Format Version	 : 0x1
11-18 18:44:24.374 I/vendor.qti.bluetooth@1.0-patch_dl_manager( 1093): Signature Algorithm		 : 0x0
11-18 18:44:24.374 I/vendor.qti.bluetooth@1.0-patch_dl_manager( 1093): Event Handling			 : 0x3
11-18 18:44:24.374 I/vendor.qti.bluetooth@1.0-patch_dl_manager( 1093): Reserved			 : 0x0
11-18 18:44:24.374 I/vendor.qti.bluetooth@1.0-patch_dl_manager( 1093): Product ID			 : 0x000a
11-18 18:44:24.374 I/vendor.qti.bluetooth@1.0-patch_dl_manager( 1093): Rom Build Version		 : 0x0302
11-18 18:44:24.374 I/vendor.qti.bluetooth@1.0-patch_dl_manager( 1093): Patch Version		 : 0x4384
11-18 18:44:24.374 I/vendor.qti.bluetooth@1.0-patch_dl_manager( 1093): Reserved			 : 0x0
11-18 18:44:24.374 I/vendor.qti.bluetooth@1.0-patch_dl_manager( 1093): Patch Entry Address		 : 0x0
11-18 18:44:24.374 I/vendor.qti.bluetooth@1.0-patch_dl_manager( 1093): ====================================================
11-18 18:44:24.375 I/vendor.qti.bluetooth@1.0-patch_dl_manager( 1093): TlvDnldReq: TLV size: 123896, Total Seg num: 509, remain size: 209
11-18 18:44:24.375 I/vendor.qti.bluetooth@1.0-patch_dl_manager( 1093): Event handling type: SKIP_EVT_VSE_CC
11-18 18:44:24.604 D/audio_hw_primary( 1089): out_set_parameters: enter: usecase(1: low-latency-playback) kvpairs: suspend_playback=false
11-18 18:44:24.604 D/audio_hw_extn( 1089): audio_extn_fm_set_parameters: Enter
11-18 18:44:24.605 W/audio_hw_primary( 1089): out_write: underrun(493) frames_by_time(48216) > out->last_fifo_frames_remaining(384)
11-18 18:44:24.645 D/audio_hw_primary( 1089): out_set_parameters: enter: usecase(1: low-latency-playback) kvpairs: suspend_playback=true
11-18 18:44:24.645 D/audio_hw_extn( 1089): audio_extn_fm_set_parameters: Enter
11-18 18:44:24.778 D/vendor.qti.bluetooth@1.0-patch_dl_manager( 1093): TlvDnldReq: Updating seg len to 209 as last segment
11-18 18:44:24.875 D/vendor.qti.bluetooth@1.0-patch_dl_manager( 1093): ReadHciEvent: Expected CC
11-18 18:44:24.875 D/vendor.qti.bluetooth@1.0-patch_dl_manager( 1093): FrameHciCmdPkt: Sending EDL_GET_BOARD_ID
11-18 18:44:24.875 D/vendor.qti.bluetooth@1.0-patch_dl_manager( 1093): HCI-CMD -1:	0x1 	0x0 	0xfc 	0x1 	0x23
11-18 18:44:24.875 I/vendor.qti.bluetooth@1.0-patch_dl_manager( 1093): GetBoardIdReq: Sending EDL_GET_BOARD_ID
11-18 18:44:24.875 D/vendor.qti.bluetooth@1.0-patch_dl_manager( 1093): ReadHciEvent: Expected CC
11-18 18:44:24.875 I/vendor.qti.bluetooth@1.0-patch_dl_manager( 1093): HandleEdlCmdResEvt: Board Id 0 0!!
11-18 18:44:24.876 E/vendor.qti.bluetooth@1.0-patch_dl_manager( 1093): /bt_firmware/image/crnv32u.b00 File Open Fail No such file or directory (2)
11-18 18:44:24.877 E/vendor.qti.bluetooth@1.0-patch_dl_manager( 1093): /vendor/bt_firmware/image/crnv32u.b00 File Opening from alternate path: Fail No such file or directory (2)
11-18 18:44:24.877 I/vendor.qti.bluetooth@1.0-patch_dl_manager( 1093): DownloadTlvFile: /bt_firmware/image/crnv32u.b00: file doesn't exist, falling back to default file
11-18 18:44:24.877 E/vendor.qti.bluetooth@1.0-patch_dl_manager( 1093): /bt_firmware/image/crnv32u.bin File Open Fail No such file or directory (2)
11-18 18:44:24.878 I/vendor.qti.bluetooth@1.0-patch_dl_manager( 1093): File open /vendor/bt_firmware/image/crnv32u.bin succeeded
11-18 18:44:24.878 I/vendor.qti.bluetooth@1.0-patch_dl_manager( 1093): ====================================================
11-18 18:44:24.878 I/vendor.qti.bluetooth@1.0-patch_dl_manager( 1093): TLV Type			 : 0x4
11-18 18:44:24.878 I/vendor.qti.bluetooth@1.0-patch_dl_manager( 1093): Length			 : 5488 bytes
11-18 18:44:24.878 I/vendor.qti.bluetooth@1.0-patch_dl_manager( 1093): ====================================================
11-18 18:44:24.878 I/vendor.qti.bluetooth@1.0-patch_dl_manager( 1093): ====================================================
11-18 18:44:24.878 I/vendor.qti.bluetooth@1.0-patch_dl_manager( 1093): TLV Type			 : 0x2
11-18 18:44:24.878 I/vendor.qti.bluetooth@1.0-patch_dl_manager( 1093): Length			 : 4403 bytes
11-18 18:44:24.878 I/vendor.qti.bluetooth@1.0-patch_dl_manager( 1093): ====================================================
11-18 18:44:24.878 I/vendor.qti.bluetooth@1.0-patch_dl_manager( 1093): BD Address: c7:90:b1:44:22:22
11-18 18:44:24.878 I/vendor.qti.bluetooth@1.0-patch_dl_manager( 1093): UpdateNewNvmFormat: baudrate 11
11-18 18:44:24.878 D/vendor.qti.bluetooth@1.0-ibs_handler( 1093): IsEnabled: SIBS enabled: true
11-18 18:44:24.878 D/vendor.qti.bluetooth@1.0-patch_dl_manager( 1093): CheckForWakeupMechanism: Wakeup source config : 0
11-18 18:44:24.878 I/vendor.qti.bluetooth@1.0-patch_dl_manager( 1093): UpdateNewNvmFormat: SIBS Enable
11-18 18:44:24.879 I/vendor.qti.bluetooth@1.0-patch_dl_manager( 1093): ====================================================
11-18 18:44:24.879 I/vendor.qti.bluetooth@1.0-patch_dl_manager( 1093): TLV Type			 : 0x3
11-18 18:44:24.879 I/vendor.qti.bluetooth@1.0-patch_dl_manager( 1093): Length			 : 1077 bytes
11-18 18:44:24.879 I/vendor.qti.bluetooth@1.0-patch_dl_manager( 1093): ====================================================
11-18 18:44:24.879 I/vendor.qti.bluetooth@1.0-patch_dl_manager( 1093): ====================================================
11-18 18:44:24.879 I/vendor.qti.bluetooth@1.0-patch_dl_manager( 1093): TlvDnldReq: TLV size: 5492, Total Seg num: 22, remain size: 146
11-18 18:44:24.880 D/vendor.qti.bluetooth@1.0-patch_dl_manager( 1093): ReadHciEvent: Expected CC
11-18 18:44:24.882 D/vendor.qti.bluetooth@1.0-patch_dl_manager( 1093): ReadHciEvent: Expected CC
11-18 18:44:24.883 D/vendor.qti.bluetooth@1.0-patch_dl_manager( 1093): ReadHciEvent: Expected CC
11-18 18:44:24.884 D/vendor.qti.bluetooth@1.0-patch_dl_manager( 1093): ReadHciEvent: Expected CC
11-18 18:44:24.885 D/vendor.qti.bluetooth@1.0-patch_dl_manager( 1093): ReadHciEvent: Expected CC
11-18 18:44:24.886 D/vendor.qti.bluetooth@1.0-patch_dl_manager( 1093): ReadHciEvent: Expected CC
11-18 18:44:24.887 D/vendor.qti.bluetooth@1.0-patch_dl_manager( 1093): ReadHciEvent: Expected CC
11-18 18:44:24.889 D/vendor.qti.bluetooth@1.0-patch_dl_manager( 1093): ReadHciEvent: Expected CC
11-18 18:44:24.890 D/vendor.qti.bluetooth@1.0-patch_dl_manager( 1093): ReadHciEvent: Expected CC
11-18 18:44:24.891 D/vendor.qti.bluetooth@1.0-patch_dl_manager( 1093): ReadHciEvent: Expected CC
11-18 18:44:24.892 D/vendor.qti.bluetooth@1.0-patch_dl_manager( 1093): ReadHciEvent: Expected CC
