11-18 18:44:26.829 I/Telecom ( 1923): DefaultDialerCache: Refreshing default dialer for user 0: now com.sonymobile.android.dialer: DDC.oR@AgQ
11-18 18:44:26.829 D/Avrcp_ext(17089): isBrowsableListUpdated: package includes MediaBrowserService, true
11-18 18:44:26.829 D/Avrcp_ext(17089): buildBrowsablePlayerList 
11-18 18:44:26.830 V/Avrcp_ext(17089): getMediaPlayerInfo: Found com.android.bluetooth
11-18 18:44:26.830 V/Avrcp_ext(17089): isBrowseSupported for com.android.bluetooth: false
11-18 18:44:26.830 D/Avrcp_ext(17089): Adding media player info for com.android.bluetooth with id 2
11-18 18:44:26.830 D/Avrcp_ext(17089): update #2:MediaPlayerInfo com.android.bluetooth (as 'Bluetooth') Type = 1, SubType = 0, Status = 0 Feature Bits [40 41 42 44 45 47 48 58] Controller: null
11-18 18:44:26.830 D/Avrcp_ext(17089): Added MediaPlayerController/MediaPlayerPackage
11-18 18:44:26.830 V/Avrcp_ext(17089): getMediaPlayerInfo: Found com.google.android.googlequicksearchbox
11-18 18:44:26.830 V/Avrcp_ext(17089): isBrowseSupported for com.google.android.googlequicksearchbox: false
11-18 18:44:26.830 D/Avrcp_ext(17089): Adding media player info for com.google.android.googlequicksearchbox with id 3
11-18 18:44:26.830 D/Avrcp_ext(17089): update #3:MediaPlayerInfo com.google.android.googlequicksearchbox (as 'Google') Type = 1, SubType = 0, Status = 0 Feature Bits [40 41 42 44 45 47 48 58] Controller: null
11-18 18:44:26.830 D/Avrcp_ext(17089): Added MediaPlayerController/MediaPlayerPackage
11-18 18:44:26.830 V/Avrcp_ext(17089): getMediaPlayerInfo: Found com.google.android.youtube
11-18 18:44:26.830 V/Avrcp_ext(17089): isBrowseSupported for com.google.android.youtube: false
11-18 18:44:26.830 D/Avrcp_ext(17089): Adding media player info for com.google.android.youtube with id 4
11-18 18:44:26.830 D/Avrcp_ext(17089): update #4:MediaPlayerInfo com.google.android.youtube (as 'YouTube') Type = 1, SubType = 0, Status = 0 Feature Bits [40 41 42 44 45 47 48 58] Controller: null
11-18 18:44:26.831 D/Avrcp_ext(17089): Added MediaPlayerController/MediaPlayerPackage
11-18 18:44:26.831 D/Avrcp_ext(17089): Fetch the displayName of package - start
11-18 18:44:26.831 D/Avrcp_ext(17089): Fetch the displayName of package -Music end
11-18 18:44:26.831 D/Avrcp_ext(17089): svc com.sonyericsson.music.proxyservice.PlaybackService pkg com.sonyericsson.music
11-18 18:44:26.831 V/Avrcp_ext(17089): getMediaPlayerInfo: Found com.sonyericsson.music
11-18 18:44:26.831 V/Avrcp_ext(17089): isBrowseSupported for com.sonyericsson.music: true
11-18 18:44:26.831 D/Avrcp_ext(17089): Adding media player info for com.sonyericsson.music with id 5
11-18 18:44:26.831 D/Avrcp_ext(17089): update #5:MediaPlayerInfo com.sonyericsson.music (as 'Music') Type = 1, SubType = 0, Status = 2 Feature Bits [40 41 42 44 45 47 48 58 59 62 65 67 68] Controller: MediaController (com.sonyericsson.music@a8ea37c) null
11-18 18:44:26.831 V/Avrcp_ext(17089): updateNewIds: Addressed:5 to 5, Browse:-1 to -1
11-18 18:44:26.832 D/Avrcp_ext(17089): updateCurrentController: MediaController (com.sonyericsson.music@a8ea37c) null to MediaController (com.sonyericsson.music@a8ea37c) null
11-18 18:44:26.832 D/CompatibilityInfo( 1923): mCompatibilityFlags - 0
11-18 18:44:26.832 D/CompatibilityInfo( 1923): applicationDensity - 420
11-18 18:44:26.832 D/CompatibilityInfo( 1923): applicationScale - 1.0
11-18 18:44:26.838 V/Avrcp_ext(17089): updateCurrentMediaState: mMediaController: MediaController (com.sonyericsson.music@a8ea37c) null
11-18 18:44:26.838 W/Avrcp_ext(17089): isMusicActive: false getBluetoothPlayState: 2 A2dp State: 11 mAudioPlaybackIsActive: false
11-18 18:44:26.838 D/Avrcp_ext(17089): isMusicActive = false mAudioPlaybackIsActive = false player state = PlaybackState {state=2, position=0, buffered position=0, speed=1.0, updated=1893845, actions=7551, custom actions=[], active item id=-1, error=null}
11-18 18:44:26.838 V/Avrcp_ext(17089): Media update: id [MediaAttributes: none] : [MediaAttributes: none]
11-18 18:44:26.838 D/Avrcp_ext(17089): isPackageNameValid: browsedPackage = com.sonyericsson.musicisValid = true
11-18 18:44:26.838 V/Avrcp_ext(17089): isBrowseSupported for com.sonyericsson.music: true
11-18 18:44:26.838 V/Avrcp_ext(17089): Check if NowPlayingList is updated
11-18 18:44:26.839 V/Avrcp_ext(17089): updatePlaybackState, state: PlaybackState {state=2, position=0, buffered position=0, speed=1.0, updated=1893845, actions=7551, custom actions=[], active item id=-1, error=null} device: null
11-18 18:44:26.839 V/Avrcp_ext(17089): Device: no name: 
11-18 18:44:26.839 V/Avrcp_ext(17089): Device: no name: 
11-18 18:44:26.839 V/Avrcp_ext(17089): Device: no name: 
11-18 18:44:26.839 V/Avrcp_ext(17089): Device: no name: 
11-18 18:44:26.839 V/Avrcp_ext(17089): Device: no name: 
11-18 18:44:26.839 V/Avrcp_ext(17089): updatePlayerStateAndPosition, old=PlaybackState {state=2, position=0, buffered position=0, speed=1.0, updated=1893845, actions=7551, custom actions=[], active item id=-1, error=null}, state=PlaybackState {state=2, position=0, buffered position=0, speed=1.0, updated=1893845, actions=7551, custom actions=[], active item id=-1, error=null}
11-18 18:44:26.839 V/Avrcp_ext(17089): old state = PlaybackState {state=2, position=0, buffered position=0, speed=1.0, updated=1893845, actions=7551, custom actions=[], active item id=-1, error=null}, new state= PlaybackState {state=2, position=0, buffered position=0, speed=1.0, updated=1893845, actions=7551, custom actions=[], active item id=-1, error=null}
11-18 18:44:26.839 D/HeadsetService(17089): getHeadsetService(): returning com.android.bluetooth.hfp.HeadsetService@7e480c9
11-18 18:44:26.839 D/HeadsetService(17089):  isAudioOn: The number of audio connected devices 0
11-18 18:44:26.839 D/HeadsetService(17089): isScoOrCallActive(): Call Active:falseCall is Ringing:falseSCO is Active:false
11-18 18:44:26.839 D/HeadsetService(17089):  isAudioOn: The number of audio connected devices 0
11-18 18:44:26.839 I/Avrcp_ext(17089): updatePlayStatusForDevice: device: null
11-18 18:44:26.839 V/Avrcp_ext(17089): updatePlaybackState (1): old=PlaybackState {state=2, position=0, buffered position=0, speed=1.0, updated=1893845, actions=7551, custom actions=[], active item id=-1, error=null}(2), new=PlaybackState {state=2, position=0, buffered position=0, speed=1.0, updated=1893845, actions=7551, custom actions=[], active item id=-1, error=null}(2)
11-18 18:44:26.839 I/Avrcp_ext(17089): Exit updatePlayStatusForDevice
11-18 18:44:26.839 D/HeadsetService(17089):  isAudioOn: The number of audio connected devices 0
11-18 18:44:26.839 D/HeadsetService(17089): isScoOrCallActive(): Call Active:falseCall is Ringing:falseSCO is Active:false
11-18 18:44:26.839 D/HeadsetService(17089):  isAudioOn: The number of audio connected devices 0
11-18 18:44:26.839 I/Avrcp_ext(17089): updatePlayStatusForDevice: device: null
11-18 18:44:26.839 V/Avrcp_ext(17089): updatePlaybackState (1): old=PlaybackState {state=2, position=0, buffered position=0, speed=1.0, updated=1893845, actions=7551, custom actions=[], active item id=-1, error=null}(2), new=PlaybackState {state=2, position=0, buffered position=0, speed=1.0, updated=1893845, actions=7551, custom actions=[], active item id=-1, error=null}(2)
11-18 18:44:26.839 I/Avrcp_ext(17089): Exit updatePlayStatusForDevice
11-18 18:44:26.839 D/HeadsetService(17089):  isAudioOn: The number of audio connected devices 0
11-18 18:44:26.839 D/HeadsetService(17089): isScoOrCallActive(): Call Active:falseCall is Ringing:falseSCO is Active:false
11-18 18:44:26.839 D/HeadsetService(17089):  isAudioOn: The number of audio connected devices 0
11-18 18:44:26.839 I/Avrcp_ext(17089): updatePlayStatusForDevice: device: null
11-18 18:44:26.839 V/Avrcp_ext(17089): updatePlaybackState (1): old=PlaybackState {state=2, position=0, buffered position=0, speed=1.0, updated=1893845, actions=7551, custom actions=[], active item id=-1, error=null}(2), new=PlaybackState {state=2, position=0, buffered position=0, speed=1.0, updated=1893845, actions=7551, custom actions=[], active item id=-1, error=null}(2)
11-18 18:44:26.839 I/Avrcp_ext(17089): Exit updatePlayStatusForDevice
11-18 18:44:26.839 D/HeadsetService(17089):  isAudioOn: The number of audio connected devices 0
11-18 18:44:26.839 D/HeadsetService(17089): isScoOrCallActive(): Call Active:falseCall is Ringing:falseSCO is Active:false
11-18 18:44:26.839 D/HeadsetService(17089):  isAudioOn: The number of audio connected devices 0
11-18 18:44:26.839 I/Avrcp_ext(17089): updatePlayStatusForDevice: device: null
11-18 18:44:26.840 V/Avrcp_ext(17089): updatePlaybackState (1): old=PlaybackState {state=2, position=0, buffered position=0, speed=1.0, updated=1893845, actions=7551, custom actions=[], active item id=-1, error=null}(2), new=PlaybackState {state=2, position=0, buffered position=0, speed=1.0, updated=1893845, actions=7551, custom actions=[], active item id=-1, error=null}(2)
11-18 18:44:26.840 I/Avrcp_ext(17089): Exit updatePlayStatusForDevice
11-18 18:44:26.840 D/HeadsetService(17089):  isAudioOn: The number of audio connected devices 0
11-18 18:44:26.840 D/HeadsetService(17089): isScoOrCallActive(): Call Active:falseCall is Ringing:falseSCO is Active:false
11-18 18:44:26.840 D/HeadsetService(17089):  isAudioOn: The number of audio connected devices 0
11-18 18:44:26.840 I/Avrcp_ext(17089): updatePlayStatusForDevice: device: null
11-18 18:44:26.840 V/Avrcp_ext(17089): updatePlaybackState (1): old=PlaybackState {state=2, position=0, buffered position=0, speed=1.0, updated=1893845, actions=7551, custom actions=[], active item id=-1, error=null}(2), new=PlaybackState {state=2, position=0, buffered position=0, speed=1.0, updated=1893845, actions=7551, custom actions=[], active item id=-1, error=null}(2)
11-18 18:44:26.840 I/Avrcp_ext(17089): Exit updatePlayStatusForDevice
11-18 18:44:26.840 D/Avrcp_ext(17089): Enter sendPlayPosNotificationRsp
11-18 18:44:26.840 D/Avrcp_ext(17089): sendPlayPosNotificationRsp: Not registered or requesting.
11-18 18:44:26.840 D/Avrcp_ext(17089): Enter sendPlayPosNotificationRsp
11-18 18:44:26.840 D/Avrcp_ext(17089): sendPlayPosNotificationRsp: Not registered or requesting.
11-18 18:44:26.840 D/Avrcp_ext(17089): Enter sendPlayPosNotificationRsp
11-18 18:44:26.840 D/Avrcp_ext(17089): sendPlayPosNotificationRsp: Not registered or requesting.
11-18 18:44:26.840 D/Avrcp_ext(17089): Enter sendPlayPosNotificationRsp
11-18 18:44:26.840 D/Avrcp_ext(17089): sendPlayPosNotificationRsp: Not registered or requesting.
11-18 18:44:26.840 D/Avrcp_ext(17089): Enter sendPlayPosNotificationRsp
11-18 18:44:26.840 D/Avrcp_ext(17089): sendPlayPosNotificationRsp: Not registered or requesting.
11-18 18:44:26.840 V/Avrcp_ext(17089): Exit updatePlayerStateAndPosition
11-18 18:44:26.840 D/Avrcp_ext(17089): Added MediaPlayerController/MediaPlayerPackage
11-18 18:44:26.840 V/Avrcp_ext(17089): getMediaPlayerInfo: Found com.sonymobile.fmradio
11-18 18:44:26.840 V/Avrcp_ext(17089): isBrowseSupported for com.sonymobile.fmradio: false
11-18 18:44:26.848 D/Avrcp_ext(17089): Adding media player info for com.sonymobile.fmradio with id 6
11-18 18:44:26.849 D/Avrcp_ext(17089): update #6:MediaPlayerInfo com.sonymobile.fmradio (as 'FM radio') Type = 1, SubType = 0, Status = 0 Feature Bits [40 41 42 44 45 47 48 58] Controller: null
11-18 18:44:26.849 D/Avrcp_ext(17089): Added MediaPlayerController/MediaPlayerPackage
11-18 18:44:26.854 V/Avrcp_ext(17089): updateCurrentMediaState: mMediaController: MediaController (com.sonyericsson.music@a8ea37c) null
11-18 18:44:26.854 W/Avrcp_ext(17089): isMusicActive: false getBluetoothPlayState: 2 A2dp State: 11 mAudioPlaybackIsActive: false
11-18 18:44:26.855 D/Avrcp_ext(17089): isMusicActive = false mAudioPlaybackIsActive = false player state = PlaybackState {state=2, position=0, buffered position=0, speed=1.0, updated=1893845, actions=7551, custom actions=[], active item id=-1, error=null}
11-18 18:44:26.855 V/Avrcp_ext(17089): Media update: id [MediaAttributes: none] : [MediaAttributes: none]
11-18 18:44:26.855 D/Avrcp_ext(17089): isPackageNameValid: browsedPackage = com.sonyericsson.musicisValid = true
11-18 18:44:26.855 V/Avrcp_ext(17089): isBrowseSupported for com.sonyericsson.music: true
11-18 18:44:26.855 V/Avrcp_ext(17089): Check if NowPlayingList is updated
11-18 18:44:26.856 V/Avrcp_ext(17089): updatePlaybackState, state: PlaybackState {state=2, position=0, buffered position=0, speed=1.0, updated=1893845, actions=7551, custom actions=[], active item id=-1, error=null} device: null
11-18 18:44:26.856 V/Avrcp_ext(17089): Device: no name: 
11-18 18:44:26.856 V/Avrcp_ext(17089): Device: no name: 
11-18 18:44:26.856 V/Avrcp_ext(17089): Device: no name: 
11-18 18:44:26.856 V/Avrcp_ext(17089): Device: no name: 
11-18 18:44:26.856 V/Avrcp_ext(17089): Device: no name: 
11-18 18:44:26.856 V/Avrcp_ext(17089): updatePlayerStateAndPosition, old=PlaybackState {state=2, position=0, buffered position=0, speed=1.0, updated=1893845, actions=7551, custom actions=[], active item id=-1, error=null}, state=PlaybackState {state=2, position=0, buffered position=0, speed=1.0, updated=1893845, actions=7551, custom actions=[], active item id=-1, error=null}
11-18 18:44:26.856 V/Avrcp_ext(17089): old state = PlaybackState {state=2, position=0, buffered position=0, speed=1.0, updated=1893845, actions=7551, custom actions=[], active item id=-1, error=null}, new state= PlaybackState {state=2, position=0, buffered position=0, speed=1.0, updated=1893845, actions=7551, custom actions=[], active item id=-1, error=null}
11-18 18:44:26.856 D/HeadsetService(17089): getHeadsetService(): returning com.android.bluetooth.hfp.HeadsetService@7e480c9
11-18 18:44:26.856 D/HeadsetService(17089):  isAudioOn: The number of audio connected devices 0
11-18 18:44:26.856 D/HeadsetService(17089): isScoOrCallActive(): Call Active:falseCall is Ringing:falseSCO is Active:false
11-18 18:44:26.856 D/HeadsetService(17089):  isAudioOn: The number of audio connected devices 0
11-18 18:44:26.856 I/Avrcp_ext(17089): updatePlayStatusForDevice: device: null
11-18 18:44:26.856 V/Avrcp_ext(17089): updatePlaybackState (1): old=PlaybackState {state=2, position=0, buffered position=0, speed=1.0, updated=1893845, actions=7551, custom actions=[], active item id=-1, error=null}(2), new=PlaybackState {state=2, position=0, buffered position=0, speed=1.0, updated=1893845, actions=7551, custom actions=[], active item id=-1, error=null}(2)
11-18 18:44:26.856 I/Avrcp_ext(17089): Exit updatePlayStatusForDevice
11-18 18:44:26.856 D/HeadsetService(17089):  isAudioOn: The number of audio connected devices 0
11-18 18:44:26.856 D/HeadsetService(17089): isScoOrCallActive(): Call Active:falseCall is Ringing:falseSCO is Active:false
11-18 18:44:26.856 D/HeadsetService(17089):  isAudioOn: The number of audio connected devices 0
11-18 18:44:26.856 I/Avrcp_ext(17089): updatePlayStatusForDevice: device: null
11-18 18:44:26.856 V/Avrcp_ext(17089): updatePlaybackState (1): old=PlaybackState {state=2, position=0, buffered position=0, speed=1.0, updated=1893845, actions=7551, custom actions=[], active item id=-1, error=null}(2), new=PlaybackState {state=2, position=0, buffered position=0, speed=1.0, updated=1893845, actions=7551, custom actions=[], active item id=-1, error=null}(2)
11-18 18:44:26.856 I/Avrcp_ext(17089): Exit updatePlayStatusForDevice
11-18 18:44:26.856 D/HeadsetService(17089):  isAudioOn: The number of audio connected devices 0
11-18 18:44:26.856 D/HeadsetService(17089): isScoOrCallActive(): Call Active:falseCall is Ringing:falseSCO is Active:false
11-18 18:44:26.856 D/HeadsetService(17089):  isAudioOn: The number of audio connected devices 0
11-18 18:44:26.856 I/Avrcp_ext(17089): updatePlayStatusForDevice: device: null
11-18 18:44:26.856 V/Avrcp_ext(17089): updatePlaybackState (1): old=PlaybackState {state=2, position=0, buffered position=0, speed=1.0, updated=1893845, actions=7551, custom actions=[], active item id=-1, error=null}(2), new=PlaybackState {state=2, position=0, buffered position=0, speed=1.0, updated=1893845, actions=7551, custom actions=[], active item id=-1, error=null}(2)
11-18 18:44:26.856 I/Avrcp_ext(17089): Exit updatePlayStatusForDevice
11-18 18:44:26.856 D/HeadsetService(17089):  isAudioOn: The number of audio connected devices 0
11-18 18:44:26.856 D/HeadsetService(17089): isScoOrCallActive(): Call Active:falseCall is Ringing:falseSCO is Active:false
11-18 18:44:26.856 D/HeadsetService(17089):  isAudioOn: The number of audio connected devices 0
11-18 18:44:26.856 I/Avrcp_ext(17089): updatePlayStatusForDevice: device: null
11-18 18:44:26.857 V/Avrcp_ext(17089): updatePlaybackState (1): old=PlaybackState {state=2, position=0, buffered position=0, speed=1.0, updated=1893845, actions=7551, custom actions=[], active item id=-1, error=null}(2), new=PlaybackState {state=2, position=0, buffered position=0, speed=1.0, updated=1893845, actions=7551, custom actions=[], active item id=-1, error=null}(2)
11-18 18:44:26.857 I/Avrcp_ext(17089): Exit updatePlayStatusForDevice
11-18 18:44:26.857 D/HeadsetService(17089):  isAudioOn: The number of audio connected devices 0
11-18 18:44:26.857 D/HeadsetService(17089): isScoOrCallActive(): Call Active:falseCall is Ringing:falseSCO is Active:false
11-18 18:44:26.857 D/HeadsetService(17089):  isAudioOn: The number of audio connected devices 0
11-18 18:44:26.857 I/Avrcp_ext(17089): updatePlayStatusForDevice: device: null
11-18 18:44:26.857 V/Avrcp_ext(17089): updatePlaybackState (1): old=PlaybackState {state=2, position=0, buffered position=0, speed=1.0, updated=1893845, actions=7551, custom actions=[], active item id=-1, error=null}(2), new=PlaybackState {state=2, position=0, buffered position=0, speed=1.0, updated=1893845, actions=7551, custom actions=[], active item id=-1, error=null}(2)
11-18 18:44:26.857 I/Avrcp_ext(17089): Exit updatePlayStatusForDevice
11-18 18:44:26.857 D/Avrcp_ext(17089): Enter sendPlayPosNotificationRsp
11-18 18:44:26.857 D/Avrcp_ext(17089): sendPlayPosNotificationRsp: Not registered or requesting.
11-18 18:44:26.857 D/Avrcp_ext(17089): Enter sendPlayPosNotificationRsp
11-18 18:44:26.857 D/Avrcp_ext(17089): sendPlayPosNotificationRsp: Not registered or requesting.
11-18 18:44:26.857 D/Avrcp_ext(17089): Enter sendPlayPosNotificationRsp
11-18 18:44:26.857 D/Avrcp_ext(17089): sendPlayPosNotificationRsp: Not registered or requesting.
11-18 18:44:26.857 D/Avrcp_ext(17089): Enter sendPlayPosNotificationRsp
11-18 18:44:26.857 D/Avrcp_ext(17089): sendPlayPosNotificationRsp: Not registered or requesting.
11-18 18:44:26.857 D/Avrcp_ext(17089): Enter sendPlayPosNotificationRsp
11-18 18:44:26.857 D/Avrcp_ext(17089): sendPlayPosNotificationRsp: Not registered or requesting.
11-18 18:44:26.857 V/Avrcp_ext(17089): Exit updatePlayerStateAndPosition
11-18 18:44:26.857 D/Avrcp_ext(17089): Exit handlePackageModified
11-18 18:44:26.859 I/Fitness ( 6392): OnPackageChangedOperation got intent: Intent { act=android.intent.action.PACKAGE_CHANGED dat=package: flg=0x45000010 pkg=com.google.android.gms cmp=com.google.android.gms/.chimera.PersistentIntentOperationService (has extras) } [CONTEXT service_id=17 ]
11-18 18:44:26.862 D/CompatibilityInfo( 1923): mCompatibilityFlags - 0
11-18 18:44:26.862 D/CompatibilityInfo( 1923): applicationDensity - 420
11-18 18:44:26.862 D/CompatibilityInfo( 1923): applicationScale - 1.0
11-18 18:44:26.868 I/PermissionControllerServiceImpl( 5639): Updating user sensitive for uid 10195
11-18 18:44:26.876 I/PermissionControllerServiceImpl( 5639): Updating user sensitive for uid 1002
11-18 18:44:26.879 D/CompatibilityInfo( 1923): mCompatibilityFlags - 0
11-18 18:44:26.879 D/CompatibilityInfo( 1923): applicationDensity - 420
11-18 18:44:26.879 D/CompatibilityInfo( 1923): applicationScale - 1.0
11-18 18:44:26.883 D/CompatibilityInfo( 1923): mCompatibilityFlags - 0
11-18 18:44:26.884 D/CompatibilityInfo( 1923): applicationDensity - 420
11-18 18:44:26.884 D/CompatibilityInfo( 1923): applicationScale - 1.0
11-18 18:44:26.884 I/tombstoned(  768): received crash request for pid 6051
11-18 18:44:26.884 I/tombstoned(  768): found intercept fd 512 for pid 6051 and type kDebuggerdJavaBacktrace
11-18 18:44:26.884 I/bile.enterprise( 6051): Wrote stack traces to tombstoned
11-18 18:44:26.885 W/tombstoned(  768): skipping tombstone file creation due to intercept
11-18 18:44:26.885 I/dumpstate(16676): libdebuggerd_client: done dumping process 6051
11-18 18:44:26.887 I/dumpstate(16676): libdebuggerd_client: started dumping process 6076
11-18 18:44:26.887 I/tombstoned(  768): registered intercept for pid 6076 and type kDebuggerdJavaBacktrace
11-18 18:44:26.888 I/tssystemservice( 6076): Thread[2,tid=6092,WaitingInMainSignalCatcherLoop,Thread*=0xb400007d00d0ce90,peer=0x12c401d0,"Signal Catcher"]: reacting to signal 3
11-18 18:44:26.888 I/tssystemservice( 6076): 
11-18 18:44:26.911 D/CarrierSvcBindHelper( 6187): onPackageModified: com.google.android.gms
11-18 18:44:26.914 D/CarrierSvcBindHelper( 6187): No carrier app for: 0
11-18 18:44:26.918 I/Icing   (16802): updateResources: need to parse amlz{com.google.android.gms}
11-18 18:44:26.920 I/Fitness ( 6392): FitCleanupIntentOperation received Intent android.intent.action.PACKAGE_CHANGED [CONTEXT service_id=17 ]
11-18 18:44:26.930 I/lowmemorykiller(  633): Ignoring pressure since per-zone watermarks ok
11-18 18:44:26.934 I/PeopleGalProvider(16802): Gal directories started.
11-18 18:44:26.940 I/InputReader( 1923): Reconfiguring input devices, changes=KEYBOARD_LAYOUTS | 
11-18 18:44:26.941 I/lowmemorykiller(  633): Ignoring pressure since per-zone watermarks ok
11-18 18:44:26.945 I/InputReader( 1923): Reconfiguring input devices, changes=KEYBOARD_LAYOUTS | 
11-18 18:44:26.948 I/tombstoned(  768): received crash request for pid 6076
11-18 18:44:26.948 I/tombstoned(  768): found intercept fd 512 for pid 6076 and type kDebuggerdJavaBacktrace
11-18 18:44:26.949 I/dumpstate(16676): libdebuggerd_client: done dumping process 6076
11-18 18:44:26.949 I/tssystemservice( 6076): Wrote stack traces to tombstoned
11-18 18:44:26.950 I/dumpstate(16676): libdebuggerd_client: started dumping process 6117
11-18 18:44:26.951 W/tombstoned(  768): skipping tombstone file creation due to intercept
11-18 18:44:26.952 I/binder  (    0): 17382:17382 ioctl 40046210 7fcad38890 returned -22
11-18 18:44:26.951 I/tombstoned(  768): registered intercept for pid 6117 and type kDebuggerdJavaBacktrace
11-18 18:44:26.951 I/com.android.se( 6117): Thread[3,tid=6132,WaitingInMainSignalCatcherLoop,Thread*=0xb400007d00d05f50,peer=0x12cc01d0,"Signal Catcher"]: reacting to signal 3
11-18 18:44:26.951 I/com.android.se( 6117): 
11-18 18:44:26.951 I/idmap2d (17382): Starting
11-18 18:44:26.956 I/lowmemorykiller(  633): Ignoring pressure since per-zone watermarks ok
11-18 18:44:26.957 D/CarrierSvcBindHelper( 6187): onPackageModified: com.android.bluetooth
11-18 18:44:26.957 D/CarrierSvcBindHelper( 6187): No carrier app for: 0
11-18 18:44:26.958 D/ImsResolver( 6187): maybeAddedImsService, packageName: com.google.android.gms
11-18 18:44:26.960 D/CompatibilityInfo( 1923): mCompatibilityFlags - 0
11-18 18:44:26.960 D/CompatibilityInfo( 1923): applicationDensity - 420
11-18 18:44:26.960 D/CompatibilityInfo( 1923): applicationScale - 1.0
11-18 18:44:26.962 I/PeopleGalProvider(16802): Method 1 completed.
11-18 18:44:26.963 I/PeopleGalProvider(16802): Method 1 finished successfully.
11-18 18:44:26.967 I/lowmemorykiller(  633): Ignoring pressure since per-zone watermarks ok
11-18 18:44:26.980 I/lowmemorykiller(  633): Ignoring pressure since per-zone watermarks ok
11-18 18:44:26.982 D/ImsResolver( 6187): maybeAddedImsService, packageName: com.android.bluetooth
11-18 18:44:26.991 I/lowmemorykiller(  633): Ignoring pressure since per-zone watermarks ok
11-18 18:44:26.994 I/WM-WorkerWrapper( 8075): Worker result SUCCESS for Work [ id=e05d2adb-aac0-48bf-8555-c11b1a9e0945, tags={ com.nttdocomo.android.homezozo.home.appmanager.AppManagerWorker } ]
11-18 18:44:27.001 I/WM-WorkerWrapper( 8075): Worker result SUCCESS for Work [ id=c2f6d880-e6ad-447b-86a5-86096661dc7c, tags={ com.nttdocomo.android.homezozo.home.appmanager.AppManagerWorker } ]
11-18 18:44:27.002 D/RegisteredNfcFServicesCache( 7732): Service unchanged, not updating
11-18 18:44:27.004 I/lowmemorykiller(  633): Ignoring pressure since per-zone watermarks ok
11-18 18:44:27.015 I/lowmemorykiller(  633): Ignoring pressure since per-zone watermarks ok
11-18 18:44:27.019 I/tombstoned(  768): received crash request for pid 6117
11-18 18:44:27.019 I/tombstoned(  768): found intercept fd 512 for pid 6117 and type kDebuggerdJavaBacktrace
11-18 18:44:27.019 I/com.android.se( 6117): Wrote stack traces to tombstoned
11-18 18:44:27.020 I/dumpstate(16676): libdebuggerd_client: done dumping process 6117
11-18 18:44:27.021 I/dumpstate(16676): libdebuggerd_client: started dumping process 6126
11-18 18:44:27.022 W/tombstoned(  768): skipping tombstone file creation due to intercept
11-18 18:44:27.022 I/tombstoned(  768): registered intercept for pid 6126 and type kDebuggerdJavaBacktrace
11-18 18:44:27.023 I/on.crashmonitor( 6126): Thread[5,tid=6153,WaitingInMainSignalCatcherLoop,Thread*=0xb400007d00d19140,peer=0x12d401d0,"Signal Catcher"]: reacting to signal 3
11-18 18:44:27.023 I/on.crashmonitor( 6126): 
11-18 18:44:27.025 D/RegisteredNfcFServicesCache( 7732): Service unchanged, not updating
11-18 18:44:27.028 I/lowmemorykiller(  633): Ignoring pressure since per-zone watermarks ok
11-18 18:44:27.032 D/SecureElementService( 6117): getReaders() for com.android.nfc
11-18 18:44:27.035 I/SecureElement-AccessControlEnforcer( 6117): getAccessRule() appCert = 176babb1f2fcb7150877887596599d5730b168c0
11-18 18:44:27.035 I/SecureElement-AccessControlEnforcer( 6117): getAccessRule() appCert = ff61eda8f583df412c5dff08d5575a9976f25ce63b9e06ce2bc48fc44968fbcf
11-18 18:44:27.035 I/SecureElement-AccessRuleCache( 6117): findAccessRule() not found
11-18 18:44:27.039 I/lowmemorykiller(  633): Ignoring pressure since per-zone watermarks ok
11-18 18:44:27.052 I/lowmemorykiller(  633): Ignoring pressure since per-zone watermarks ok
11-18 18:44:27.055 I/vendor.qti.bluetooth@1.0-ibs_handler( 1093): DeviceSleep: TX Awake, Sending SLEEP_IND
11-18 18:44:27.055 D/vendor.qti.bluetooth@1.0-ibs_handler( 1093): SerialClockVote: vote for UART CLK OFF
11-18 18:44:27.058 W/Role    ( 5639): Default holder doesn't have required signing certificate: com.google.android.apps.work.clouddpc:23962F4B43B9857638EA66F4D419518EAE282491ACDA4B94707BD59003C45E58
11-18 18:44:27.060 D/SecureElementService( 6117): getReaders() for com.android.nfc
11-18 18:44:27.063 I/lowmemorykiller(  633): Ignoring pressure since per-zone watermarks ok
11-18 18:44:27.063 I/SecureElement-AccessControlEnforcer( 6117): getAccessRule() appCert = 176babb1f2fcb7150877887596599d5730b168c0
11-18 18:44:27.063 I/SecureElement-AccessControlEnforcer( 6117): getAccessRule() appCert = ff61eda8f583df412c5dff08d5575a9976f25ce63b9e06ce2bc48fc44968fbcf
11-18 18:44:27.063 I/SecureElement-AccessRuleCache( 6117): findAccessRule() not found
11-18 18:44:27.076 I/lowmemorykiller(  633): Ignoring pressure since per-zone watermarks ok
11-18 18:44:27.086 I/lowmemorykiller(  633): Ignoring pressure since per-zone watermarks ok
11-18 18:44:27.093 I/tombstoned(  768): received crash request for pid 6126
11-18 18:44:27.093 I/tombstoned(  768): found intercept fd 512 for pid 6126 and type kDebuggerdJavaBacktrace
11-18 18:44:27.094 I/on.crashmonitor( 6126): Wrote stack traces to tombstoned
11-18 18:44:27.094 I/dumpstate(16676): libdebuggerd_client: done dumping process 6126
11-18 18:44:27.094 W/tombstoned(  768): skipping tombstone file creation due to intercept
11-18 18:44:27.096 I/dumpstate(16676): libdebuggerd_client: started dumping process 6148
11-18 18:44:27.096 I/tombstoned(  768): registered intercept for pid 6148 and type kDebuggerdJavaBacktrace
11-18 18:44:27.096 I/atisticsservice( 6148): Thread[5,tid=6173,WaitingInMainSignalCatcherLoop,Thread*=0xb400007d00d19140,peer=0x12d401d0,"Signal Catcher"]: reacting to signal 3
11-18 18:44:27.096 I/atisticsservice( 6148): 
11-18 18:44:27.097 I/Icing   (16802): IndexChimeraService.getServiceInterface callingPackage=com.google.android.gms componentName=AppsCorpus serviceId=36
11-18 18:44:27.100 I/lowmemorykiller(  633): Ignoring pressure since per-zone watermarks ok
11-18 18:44:27.110 I/lowmemorykiller(  633): Ignoring pressure since per-zone watermarks ok
11-18 18:44:27.112 W/Looper  ( 1923): Slow delivery took 206ms android.fg h=android.os.Handler c=<recycled PooledLambda@b94674b> m=0
11-18 18:44:27.123 I/lowmemorykiller(  633): Ignoring pressure since per-zone watermarks ok
11-18 18:44:27.134 I/lowmemorykiller(  633): Ignoring pressure since per-zone watermarks ok
11-18 18:44:27.137 I/tombstoned(  768): received crash request for pid 6148
11-18 18:44:27.137 I/tombstoned(  768): found intercept fd 512 for pid 6148 and type kDebuggerdJavaBacktrace
11-18 18:44:27.137 I/atisticsservice( 6148): Wrote stack traces to tombstoned
11-18 18:44:27.137 I/dumpstate(16676): libdebuggerd_client: done dumping process 6148
11-18 18:44:27.139 I/dumpstate(16676): libdebuggerd_client: started dumping process 6166
11-18 18:44:27.139 W/tombstoned(  768): skipping tombstone file creation due to intercept
11-18 18:44:27.140 I/.dropbox.system( 6166): Thread[5,tid=6185,WaitingInMainSignalCatcherLoop,Thread*=0xb400007d00d19140,peer=0x12cc01d0,"Signal Catcher"]: reacting to signal 3
11-18 18:44:27.140 I/.dropbox.system( 6166): 
11-18 18:44:27.141 I/tombstoned(  768): registered intercept for pid 6166 and type kDebuggerdJavaBacktrace
11-18 18:44:27.147 I/lowmemorykiller(  633): Ignoring pressure since per-zone watermarks ok
11-18 18:44:27.158 I/lowmemorykiller(  633): Ignoring pressure since per-zone watermarks ok
11-18 18:44:27.171 I/lowmemorykiller(  633): Ignoring pressure since per-zone watermarks ok
11-18 18:44:27.182 I/lowmemorykiller(  633): Ignoring pressure since per-zone watermarks ok
11-18 18:44:27.191 I/tombstoned(  768): received crash request for pid 6166
11-18 18:44:27.192 I/tombstoned(  768): found intercept fd 512 for pid 6166 and type kDebuggerdJavaBacktrace
11-18 18:44:27.192 I/dumpstate(16676): libdebuggerd_client: done dumping process 6166
11-18 18:44:27.192 I/.dropbox.system( 6166): Wrote stack traces to tombstoned
11-18 18:44:27.192 W/tombstoned(  768): skipping tombstone file creation due to intercept
11-18 18:44:27.193 I/dumpstate(16676): libdebuggerd_client: started dumping process 6187
11-18 18:44:27.194 I/tombstoned(  768): registered intercept for pid 6187 and type kDebuggerdJavaBacktrace
11-18 18:44:27.194 I/m.android.phone( 6187): Thread[6,tid=6207,WaitingInMainSignalCatcherLoop,Thread*=0xb400007d00d07b20,peer=0x12f401d0,"Signal Catcher"]: reacting to signal 3
11-18 18:44:27.194 I/m.android.phone( 6187): 
11-18 18:44:27.195 I/lowmemorykiller(  633): Ignoring pressure since per-zone watermarks ok
11-18 18:44:27.199 W/Icing   (16802): No valid account for uploading user actions
11-18 18:44:27.206 E/vendor.qti.bluetooth@1.0-wake_lock( 1093): Release wake lock not initialized/acquired
11-18 18:44:27.206 I/lowmemorykiller(  633): Ignoring pressure since per-zone watermarks ok
11-18 18:44:27.219 D/BoundBrokerSvc(16802): onBind: Intent { act=com.google.android.gms.feedback.internal.IFeedbackService dat=chimera-action: cmp=com.google.android.gms/.chimera.GmsBoundBrokerService }
11-18 18:44:27.219 I/lowmemorykiller(  633): Ignoring pressure since per-zone watermarks ok
11-18 18:44:27.219 D/BoundBrokerSvc(16802): Loading bound service for intent: Intent { act=com.google.android.gms.feedback.internal.IFeedbackService dat=chimera-action: cmp=com.google.android.gms/.chimera.GmsBoundBrokerService }
11-18 18:44:27.230 I/lowmemorykiller(  633): Ignoring pressure since per-zone watermarks ok
11-18 18:44:27.243 I/lowmemorykiller(  633): Ignoring pressure since per-zone watermarks ok
11-18 18:44:27.244 D/CompatibilityInfo( 1923): mCompatibilityFlags - 0
11-18 18:44:27.244 D/CompatibilityInfo( 1923): applicationDensity - 420
11-18 18:44:27.244 D/CompatibilityInfo( 1923): applicationScale - 1.0
11-18 18:44:27.246 D/CompatibilityChangeReporter( 1923): Compat change id reported: 161252188; UID 10204; state: ENABLED
11-18 18:44:27.254 I/lowmemorykiller(  633): Ignoring pressure since per-zone watermarks ok
11-18 18:44:27.266 I/Icing   (16802): IndexChimeraService.getServiceInterface callingPackage=com.google.android.gms componentName=null serviceId=30
11-18 18:44:27.267 I/lowmemorykiller(  633): Ignoring pressure since per-zone watermarks ok
11-18 18:44:27.278 I/lowmemorykiller(  633): Ignoring pressure since per-zone watermarks ok
11-18 18:44:27.289 I/Icing   (16802): Usage reports ok 4, Failed Usage reports 0, indexed 0, rejected 0
11-18 18:44:27.291 I/lowmemorykiller(  633): Ignoring pressure since per-zone watermarks ok
11-18 18:44:27.294 I/tombstoned(  768): received crash request for pid 6187
11-18 18:44:27.294 I/tombstoned(  768): found intercept fd 512 for pid 6187 and type kDebuggerdJavaBacktrace
11-18 18:44:27.295 I/m.android.phone( 6187): Wrote stack traces to tombstoned
11-18 18:44:27.295 W/tombstoned(  768): skipping tombstone file creation due to intercept
11-18 18:44:27.295 I/dumpstate(16676): libdebuggerd_client: done dumping process 6187
11-18 18:44:27.296 I/dumpstate(16676): libdebuggerd_client: started dumping process 6197
11-18 18:44:27.297 I/Monkey  (16995): :Sending Trackball (ACTION_MOVE): 0:(-2.0,3.0)
11-18 18:44:27.297 I/tombstoned(  768): registered intercept for pid 6197 and type kDebuggerdJavaBacktrace
11-18 18:44:27.298 I/Monkey  (16995): :Sending Trackball (ACTION_MOVE): 0:(1.0,-5.0)
11-18 18:44:27.298 I/mobile.launcher( 6197): Thread[2,tid=6225,WaitingInMainSignalCatcherLoop,Thread*=0xb400007d00d0ce90,peer=0x13a001d0,"Signal Catcher"]: reacting to signal 3
11-18 18:44:27.298 I/mobile.launcher( 6197): 
11-18 18:44:27.298 I/QTI PowerHAL( 1116): Power setBoost: 0, duration: 0
11-18 18:44:27.301 I/QTI PowerHAL( 1116): Power setBoost: 0, duration: 0
11-18 18:44:27.302 I/lowmemorykiller(  633): Ignoring pressure since per-zone watermarks ok
11-18 18:44:27.305 I/Monkey  (16995): :Sending Trackball (ACTION_MOVE): 0:(-5.0,-4.0)
11-18 18:44:27.308 I/Monkey  (16995): :Sending Trackball (ACTION_MOVE): 0:(3.0,3.0)
11-18 18:44:27.310 W/Icing   (16802): No valid account for uploading user actions
11-18 18:44:27.311 I/Monkey  (16995): :Sending Trackball (ACTION_MOVE): 0:(3.0,1.0)
11-18 18:44:27.313 I/Monkey  (16995): :Sending Trackball (ACTION_MOVE): 0:(-1.0,1.0)
11-18 18:44:27.315 I/Monkey  (16995): :Sending Trackball (ACTION_MOVE): 0:(-1.0,3.0)
11-18 18:44:27.315 I/lowmemorykiller(  633): Ignoring pressure since per-zone watermarks ok
11-18 18:44:27.316 I/Monkey  (16995): :Sending Trackball (ACTION_MOVE): 0:(-5.0,-5.0)
11-18 18:44:27.326 I/lowmemorykiller(  633): Ignoring pressure since per-zone watermarks ok
11-18 18:44:27.329 I/Monkey  (16995): :Sending Trackball (ACTION_MOVE): 0:(3.0,-1.0)
11-18 18:44:27.330 W/Looper  ( 1923): Drained
11-18 18:44:27.331 I/Monkey  (16995): :Sending Trackball (ACTION_MOVE): 0:(-1.0,-2.0)
11-18 18:44:27.332 I/Monkey  (16995): :Sending Touch (ACTION_DOWN): 0:(307.0,2003.0)
11-18 18:44:27.333 I/QTI PowerHAL( 1116): Power setBoost: 0, duration: 0
11-18 18:44:27.334 I/QTI PowerHAL( 1116): Power setBoost: 0, duration: 0
11-18 18:44:27.340 I/lowmemorykiller(  633): Ignoring pressure since per-zone watermarks ok
11-18 18:44:27.351 I/lowmemorykiller(  633): Ignoring pressure since per-zone watermarks ok
11-18 18:44:27.352 I/Monkey  (16995): :Sending Touch (ACTION_UP): 0:(324.1127,2005.1581)
11-18 18:44:27.353 I/Monkey  (16995): Sleeping for 1000 milliseconds
11-18 18:44:27.357 I/Icing   (16802): Usage reports ok 0, Failed Usage reports 0, indexed 0, rejected 0
11-18 18:44:27.363 D/CompatibilityInfo( 1923): mCompatibilityFlags - 0
11-18 18:44:27.363 D/CompatibilityInfo( 1923): applicationDensity - 420
11-18 18:44:27.363 D/CompatibilityInfo( 1923): applicationScale - 1.0
11-18 18:44:27.364 I/lowmemorykiller(  633): Ignoring pressure since per-zone watermarks ok
11-18 18:44:27.365 D/audio_hw_primary( 1089): adev_get_parameters:360ra_upmix_supported_device
11-18 18:44:27.365 D/audio_hw_spkr_prot( 1089): fbsp_get_parameters: Speaker protection disabled
11-18 18:44:27.365 D/soundtrigger( 1089): audio_extn_sound_trigger_get_parameters input string<360ra_upmix_supported_device=>
11-18 18:44:27.365 D/soundtrigger( 1089): extract_sm_handle input string <360ra_upmix_supported_device=> param string <360ra_upmix_supported_device=>
11-18 18:44:27.365 D/audio_hw_extn( 1089): audio_extn_fm_get_parameters: Enter
11-18 18:44:27.365 D/audio_hw_extn( 1089): audio_extn_get_parameters: returns 
11-18 18:44:27.365 D/audio_hw_primary( 1089): adev_get_parameters: exit: returns - 
11-18 18:44:27.366 D/audio_hw_primary( 1089): adev_get_parameters:360ra_upmix_headphone
11-18 18:44:27.366 D/audio_hw_spkr_prot( 1089): fbsp_get_parameters: Speaker protection disabled
11-18 18:44:27.366 D/soundtrigger( 1089): audio_extn_sound_trigger_get_parameters input string<360ra_upmix_headphone=>
11-18 18:44:27.366 D/soundtrigger( 1089): extract_sm_handle input string <360ra_upmix_headphone=> param string <360ra_upmix_headphone=>
11-18 18:44:27.366 D/audio_hw_extn( 1089): audio_extn_fm_get_parameters: Enter
11-18 18:44:27.366 D/audio_hw_extn( 1089): audio_extn_get_parameters: returns 
11-18 18:44:27.366 D/audio_hw_primary( 1089): adev_get_parameters: exit: returns - 
11-18 18:44:27.371 D/audio_hw_primary( 1089): start_output_stream: enter: stream(0xf13864c0)usecase(1: low-latency-playback) devices(0x2) is_haptic_usecase(0)
11-18 18:44:27.372 D/audio_hw_primary( 1089): select_devices for use case (low-latency-playback)
11-18 18:44:27.372 I/msm8974_platform( 1089): platform_check_and_set_codec_backend_cfg:becf: afe: bitwidth 16, samplerate 48000 channels 2, backend_idx 0 usecase = 1 device (speaker)
11-18 18:44:27.372 D/msm8974_platform( 1089): platform_split_snd_device: snd_device(2) num devices(1) new_snd_devices(0)
11-18 18:44:27.372 I/msm8974_platform( 1089): platform_check_and_set_codec_backend_cfg: new_snd_devices[0] is 2
11-18 18:44:27.372 I/msm8974_platform( 1089): platform_check_codec_backend_cfg:becf: afe: bitwidth 16, samplerate 48000 channels 2, backend_idx 0 usecase = 1 device (speaker)
11-18 18:44:27.373 D/audio_hw_extn( 1089): audio_extn_enable_hifi_filter: mixer_value set 0
11-18 18:44:27.373 D/msm8974_platform( 1089): platform_check_codec_backend_cfg:becf: updated afe: bitwidth 16, samplerate 48000 channels 2,backend_idx 0 usecase = 1 device (speaker)
11-18 18:44:27.374 D/msm8974_platform( 1089): platform_check_codec_backend_cfg:becf: afe: playback on codec device not supporting native playback set default Sample Rate(48k)
11-18 18:44:27.374 I/msm8974_platform( 1089): platform_check_codec_backend_cfg:becf: afe: Codec selected backend: 0 updated bit width: 16 and sample rate: 48000
11-18 18:44:27.374 D/audio_hw_primary( 1089): check_usecases_codec_backend:becf: force routing 0
11-18 18:44:27.374 E/msm8974_platform( 1089): platform_check_backends_match: Invalid snd_device = 
11-18 18:44:27.374 D/audio_hw_primary( 1089): check_usecases_codec_backend:becf: (78) check_usecases curr device: speaker, usecase device: backends match 0
11-18 18:44:27.374 D/audio_hw_primary( 1089): check_usecases_codec_backend:becf: check_usecases num.of Usecases to switch 0
11-18 18:44:27.374 D/hardware_info( 1089): hw_info_append_hw_type : device_name = speaker
11-18 18:44:27.374 D/msm8974_platform( 1089): platform_split_snd_device: snd_device(2) num devices(0) new_snd_devices(0)
11-18 18:44:27.374 D/audio_hw_primary( 1089): enable_snd_device: snd_device(2: speaker)
11-18 18:44:27.374 D/msm8974_platform( 1089): platform_get_island_cfg_on_device:island cfg status on snd_device = (speaker 0)
11-18 18:44:27.374 I/soundtrigger( 1089): audio_extn_sound_trigger_update_device_status: device 0x2 of type 0 for Event 1, with Raise=0
11-18 18:44:27.374 I/lowmemorykiller(  633): Ignoring pressure since per-zone watermarks ok
11-18 18:44:27.374 D/audio_route( 1089): Apply path: speaker
11-18 18:44:27.377 I/ActivityLaunchAnimator( 5638): launchResult=0 willAnimate=true hideKeyguardWithAnimation=false
11-18 18:44:27.378 E/audio_hw_awinic_feedback( 1089): audio_extn_aw882xx_start_feedback: [Ainic] Entry
11-18 18:44:27.378 E/audio_hw_awinic_feedback( 1089): is_supported_feedback_on_device [Awinic] 2
11-18 18:44:27.378 E/audio_hw_awinic_feedback( 1089): audio_extn_aw882xx_start_feedback: [Ainic] need open feedback pcm
11-18 18:44:27.378 D/hardware_info( 1089): hw_info_append_hw_type : device_name = vi-feedback-aw882xx
11-18 18:44:27.378 D/msm8974_platform( 1089): platform_split_snd_device: snd_device(238) num devices(0) new_snd_devices(0)
11-18 18:44:27.378 D/audio_hw_primary( 1089): enable_snd_device: snd_device(238: vi-feedback-aw882xx)
11-18 18:44:27.378 D/msm8974_platform( 1089): platform_get_island_cfg_on_device:island cfg status on snd_device = (vi-feedback-aw882xx 0)
11-18 18:44:27.378 I/soundtrigger( 1089): audio_extn_sound_trigger_update_device_status: device 0xee of type 1 for Event 1, with Raise=0
11-18 18:44:27.378 D/audio_route( 1089): Apply path: vi-feedback-aw882xx
11-18 18:44:27.378 E/audio_hw_awinic_feedback( 1089): audio_extn_aw882xx_start_feedback: [Ainic] Entry
11-18 18:44:27.378 E/audio_hw_awinic_feedback( 1089): is_supported_feedback_on_device [Awinic] 238
11-18 18:44:27.378 D/soundtrigger( 1089): audio_extn_sound_trigger_update_stream_status: uc_info->id 53 of type 1 for Event 3, with Raise=0
11-18 18:44:27.378 D/audio_hw_utils( 1089): audio_extn_utils_send_app_type_cfg: usecase->in_snd_device vi-feedback-aw882xx
11-18 18:44:27.378 E/voice   ( 1089): voice_is_in_call_rec_stream: input stream is NULL
11-18 18:44:27.378 D/msm8974_platform( 1089): platform_split_snd_device: snd_device(238) num devices(0) new_snd_devices(0)
11-18 18:44:27.378 E/audio_hw_utils( 1089): send_app_type_cfg_for_device: Could not get ctl for mixer cmd - Audio Stream Capture 33 App Type Cfg
11-18 18:44:27.378 D/msm8974_platform( 1089): platform_split_snd_device: snd_device(238) num devices(1) new_snd_devices(0)
11-18 18:44:27.378 D/ACDB-LOADER( 1089): ACDB -> send_audio_cal, acdb_id = 102, path = 1, app id = 0x11132, sample rate = 8000, afe_sample_rate = 8000
11-18 18:44:27.378 D/ACDB-LOADER( 1089): ACDB -> send_asm_topology
11-18 18:44:27.378 D/ACDB-LOADER( 1089): ACDB -> ACDB_CMD_GET_AUDPROC_STREAM_TOPOLOGY_ID
11-18 18:44:27.378 D/ACDB-LOADER( 1089): ACDB -> send_adm_topology
11-18 18:44:27.378 D/ACDB-LOADER( 1089): ACDB -> ACDB_CMD_GET_AUDPROC_COMMON_TOPOLOGY_ID
11-18 18:44:27.378 D/ACDB-LOADER( 1089): ACDB -> send_audtable
11-18 18:44:27.378 D/ACDB-LOADER( 1089): ACDB -> ACDB_CMD_GET_AUDPROC_INSTANCE_COMMON_TABLE_SIZE
11-18 18:44:27.378 D/ACDB-LOADER( 1089): ACDB -> ACDB_CMD_GET_AUDPROC_INSTANCE_COMMON_TABLE
11-18 18:44:27.378 D/ACDB-LOADER( 1089): ACDB -> AUDIO_SET_AUDPROC_CAL cal_type[11] acdb_id[102] app_type[69938]
11-18 18:44:27.378 D/ACDB-LOADER( 1089): ACDB -> ACDB_CMD_GET_PERSISTENT_AUDPROC_INSTANCE_COMMON_TABLE_SIZE
11-18 18:44:27.378 D/android.hardware.audio.service( 1089): [Data Manager]-> No data found
11-18 18:44:27.379 D/ACDB-LOADER( 1089): Error: ACDB_CMD_GET_PERSISTENT_AUDPROC_INSTANCE_COMMON_TABLE_SIZE returned -18
11-18 18:44:27.379 D/ACDB-LOADER( 1089): ACDB -> send_audproc_persist_table -18 
11-18 18:44:27.379 D/ACDB-LOADER( 1089): Error: Invalid Audproc persist size = -18
11-18 18:44:27.381 I/[aw882xx_smartpa]aw882xx_startup(    0): capture enter
11-18 18:44:27.379 D/ACDB-LOADER( 1089): ACDB -> ACDB_CMD_GET_AUDPROC_INSTANCE_STREAM_TABLE_SIZE
11-18 18:44:27.379 D/ACDB-LOADER( 1089): ACDB -> send_audstrmtable
11-18 18:44:27.379 D/ACDB-LOADER( 1089): ACDB -> ACDB_CMD_GET_AUDPROC_INSTANCE_STREAM_TABLE
11-18 18:44:27.379 D/ACDB-LOADER( 1089): ACDB -> audstrm_cal->cal_type.cal_data.cal_size = 20
11-18 18:44:27.379 D/ACDB-LOADER( 1089): ACDB -> send_afe_topology
11-18 18:44:27.379 D/ACDB-LOADER( 1089): ACDB -> ACDB_CMD_GET_AFE_TOPOLOGY_ID
11-18 18:44:27.379 D/ACDB-LOADER( 1089): ACDB -> GET_AFE_TOPOLOGY_ID for adcd_id 102, Topology Id 1000ff02
11-18 18:44:27.379 D/ACDB-LOADER( 1089): ACDB -> send_afe_cal
11-18 18:44:27.379 D/ACDB-LOADER( 1089): ACDB -> ACDB_CMD_GET_AFE_INSTANCE_COMMON_TABLE_SIZE
11-18 18:44:27.379 D/ACDB-LOADER( 1089): ACDB -> ACDB_CMD_GET_AFE_INSTANCE_COMMON_TABLE
11-18 18:44:27.379 D/ACDB-LOADER( 1089): ACDB -> AUDIO_SET_AFE_CAL cal_type[17] acdb_id[102]
11-18 18:44:27.379 D/ACDB-LOADER( 1089): ACDB -> send_hw_delay : acdb_id = 102 path = 1
11-18 18:44:27.379 D/ACDB-LOADER( 1089): ACDB -> ACDB_AVSYNC_INFO: ACDB_CMD_GET_DEVICE_PROPERTY
11-18 18:44:27.379 D/audio_hw_primary( 1089): enable_audio_route: apply mixer and update path: spkr-vi-record
11-18 18:44:27.379 D/audio_route( 1089): Apply path: spkr-vi-record
11-18 18:44:27.380 I/audio_hw_awinic_feedback( 1089): audio_extn_aw882xx_start_feedback:[Awinic] the pcm id uc_info->id = 53, tx_pcm_id = 33
11-18 18:44:27.385 D/CompatibilityInfo( 1923): mCompatibilityFlags - 0
11-18 18:44:27.385 D/CompatibilityInfo( 1923): applicationDensity - 420
11-18 18:44:27.385 D/CompatibilityInfo( 1923): applicationScale - 1.0
11-18 18:44:27.388 I/lowmemorykiller(  633): Ignoring pressure since per-zone watermarks ok
11-18 18:44:27.388 I/__afe_port_start(    0): port id: 0x1001
11-18 18:44:27.388 I/afe_find_cal_topo_id_by_port(    0): port id: 0x1001, dev_acdb_id: -22
11-18 18:44:27.388 I/afe_find_cal_topo_id_by_port(    0): top_id:1000ff02 acdb_id:102 afe_port:0x1001
11-18 18:44:27.388 I/afe_get_cal_topology_id(    0): port_id = 0x1001 acdb_id = 102 topology_id = 0x1000ff02 cal_type_index=8 ret=0
11-18 18:44:27.389 I/afe_send_port_topology_id(    0): AFE set topology id 0x1000ff02  enable for port 0x1001 ret 0
11-18 18:44:27.389 I/send_afe_cal_type(    0): cal_index is 1
11-18 18:44:27.389 I/send_afe_cal_type(    0): dev_acdb_id[41] is -22
11-18 18:44:27.389 I/send_afe_cal_type(    0): Sending cal_index cal 1
11-18 18:44:27.390 I/afe_send_hw_delay(    0): port_id 0x1001 rate 48000 delay_usec 578 status 0
11-18 18:44:27.396 I/[aw882xx_smartpa]aw882xx_mute(    0): mute state=0
11-18 18:44:27.399 I/lowmemorykiller(  633): Ignoring pressure since per-zone watermarks ok
11-18 18:44:27.400 E/audio_hw_awinic_feedback( 1089): audio_extn_aw882xx_start_feedback:[Awinic] Exit
11-18 18:44:27.400 I/audio_hw_utils( 1089): audio_extn_utils_update_stream_output_app_type_cfg Allowing 24 and above bits playback on speaker ONLY at default sampling rate
11-18 18:44:27.400 E/soundtrigger( 1089): audio_extn_sound_trigger_update_stream_status: invalid input device 0x0, for event 3
11-18 18:44:27.401 D/soundtrigger( 1089): audio_extn_sound_trigger_update_stream_status: uc_info->id 1 of type 0 for Event 3, with Raise=0
11-18 18:44:27.401 D/audio_hw_utils( 1089): audio_extn_utils_send_app_type_cfg: usecase->out_snd_device speaker
11-18 18:44:27.401 D/msm8974_platform( 1089): platform_split_snd_device: snd_device(2) num devices(0) new_snd_devices(0)
11-18 18:44:27.401 D/audio_hw_utils( 1089): audio_extn_btsco_get_sample_rate:Not a BT SCO device, need not update sampling rate
11-18 18:44:27.401 I/audio_hw_utils( 1089): send_app_type_cfg_for_device PLAYBACK app_type 69937, acdb_dev_id 14, sample_rate 48000, snd_device_be_idx 43
11-18 18:44:27.402 D/msm8974_platform( 1089): platform_split_snd_device: snd_device(2) num devices(1) new_snd_devices(0)
11-18 18:44:27.402 D/audio_hw_utils( 1089): audio_extn_btsco_get_sample_rate:Not a BT SCO device, need not update sampling rate
11-18 18:44:27.402 D/CompatibilityChangeReporter( 1923): Compat change id reported: 175319604; UID 1000; state: DISABLED
11-18 18:44:27.402 D/ACDB-LOADER( 1089): ACDB -> send_audio_cal, acdb_id = 14, path = 0, app id = 0x11131, sample rate = 48000, afe_sample_rate = 48000
11-18 18:44:27.402 D/ACDB-LOADER( 1089): ACDB -> send_asm_topology
11-18 18:44:27.402 D/ACDB-LOADER( 1089): ACDB -> ACDB_CMD_GET_AUDPROC_STREAM_TOPOLOGY_ID
11-18 18:44:27.402 D/ACDB-LOADER( 1089): ACDB -> send_adm_topology
11-18 18:44:27.402 D/ACDB-LOADER( 1089): ACDB -> ACDB_CMD_GET_AUDPROC_COMMON_TOPOLOGY_ID
11-18 18:44:27.402 D/CompatibilityChangeReporter( 1923): Compat change id reported: 175319604; UID 1000; state: ENABLED
11-18 18:44:27.402 D/ACDB-LOADER( 1089): ACDB -> send_audtable
11-18 18:44:27.402 D/ACDB-LOADER( 1089): ACDB -> ACDB_CMD_GET_AUDPROC_INSTANCE_COMMON_TABLE_SIZE
11-18 18:44:27.402 D/ACDB-LOADER( 1089): ACDB -> ACDB_CMD_GET_AUDPROC_INSTANCE_COMMON_TABLE
11-18 18:44:27.402 D/ACDB-LOADER( 1089): ACDB -> AUDIO_SET_AUDPROC_CAL cal_type[11] acdb_id[14] app_type[69937]
11-18 18:44:27.402 D/ACDB-LOADER( 1089): ACDB -> send_audvoltable
11-18 18:44:27.402 D/ACDB-LOADER( 1089): ACDB -> ACDB_CMD_GET_AUDPROC_INSTANCE_GAIN_DEP_STEP_TABLE_SIZE
11-18 18:44:27.402 D/ACDB-LOADER( 1089): ACDB -> ACDB_CMD_GET_AUDPROC_INSTANCE_GAIN_DEP_STEP_TABLE, vol index 15
11-18 18:44:27.402 D/ACDB-LOADER( 1089): ACDB -> AUDIO_SET_VOL_CAL cal type = 12
11-18 18:44:27.402 D/ACDB-LOADER( 1089): ACDB -> ACDB_CMD_GET_AUDPROC_INSTANCE_STREAM_TABLE_SIZE
11-18 18:44:27.405 I/[aw882xx_smartpa]aw882xx_startup(    0): playback enter
11-18 18:44:27.402 D/ACDB-LOADER( 1089): ACDB -> send_audstrmtable
11-18 18:44:27.402 D/ACDB-LOADER( 1089): ACDB -> ACDB_CMD_GET_AUDPROC_INSTANCE_STREAM_TABLE
11-18 18:44:27.402 D/ACDB-LOADER( 1089): ACDB -> audstrm_cal->cal_type.cal_data.cal_size = 20
11-18 18:44:27.402 D/ACDB-LOADER( 1089): ACDB -> send_afe_topology
11-18 18:44:27.402 D/ACDB-LOADER( 1089): ACDB -> ACDB_CMD_GET_AFE_TOPOLOGY_ID
11-18 18:44:27.402 D/ACDB-LOADER( 1089): ACDB -> GET_AFE_TOPOLOGY_ID for adcd_id 14, Topology Id 1000ff01
11-18 18:44:27.402 D/ACDB-LOADER( 1089): ACDB -> send_afe_cal
11-18 18:44:27.402 D/ACDB-LOADER( 1089): ACDB -> ACDB_CMD_GET_AFE_INSTANCE_COMMON_TABLE_SIZE
