--------- beginning of kernel
11-18 18:43:57.647 I/qcom_rpmh DRV(    0): apps_rsc TCS Busy, retrying RPMH message send: addr=0x30010
--------- beginning of system
11-18 18:43:57.706 D/AutofillManagerService( 1923): Close system dialogs
11-18 18:43:57.706 I/ActivityTaskManager( 1923): START u0 {act=android.intent.action.MAIN cat=[android.intent.category.HOME] flg=0x10000100 cmp=com.sonymobile.launcher/.XperiaLauncher (has extras)} from uid 0
11-18 18:43:57.746 E/ActivityThread( 7450): Failed to find provider info for com.sony.songpal.mdr.application.mdr_info
11-18 18:43:57.761 D/AutofillManagerService( 1923): Close system dialogs
11-18 18:43:57.834 D/CoreBackPreview( 1923): Window{caba67e u0 SidebarViewRight}: Setting back callback OnBackInvokedCallbackInfo{mCallback=android.window.IOnBackInvokedCallback$Stub$Proxy@8a2b2fb, mPriority=0}
11-18 18:43:57.949 W/healthd (    0): battery l=27 v=3805 t=37.1 h=2 st=2 c=-11596 fc=4410000 cc=1 chg=a
11-18 18:43:57.964 D/PowerUI ( 5638): can't show warning due to - plugged: true status unknown: false
11-18 18:43:58.432 E/ActivityThread( 7450): Failed to find provider info for com.sony.songpal.mdr.application.mdr_info
11-18 18:43:58.445 D/CoreBackPreview( 1923): Window{fdbfca6 u0 com.sonyericsson.android.camera/com.sonyericsson.android.camera.SetupWizardActivity}: Setting back callback null
11-18 18:43:58.567 I/qcom_rpmh DRV(    0): apps_rsc TCS Busy, retrying RPMH message send: addr=0x30010
11-18 18:43:58.985 I/qcom_rpmh DRV(    0): apps_rsc TCS Busy, retrying RPMH message send: addr=0x30010
11-18 18:43:59.013 I/[aw882xx_smartpa]aw882xx_mute(    0): mute state=1
11-18 18:43:59.013 I/[aw882xx_smartpa]aw882xx_smartpa_cfg(    0): flag = 0, power status = 2
11-18 18:43:59.013 I/[aw882xx_smartpa]aw882xx_monitor_stop(    0): enter
11-18 18:43:59.013 I/[aw882xx_smartpa]aw882xx_stop(    0): get_sysint=0x0000
11-18 18:43:59.029 I/afe_close(    0): port_id = 0x1000
11-18 18:43:59.033 I/[aw882xx_smartpa]aw882xx_mute(    0): mute state=1
11-18 18:43:59.033 I/afe_close(    0): port_id = 0x1001
11-18 18:43:59.712 I/ActivityTaskManager( 1923): START u0 {act=android.search.action.GLOBAL_SEARCH flg=0x10000000 cmp=com.google.android.googlequicksearchbox/.GlobalSearchGatewayInternal (has extras)} from uid 10290
11-18 18:43:59.716 D/CompatibilityChangeReporter( 1923): Compat change id reported: 194480991; UID 10204; state: ENABLED
11-18 18:43:59.724 I/ActivityTaskManager( 1923): setFreeformPinningMode pinned=false->false  freeform=false Task{adf5717 #54 type=standard ?? U=0 visible=false visibleRequested=false mode=fullscreen translucent=true sz=0}
11-18 18:43:59.726 D/CompatibilityChangeReporter( 1923): Compat change id reported: 184838306; UID 10204; state: DISABLED
11-18 18:43:59.726 D/CompatibilityChangeReporter( 1923): Compat change id reported: 185004937; UID 10204; state: DISABLED
11-18 18:43:59.726 D/CompatibilityChangeReporter( 1923): Compat change id reported: 181136395; UID 10204; state: DISABLED
11-18 18:43:59.726 D/CompatibilityChangeReporter( 1923): Compat change id reported: 174042936; UID 10204; state: DISABLED
11-18 18:43:59.727 D/CompatibilityChangeReporter( 1923): Compat change id reported: 197654537; UID 10204; state: ENABLED
11-18 18:43:59.728 V/SplashScreenExceptionList( 1923): SplashScreen checking exception for package com.google.android.googlequicksearchbox (target sdk:33) -> false
11-18 18:43:59.728 D/CompatibilityChangeReporter( 1923): Compat change id reported: 205907456; UID 10204; state: ENABLED
11-18 18:43:59.743 I/ActivityTaskManager( 1923): The Process com.google.android.googlequicksearchbox:search Already Exists in BG. So sending its PID: 8289
11-18 18:43:59.760 E/ActivityThread( 7450): Failed to find provider info for com.sony.songpal.mdr.application.mdr_info
11-18 18:43:59.910 I/ActivityTaskManager( 1923): START u0 {act=android.search.action.GLOBAL_SEARCH dat=agsa:/... flg=0x10008000 cmp=com.google.android.googlequicksearchbox/com.google.android.apps.gsa.searchnow.SearchNowActivity (has extras)} from uid 10204
11-18 18:43:59.915 I/ActivityTaskManager( 1923): setFreeformPinningMode pinned=false->false  freeform=false Task{47cf6d8 #55 type=standard ?? U=0 visible=false visibleRequested=false mode=fullscreen translucent=true sz=0}
11-18 18:43:59.921 V/SplashScreenExceptionList( 1923): SplashScreen checking exception for package com.google.android.googlequicksearchbox (target sdk:33) -> false
11-18 18:43:59.945 I/ActivityTaskManager( 1923): The Process com.google.android.googlequicksearchbox:search Already Exists in BG. So sending its PID: 8289
11-18 18:43:59.946 W/ActivityTaskManager( 1923): Tried to set launchTime (0) < mLastActivityLaunchTime (2491888)
11-18 18:44:00.148 D/CoreBackPreview( 1923): Window{ca703d4 u0 com.google.android.googlequicksearchbox/com.google.android.apps.gsa.searchnow.SearchNowActivity}: Setting back callback OnBackInvokedCallbackInfo{mCallback=android.window.IOnBackInvokedCallback$Stub$Proxy@75a8940, mPriority=0}
11-18 18:44:00.247 W/ActivityTaskManager( 1923): Request to remove task ignored for non-existent task 53
11-18 18:44:00.286 D/CompatibilityChangeReporter( 1923): Compat change id reported: 214016041; UID 10204; state: ENABLED
11-18 18:44:00.589 E/ActivityThread( 7450): Failed to find provider info for com.sony.songpal.mdr.application.mdr_info
11-18 18:44:00.650 D/CompatibilityChangeReporter( 1923): Compat change id reported: 161252188; UID 10187; state: DISABLED
11-18 18:44:00.663 D/CompatibilityChangeReporter( 1923): Compat change id reported: 161252188; UID 10183; state: ENABLED
11-18 18:44:00.670 D/CompatibilityChangeReporter( 1923): Compat change id reported: 161252188; UID 10189; state: ENABLED
11-18 18:44:00.683 D/CompatibilityChangeReporter( 1923): Compat change id reported: 161252188; UID 1000; state: ENABLED
11-18 18:44:00.706 D/CompatibilityChangeReporter( 1923): Compat change id reported: 161252188; UID 10172; state: ENABLED
11-18 18:44:00.716 D/CompatibilityChangeReporter( 1923): Compat change id reported: 161252188; UID 10184; state: ENABLED
11-18 18:44:00.720 D/CompatibilityChangeReporter( 1923): Compat change id reported: 161252188; UID 10185; state: ENABLED
11-18 18:44:00.727 D/CompatibilityChangeReporter( 1923): Compat change id reported: 161252188; UID 10240; state: ENABLED
11-18 18:44:00.866 I/ActivityTaskManager( 1923): START u0 {cmp=com.google.android.googlequicksearchbox/com.google.android.apps.gsa.sidekick.main.optin.OptInActivity (has extras)} from uid 10204
11-18 18:44:00.892 I/ActivityTaskManager( 1923): The Process com.google.android.googlequicksearchbox:search Already Exists in BG. So sending its PID: 8289
11-18 18:44:00.892 W/ActivityTaskManager( 1923): Tried to set launchTime (0) < mLastActivityLaunchTime (2492090)
11-18 18:44:00.975 D/CompatibilityChangeReporter( 1923): Compat change id reported: 135634846; UID 99002; state: DISABLED
11-18 18:44:00.976 D/CompatibilityChangeReporter( 1923): Compat change id reported: 143937733; UID 10204; state: ENABLED
11-18 18:44:00.992 I/ActivityManager( 1923): Start proc 16478:com.google.android.webview:sandboxed_process0:org.chromium.content.app.SandboxedProcessService0:0/u0i2 for :com.google.android.googlequicksearchbox:search {com.google.android.googlequicksearchbox/org.chromium.content.app.SandboxedProcessService0:0}
11-18 18:44:01.133 I/binder  (    0): 16478:16478 ioctl 40046210 ffc18d18 returned -22
11-18 18:44:01.374 D/CompatibilityChangeReporter( 1923): Compat change id reported: 168419799; UID 10244; state: DISABLED
11-18 18:44:01.377 W/JobScheduler( 1923): Job didn't exist in JobStore: 9c1c89b #u0a204/-195 com.google.android.googlequicksearchbox/com.google.android.apps.gsa.tasks.BackgroundTasksJobService
11-18 18:44:01.388 D/CoreBackPreview( 1923): Window{649061b u0 Toast}: Setting back callback OnBackInvokedCallbackInfo{mCallback=android.window.IOnBackInvokedCallback$Stub$Proxy@5a19339, mPriority=0}
11-18 18:44:01.433 I/audit   (    0): type=1400 audit(1668768241.427:6174): avc:  denied  { call } for  pid=633 comm="lmkd" scontext=u:r:lmkd:s0 tcontext=u:r:hal_idd_default:s0 tclass=binder permissive=1 ppid=1 pcomm="init" pgid=1 pgcomm="init"
11-18 18:44:01.436 I/binder  (    0): 17195:17209 ioctl c0306201 7b0bd16a78 returned -14
11-18 18:44:01.440 I/oom_reaper(    0): reaped process 17195 (ndroid.cloudset), now anon-rss:0kB, file-rss:0kB, shmem-rss:504kB
11-18 18:44:01.463 D/CompatibilityChangeReporter( 1923): Compat change id reported: 214016041; UID 10204; state: ENABLED
11-18 18:44:01.486 I/ActivityManager( 1923): Process com.nttdocomo.android.cloudset (pid 17195) has died: cch+99 CEM 
11-18 18:44:01.579 W/JobScheduler( 1923): Job didn't exist in JobStore: 9afd4b #u0a204/-189 com.google.android.googlequicksearchbox/com.google.android.apps.gsa.tasks.BackgroundTasksJobService
11-18 18:44:01.879 I/qcom_rpmh DRV(    0): apps_rsc TCS Busy, retrying RPMH message send: addr=0x30010
11-18 18:44:02.033 E/        (    0): [drm:sde_connector_check_status_work:2232] [sde error]Check err_flag status 0
11-18 18:44:02.080 I/qcom_rpmh DRV(    0): apps_rsc TCS Busy, retrying RPMH message send: addr=0x30010
11-18 18:44:02.080 I/qcom_rpmh DRV(    0): apps_rsc TCS Busy, retrying RPMH message send: addr=0x30010
11-18 18:44:02.080 I/qcom_rpmh DRV(    0): apps_rsc TCS Busy, retrying RPMH message send: addr=0x30010
11-18 18:44:02.715 I/qcom_rpmh DRV(    0): apps_rsc TCS Busy, retrying RPMH message send: addr=0x30010
11-18 18:44:02.754 I/ActivityTaskManager( 1923): START u0 {act=android.intent.action.MAIN cat=[android.intent.category.MONKEY] flg=0x10200000 cmp=com.sonymobile.imeibarcode/.ImeiBarcodeDialog} from uid 0
11-18 18:44:02.755 D/CompatibilityChangeReporter( 1923): Compat change id reported: 194480991; UID 10182; state: ENABLED
11-18 18:44:02.758 I/ActivityTaskManager( 1923): setFreeformPinningMode pinned=false->false  freeform=false Task{d1b3f09 #56 type=standard ?? U=0 visible=false visibleRequested=false mode=fullscreen translucent=true sz=0}
11-18 18:44:02.760 D/CompatibilityChangeReporter( 1923): Compat change id reported: 174042980; UID 10182; state: DISABLED
11-18 18:44:02.760 D/CompatibilityChangeReporter( 1923): Compat change id reported: 184838306; UID 10182; state: DISABLED
11-18 18:44:02.761 D/CompatibilityChangeReporter( 1923): Compat change id reported: 185004937; UID 10182; state: DISABLED
11-18 18:44:02.762 D/CompatibilityChangeReporter( 1923): Compat change id reported: 197654537; UID 10182; state: ENABLED
11-18 18:44:02.765 V/SplashScreenExceptionList( 1923): SplashScreen checking exception for package com.sonymobile.imeibarcode (target sdk:33) -> false
11-18 18:44:02.766 D/CompatibilityChangeReporter( 1923): Compat change id reported: 205907456; UID 10182; state: ENABLED
11-18 18:44:02.785 I/ActivityTaskManager( 1923): The Process com.sonymobile.imeibarcode Already Exists in BG. So sending its PID: 15980
11-18 18:44:02.786 W/ActivityTaskManager( 1923): Tried to set launchTime (0) < mLastActivityLaunchTime (2468607)
11-18 18:44:02.790 D/CompatibilityChangeReporter( 1923): Compat change id reported: 181136395; UID 10204; state: DISABLED
11-18 18:44:02.790 D/CompatibilityChangeReporter( 1923): Compat change id reported: 174042936; UID 10204; state: DISABLED
11-18 18:44:02.799 D/CompatibilityChangeReporter( 1923): Compat change id reported: 197654537; UID 10204; state: ENABLED
11-18 18:44:02.876 D/CoreBackPreview( 1923): Window{286caeb u0 com.sonymobile.imeibarcode/com.sonymobile.imeibarcode.ImeiBarcodeDialog}: Setting back callback OnBackInvokedCallbackInfo{mCallback=android.window.IOnBackInvokedCallback$Stub$Proxy@d1fac63, mPriority=0}
11-18 18:44:02.882 D/CoreBackPreview( 1923): Window{335919 u0 com.sonymobile.imeibarcode/com.sonymobile.imeibarcode.ImeiBarcodeDialog}: Setting back callback OnBackInvokedCallbackInfo{mCallback=android.window.IOnBackInvokedCallback$Stub$Proxy@1f5828c, mPriority=0}
11-18 18:44:03.317 I/qcom_rpmh DRV(    0): apps_rsc TCS Busy, retrying RPMH message send: addr=0x30010
11-18 18:44:03.905 D/CoreBackPreview( 1923): Window{649061b u0 Toast}: Setting back callback null
11-18 18:44:03.912 W/NotificationService( 1923): Toast already killed. pkg=com.google.android.googlequicksearchbox token=android.os.BinderProxy@2e733f
11-18 18:44:04.037 I/qcom_rpmh DRV(    0): apps_rsc TCS Busy, retrying RPMH message send: addr=0x30010
11-18 18:44:04.794 D/CoreBackPreview( 1923): Window{286caeb u0 com.sonymobile.imeibarcode/com.sonymobile.imeibarcode.ImeiBarcodeDialog}: Setting back callback null
11-18 18:44:04.853 V/WindowManager( 1923): Unknown focus tokens, dropping reportFocusChanged
11-18 18:44:04.920 D/CoreBackPreview( 1923): Window{335919 u0 com.sonymobile.imeibarcode/com.sonymobile.imeibarcode.ImeiBarcodeDialog}: Setting back callback null
11-18 18:44:04.936 E/ActivityThread( 7450): Failed to find provider info for com.sony.songpal.mdr.application.mdr_info
11-18 18:44:05.225 I/qcom_rpmh DRV(    0): apps_rsc TCS Busy, retrying RPMH message send: addr=0x30010
11-18 18:44:05.493 I/qcom_rpmh DRV(    0): apps_rsc TCS Busy, retrying RPMH message send: addr=0x30010
11-18 18:44:05.821 I/[aw882xx_smartpa]aw882xx_startup(    0): capture enter
11-18 18:44:05.825 I/__afe_port_start(    0): port id: 0x1001
11-18 18:44:05.825 I/afe_find_cal_topo_id_by_port(    0): port id: 0x1001, dev_acdb_id: -22
11-18 18:44:05.825 I/afe_find_cal_topo_id_by_port(    0): top_id:1000ff02 acdb_id:102 afe_port:0x1001
11-18 18:44:05.825 I/afe_get_cal_topology_id(    0): port_id = 0x1001 acdb_id = 102 topology_id = 0x1000ff02 cal_type_index=8 ret=0
11-18 18:44:05.826 I/afe_send_port_topology_id(    0): AFE set topology id 0x1000ff02  enable for port 0x1001 ret 0
11-18 18:44:05.826 I/send_afe_cal_type(    0): cal_index is 1
11-18 18:44:05.826 I/send_afe_cal_type(    0): dev_acdb_id[41] is -22
11-18 18:44:05.826 I/send_afe_cal_type(    0): Sending cal_index cal 1
11-18 18:44:05.826 I/afe_send_hw_delay(    0): port_id 0x1001 rate 48000 delay_usec 578 status 0
11-18 18:44:05.832 I/[aw882xx_smartpa]aw882xx_mute(    0): mute state=0
11-18 18:44:05.837 I/[aw882xx_smartpa]aw882xx_startup(    0): playback enter
11-18 18:44:05.841 I/__afe_port_start(    0): port id: 0x1000
11-18 18:44:05.841 I/afe_find_cal_topo_id_by_port(    0): port id: 0x1000, dev_acdb_id: 14
11-18 18:44:05.841 I/afe_find_cal_topo_id_by_port(    0): top_id:1000ff01 acdb_id:14 afe_port_id:0x1000
11-18 18:44:05.841 I/afe_get_cal_topology_id(    0): port_id = 0x1000 acdb_id = 14 topology_id = 0x1000ff01 cal_type_index=8 ret=0
11-18 18:44:05.841 I/afe_send_port_topology_id(    0): AFE set topology id 0x1000ff01  enable for port 0x1000 ret 0
11-18 18:44:05.841 I/send_afe_cal_type(    0): cal_index is 0
11-18 18:44:05.841 I/send_afe_cal_type(    0): dev_acdb_id[40] is 14
11-18 18:44:05.841 I/afe_find_cal(    0): cal_index 0 port_id 0x1000 port_index 40
11-18 18:44:05.841 I/afe_find_cal(    0): acdb_id 14 dev_acdb_id 14 sample_rate 48000 afe_sample_rates 48000
11-18 18:44:05.841 I/afe_find_cal(    0): cal block is a match, size is 3152
11-18 18:44:05.841 I/send_afe_cal_type(    0): Sending cal_index cal 0
11-18 18:44:05.845 I/afe_send_hw_delay(    0): port_id 0x1000 rate 48000 delay_usec 0 status 0
11-18 18:44:05.849 I/[aw882xx_smartpa]aw882xx_mute(    0): mute state=0
11-18 18:44:05.849 I/[aw882xx_smartpa]aw882xx_smartpa_cfg(    0): flag = 1, power status = 0
11-18 18:44:05.858 I/[aw882xx_smartpa]aw882xx_clear_sysint(    0): get_sysint=0x4395
11-18 18:44:05.858 I/[aw882xx_smartpa]aw882xx_clear_sysint(    0): get_sysint=0x0000
11-18 18:44:05.861 I/[aw882xx_smartpa]aw882xx_set_cali_re_to_dsp(    0): no set cali re to dsp re = 0
11-18 18:44:05.862 I/[aw882xx_smartpa]aw882xx_monitor_start(    0): enter
11-18 18:44:05.864 I/[aw882xx_smartpa]aw882xx_monitor_get_data(    0): vol: ipeak = 0x8, gain = 0x0, vmax = 0x0
11-18 18:44:05.864 I/[aw882xx_smartpa]aw882xx_monitor_get_data(    0): temp: ipeak = 0x8, gain = 0x0, vmax = 0x0
11-18 18:44:05.864 I/[aw882xx_smartpa]aw882xx_monitor_set_ipeak(    0): ipeak = 0x8, no change
11-18 18:44:05.865 I/[aw882xx_smartpa]aw882xx_monitor_set_gain(    0): set db = 0.0 dB, no change
11-18 18:44:05.865 I/[aw882xx_smartpa]aw882xx_monitor_set_vmax(    0): set vmax = 0x0
11-18 18:44:05.995 I/qcom_rpmh DRV(    0): apps_rsc TCS Busy, retrying RPMH message send: addr=0x30010
11-18 18:44:07.048 I/qcom_rpmh DRV(    0): apps_rsc TCS Busy, retrying RPMH message send: addr=0x30010
11-18 18:44:07.153 E/        (    0): [drm:sde_connector_check_status_work:2232] [sde error]Check err_flag status 0
11-18 18:44:07.701 I/qcom_rpmh DRV(    0): apps_rsc TCS Busy, retrying RPMH message send: addr=0x30010
11-18 18:44:07.814 I/ActivityTaskManager( 1923): START u0 {act=android.intent.action.MAIN cat=[android.intent.category.LAUNCHER] flg=0x10200000 cmp=com.qualcomm.qti.PresenceApp/.MainActivity} from uid 0
11-18 18:44:07.824 D/CompatibilityChangeReporter( 1923): Compat change id reported: 194480991; UID 1001; state: ENABLED
11-18 18:44:07.841 D/CompatibilityChangeReporter( 1923): Compat change id reported: 194833441; UID 1001; state: ENABLED
11-18 18:44:07.844 D/CompatibilityChangeReporter( 1923): Compat change id reported: 168419799; UID 1001; state: DISABLED
11-18 18:44:07.864 I/QG-K    (    0): get_batt_id_ohm: Lisa batt_id_mv=245, batt_id_ohm=15000
11-18 18:44:07.869 W/healthd (    0): battery l=27 v=3824 t=37.1 h=2 st=2 c=313415 fc=4410000 cc=1 chg=a
11-18 18:44:07.875 I/ALG     (    0): cap_learning_update: [SOMC CL][LERANING] charge_status:1 msoc:27 bsoc_cp:2674 batt_soc_cp_drop:0 cc_soc_drop:0 hold_time:13104 total_time:1820326 (cc_soc:1753->2725)
11-18 18:44:07.897 I/WindowManager( 1923): finishDrawing of relaunch: Window{9b49ef5 u0 SnapshotStartingWindow for taskId=27} 41ms
11-18 18:44:07.898 D/PowerUI ( 5638): can't show warning due to - plugged: true status unknown: false
11-18 18:44:07.936 E/ActivityThread( 7450): Failed to find provider info for com.sony.songpal.mdr.application.mdr_info
11-18 18:44:07.950 D/CoreBackPreview( 1923): Window{7f0656e u0 com.qualcomm.qti.PresenceApp/com.qualcomm.qti.PresenceApp.MainActivity}: Setting back callback null
--------- beginning of crash
11-18 18:44:07.986 E/AndroidRuntime(21659): FATAL EXCEPTION: main
11-18 18:44:07.986 E/AndroidRuntime(21659): Process: com.qualcomm.qti.PresenceApp, PID: 21659
11-18 18:44:07.986 E/AndroidRuntime(21659): java.lang.RuntimeException: Unable to start activity ComponentInfo{com.qualcomm.qti.PresenceApp/com.qualcomm.qti.PresenceApp.MainActivity}: androidx.fragment.app.Fragment$InstantiationException: Unable to instantiate fragment com.qualcomm.qti.PresenceApp.SubsriptionTab: could not find Fragment constructor
11-18 18:44:07.986 E/AndroidRuntime(21659): 	at android.app.ActivityThread.performLaunchActivity(ActivityThread.java:3681)
11-18 18:44:07.986 E/AndroidRuntime(21659): 	at android.app.ActivityThread.handleLaunchActivity(ActivityThread.java:3818)
11-18 18:44:07.986 E/AndroidRuntime(21659): 	at android.app.ActivityThread.handleRelaunchActivityInner(ActivityThread.java:5802)
11-18 18:44:07.986 E/AndroidRuntime(21659): 	at android.app.ActivityThread.handleRelaunchActivity(ActivityThread.java:5693)
11-18 18:44:07.986 E/AndroidRuntime(21659): 	at android.app.servertransaction.ActivityRelaunchItem.execute(ActivityRelaunchItem.java:71)
11-18 18:44:07.986 E/AndroidRuntime(21659): 	at android.app.servertransaction.ActivityTransactionItem.execute(ActivityTransactionItem.java:45)
11-18 18:44:07.986 E/AndroidRuntime(21659): 	at android.app.servertransaction.TransactionExecutor.executeCallbacks(TransactionExecutor.java:135)
11-18 18:44:07.986 E/AndroidRuntime(21659): 	at android.app.servertransaction.TransactionExecutor.execute(TransactionExecutor.java:95)
11-18 18:44:07.986 E/AndroidRuntime(21659): 	at android.app.ActivityThread$H.handleMessage(ActivityThread.java:2313)
11-18 18:44:07.986 E/AndroidRuntime(21659): 	at android.os.Handler.dispatchMessage(Handler.java:106)
11-18 18:44:07.986 E/AndroidRuntime(21659): 	at android.os.Looper.loopOnce(Looper.java:356)
11-18 18:44:07.986 E/AndroidRuntime(21659): 	at android.os.Looper.loop(Looper.java:475)
11-18 18:44:07.986 E/AndroidRuntime(21659): 	at android.app.ActivityThread.main(ActivityThread.java:7954)
11-18 18:44:07.986 E/AndroidRuntime(21659): 	at java.lang.reflect.Method.invoke(Native Method)
11-18 18:44:07.986 E/AndroidRuntime(21659): 	at com.android.internal.os.RuntimeInit$MethodAndArgsCaller.run(RuntimeInit.java:548)
11-18 18:44:07.986 E/AndroidRuntime(21659): 	at com.android.internal.os.ZygoteInit.main(ZygoteInit.java:942)
11-18 18:44:07.986 E/AndroidRuntime(21659): Caused by: androidx.fragment.app.Fragment$InstantiationException: Unable to instantiate fragment com.qualcomm.qti.PresenceApp.SubsriptionTab: could not find Fragment constructor
11-18 18:44:07.986 E/AndroidRuntime(21659): 	at androidx.fragment.app.Fragment.instantiate(Fragment.java:629)
11-18 18:44:07.986 E/AndroidRuntime(21659): 	at androidx.fragment.app.FragmentContainer.instantiate(FragmentContainer.java:57)
11-18 18:44:07.986 E/AndroidRuntime(21659): 	at androidx.fragment.app.FragmentManager$2.instantiate(FragmentManager.java:448)
11-18 18:44:07.986 E/AndroidRuntime(21659): 	at androidx.fragment.app.FragmentState.instantiate(FragmentState.java:81)
11-18 18:44:07.986 E/AndroidRuntime(21659): 	at androidx.fragment.app.FragmentStateManager.<init>(FragmentStateManager.java:85)
11-18 18:44:07.986 E/AndroidRuntime(21659): 	at androidx.fragment.app.FragmentManager.restoreSaveStateInternal(FragmentManager.java:2341)
11-18 18:44:07.986 E/AndroidRuntime(21659): 	at androidx.fragment.app.FragmentManager.attachController(FragmentManager.java:2515)
11-18 18:44:07.986 E/AndroidRuntime(21659): 	at androidx.fragment.app.FragmentController.attachHost(FragmentController.java:116)
11-18 18:44:07.986 E/AndroidRuntime(21659): 	at androidx.fragment.app.FragmentActivity.lambda$init$1$androidx-fragment-app-FragmentActivity(FragmentActivity.java:128)
11-18 18:44:07.986 E/AndroidRuntime(21659): 	at androidx.fragment.app.FragmentActivity$$ExternalSyntheticLambda1.onContextAvailable(Unknown Source:2)
11-18 18:44:07.986 E/AndroidRuntime(21659): 	at androidx.activity.contextaware.ContextAwareHelper.dispatchOnContextAvailable(ContextAwareHelper.java:99)
11-18 18:44:07.986 E/AndroidRuntime(21659): 	at androidx.activity.ComponentActivity.onCreate(ComponentActivity.java:320)
11-18 18:44:07.986 E/AndroidRuntime(21659): 	at androidx.fragment.app.FragmentActivity.onCreate(FragmentActivity.java:249)
11-18 18:44:07.986 E/AndroidRuntime(21659): 	at com.qualcomm.qti.PresenceApp.MainActivity.onCreate(MainActivity.java:48)
11-18 18:44:07.986 E/AndroidRuntime(21659): 	at android.app.Activity.performCreate(Activity.java:8290)
11-18 18:44:07.986 E/AndroidRuntime(21659): 	at android.app.Activity.performCreate(Activity.java:8269)
11-18 18:44:07.986 E/AndroidRuntime(21659): 	at android.app.Instrumentation.callActivityOnCreate(Instrumentation.java:1385)
11-18 18:44:07.986 E/AndroidRuntime(21659): 	at android.app.ActivityThread.performLaunchActivity(ActivityThread.java:3662)
11-18 18:44:07.986 E/AndroidRuntime(21659): 	... 15 more
11-18 18:44:07.986 E/AndroidRuntime(21659): Caused by: java.lang.NoSuchMethodException: com.qualcomm.qti.PresenceApp.SubsriptionTab.<init> []
11-18 18:44:07.986 E/AndroidRuntime(21659): 	at java.lang.Class.getConstructor0(Class.java:2363)
11-18 18:44:07.986 E/AndroidRuntime(21659): 	at java.lang.Class.getConstructor(Class.java:1759)
11-18 18:44:07.986 E/AndroidRuntime(21659): 	at androidx.fragment.app.Fragment.instantiate(Fragment.java:614)
11-18 18:44:07.986 E/AndroidRuntime(21659): 	... 32 more
11-18 18:44:07.992 D/ActivityManager( 1923): New dropbox entry: com.qualcomm.qti.PresenceApp, system_app_crash, 9cb0d325-5f6d-4c2a-a7e5-a1e8db16ec6e
11-18 18:44:08.019 W/ActivityTaskManager( 1923):   Force finishing activity com.qualcomm.qti.PresenceApp/.MainActivity
11-18 18:44:08.045 I/logd    (    0): logdr: UID=1000 GID=1000 PID=16670 n tail=50 logMask=1d pid=0 start=0ns deadline=0ns
11-18 18:44:08.071 I/DropBoxManagerService( 1923): add tag=system_app_crash isTagEnabled=true flags=0x2
11-18 18:44:08.074 W/BroadcastQueue( 1923): Background execution not allowed: receiving Intent { act=android.intent.action.DROPBOX_ENTRY_ADDED flg=0x10 (has extras) } to com.google.android.gms/.stats.service.DropBoxEntryAddedReceiver
11-18 18:44:08.074 W/BroadcastQueue( 1923): Background execution not allowed: receiving Intent { act=android.intent.action.DROPBOX_ENTRY_ADDED flg=0x10 (has extras) } to com.google.android.gms/.chimera.GmsIntentOperationService$PersistentTrustedReceiver
11-18 18:44:08.095 I/ActivityManager( 1923): Process com.qualcomm.qti.PresenceApp (pid 21659) has died: fg  TOP 
11-18 18:44:08.130 I/init    (    0): starting service 'dumpstate'...
11-18 18:44:08.149 I/init    (    0): Created socket '/dev/socket/dumpstate', mode 660, user 2000, group 1007
11-18 18:44:08.159 W/ActivityManager( 1923): setHasOverlayUi called on unknown pid: 21659
11-18 18:44:08.165 I/init    (    0): Control message: Processed ctl.start for 'dumpstate' from pid: 1508 (/system_ext/bin/javadumper)
11-18 18:44:08.182 I/ActivityManager( 1923): Background started FGS: Allowed [callingPackage: com.sonymobile.crashmonitor.ui; callingUid: 10323; uidState: FGS ; intent: Intent { act=com.sonymobile.crashmonitor.JAVADUMPER_STARTED cmp=com.sonymobile.crashmonitor.ui/.service.JavaDumperStatusNotificationService (has extras) }; code:BACKGROUND_ACTIVITY_PERMISSION; tempAllowListReason:<null>; targetSdkVersion:30; callerTargetSdkVersion:30; startForegroundCount:3; bindFromPackage:null]
11-18 18:44:08.281 I/binder  (    0): 16676:16676 ioctl 40046210 7fe838fec0 returned -22
11-18 18:44:08.413 W/NotificationHistory( 1923): Attempted to add notif for locked/gone/disabled user 0
11-18 18:44:08.521 W/ActivityTaskManager( 1923): Activity top resumed state loss timeout for ActivityRecord{de11cd0 u0 com.qualcomm.qti.PresenceApp/.MainActivity} t-1 f}}
11-18 18:44:08.587 I/qcom_rpmh DRV(    0): apps_rsc TCS Busy, retrying RPMH message send: addr=0x30010
11-18 18:44:08.972 I/qcom_rpmh DRV(    0): apps_rsc TCS Busy, retrying RPMH message send: addr=0x30010
11-18 18:44:09.197 I/binder  (    0): 16691:16691 ioctl 40046210 7fea8a2bb0 returned -22
11-18 18:44:09.353 E/AppOps  ( 1923): Attribution not found: uid=0 pkg=root(null) op=VIBRATE
11-18 18:44:09.381 I/audit   (    0): type=1400 audit(1668768249.375:6175): avc:  denied  { open } for  pid=1272 comm="binder:1272_5" path="/proc/1198/cmdline" dev="proc" ino=2737007 scontext=u:r:surfaceflinger:s0 tcontext=u:r:hal_graphics_composer_default:s0 tclass=file permissive=1 ppid=1 pcomm="init" pgid=1272 pgcomm="surfaceflinger"
11-18 18:44:09.381 I/audit   (    0): type=1400 audit(1668768249.375:6176): avc:  denied  { getattr } for  pid=1272 comm="binder:1272_5" path="/proc/1198/cmdline" dev="proc" ino=2737007 scontext=u:r:surfaceflinger:s0 tcontext=u:r:hal_graphics_composer_default:s0 tclass=file permissive=1 ppid=1 pcomm="init" pgid=1272 pgcomm="surfaceflinger"
11-18 18:44:09.469 D/CompatibilityChangeReporter( 1923): Compat change id reported: 174042980; UID 10204; state: DISABLED
11-18 18:44:09.469 D/CompatibilityChangeReporter( 1923): Compat change id reported: 184838306; UID 10204; state: DISABLED
11-18 18:44:09.470 D/CompatibilityChangeReporter( 1923): Compat change id reported: 185004937; UID 10204; state: DISABLED
11-18 18:44:09.479 D/CompatibilityChangeReporter( 1923): Compat change id reported: 174042980; UID 10240; state: DISABLED
11-18 18:44:09.479 D/CompatibilityChangeReporter( 1923): Compat change id reported: 181136395; UID 10240; state: DISABLED
11-18 18:44:09.480 D/CompatibilityChangeReporter( 1923): Compat change id reported: 174042936; UID 10240; state: DISABLED
11-18 18:44:09.480 D/CompatibilityChangeReporter( 1923): Compat change id reported: 184838306; UID 10240; state: DISABLED
11-18 18:44:09.480 D/CompatibilityChangeReporter( 1923): Compat change id reported: 185004937; UID 10240; state: DISABLED
11-18 18:44:09.706 I/audit   (    0): type=1400 audit(1668768249.703:6177): avc:  denied  { read } for  pid=1923 comm="binder:1923_F" name="capacity" dev="sysfs" ino=62878 scontext=u:r:system_server:s0 tcontext=u:object_r:vendor_sysfs_battery_supply:s0 tclass=file permissive=1 ppid=922 pcomm="main" pgid=1923 pgcomm="system_server"
11-18 18:44:09.707 I/audit   (    0): type=1400 audit(1668768249.703:6178): avc:  denied  { open } for  pid=1923 comm="binder:1923_F" path="/sys/devices/platform/soc/c440000.qcom,spmi/spmi-0/spmi0-02/c440000.qcom,spmi:qcom,pm7250b@2:qcom,qpnp-smb5/power_supply/battery/capacity" dev="sysfs" ino=62878 scontext=u:r:system_server:s0 tcontext=u:object_r:vendor_sysfs_battery_supply:s0 tclass=file permissive=1 ppid=922 pcomm="main" pgid=1923 pgcomm="system_server"
11-18 18:44:09.707 I/audit   (    0): type=1400 audit(1668768249.703:6179): avc:  denied  { getattr } for  pid=1923 comm="binder:1923_F" path="/sys/devices/platform/soc/c440000.qcom,spmi/spmi-0/spmi0-02/c440000.qcom,spmi:qcom,pm7250b@2:qcom,qpnp-smb5/power_supply/battery/capacity" dev="sysfs" ino=62878 scontext=u:r:system_server:s0 tcontext=u:object_r:vendor_sysfs_battery_supply:s0 tclass=file permissive=1 ppid=922 pcomm="main" pgid=1923 pgcomm="system_server"
11-18 18:44:10.025 I/qcom_rpmh DRV(    0): apps_rsc TCS Busy, retrying RPMH message send: addr=0x30010
11-18 18:44:10.044 I/binder  (    0): 16721:16721 ioctl 40046210 7fff50f2a0 returned -22
11-18 18:44:10.060 I/binder  (    0): 16724:16724 ioctl 40046210 7fe12de550 returned -22
11-18 18:44:10.078 I/logd    (    0): logdr: UID=0 GID=0 PID=16727 n tail=0 logMask=99 pid=0 start=0ns deadline=0ns
11-18 18:44:10.129 I/logd    (    0): logdr: UID=0 GID=0 PID=16729 n tail=0 logMask=4 pid=0 start=0ns deadline=0ns
11-18 18:44:10.225 I/logd    (    0): logdr: UID=0 GID=0 PID=16733 n tail=0 logMask=20 pid=0 start=0ns deadline=0ns
11-18 18:44:10.234 I/logd    (    0): logdr: UID=0 GID=0 PID=16735 n tail=0 logMask=2 pid=0 start=0ns deadline=0ns
11-18 18:44:10.333 E/logd    (    0): FrameworkListener: read() failed (Connection reset by peer)
11-18 18:44:10.354 I/binder  (    0): 16676:16739 ioctl 40046210 6f3ae04404 returned -22
11-18 18:44:10.479 I/init    (    0): Untracked pid 16742 exited with status 0
11-18 18:44:10.479 I/init    (    0): Untracked pid 16742 did not have an associated service entry and will not be reaped
11-18 18:44:10.482 I/init    (    0): Untracked pid 16744 exited with status 0
11-18 18:44:10.482 I/init    (    0): Untracked pid 16744 did not have an associated service entry and will not be reaped
11-18 18:44:10.510 I/qcom_rpmh DRV(    0): apps_rsc TCS Busy, retrying RPMH message send: addr=0x30010
11-18 18:44:10.510 I/qcom_rpmh DRV(    0): apps_rsc TCS Busy, retrying RPMH message send: addr=0x30010
11-18 18:44:10.537 I/init    (    0): Untracked pid 16747 exited with status 0
11-18 18:44:10.537 I/init    (    0): Untracked pid 16747 did not have an associated service entry and will not be reaped
11-18 18:44:10.538 I/init    (    0): Untracked pid 16749 exited with status 0
11-18 18:44:10.538 I/init    (    0): Untracked pid 16749 did not have an associated service entry and will not be reaped
11-18 18:44:10.606 I/init    (    0): Untracked pid 16752 exited with status 0
11-18 18:44:10.606 I/init    (    0): Untracked pid 16752 did not have an associated service entry and will not be reaped
11-18 18:44:10.607 I/init    (    0): Untracked pid 16754 exited with status 0
11-18 18:44:10.607 I/init    (    0): Untracked pid 16754 did not have an associated service entry and will not be reaped
11-18 18:44:10.679 I/init    (    0): Untracked pid 16759 exited with status 0
11-18 18:44:10.679 I/init    (    0): Untracked pid 16759 did not have an associated service entry and will not be reaped
11-18 18:44:10.679 I/init    (    0): Untracked pid 16761 exited with status 0
11-18 18:44:10.679 I/init    (    0): Untracked pid 16761 did not have an associated service entry and will not be reaped
11-18 18:44:10.809 I/init    (    0): Untracked pid 16764 exited with status 0
11-18 18:44:10.809 I/init    (    0): Untracked pid 16764 did not have an associated service entry and will not be reaped
11-18 18:44:10.811 I/init    (    0): Untracked pid 16766 exited with status 0
11-18 18:44:10.811 I/init    (    0): Untracked pid 16766 did not have an associated service entry and will not be reaped
11-18 18:44:10.836 I/init    (    0): Untracked pid 16773 exited with status 0
11-18 18:44:10.836 I/init    (    0): Untracked pid 16773 did not have an associated service entry and will not be reaped
11-18 18:44:10.836 I/init    (    0): Untracked pid 16775 exited with status 0
11-18 18:44:10.836 I/init    (    0): Untracked pid 16775 did not have an associated service entry and will not be reaped
11-18 18:44:10.856 I/init    (    0): processing action (sys.lpdumpd=start) from (/system/etc/init/lpdumpd.rc:31)
11-18 18:44:10.856 I/init    (    0): starting service 'lpdumpd'...
11-18 18:44:10.856 I/init    (    0): Could not open file '/dev/block/by-name/NO_SUCH_DEVICE_a': Failed to open file '/dev/block/by-name/NO_SUCH_DEVICE_a': No such file or directory
11-18 18:44:10.858 I/binder  (    0): 16781:16781 ioctl 40046210 7fcf60ae90 returned -22
11-18 18:44:10.892 I/binder  (    0): 16785:16785 ioctl 40046210 7ff76249f0 returned -22
11-18 18:44:10.922 I/init    (    0): Untracked pid 16782 exited with status 0
11-18 18:44:10.922 I/init    (    0): Untracked pid 16782 did not have an associated service entry and will not be reaped
11-18 18:44:10.925 I/init    (    0): Untracked pid 16784 exited with status 0
11-18 18:44:10.925 I/init    (    0): Untracked pid 16784 did not have an associated service entry and will not be reaped
11-18 18:44:10.975 I/init    (    0): Untracked pid 16792 exited with status 0
11-18 18:44:10.975 I/init    (    0): Untracked pid 16792 did not have an associated service entry and will not be reaped
11-18 18:44:10.976 I/init    (    0): Untracked pid 16794 exited with status 0
11-18 18:44:10.976 I/init    (    0): Untracked pid 16794 did not have an associated service entry and will not be reaped
11-18 18:44:11.012 I/init    (    0): Untracked pid 16797 exited with status 0
11-18 18:44:11.012 I/init    (    0): Untracked pid 16797 did not have an associated service entry and will not be reaped
11-18 18:44:11.012 I/qcom_rpmh DRV(    0): apps_rsc TCS Busy, retrying RPMH message send: addr=0x30010
11-18 18:44:11.014 I/init    (    0): Untracked pid 16799 exited with status 0
11-18 18:44:11.014 I/init    (    0): Untracked pid 16799 did not have an associated service entry and will not be reaped
11-18 18:44:11.052 I/init    (    0): Untracked pid 16803 exited with status 0
11-18 18:44:11.052 I/init    (    0): Untracked pid 16803 did not have an associated service entry and will not be reaped
11-18 18:44:11.053 I/init    (    0): Untracked pid 16805 exited with status 0
11-18 18:44:11.053 I/init    (    0): Untracked pid 16805 did not have an associated service entry and will not be reaped
11-18 18:44:11.131 I/init    (    0): Untracked pid 16823 exited with status 0
11-18 18:44:11.131 I/init    (    0): Untracked pid 16823 did not have an associated service entry and will not be reaped
11-18 18:44:11.135 I/init    (    0): Untracked pid 16825 exited with status 0
11-18 18:44:11.135 I/init    (    0): Untracked pid 16825 did not have an associated service entry and will not be reaped
11-18 18:44:11.160 I/init    (    0): Untracked pid 16828 exited with status 0
11-18 18:44:11.160 I/init    (    0): Untracked pid 16828 did not have an associated service entry and will not be reaped
11-18 18:44:11.160 I/init    (    0): Untracked pid 16830 exited with status 0
11-18 18:44:11.160 I/init    (    0): Untracked pid 16830 did not have an associated service entry and will not be reaped
11-18 18:44:11.267 I/init    (    0): Untracked pid 16836 exited with status 0
11-18 18:44:11.267 I/init    (    0): Untracked pid 16836 did not have an associated service entry and will not be reaped
11-18 18:44:11.271 I/init    (    0): Untracked pid 16838 exited with status 0
11-18 18:44:11.271 I/init    (    0): Untracked pid 16838 did not have an associated service entry and will not be reaped
11-18 18:44:11.356 I/init    (    0): Untracked pid 16842 exited with status 0
11-18 18:44:11.356 I/init    (    0): Untracked pid 16842 did not have an associated service entry and will not be reaped
11-18 18:44:11.356 I/init    (    0): Untracked pid 16849 exited with status 0
11-18 18:44:11.356 I/init    (    0): Untracked pid 16849 did not have an associated service entry and will not be reaped
11-18 18:44:11.484 I/init    (    0): Untracked pid 16856 exited with status 0
11-18 18:44:11.484 I/init    (    0): Untracked pid 16856 did not have an associated service entry and will not be reaped
11-18 18:44:11.492 I/init    (    0): Untracked pid 16859 exited with status 0
11-18 18:44:11.492 I/init    (    0): Untracked pid 16859 did not have an associated service entry and will not be reaped
11-18 18:44:11.531 I/qcom_rpmh DRV(    0): apps_rsc TCS Busy, retrying RPMH message send: addr=0x30010
11-18 18:44:11.536 I/init    (    0): Untracked pid 16862 exited with status 0
11-18 18:44:11.536 I/init    (    0): Untracked pid 16862 did not have an associated service entry and will not be reaped
11-18 18:44:11.537 I/init    (    0): Untracked pid 16864 exited with status 0
11-18 18:44:11.537 I/init    (    0): Untracked pid 16864 did not have an associated service entry and will not be reaped
11-18 18:44:11.581 I/init    (    0): Untracked pid 16867 exited with status 0
11-18 18:44:11.581 I/init    (    0): Untracked pid 16867 did not have an associated service entry and will not be reaped
11-18 18:44:11.583 I/init    (    0): Untracked pid 16869 exited with status 0
11-18 18:44:11.583 I/init    (    0): Untracked pid 16869 did not have an associated service entry and will not be reaped
11-18 18:44:11.772 I/init    (    0): Untracked pid 16874 exited with status 0
11-18 18:44:11.772 I/init    (    0): Untracked pid 16874 did not have an associated service entry and will not be reaped
11-18 18:44:11.775 I/init    (    0): Untracked pid 16876 exited with status 0
11-18 18:44:11.775 I/init    (    0): Untracked pid 16876 did not have an associated service entry and will not be reaped
11-18 18:44:11.863 I/init    (    0): processing action (sys.lpdumpd=stop) from (/system/etc/init/lpdumpd.rc:34)
11-18 18:44:11.863 I/init    (    0): Sending signal 9 to service 'lpdumpd' (pid 16785) process group...
11-18 18:44:11.869 I/libprocessgroup(    0): Successfully killed process cgroup uid 1000 pid 16785 in 5ms
11-18 18:44:11.870 I/init    (    0): Service 'lpdumpd' (pid 16785) received signal 9 oneshot service took 1.012000 seconds in background
11-18 18:44:11.871 I/init    (    0): processing action (sys.lpdumpd=stop) from (/system/etc/init/lpdumpd.rc:34)
11-18 18:44:11.878 I/init    (    0): Untracked pid 16880 exited with status 0
11-18 18:44:11.878 I/init    (    0): Untracked pid 16880 did not have an associated service entry and will not be reaped
11-18 18:44:11.878 I/init    (    0): Untracked pid 16882 exited with status 0
11-18 18:44:11.878 I/init    (    0): Untracked pid 16882 did not have an associated service entry and will not be reaped
11-18 18:44:11.899 I/binder  (    0): 16883:16883 ioctl 40046210 7fde93c8f0 returned -22
11-18 18:44:11.902 I/init    (    0): starting service 'gsid'...
11-18 18:44:11.905 I/init    (    0): Control message: Processed ctl.interface_start for 'aidl/gsiservice' from pid: 634 (/system/bin/servicemanager)
11-18 18:44:11.927 I/binder  (    0): 16886:16886 ioctl 40046210 7fe2dfa4a0 returned -22
11-18 18:44:11.999 I/qcom_rpmh DRV(    0): apps_rsc TCS Busy, retrying RPMH message send: addr=0x30010
11-18 18:44:12.273 E/        (    0): [drm:sde_connector_check_status_work:2232] [sde error]Check err_flag status 0
11-18 18:44:12.501 I/qcom_rpmh DRV(    0): apps_rsc TCS Busy, retrying RPMH message send: addr=0x30010
11-18 18:44:12.587 I/init    (    0): Untracked pid 16894 exited with status 0
11-18 18:44:12.587 I/init    (    0): Untracked pid 16894 did not have an associated service entry and will not be reaped
11-18 18:44:12.588 I/init    (    0): Untracked pid 16896 exited with status 0
11-18 18:44:12.588 I/init    (    0): Untracked pid 16896 did not have an associated service entry and will not be reaped
11-18 18:44:12.905 I/binder  (    0): undelivered transaction 1548507, process died.
11-18 18:44:12.925 I/init    (    0): Service 'gsid' (pid 16886) exited with status 0 oneshot service took 1.022000 seconds in background
11-18 18:44:12.925 I/init    (    0): Sending signal 9 to service 'gsid' (pid 16886) process group...
11-18 18:44:12.925 I/libprocessgroup(    0): Successfully killed process cgroup uid 0 pid 16886 in 0ms
11-18 18:44:13.003 I/qcom_rpmh DRV(    0): apps_rsc TCS Busy, retrying RPMH message send: addr=0x30010
11-18 18:44:14.041 W/rpmh_rsc_send_data(    0): 1 callbacks suppressed
11-18 18:44:14.041 I/qcom_rpmh DRV(    0): apps_rsc TCS Busy, retrying RPMH message send: addr=0x30010
11-18 18:44:14.275 I/qcom_rpmh DRV(    0): apps_rsc TCS Busy, retrying RPMH message send: addr=0x30010
11-18 18:44:14.559 I/qcom_rpmh DRV(    0): apps_rsc TCS Busy, retrying RPMH message send: addr=0x30010
11-18 18:44:14.645 W/WindowManager( 1923): removeWindowToken: Attempted to remove non-existing token: android.os.Binder@906f212
11-18 18:44:14.983 I/ActivityManager( 1923): PendingStartActivityUids startActivity to updateOomAdj delay:6462ms, uid:10204
11-18 18:44:15.329 I/qcom_rpmh DRV(    0): apps_rsc TCS Busy, retrying RPMH message send: addr=0x30010
11-18 18:44:15.547 I/qcom_rpmh DRV(    0): apps_rsc TCS Busy, retrying RPMH message send: addr=0x30010
11-18 18:44:15.848 I/qcom_rpmh DRV(    0): apps_rsc TCS Busy, retrying RPMH message send: addr=0x30010
11-18 18:44:16.150 I/qcom_rpmh DRV(    0): apps_rsc TCS Busy, retrying RPMH message send: addr=0x30010
11-18 18:44:16.242 I/[aw882xx_smartpa]aw882xx_mute(    0): mute state=1
11-18 18:44:16.242 I/[aw882xx_smartpa]aw882xx_smartpa_cfg(    0): flag = 0, power status = 2
11-18 18:44:16.242 I/[aw882xx_smartpa]aw882xx_monitor_stop(    0): enter
11-18 18:44:16.242 I/[aw882xx_smartpa]aw882xx_stop(    0): get_sysint=0x0000
11-18 18:44:16.259 I/afe_close(    0): port_id = 0x1000
11-18 18:44:16.263 I/[aw882xx_smartpa]aw882xx_mute(    0): mute state=1
11-18 18:44:16.263 I/afe_close(    0): port_id = 0x1001
11-18 18:44:16.651 I/qcom_rpmh DRV(    0): apps_rsc TCS Busy, retrying RPMH message send: addr=0x30010
11-18 18:44:17.115 I/[aw882xx_smartpa]aw882xx_startup(    0): capture enter
11-18 18:44:17.119 I/__afe_port_start(    0): port id: 0x1001
11-18 18:44:17.119 I/afe_find_cal_topo_id_by_port(    0): port id: 0x1001, dev_acdb_id: -22
11-18 18:44:17.119 I/afe_find_cal_topo_id_by_port(    0): top_id:1000ff02 acdb_id:102 afe_port:0x1001
11-18 18:44:17.119 I/afe_get_cal_topology_id(    0): port_id = 0x1001 acdb_id = 102 topology_id = 0x1000ff02 cal_type_index=8 ret=0
11-18 18:44:17.120 I/afe_send_port_topology_id(    0): AFE set topology id 0x1000ff02  enable for port 0x1001 ret 0
11-18 18:44:17.120 I/send_afe_cal_type(    0): cal_index is 1
11-18 18:44:17.120 I/send_afe_cal_type(    0): dev_acdb_id[41] is -22
11-18 18:44:17.120 I/send_afe_cal_type(    0): Sending cal_index cal 1
11-18 18:44:17.121 I/afe_send_hw_delay(    0): port_id 0x1001 rate 48000 delay_usec 578 status 0
11-18 18:44:17.127 I/[aw882xx_smartpa]aw882xx_mute(    0): mute state=0
11-18 18:44:17.132 I/[aw882xx_smartpa]aw882xx_startup(    0): playback enter
11-18 18:44:17.136 I/__afe_port_start(    0): port id: 0x1000
11-18 18:44:17.136 I/afe_find_cal_topo_id_by_port(    0): port id: 0x1000, dev_acdb_id: 14
11-18 18:44:17.136 I/afe_find_cal_topo_id_by_port(    0): top_id:1000ff01 acdb_id:14 afe_port_id:0x1000
11-18 18:44:17.136 I/afe_get_cal_topology_id(    0): port_id = 0x1000 acdb_id = 14 topology_id = 0x1000ff01 cal_type_index=8 ret=0
11-18 18:44:17.137 I/afe_send_port_topology_id(    0): AFE set topology id 0x1000ff01  enable for port 0x1000 ret 0
11-18 18:44:17.137 I/send_afe_cal_type(    0): cal_index is 0
11-18 18:44:17.137 I/send_afe_cal_type(    0): dev_acdb_id[40] is 14
11-18 18:44:17.137 I/afe_find_cal(    0): cal_index 0 port_id 0x1000 port_index 40
11-18 18:44:17.137 I/afe_find_cal(    0): acdb_id 14 dev_acdb_id 14 sample_rate 48000 afe_sample_rates 48000
11-18 18:44:17.137 I/afe_find_cal(    0): cal block is a match, size is 3152
11-18 18:44:17.137 I/send_afe_cal_type(    0): Sending cal_index cal 0
11-18 18:44:17.140 I/afe_send_hw_delay(    0): port_id 0x1000 rate 48000 delay_usec 0 status 0
11-18 18:44:17.144 I/[aw882xx_smartpa]aw882xx_mute(    0): mute state=0
11-18 18:44:17.144 I/[aw882xx_smartpa]aw882xx_smartpa_cfg(    0): flag = 1, power status = 0
11-18 18:44:17.150 I/[aw882xx_smartpa]aw882xx_clear_sysint(    0): get_sysint=0x4395
11-18 18:44:17.150 I/[aw882xx_smartpa]aw882xx_clear_sysint(    0): get_sysint=0x0000
11-18 18:44:17.153 I/[aw882xx_smartpa]aw882xx_set_cali_re_to_dsp(    0): no set cali re to dsp re = 0
11-18 18:44:17.153 I/[aw882xx_smartpa]aw882xx_monitor_start(    0): enter
11-18 18:44:17.155 I/[aw882xx_smartpa]aw882xx_monitor_get_data(    0): vol: ipeak = 0x8, gain = 0x0, vmax = 0x0
11-18 18:44:17.155 I/[aw882xx_smartpa]aw882xx_monitor_get_data(    0): temp: ipeak = 0x8, gain = 0x0, vmax = 0x0
11-18 18:44:17.156 I/[aw882xx_smartpa]aw882xx_monitor_set_ipeak(    0): ipeak = 0x8, no change
11-18 18:44:17.156 I/[aw882xx_smartpa]aw882xx_monitor_set_gain(    0): set db = 0.0 dB, no change
11-18 18:44:17.156 I/[aw882xx_smartpa]aw882xx_monitor_set_vmax(    0): set vmax = 0x0
11-18 18:44:17.219 I/qcom_rpmh DRV(    0): apps_rsc TCS Busy, retrying RPMH message send: addr=0x30010
11-18 18:44:17.393 E/        (    0): [drm:sde_connector_check_status_work:2232] [sde error]Check err_flag status 0
11-18 18:44:17.454 I/qcom_rpmh DRV(    0): apps_rsc TCS Busy, retrying RPMH message send: addr=0x30010
11-18 18:44:19.182 I/WindowManager( 1923): Could not transfer touch to the status bar
11-18 18:44:19.578 W/rpmh_rsc_send_data(    0): 4 callbacks suppressed
11-18 18:44:19.578 I/qcom_rpmh DRV(    0): apps_rsc TCS Busy, retrying RPMH message send: addr=0x30010
11-18 18:44:20.494 I/[aw882xx_smartpa]aw882xx_mute(    0): mute state=1
11-18 18:44:20.494 I/[aw882xx_smartpa]aw882xx_smartpa_cfg(    0): flag = 0, power status = 2
11-18 18:44:20.494 I/[aw882xx_smartpa]aw882xx_monitor_stop(    0): enter
11-18 18:44:20.494 I/[aw882xx_smartpa]aw882xx_stop(    0): get_sysint=0x0000
11-18 18:44:20.511 I/afe_close(    0): port_id = 0x1000
11-18 18:44:20.514 I/[aw882xx_smartpa]aw882xx_mute(    0): mute state=1
11-18 18:44:20.515 I/afe_close(    0): port_id = 0x1001
11-18 18:44:20.549 I/qcom_rpmh DRV(    0): apps_rsc TCS Busy, retrying RPMH message send: addr=0x30010
11-18 18:44:20.945 I/QG-K    (    0): get_batt_id_ohm: Lisa batt_id_mv=245, batt_id_ohm=15000
11-18 18:44:20.950 W/healthd (    0): battery l=27 v=3831 t=37.1 h=2 st=2 c=522766 fc=4410000 cc=1 chg=a
11-18 18:44:20.960 I/ALG     (    0): cap_learning_update: [SOMC CL][LERANING] charge_status:1 msoc:27 bsoc_cp:2674 batt_soc_cp_drop:0 cc_soc_drop:0 hold_time:26188 total_time:1833410 (cc_soc:1753->2725)
11-18 18:44:20.974 D/PowerUI ( 5638): can't show warning due to - plugged: true status unknown: false
11-18 18:44:21.084 I/qcom_rpmh DRV(    0): apps_rsc TCS Busy, retrying RPMH message send: addr=0x30010
--------- beginning of main
11-18 18:44:21.103 W/le.wallpaper.bt( 5782): sched_getscheduler(6417): No such process
11-18 18:44:21.103 W/le.wallpaper.bt( 5782): sched_getparam(6417, &sp): No such process
11-18 18:44:21.103 W/le.wallpaper.bt( 5782): sched_getscheduler(15226): No such process
11-18 18:44:21.103 W/le.wallpaper.bt( 5782): sched_getparam(15226, &sp): No such process
11-18 18:44:21.119 I/tombstoned(  768): received crash request for pid 5782
11-18 18:44:21.119 I/tombstoned(  768): found intercept fd 512 for pid 5782 and type kDebuggerdJavaBacktrace
11-18 18:44:21.119 I/le.wallpaper.bt( 5782): Wrote stack traces to tombstoned
11-18 18:44:21.119 W/tombstoned(  768): skipping tombstone file creation due to intercept
11-18 18:44:21.119 I/dumpstate(16676): libdebuggerd_client: done dumping process 5782
11-18 18:44:21.120 I/dumpstate(16676): libdebuggerd_client: started dumping process 5800
11-18 18:44:21.120 I/tombstoned(  768): registered intercept for pid 5800 and type kDebuggerdJavaBacktrace
11-18 18:44:21.120 I/rkstack.process( 5800): Thread[6,tid=5832,WaitingInMainSignalCatcherLoop,Thread*=0xb400007d00d07b20,peer=0x12d401d0,"Signal Catcher"]: reacting to signal 3
11-18 18:44:21.121 I/rkstack.process( 5800): 
11-18 18:44:21.164 I/tombstoned(  768): received crash request for pid 5800
11-18 18:44:21.164 I/tombstoned(  768): found intercept fd 512 for pid 5800 and type kDebuggerdJavaBacktrace
11-18 18:44:21.164 I/dumpstate(16676): libdebuggerd_client: done dumping process 5800
11-18 18:44:21.165 I/rkstack.process( 5800): Wrote stack traces to tombstoned
11-18 18:44:21.165 I/dumpstate(16676): libdebuggerd_client: started dumping process 5865
11-18 18:44:21.165 W/tombstoned(  768): skipping tombstone file creation due to intercept
11-18 18:44:21.165 I/tombstoned(  768): registered intercept for pid 5865 and type kDebuggerdJavaBacktrace
11-18 18:44:21.190 I/Monkey  (16995): :Sending Trackball (ACTION_MOVE): 0:(-1.0,3.0)
11-18 18:44:21.191 I/QTI PowerHAL( 1116): Power setBoost: 0, duration: 0
11-18 18:44:21.193 I/QTI PowerHAL( 1116): Power setBoost: 0, duration: 0
11-18 18:44:21.194 I/Monkey  (16995): :Sending Trackball (ACTION_MOVE): 0:(-2.0,1.0)
11-18 18:44:21.198 I/Monkey  (16995): :Sending Trackball (ACTION_MOVE): 0:(3.0,4.0)
11-18 18:44:21.199 I/Monkey  (16995): :Sending Trackball (ACTION_MOVE): 0:(-4.0,1.0)
