11-18 18:44:25.971 I/NearbySharing( 6392): Stopping advertising because Nearby Sharing is disabled. [CONTEXT service_id=194 ]
11-18 18:44:25.971 V/NearbyService( 1923): Initiating BluetoothAdapter when Bluetooth is turned on.
11-18 18:44:25.975 I/android_os_HwBinder( 7362): HwBinder: Starting thread pool for getting: vendor.semc.system.idd@1.0::IIdd/default
11-18 18:44:25.978 I/adbd    (16578): jdwp connection from 17313
11-18 18:44:25.979 D/CompatibilityInfo( 1923): mCompatibilityFlags - 0
11-18 18:44:25.979 D/CompatibilityInfo( 1923): applicationDensity - 420
11-18 18:44:25.979 D/CompatibilityInfo( 1923): applicationScale - 1.0
11-18 18:44:25.982 I/binder  (    0): 17313:17313 ioctl 40046210 7fe3b567b0 returned -22
11-18 18:44:25.988 D/BluetoothA2dp( 5638): Binding service...
11-18 18:44:25.989 D/CompatibilityInfo( 1923): mCompatibilityFlags - 0
11-18 18:44:25.989 D/CompatibilityInfo( 1923): applicationDensity - 420
11-18 18:44:25.989 D/CompatibilityInfo( 1923): applicationScale - 1.0
11-18 18:44:25.991 D/CompatibilityInfo( 1923): mCompatibilityFlags - 0
11-18 18:44:25.991 D/CompatibilityInfo( 1923): applicationDensity - 420
11-18 18:44:25.991 D/CompatibilityInfo( 1923): applicationScale - 1.0
11-18 18:44:25.995 D/BluetoothActiveDeviceManager(17089): onReceive(): action: android.bluetooth.adapter.action.STATE_CHANGED
11-18 18:44:25.995 D/BluetoothActiveDeviceManager(17089): handleMessage(MESSAGE_ADAPTER_ACTION_STATE_CHANGED): newState=12
11-18 18:44:25.996 D/AvrcpBipRsp(17089): action: android.bluetooth.adapter.action.STATE_CHANGED
11-18 18:44:25.996 D/AvrcpBipRsp(17089): state:12
11-18 18:44:25.997 D/BtOppService(17089): action : android.bluetooth.adapter.action.STATE_CHANGED
11-18 18:44:25.997 D/BluetoothA2dp( 5638): Proxy object connected
11-18 18:44:25.998 D/LocalBluetoothProfileManager( 5638): Adding local HEADSET profile
11-18 18:44:26.000 D/CompatibilityChangeReporter(17313): Compat change id reported: 171979766; UID 1000; state: ENABLED
11-18 18:44:26.002 I/vendor.qti.bluetooth@1.0-ibs_handler( 1093): ProcessIbsCmd: Received IBS_SLEEP_IND: 0xFE
11-18 18:44:26.002 D/BluetoothHeadset( 5638): Binding service...
11-18 18:44:26.004 W/BluetoothManagerService( 1923): psc is not null in bindBluetoothProfileService
11-18 18:44:26.006 W/ActivityManager( 1923): Unable to start service Intent { cmp=com.google.android.gms/.fido.fido2.pollux.CableAuthenticatorService } U=0: not found
11-18 18:44:26.007 D/LocalBluetoothProfileManager( 5638): Adding local MAP profile
11-18 18:44:26.007 D/BluetoothMap( 5638): Create BluetoothMap proxy object
11-18 18:44:26.009 D/CompatibilityInfo( 1923): mCompatibilityFlags - 0
11-18 18:44:26.009 D/CompatibilityInfo( 1923): applicationDensity - 420
11-18 18:44:26.009 D/CompatibilityInfo( 1923): applicationScale - 1.0
11-18 18:44:26.010 D/BluetoothMap( 5638): Binding service...
11-18 18:44:26.012 I/BluetoothPhonePolicy(17089): delay auto connect by 500 ms
11-18 18:44:26.012 D/BluetoothAdapterService(17089): isQuetModeEnabled() - Enabled = false
11-18 18:44:26.012 D/AvrcpBipRsp(17089): Handler(): got msg=1
11-18 18:44:26.012 D/AvrcpBipRsp(17089): startL2capListener
11-18 18:44:26.012 D/AvrcpBipRsp(17089): closeServerSocket
11-18 18:44:26.012 D/BluetoothAdapter( 6392): isLeEnabled(): ON
11-18 18:44:26.012 D/ObexServerSockets(17089): create(rfcomm = -1, l2capPsm = 4129)
11-18 18:44:26.015 I/NearbyDiscovery( 6392): FastPair: onAdapterStateChange: state=12 [CONTEXT service_id=49 ]
11-18 18:44:26.018 D/LocalBluetoothProfileManager( 5638): Adding local OPP profile
11-18 18:44:26.018 D/LocalBluetoothProfileManager( 5638): Adding local HID_HOST profile
11-18 18:44:26.022 W/bt_l2cap(17089): L2CAP - L2CA_Register() called for PSM: 0x1021
11-18 18:44:26.023 D/ObexServerSockets(17089): Succeed to create listening sockets 
11-18 18:44:26.023 D/ObexServerSockets2(17089): startAccept()
11-18 18:44:26.023 D/BluetoothHidHost( 5638): Binding service...
11-18 18:44:26.024 I/BtOppService(17089):  handleMessage :1
11-18 18:44:26.024 D/BtGatt.GattService(17089): registerScanner() - UUID=afbec605-51e0-40df-901c-734153de76be
11-18 18:44:26.026 I/ProximityAuth( 6392): [NearbyConnectionsIntentOperation] handleStopAction - stopping Nearby Phone Hub advertising
11-18 18:44:26.026 D/ObexServerSockets2(17089): Accepting socket connection...
11-18 18:44:26.027 I/bt_stack(17089): [INFO:gatt_api.cc(1266)] GATT_Register e03c7f0b-6a29-611e-8b3d-4fc28dc873da
11-18 18:44:26.027 I/bt_stack(17089): [INFO:gatt_api.cc(1287)] allocated gatt_if=6
11-18 18:44:26.028 D/BtGatt.GattService(17089): onScannerRegistered() - UUID=afbec605-51e0-40df-901c-734153de76be, scannerId=6, status=0
11-18 18:44:26.029 D/BluetoothLeScanner( 6392): onScannerRegistered() - status=0 scannerId=6 mScannerId=0
11-18 18:44:26.030 D/LocalBluetoothProfileManager( 5638): Adding local HID_DEVICE profile
11-18 18:44:26.031 D/BtOppService(17089): start Socket Listeners
11-18 18:44:26.031 D/BtOppService(17089): stopListeners: mServerSocket is null
11-18 18:44:26.031 D/ObexServerSockets(17089): create(rfcomm = 12, l2capPsm = 4131)
11-18 18:44:26.031 D/BluetoothHidDevice( 5638): Binding service...
11-18 18:44:26.032 D/BtGatt.GattService(17089): start scan with filters. callingPackage: com.google.android.gms
11-18 18:44:26.034 D/BtGatt.GattService(17089): enforcePrivilegedPermissionIfNeeded([BluetoothLeScanFilter [mDeviceName=null, mDeviceAddress=null, mUuid=0000fe2c-0000-1000-8000-00805f9b34fb, mUuidMask=null, mServiceSolicitationUuid=null, mServiceSolicitationUuidMask=null, mServiceDataUuid=null, mServiceData=null, mServiceDataMask=null, mManufacturerId=-1, mManufacturerData=null, mManufacturerDataMask=null, mAdvertisingDataType=-1, mAdvertisingData=null, mAdvertisingDataMask=null, mOrganizationId=-1, mTDSFlags=-1, mTDSFlagsMask=-1, mWifiNANHash=null], mGroupBasedFiltering=false])
11-18 18:44:26.034 D/LocalBluetoothProfileManager( 5638): Adding local PAN profile
11-18 18:44:26.037 E/AppOps  ( 1923): Bad call made by uid 1002. Package "com.google.android.gms" does not belong to uid 1002.
11-18 18:44:26.038 I/bt_stack(17089): [INFO:port_api.cc(123)] RFCOMM_CreateConnection BDA: ff:ff:ff:ff:ff:ff
11-18 18:44:26.039 D/BluetoothAdapter(17089): listenUsingInsecureL2capOn: port=4131
11-18 18:44:26.039 D/nativeloader(17313): Configuring classloader-namespace-shared for other apk /system_ext/app/WirelessPlaybackQuality_sharedUserId/WirelessPlaybackQuality_sharedUserId.apk. target_sdk_version=33, uses_libraries=, library_path=/system_ext/app/WirelessPlaybackQuality_sharedUserId/lib/arm64:/system_ext/app/WirelessPlaybackQuality_sharedUserId/WirelessPlaybackQuality_sharedUserId.apk!/lib/arm64-v8a:/system/lib64:/system_ext/lib64, permitted_path=/data:/mnt/expand:/data/user_de/0/com.sonyericsson.wirelessplaybackquality:/system_ext/app/WirelessPlaybackQuality_sharedUserId:/system/lib64:/system_ext/lib64
11-18 18:44:26.041 D/BluetoothHeadset( 1923): Proxy object connected
11-18 18:44:26.043 I/AS.BtHelper( 1923): In onServiceConnected(), profile: 1, proxy: android.bluetooth.BluetoothHeadset@5df2651
11-18 18:44:26.044 D/CompatibilityInfo( 1923): mCompatibilityFlags - 0
11-18 18:44:26.044 D/CompatibilityInfo( 1923): applicationDensity - 420
11-18 18:44:26.044 D/CompatibilityInfo( 1923): applicationScale - 1.0
11-18 18:44:26.044 D/BluetoothAdapter( 1923): getActiveDevices(profile= HEADSET)
11-18 18:44:26.045 D/BluetoothHeadset( 6187): Proxy object connected
11-18 18:44:26.047 D/BluetoothPan( 5638): Binding service...
11-18 18:44:26.048 W/UnsafeUtil(17089): platform method missing - proto runtime falling back to safer methods: java.lang.NoSuchMethodException: sun.misc.Unsafe.copyMemory [class java.lang.Object, long, class java.lang.Object, long, long]
11-18 18:44:26.050 I/BluetoothAdapterService(17089): getActiveDevices: Headset device: null
11-18 18:44:26.051 D/BluetoothPan( 5638): Proxy object connected
11-18 18:44:26.052 D/BluetoothHeadset( 1923): Proxy object connected
11-18 18:44:26.053 I/AS.BtHelper( 1923): setBtScoActiveDevice: (null) -> (null)
11-18 18:44:26.053 I/Telecom ( 1923): BluetoothDeviceManager: Got BluetoothHeadset: android.bluetooth.BluetoothHeadset@80bebf9: BMSL.oSC@AgI
11-18 18:44:26.053 W/bt_l2cap(17089): L2CAP - L2CA_Register() called for PSM: 0x1023
11-18 18:44:26.054 D/ObexServerSockets(17089): Succeed to create listening sockets 
11-18 18:44:26.054 D/BoundBrokerSvc( 6392): onBind: Intent { act=com.google.android.gms.auth.proximity.devicesyncservice.START dat=chimera-action: cmp=com.google.android.gms/.chimera.PersistentBoundBrokerService }
11-18 18:44:26.054 D/ObexServerSockets3(17089): startAccept()
11-18 18:44:26.054 D/BoundBrokerSvc( 6392): Loading bound service for intent: Intent { act=com.google.android.gms.auth.proximity.devicesyncservice.START dat=chimera-action: cmp=com.google.android.gms/.chimera.PersistentBoundBrokerService }
11-18 18:44:26.054 D/BluetoothSdpJni(17089): sdpCreateOppOpsRecordNative
11-18 18:44:26.054 D/ObexServerSockets3(17089): Accepting socket connection...
11-18 18:44:26.055 D/BluetoothSdpJni(17089): SDP Create record success - handle: 2
11-18 18:44:26.055 W/bt_device_profile(17089): profile_feature_fetch:profile 5
11-18 18:44:26.055 D/BtOppService(17089): mOppSdpHandle :2
11-18 18:44:26.055 W/bt_device_profile(17089): profile_feature_fetch:opp_0100_support found 0
11-18 18:44:26.055 I/BtGatt.ScanManager(17089): msg.what = 0
11-18 18:44:26.055 D/BtGatt.ScanManager(17089): handling starting scan
11-18 18:44:26.056 I/NearbySharing( 6392): Started scanning for FastInitiation with mode: SCAN_MODE_OPPORTUNISTIC [CONTEXT service_id=194 ]
11-18 18:44:26.057 I/vendor.qti.bluetooth@1.0-ibs_handler( 1093): ProcessIbsCmd: Received IBS_WAKE_IND: 0xFD
11-18 18:44:26.057 I/vendor.qti.bluetooth@1.0-ibs_handler( 1093): ProcessIbsCmd: Writing IBS_WAKE_ACK
11-18 18:44:26.057 D/BtGatt.ScanManager(17089): isAptXLowLatencyModeEnabled: false
11-18 18:44:26.057 D/ObexServerSockets3(17089): Accepting socket connection...
11-18 18:44:26.059 I/AS.BtHelper( 1923): In checkScoAudioState(), mScoAudioState: 0
11-18 18:44:26.059 D/BluetoothMap( 5638): Proxy object connected
11-18 18:44:26.060 D/BluetoothMap( 5638): getConnectedDevices()
11-18 18:44:26.060 D/BoundBrokerSvc( 6392): onBind: Intent { act=com.google.android.gms.nearby.connection.service.START pkg=com.google.android.gms }
11-18 18:44:26.060 D/BoundBrokerSvc( 6392): Loading bound service for intent: Intent { act=com.google.android.gms.nearby.connection.service.START pkg=com.google.android.gms }
11-18 18:44:26.061 D/LocalBluetoothProfileManager( 5638): Adding local PBAP profile
11-18 18:44:26.062 W/EasyUnlock( 6392): [HostValidator] Invalid account list. [CONTEXT service_id=234 ]
11-18 18:44:26.064 D/BluetoothPbap( 5638): Binding service...
11-18 18:44:26.067 D/BluetoothHidHost( 5638): Proxy object connected
11-18 18:44:26.068 D/BluetoothHidHostService(17089): getDevicesMatchingConnectionStates()
11-18 18:44:26.069 I/Perf    (17313): Connecting to perf service.
11-18 18:44:26.070 D/BluetoothHidDevice( 5638): Proxy object connected
11-18 18:44:26.076 D/BluetoothPbap( 5638): Proxy object connected
11-18 18:44:26.078 V/GraphicsEnvironment(17313): ANGLE Developer option for 'com.sonyericsson.wirelessplaybackquality' set to: 'default'
11-18 18:44:26.078 V/GraphicsEnvironment(17313): ANGLE GameManagerService for com.sonyericsson.wirelessplaybackquality: false
11-18 18:44:26.081 I/NearbySharing( 6392): Fast Initiation Scanning has started [CONTEXT service_id=194 ]
11-18 18:44:26.081 I/NearbySharing( 6392): Dismissing HUN as there's no device nearby. [CONTEXT service_id=194 ]
11-18 18:44:26.081 I/NearbySharing( 6392): Cancelling in use notification [CONTEXT service_id=194 ]
11-18 18:44:26.083 D/NetworkSecurityConfig(17313): No Network Security Config specified, using platform default
11-18 18:44:26.083 D/NetworkSecurityConfig(17313): No Network Security Config specified, using platform default
11-18 18:44:26.088 D/CompatibilityChangeReporter( 1923): Compat change id reported: 161145287; UID 1000; state: DISABLED
11-18 18:44:26.095 D/CompatibilityChangeReporter( 1923): Compat change id reported: 168419799; UID 1000; state: DISABLED
11-18 18:44:26.095 D/CompatibilityInfo( 1923): mCompatibilityFlags - 0
11-18 18:44:26.095 D/CompatibilityInfo( 1923): applicationDensity - 420
11-18 18:44:26.095 D/CompatibilityInfo( 1923): applicationScale - 1.0
11-18 18:44:26.095 I/NearbyConnections( 6392): Client 7833471 with package name 0p:com.google.android.gms.auth_proximity.secure_channel and sdk version 223316000 has connected. [CONTEXT service_id=54 ]
11-18 18:44:26.099 W/ContextImpl(17313): Calling a method in the system process without a qualified user: android.app.ContextImpl.bindService:1950 android.content.ContextWrapper.bindService:853 com.sonyericsson.wirelessplaybackquality.WirelessPlaybackQualityApplication.bind:149 com.sonyericsson.wirelessplaybackquality.WirelessPlaybackQualityApplication.-$$Nest$mbind:0 com.sonyericsson.wirelessplaybackquality.WirelessPlaybackQualityApplication$WirelessPlaybackQualityApplicationHandler.handleMessage:57 
11-18 18:44:26.104 D/BluetoothHeadset( 5638): Proxy object connected
11-18 18:44:26.106 D/CompatibilityInfo( 1923): mCompatibilityFlags - 0
11-18 18:44:26.106 D/CompatibilityInfo( 1923): applicationDensity - 420
11-18 18:44:26.106 D/CompatibilityInfo( 1923): applicationScale - 1.0
11-18 18:44:26.108 I/NearbyDiscovery( 6392): Show notifications: 0 total, no changes since last shown, no-op. [CONTEXT service_id=49 ]
11-18 18:44:26.109 W/HeadsetService(17089): LE Audio not enabled
11-18 18:44:26.111 I/NearbyShared( 6392): FastPairSlice: enableBindServiceForDiscoveryItem called, isBind = false
11-18 18:44:26.120 D/CompatibilityChangeReporter( 1923): Compat change id reported: 168419799; UID 10170; state: DISABLED
11-18 18:44:26.120 D/CompatibilityInfo( 1923): mCompatibilityFlags - 0
11-18 18:44:26.120 D/CompatibilityInfo( 1923): applicationDensity - 420
11-18 18:44:26.120 D/CompatibilityInfo( 1923): applicationScale - 1.0
11-18 18:44:26.122 D/CompatibilityInfo( 1923): mCompatibilityFlags - 0
11-18 18:44:26.122 D/CompatibilityInfo( 1923): applicationDensity - 420
11-18 18:44:26.122 D/CompatibilityInfo( 1923): applicationScale - 1.0
11-18 18:44:26.123 I/CAR.StubWirelessUuid(17201): Received intent Intent { act=android.bluetooth.adapter.action.STATE_CHANGED flg=0x5000010 cmp=com.google.android.projection.gearhead/com.google.android.apps.auto.carservice.gmscorecompatstub.StubWirelessUuidRegistrationReceiver (has extras) }
11-18 18:44:26.123 I/CAR.StubWirelessUuid(17201): Registering AAW UUID
11-18 18:44:26.124 W/ActivityManager( 1923): Unable to start service Intent { cmp=com.google.android.gms/.fido.fido2.pollux.CableAuthenticatorService } U=0: not found
11-18 18:44:26.126 D/CompatibilityChangeReporter(17201): Compat change id reported: 160794467; UID 10170; state: ENABLED
11-18 18:44:26.132 I/NearbyDiscovery( 6392): FastPair: onAdapterStateChange: state=12 [CONTEXT service_id=49 ]
11-18 18:44:26.135 W/EasyUnlock( 6392): [HostValidator] Invalid account list. [CONTEXT service_id=234 ]
11-18 18:44:26.136 I/ProximityAuth( 6392): [NearbyConnectionsIntentOperation] handleStopAction - stopping Nearby Phone Hub advertising
11-18 18:44:26.138 I/vendor.qti.bluetooth@1.0-ibs_handler( 1093): ProcessIbsCmd: Received IBS_SLEEP_IND: 0xFE
11-18 18:44:26.155 I/NearbyDiscovery(16802): FastPairSlice: Created under nearby module. [CONTEXT service_id=49 ]
11-18 18:44:26.156 E/AbstractGmsTracer(16802): Traced class shouldn't be obfuscated: gqw [CONTEXT service_id=259 ]
11-18 18:44:26.192 I/FastPair(16802): ServiceBindHelper.onSlicePinned, pin slice, uri = content://com.google.android.gms.nearby.fastpair/method_bind_service_for_discovery_item?is_bind=false
11-18 18:44:26.222 I/Nearby  ( 6392): [MBleClient] Start ble scanning from NearbyDirect:BluetoothAdapterWrapper, context tag = nearby_messages [CONTEXT service_id=49 ]
11-18 18:44:26.223 I/Nearby  ( 6392): [MBleClient] M hardware scan: 1 clients, scanMode= LOW_LATENCY, callback type= ALL_MATCHES [CONTEXT service_id=49 ]
11-18 18:44:26.223 D/BluetoothAdapter( 6392): isLeEnabled(): ON
11-18 18:44:26.236 I/qcom_rpmh DRV(    0): apps_rsc TCS Busy, retrying RPMH message send: addr=0x30010
11-18 18:44:26.293 I/Monkey  (16995): :Sending Touch (ACTION_DOWN): 0:(567.0,2159.0)
11-18 18:44:26.294 I/QTI PowerHAL( 1116): Power setBoost: 0, duration: 0
11-18 18:44:26.295 I/Monkey  (16995): :Sending Touch (ACTION_UP): 0:(566.52936,2160.7983)
11-18 18:44:26.296 I/Monkey  (16995): Sleeping for 1000 milliseconds
11-18 18:44:26.298 I/QTI PowerHAL( 1116): Power setBoost: 0, duration: 0
11-18 18:44:26.353 E/dumpstate(16676): libdebuggerd_client: failed to read status response from tombstoned: Try again
11-18 18:44:26.353 I/tombstoned(  768): intercept for pid 5865 and type kDebuggerdJavaBacktrace terminated: due to input
11-18 18:44:26.354 I/dumpstate(16676): libdebuggerd_client: started dumping process 5895
11-18 18:44:26.354 I/tombstoned(  768): registered intercept for pid 5895 and type kDebuggerdJavaBacktrace
11-18 18:44:26.354 I/riasystemserver( 5895): Thread[5,tid=5901,WaitingInMainSignalCatcherLoop,Thread*=0xb400007d00d19140,peer=0x12cc01d0,"Signal Catcher"]: reacting to signal 3
11-18 18:44:26.355 I/riasystemserver( 5895): 
11-18 18:44:26.398 I/tombstoned(  768): received crash request for pid 5895
11-18 18:44:26.398 I/tombstoned(  768): found intercept fd 512 for pid 5895 and type kDebuggerdJavaBacktrace
11-18 18:44:26.398 I/riasystemserver( 5895): Wrote stack traces to tombstoned
11-18 18:44:26.398 W/tombstoned(  768): skipping tombstone file creation due to intercept
11-18 18:44:26.398 I/dumpstate(16676): libdebuggerd_client: done dumping process 5895
11-18 18:44:26.399 I/dumpstate(16676): libdebuggerd_client: started dumping process 5914
11-18 18:44:26.399 I/tombstoned(  768): registered intercept for pid 5914 and type kDebuggerdJavaBacktrace
11-18 18:44:26.399 I/lligent.iengine( 5914): Thread[2,tid=5919,WaitingInMainSignalCatcherLoop,Thread*=0xb400007d00d0ce90,peer=0x12d001d0,"Signal Catcher"]: reacting to signal 3
11-18 18:44:26.399 I/lligent.iengine( 5914): 
11-18 18:44:26.436 I/tombstoned(  768): received crash request for pid 5914
11-18 18:44:26.436 I/tombstoned(  768): found intercept fd 512 for pid 5914 and type kDebuggerdJavaBacktrace
11-18 18:44:26.436 I/dumpstate(16676): libdebuggerd_client: done dumping process 5914
11-18 18:44:26.436 I/lligent.iengine( 5914): Wrote stack traces to tombstoned
11-18 18:44:26.436 W/tombstoned(  768): skipping tombstone file creation due to intercept
11-18 18:44:26.437 I/qcom_rpmh DRV(    0): apps_rsc TCS Busy, retrying RPMH message send: addr=0x30010
11-18 18:44:26.437 I/dumpstate(16676): libdebuggerd_client: started dumping process 5929
11-18 18:44:26.438 I/tombstoned(  768): registered intercept for pid 5929 and type kDebuggerdJavaBacktrace
11-18 18:44:26.438 I/.dataservices( 5929): Thread[6,tid=5942,WaitingInMainSignalCatcherLoop,Thread*=0xb400007d00d07b20,peer=0x12d001d0,"Signal Catcher"]: reacting to signal 3
11-18 18:44:26.438 I/.dataservices( 5929): 
11-18 18:44:26.483 I/tombstoned(  768): received crash request for pid 5929
11-18 18:44:26.483 I/tombstoned(  768): found intercept fd 512 for pid 5929 and type kDebuggerdJavaBacktrace
11-18 18:44:26.483 I/dumpstate(16676): libdebuggerd_client: done dumping process 5929
11-18 18:44:26.483 W/tombstoned(  768): skipping tombstone file creation due to intercept
11-18 18:44:26.483 I/.dataservices( 5929): Wrote stack traces to tombstoned
11-18 18:44:26.484 I/dumpstate(16676): libdebuggerd_client: started dumping process 5935
11-18 18:44:26.485 I/tombstoned(  768): registered intercept for pid 5935 and type kDebuggerdJavaBacktrace
11-18 18:44:26.485 I/qtidataservices( 5935): Thread[5,tid=5961,WaitingInMainSignalCatcherLoop,Thread*=0xb400007d00d19140,peer=0x12c801d0,"Signal Catcher"]: reacting to signal 3
11-18 18:44:26.485 I/qtidataservices( 5935): 
11-18 18:44:26.513 I/BluetoothPhonePolicy(17089): MESSAGE_AUTO_CONNECT_PROFILES
11-18 18:44:26.514 D/BluetoothAdapterService(17089): isQuetModeEnabled() - Enabled = false
11-18 18:44:26.514 I/BluetoothPhonePolicy(17089): autoConnect: Initiate auto connection on BT on...
11-18 18:44:26.514 D/BluetoothDatabase(17089): getMostRecentlyConnectedA2dpDevice: Invalid address for device LocalStorage
11-18 18:44:26.514 D/BluetoothDatabase(17089): getMostRecentlyConnectedHfpDevice: Invalid address for device LocalStorage
11-18 18:44:26.514 D/BluetoothDatabase(17089): getMostRecentlyConnectedA2dpSrcDevice: Invalid address for device LocalStorage
11-18 18:44:26.514 I/BluetoothPhonePolicy(17089): autoConnect: mostRecentlyActiveA2dpDevice: null
11-18 18:44:26.514 I/BluetoothPhonePolicy(17089): autoConnect: mostRecentlyActiveHfpDevice: null
11-18 18:44:26.514 I/BluetoothPhonePolicy(17089): autoConnect: mostRecentlyConnectedA2dpSrcDevice: null
11-18 18:44:26.514 I/BluetoothPhonePolicy(17089): autoConnect: isAospLeAudioEnabled: false
11-18 18:44:26.514 E/BluetoothPhonePolicy(17089): autoConnect: most recently active a2dp and hfp devices are null
11-18 18:44:26.572 I/tombstoned(  768): received crash request for pid 5935
11-18 18:44:26.572 I/tombstoned(  768): found intercept fd 512 for pid 5935 and type kDebuggerdJavaBacktrace
11-18 18:44:26.572 I/dumpstate(16676): libdebuggerd_client: done dumping process 5935
11-18 18:44:26.573 W/tombstoned(  768): skipping tombstone file creation due to intercept
11-18 18:44:26.573 I/qtidataservices( 5935): Wrote stack traces to tombstoned
11-18 18:44:26.573 I/dumpstate(16676): libdebuggerd_client: started dumping process 5952
11-18 18:44:26.574 I/tombstoned(  768): registered intercept for pid 5952 and type kDebuggerdJavaBacktrace
11-18 18:44:26.574 I/com.qti.phone( 5952): Thread[6,tid=5966,WaitingInMainSignalCatcherLoop,Thread*=0xb400007d00d07b20,peer=0x12cc01d0,"Signal Catcher"]: reacting to signal 3
11-18 18:44:26.574 I/com.qti.phone( 5952): 
11-18 18:44:26.640 I/tombstoned(  768): received crash request for pid 5952
11-18 18:44:26.640 I/tombstoned(  768): found intercept fd 512 for pid 5952 and type kDebuggerdJavaBacktrace
11-18 18:44:26.641 W/tombstoned(  768): skipping tombstone file creation due to intercept
11-18 18:44:26.641 I/com.qti.phone( 5952): Wrote stack traces to tombstoned
11-18 18:44:26.641 I/dumpstate(16676): libdebuggerd_client: done dumping process 5952
11-18 18:44:26.642 I/dumpstate(16676): libdebuggerd_client: started dumping process 5955
11-18 18:44:26.642 I/tombstoned(  768): registered intercept for pid 5955 and type kDebuggerdJavaBacktrace
11-18 18:44:26.642 D/audio_hw_primary( 1089): out_set_parameters: enter: usecase(1: low-latency-playback) kvpairs: suspend_playback=false
11-18 18:44:26.642 D/audio_hw_extn( 1089): audio_extn_fm_set_parameters: Enter
11-18 18:44:26.642 D/audio_hw_primary( 1089): out_standby: enter: stream (0xf13864c0) usecase(1: low-latency-playback)
11-18 18:44:26.642 I/[aw882xx_smartpa]aw882xx_mute(    0): mute state=1
11-18 18:44:26.643 I/mm.qtil.aptxacu( 5955): Thread[5,tid=5995,WaitingInMainSignalCatcherLoop,Thread*=0xb400007d00d19140,peer=0x12c801d0,"Signal Catcher"]: reacting to signal 3
11-18 18:44:26.642 I/[aw882xx_smartpa]aw882xx_smartpa_cfg(    0): flag = 0, power status = 2
11-18 18:44:26.643 I/mm.qtil.aptxacu( 5955): 
11-18 18:44:26.642 I/[aw882xx_smartpa]aw882xx_monitor_stop(    0): enter
11-18 18:44:26.646 I/[aw882xx_smartpa]aw882xx_stop(    0): get_sysint=0x0000
11-18 18:44:26.667 I/afe_close(    0): port_id = 0x1000
11-18 18:44:26.670 D/audio_hw_primary( 1089): disable_audio_route: reset and update mixer path: low-latency-playback
11-18 18:44:26.670 I/tombstoned(  768): received crash request for pid 5955
11-18 18:44:26.670 I/tombstoned(  768): found intercept fd 512 for pid 5955 and type kDebuggerdJavaBacktrace
11-18 18:44:26.671 I/mm.qtil.aptxacu( 5955): Wrote stack traces to tombstoned
11-18 18:44:26.671 W/tombstoned(  768): skipping tombstone file creation due to intercept
11-18 18:44:26.671 E/soundtrigger( 1089): audio_extn_sound_trigger_update_stream_status: invalid input device 0x0, for event 2
11-18 18:44:26.671 D/soundtrigger( 1089): audio_extn_sound_trigger_update_stream_status: uc_info->id 1 of type 0 for Event 2, with Raise=0
11-18 18:44:26.671 D/msm8974_platform( 1089): platform_split_snd_device: snd_device(2) num devices(0) new_snd_devices(0)
11-18 18:44:26.671 I/msm8974_platform( 1089): platform_get_custom_mtmx_params: no matching param with id 0 ip_ch 2 op_ch 2 uc_id 1 snd_dev 2
11-18 18:44:26.671 D/hardware_info( 1089): hw_info_append_hw_type : device_name = speaker
11-18 18:44:26.671 D/audio_hw_primary( 1089): disable_snd_device: snd_device(2: speaker)
11-18 18:44:26.671 D/msm8974_platform( 1089): platform_split_snd_device: snd_device(2) num devices(0) new_snd_devices(0)
11-18 18:44:26.671 E/audio_hw_awinic_feedback( 1089): is_supported_feedback_on_device [Awinic] 2
11-18 18:44:26.671 V/audio_hw_awinic_feedback( 1089): audio_extn_aw882xx_stop_feedback:[Awinic] Entry
11-18 18:44:26.671 I/dumpstate(16676): libdebuggerd_client: done dumping process 5955
11-18 18:44:26.671 I/dumpstate(16676): libdebuggerd_client: started dumping process 5972
11-18 18:44:26.672 I/tombstoned(  768): registered intercept for pid 5972 and type kDebuggerdJavaBacktrace
11-18 18:44:26.672 I/mm.qtil.aptxals( 5972): Thread[2,tid=6001,WaitingInMainSignalCatcherLoop,Thread*=0xb400007d00d0ce90,peer=0x12cc01d0,"Signal Catcher"]: reacting to signal 3
11-18 18:44:26.672 I/mm.qtil.aptxals( 5972): 
11-18 18:44:26.671 I/[aw882xx_smartpa]aw882xx_mute(    0): mute state=1
11-18 18:44:26.672 I/afe_close(    0): port_id = 0x1001
11-18 18:44:26.675 D/hardware_info( 1089): hw_info_append_hw_type : device_name = vi-feedback-aw882xx
11-18 18:44:26.676 D/audio_hw_primary( 1089): disable_snd_device: snd_device(238: vi-feedback-aw882xx)
11-18 18:44:26.676 D/msm8974_platform( 1089): platform_split_snd_device: snd_device(238) num devices(0) new_snd_devices(0)
11-18 18:44:26.676 E/audio_hw_awinic_feedback( 1089): is_supported_feedback_on_device [Awinic] 238
11-18 18:44:26.676 I/soundtrigger( 1089): audio_extn_sound_trigger_update_device_status: device 0xee of type 1 for Event 0, with Raise=0
11-18 18:44:26.676 D/audio_hw_primary( 1089): disable_audio_route: reset and update mixer path: spkr-vi-record
11-18 18:44:26.676 D/soundtrigger( 1089): audio_extn_sound_trigger_update_stream_status: uc_info->id 53 of type 1 for Event 2, with Raise=0
11-18 18:44:26.676 V/audio_hw_awinic_feedback( 1089): audio_extn_aw882xx_stop_feedback:[Awinic] Exit
11-18 18:44:26.676 I/soundtrigger( 1089): audio_extn_sound_trigger_update_device_status: device 0x2 of type 0 for Event 0, with Raise=0
11-18 18:44:26.676 D/audio_hw_primary( 1089): out_standby: exit
11-18 18:44:26.701 I/tombstoned(  768): received crash request for pid 5972
11-18 18:44:26.701 I/tombstoned(  768): found intercept fd 512 for pid 5972 and type kDebuggerdJavaBacktrace
11-18 18:44:26.702 I/dumpstate(16676): libdebuggerd_client: done dumping process 5972
11-18 18:44:26.702 I/mm.qtil.aptxals( 5972): Wrote stack traces to tombstoned
11-18 18:44:26.702 W/tombstoned(  768): skipping tombstone file creation due to intercept
11-18 18:44:26.702 I/dumpstate(16676): libdebuggerd_client: started dumping process 5996
11-18 18:44:26.703 I/tombstoned(  768): registered intercept for pid 5996 and type kDebuggerdJavaBacktrace
11-18 18:44:26.703 I/esdk.sysservice( 5996): Thread[5,tid=6036,WaitingInMainSignalCatcherLoop,Thread*=0xb400007d00d19140,peer=0x12c801d0,"Signal Catcher"]: reacting to signal 3
11-18 18:44:26.703 I/esdk.sysservice( 5996): 
11-18 18:44:26.740 I/tombstoned(  768): received crash request for pid 5996
11-18 18:44:26.740 I/tombstoned(  768): found intercept fd 512 for pid 5996 and type kDebuggerdJavaBacktrace
11-18 18:44:26.740 I/dumpstate(16676): libdebuggerd_client: done dumping process 5996
11-18 18:44:26.740 I/esdk.sysservice( 5996): Wrote stack traces to tombstoned
11-18 18:44:26.741 W/tombstoned(  768): skipping tombstone file creation due to intercept
11-18 18:44:26.741 I/dumpstate(16676): libdebuggerd_client: started dumping process 6027
11-18 18:44:26.742 I/tombstoned(  768): registered intercept for pid 6027 and type kDebuggerdJavaBacktrace
11-18 18:44:26.742 I/.codeaurora.ims( 6027): Thread[5,tid=6049,WaitingInMainSignalCatcherLoop,Thread*=0xb400007d00d19140,peer=0x12d001d0,"Signal Catcher"]: reacting to signal 3
11-18 18:44:26.742 I/.codeaurora.ims( 6027): 
11-18 18:44:26.764 D/Avrcp_ext(17089): AvrcpServiceBroadcastReceiver-> Action: android.intent.action.PACKAGE_CHANGED
11-18 18:44:26.764 D/Avrcp_ext(17089): AvrcpServiceBroadcastReceiver-> packageName: com.google.android.gms
11-18 18:44:26.764 D/Avrcp_ext(17089): packageName: com.google.android.gms removed: false
11-18 18:44:26.765 D/Avrcp_ext(17089): isBrowsableListUpdated: browsable list size mismatch, true
11-18 18:44:26.765 D/Avrcp_ext(17089): buildBrowsablePlayerList 
11-18 18:44:26.766 V/Avrcp_ext(17089): getMediaPlayerInfo: Found com.android.bluetooth
11-18 18:44:26.766 V/Avrcp_ext(17089): isBrowseSupported for com.android.bluetooth: false
11-18 18:44:26.775 I/init    (    0): starting service 'idmap2d'...
11-18 18:44:26.780 D/Avrcp_ext(17089): Adding media player info for com.android.bluetooth with id 2
11-18 18:44:26.780 D/Avrcp_ext(17089): update #2:MediaPlayerInfo com.android.bluetooth (as 'Bluetooth') Type = 1, SubType = 0, Status = 0 Feature Bits [40 41 42 44 45 47 48 58] Controller: null
11-18 18:44:26.780 D/Avrcp_ext(17089): Added MediaPlayerController/MediaPlayerPackage
11-18 18:44:26.780 V/Avrcp_ext(17089): getMediaPlayerInfo: Found com.google.android.googlequicksearchbox
11-18 18:44:26.780 V/Avrcp_ext(17089): isBrowseSupported for com.google.android.googlequicksearchbox: false
11-18 18:44:26.780 I/init    (    0): Control message: Processed ctl.start for 'idmap2d' from pid: 1923 (system_server)
11-18 18:44:26.783 D/Avrcp_ext(17089): Adding media player info for com.google.android.googlequicksearchbox with id 3
11-18 18:44:26.783 D/Avrcp_ext(17089): update #3:MediaPlayerInfo com.google.android.googlequicksearchbox (as 'Google') Type = 1, SubType = 0, Status = 0 Feature Bits [40 41 42 44 45 47 48 58] Controller: null
11-18 18:44:26.783 D/Avrcp_ext(17089): Added MediaPlayerController/MediaPlayerPackage
11-18 18:44:26.783 V/Avrcp_ext(17089): getMediaPlayerInfo: Found com.google.android.youtube
11-18 18:44:26.783 V/Avrcp_ext(17089): isBrowseSupported for com.google.android.youtube: false
11-18 18:44:26.787 D/Avrcp_ext(17089): Adding media player info for com.google.android.youtube with id 4
11-18 18:44:26.787 D/Avrcp_ext(17089): update #4:MediaPlayerInfo com.google.android.youtube (as 'YouTube') Type = 1, SubType = 0, Status = 0 Feature Bits [40 41 42 44 45 47 48 58] Controller: null
11-18 18:44:26.787 D/Avrcp_ext(17089): Added MediaPlayerController/MediaPlayerPackage
11-18 18:44:26.787 D/Avrcp_ext(17089): Fetch the displayName of package - start
11-18 18:44:26.788 D/CompatibilityInfo( 1923): mCompatibilityFlags - 0
11-18 18:44:26.788 D/CompatibilityInfo( 1923): applicationDensity - 420
11-18 18:44:26.788 D/CompatibilityInfo( 1923): applicationScale - 1.0
11-18 18:44:26.788 D/Avrcp_ext(17089): Fetch the displayName of package -Music end
11-18 18:44:26.788 D/Avrcp_ext(17089): svc com.sonyericsson.music.proxyservice.PlaybackService pkg com.sonyericsson.music
11-18 18:44:26.788 V/Avrcp_ext(17089): getMediaPlayerInfo: Found com.sonyericsson.music
11-18 18:44:26.788 V/Avrcp_ext(17089): isBrowseSupported for com.sonyericsson.music: true
11-18 18:44:26.788 D/Avrcp_ext(17089): Adding media player info for com.sonyericsson.music with id 5
11-18 18:44:26.789 D/Avrcp_ext(17089): update #5:MediaPlayerInfo com.sonyericsson.music (as 'Music') Type = 1, SubType = 0, Status = 2 Feature Bits [40 41 42 44 45 47 48 58 59 62 65 67 68] Controller: MediaController (com.sonyericsson.music@a8ea37c) null
11-18 18:44:26.789 V/Avrcp_ext(17089): updateNewIds: Addressed:5 to 5, Browse:-1 to -1
11-18 18:44:26.792 D/Avrcp_ext(17089): updateCurrentController: MediaController (com.sonyericsson.music@a8ea37c) null to MediaController (com.sonyericsson.music@a8ea37c) null
11-18 18:44:26.792 V/Avrcp_ext(17089): updateCurrentMediaState: mMediaController: MediaController (com.sonyericsson.music@a8ea37c) null
11-18 18:44:26.792 W/Avrcp_ext(17089): isMusicActive: false getBluetoothPlayState: 2 A2dp State: 11 mAudioPlaybackIsActive: false
11-18 18:44:26.793 D/Avrcp_ext(17089): isMusicActive = false mAudioPlaybackIsActive = false player state = PlaybackState {state=2, position=0, buffered position=0, speed=1.0, updated=1893845, actions=7551, custom actions=[], active item id=-1, error=null}
11-18 18:44:26.793 V/Avrcp_ext(17089): Media update: id [MediaAttributes: none] : [MediaAttributes: none]
11-18 18:44:26.793 D/Avrcp_ext(17089): isPackageNameValid: browsedPackage = com.sonyericsson.musicisValid = true
11-18 18:44:26.793 V/Avrcp_ext(17089): isBrowseSupported for com.sonyericsson.music: true
11-18 18:44:26.793 V/Avrcp_ext(17089): Check if NowPlayingList is updated
11-18 18:44:26.793 V/Avrcp_ext(17089): updatePlaybackState, state: PlaybackState {state=2, position=0, buffered position=0, speed=1.0, updated=1893845, actions=7551, custom actions=[], active item id=-1, error=null} device: null
11-18 18:44:26.793 V/Avrcp_ext(17089): Device: no name: 
11-18 18:44:26.793 V/Avrcp_ext(17089): Device: no name: 
11-18 18:44:26.793 V/Avrcp_ext(17089): Device: no name: 
11-18 18:44:26.793 V/Avrcp_ext(17089): Device: no name: 
11-18 18:44:26.793 V/Avrcp_ext(17089): Device: no name: 
11-18 18:44:26.793 V/Avrcp_ext(17089): updatePlayerStateAndPosition, old=PlaybackState {state=2, position=0, buffered position=0, speed=1.0, updated=1893845, actions=7551, custom actions=[], active item id=-1, error=null}, state=PlaybackState {state=2, position=0, buffered position=0, speed=1.0, updated=1893845, actions=7551, custom actions=[], active item id=-1, error=null}
11-18 18:44:26.793 V/Avrcp_ext(17089): old state = PlaybackState {state=2, position=0, buffered position=0, speed=1.0, updated=1893845, actions=7551, custom actions=[], active item id=-1, error=null}, new state= PlaybackState {state=2, position=0, buffered position=0, speed=1.0, updated=1893845, actions=7551, custom actions=[], active item id=-1, error=null}
11-18 18:44:26.793 D/HeadsetService(17089): getHeadsetService(): returning com.android.bluetooth.hfp.HeadsetService@7e480c9
11-18 18:44:26.793 D/HeadsetService(17089):  isAudioOn: The number of audio connected devices 0
11-18 18:44:26.793 D/HeadsetService(17089): isScoOrCallActive(): Call Active:falseCall is Ringing:falseSCO is Active:false
11-18 18:44:26.793 D/HeadsetService(17089):  isAudioOn: The number of audio connected devices 0
11-18 18:44:26.794 I/Avrcp_ext(17089): updatePlayStatusForDevice: device: null
11-18 18:44:26.794 V/Avrcp_ext(17089): updatePlaybackState (1): old=PlaybackState {state=2, position=0, buffered position=0, speed=1.0, updated=1893845, actions=7551, custom actions=[], active item id=-1, error=null}(2), new=PlaybackState {state=2, position=0, buffered position=0, speed=1.0, updated=1893845, actions=7551, custom actions=[], active item id=-1, error=null}(2)
11-18 18:44:26.794 I/Avrcp_ext(17089): Exit updatePlayStatusForDevice
11-18 18:44:26.794 D/HeadsetService(17089):  isAudioOn: The number of audio connected devices 0
11-18 18:44:26.794 D/HeadsetService(17089): isScoOrCallActive(): Call Active:falseCall is Ringing:falseSCO is Active:false
11-18 18:44:26.794 D/HeadsetService(17089):  isAudioOn: The number of audio connected devices 0
11-18 18:44:26.794 I/Avrcp_ext(17089): updatePlayStatusForDevice: device: null
11-18 18:44:26.794 V/Avrcp_ext(17089): updatePlaybackState (1): old=PlaybackState {state=2, position=0, buffered position=0, speed=1.0, updated=1893845, actions=7551, custom actions=[], active item id=-1, error=null}(2), new=PlaybackState {state=2, position=0, buffered position=0, speed=1.0, updated=1893845, actions=7551, custom actions=[], active item id=-1, error=null}(2)
11-18 18:44:26.794 I/Avrcp_ext(17089): Exit updatePlayStatusForDevice
11-18 18:44:26.794 D/HeadsetService(17089):  isAudioOn: The number of audio connected devices 0
11-18 18:44:26.794 D/HeadsetService(17089): isScoOrCallActive(): Call Active:falseCall is Ringing:falseSCO is Active:false
11-18 18:44:26.794 D/HeadsetService(17089):  isAudioOn: The number of audio connected devices 0
11-18 18:44:26.794 I/Avrcp_ext(17089): updatePlayStatusForDevice: device: null
11-18 18:44:26.794 V/Avrcp_ext(17089): updatePlaybackState (1): old=PlaybackState {state=2, position=0, buffered position=0, speed=1.0, updated=1893845, actions=7551, custom actions=[], active item id=-1, error=null}(2), new=PlaybackState {state=2, position=0, buffered position=0, speed=1.0, updated=1893845, actions=7551, custom actions=[], active item id=-1, error=null}(2)
11-18 18:44:26.794 I/Avrcp_ext(17089): Exit updatePlayStatusForDevice
11-18 18:44:26.794 D/HeadsetService(17089):  isAudioOn: The number of audio connected devices 0
11-18 18:44:26.794 D/HeadsetService(17089): isScoOrCallActive(): Call Active:falseCall is Ringing:falseSCO is Active:false
11-18 18:44:26.794 D/HeadsetService(17089):  isAudioOn: The number of audio connected devices 0
11-18 18:44:26.794 I/Avrcp_ext(17089): updatePlayStatusForDevice: device: null
11-18 18:44:26.794 V/Avrcp_ext(17089): updatePlaybackState (1): old=PlaybackState {state=2, position=0, buffered position=0, speed=1.0, updated=1893845, actions=7551, custom actions=[], active item id=-1, error=null}(2), new=PlaybackState {state=2, position=0, buffered position=0, speed=1.0, updated=1893845, actions=7551, custom actions=[], active item id=-1, error=null}(2)
11-18 18:44:26.794 I/Avrcp_ext(17089): Exit updatePlayStatusForDevice
11-18 18:44:26.794 D/HeadsetService(17089):  isAudioOn: The number of audio connected devices 0
11-18 18:44:26.794 D/HeadsetService(17089): isScoOrCallActive(): Call Active:falseCall is Ringing:falseSCO is Active:false
11-18 18:44:26.794 D/HeadsetService(17089):  isAudioOn: The number of audio connected devices 0
11-18 18:44:26.794 I/Avrcp_ext(17089): updatePlayStatusForDevice: device: null
11-18 18:44:26.794 V/Avrcp_ext(17089): updatePlaybackState (1): old=PlaybackState {state=2, position=0, buffered position=0, speed=1.0, updated=1893845, actions=7551, custom actions=[], active item id=-1, error=null}(2), new=PlaybackState {state=2, position=0, buffered position=0, speed=1.0, updated=1893845, actions=7551, custom actions=[], active item id=-1, error=null}(2)
11-18 18:44:26.794 I/Avrcp_ext(17089): Exit updatePlayStatusForDevice
11-18 18:44:26.794 D/Avrcp_ext(17089): Enter sendPlayPosNotificationRsp
11-18 18:44:26.794 D/Avrcp_ext(17089): sendPlayPosNotificationRsp: Not registered or requesting.
11-18 18:44:26.794 D/Avrcp_ext(17089): Enter sendPlayPosNotificationRsp
11-18 18:44:26.794 D/Avrcp_ext(17089): sendPlayPosNotificationRsp: Not registered or requesting.
11-18 18:44:26.794 D/Avrcp_ext(17089): Enter sendPlayPosNotificationRsp
11-18 18:44:26.794 D/Avrcp_ext(17089): sendPlayPosNotificationRsp: Not registered or requesting.
11-18 18:44:26.794 D/Avrcp_ext(17089): Enter sendPlayPosNotificationRsp
11-18 18:44:26.794 D/Avrcp_ext(17089): sendPlayPosNotificationRsp: Not registered or requesting.
11-18 18:44:26.794 D/Avrcp_ext(17089): Enter sendPlayPosNotificationRsp
11-18 18:44:26.794 D/Avrcp_ext(17089): sendPlayPosNotificationRsp: Not registered or requesting.
11-18 18:44:26.794 V/Avrcp_ext(17089): Exit updatePlayerStateAndPosition
11-18 18:44:26.794 D/Avrcp_ext(17089): Added MediaPlayerController/MediaPlayerPackage
11-18 18:44:26.794 V/Avrcp_ext(17089): getMediaPlayerInfo: Found com.sonymobile.fmradio
11-18 18:44:26.795 V/Avrcp_ext(17089): isBrowseSupported for com.sonymobile.fmradio: false
11-18 18:44:26.802 D/CompatibilityInfo( 1923): mCompatibilityFlags - 0
11-18 18:44:26.802 D/CompatibilityInfo( 1923): applicationDensity - 420
11-18 18:44:26.802 D/CompatibilityInfo( 1923): applicationScale - 1.0
11-18 18:44:26.803 I/Telecom ( 1923): DefaultDialerCache: Refreshing default dialer for user 0: now com.sonymobile.android.dialer: DDC.oR@AgM
11-18 18:44:26.806 I/Fitness ( 6392): OnPackageChangedOperation got intent: Intent { act=android.intent.action.PACKAGE_CHANGED dat=package: flg=0x45000010 pkg=com.google.android.gms cmp=com.google.android.gms/.chimera.PersistentIntentOperationService (has extras) } [CONTEXT service_id=17 ]
11-18 18:44:26.807 I/tombstoned(  768): received crash request for pid 6027
11-18 18:44:26.807 I/tombstoned(  768): found intercept fd 512 for pid 6027 and type kDebuggerdJavaBacktrace
11-18 18:44:26.808 I/.codeaurora.ims( 6027): Wrote stack traces to tombstoned
11-18 18:44:26.808 W/tombstoned(  768): skipping tombstone file creation due to intercept
11-18 18:44:26.809 I/dumpstate(16676): libdebuggerd_client: done dumping process 6027
11-18 18:44:26.811 I/dumpstate(16676): libdebuggerd_client: started dumping process 6051
11-18 18:44:26.811 I/tombstoned(  768): registered intercept for pid 6051 and type kDebuggerdJavaBacktrace
11-18 18:44:26.812 I/bile.enterprise( 6051): Thread[5,tid=6072,WaitingInMainSignalCatcherLoop,Thread*=0xb400007d00d19140,peer=0x12cc01d0,"Signal Catcher"]: reacting to signal 3
11-18 18:44:26.812 I/bile.enterprise( 6051): 
11-18 18:44:26.813 D/Avrcp_ext(17089): Adding media player info for com.sonymobile.fmradio with id 6
11-18 18:44:26.813 D/Avrcp_ext(17089): update #6:MediaPlayerInfo com.sonymobile.fmradio (as 'FM radio') Type = 1, SubType = 0, Status = 0 Feature Bits [40 41 42 44 45 47 48 58] Controller: null
11-18 18:44:26.813 D/Avrcp_ext(17089): Added MediaPlayerController/MediaPlayerPackage
11-18 18:44:26.814 V/Avrcp_ext(17089): updateCurrentMediaState: mMediaController: MediaController (com.sonyericsson.music@a8ea37c) null
11-18 18:44:26.814 W/Avrcp_ext(17089): isMusicActive: false getBluetoothPlayState: 2 A2dp State: 11 mAudioPlaybackIsActive: false
11-18 18:44:26.814 D/Avrcp_ext(17089): isMusicActive = false mAudioPlaybackIsActive = false player state = PlaybackState {state=2, position=0, buffered position=0, speed=1.0, updated=1893845, actions=7551, custom actions=[], active item id=-1, error=null}
11-18 18:44:26.814 V/Avrcp_ext(17089): Media update: id [MediaAttributes: none] : [MediaAttributes: none]
11-18 18:44:26.814 D/Avrcp_ext(17089): isPackageNameValid: browsedPackage = com.sonyericsson.musicisValid = true
11-18 18:44:26.814 V/Avrcp_ext(17089): isBrowseSupported for com.sonyericsson.music: true
11-18 18:44:26.814 V/Avrcp_ext(17089): Check if NowPlayingList is updated
11-18 18:44:26.815 V/Avrcp_ext(17089): updatePlaybackState, state: PlaybackState {state=2, position=0, buffered position=0, speed=1.0, updated=1893845, actions=7551, custom actions=[], active item id=-1, error=null} device: null
11-18 18:44:26.815 V/Avrcp_ext(17089): Device: no name: 
11-18 18:44:26.815 V/Avrcp_ext(17089): Device: no name: 
11-18 18:44:26.815 V/Avrcp_ext(17089): Device: no name: 
11-18 18:44:26.815 V/Avrcp_ext(17089): Device: no name: 
11-18 18:44:26.815 V/Avrcp_ext(17089): Device: no name: 
11-18 18:44:26.815 V/Avrcp_ext(17089): updatePlayerStateAndPosition, old=PlaybackState {state=2, position=0, buffered position=0, speed=1.0, updated=1893845, actions=7551, custom actions=[], active item id=-1, error=null}, state=PlaybackState {state=2, position=0, buffered position=0, speed=1.0, updated=1893845, actions=7551, custom actions=[], active item id=-1, error=null}
11-18 18:44:26.815 V/Avrcp_ext(17089): old state = PlaybackState {state=2, position=0, buffered position=0, speed=1.0, updated=1893845, actions=7551, custom actions=[], active item id=-1, error=null}, new state= PlaybackState {state=2, position=0, buffered position=0, speed=1.0, updated=1893845, actions=7551, custom actions=[], active item id=-1, error=null}
11-18 18:44:26.815 D/HeadsetService(17089): getHeadsetService(): returning com.android.bluetooth.hfp.HeadsetService@7e480c9
11-18 18:44:26.815 D/HeadsetService(17089):  isAudioOn: The number of audio connected devices 0
11-18 18:44:26.815 D/HeadsetService(17089): isScoOrCallActive(): Call Active:falseCall is Ringing:falseSCO is Active:false
11-18 18:44:26.815 D/HeadsetService(17089):  isAudioOn: The number of audio connected devices 0
11-18 18:44:26.815 I/Avrcp_ext(17089): updatePlayStatusForDevice: device: null
11-18 18:44:26.815 V/Avrcp_ext(17089): updatePlaybackState (1): old=PlaybackState {state=2, position=0, buffered position=0, speed=1.0, updated=1893845, actions=7551, custom actions=[], active item id=-1, error=null}(2), new=PlaybackState {state=2, position=0, buffered position=0, speed=1.0, updated=1893845, actions=7551, custom actions=[], active item id=-1, error=null}(2)
11-18 18:44:26.815 I/Avrcp_ext(17089): Exit updatePlayStatusForDevice
11-18 18:44:26.816 D/HeadsetService(17089):  isAudioOn: The number of audio connected devices 0
11-18 18:44:26.816 D/HeadsetService(17089): isScoOrCallActive(): Call Active:falseCall is Ringing:falseSCO is Active:false
11-18 18:44:26.816 D/HeadsetService(17089):  isAudioOn: The number of audio connected devices 0
11-18 18:44:26.816 I/Avrcp_ext(17089): updatePlayStatusForDevice: device: null
11-18 18:44:26.816 V/Avrcp_ext(17089): updatePlaybackState (1): old=PlaybackState {state=2, position=0, buffered position=0, speed=1.0, updated=1893845, actions=7551, custom actions=[], active item id=-1, error=null}(2), new=PlaybackState {state=2, position=0, buffered position=0, speed=1.0, updated=1893845, actions=7551, custom actions=[], active item id=-1, error=null}(2)
11-18 18:44:26.816 I/Avrcp_ext(17089): Exit updatePlayStatusForDevice
11-18 18:44:26.816 D/HeadsetService(17089):  isAudioOn: The number of audio connected devices 0
11-18 18:44:26.816 D/HeadsetService(17089): isScoOrCallActive(): Call Active:falseCall is Ringing:falseSCO is Active:false
11-18 18:44:26.816 D/HeadsetService(17089):  isAudioOn: The number of audio connected devices 0
11-18 18:44:26.816 I/Avrcp_ext(17089): updatePlayStatusForDevice: device: null
11-18 18:44:26.816 V/Avrcp_ext(17089): updatePlaybackState (1): old=PlaybackState {state=2, position=0, buffered position=0, speed=1.0, updated=1893845, actions=7551, custom actions=[], active item id=-1, error=null}(2), new=PlaybackState {state=2, position=0, buffered position=0, speed=1.0, updated=1893845, actions=7551, custom actions=[], active item id=-1, error=null}(2)
11-18 18:44:26.816 I/Avrcp_ext(17089): Exit updatePlayStatusForDevice
11-18 18:44:26.816 D/HeadsetService(17089):  isAudioOn: The number of audio connected devices 0
11-18 18:44:26.816 D/HeadsetService(17089): isScoOrCallActive(): Call Active:falseCall is Ringing:falseSCO is Active:false
11-18 18:44:26.816 D/HeadsetService(17089):  isAudioOn: The number of audio connected devices 0
11-18 18:44:26.816 I/Avrcp_ext(17089): updatePlayStatusForDevice: device: null
11-18 18:44:26.816 V/Avrcp_ext(17089): updatePlaybackState (1): old=PlaybackState {state=2, position=0, buffered position=0, speed=1.0, updated=1893845, actions=7551, custom actions=[], active item id=-1, error=null}(2), new=PlaybackState {state=2, position=0, buffered position=0, speed=1.0, updated=1893845, actions=7551, custom actions=[], active item id=-1, error=null}(2)
11-18 18:44:26.816 I/Avrcp_ext(17089): Exit updatePlayStatusForDevice
11-18 18:44:26.816 D/HeadsetService(17089):  isAudioOn: The number of audio connected devices 0
11-18 18:44:26.816 D/HeadsetService(17089): isScoOrCallActive(): Call Active:falseCall is Ringing:falseSCO is Active:false
11-18 18:44:26.816 D/HeadsetService(17089):  isAudioOn: The number of audio connected devices 0
11-18 18:44:26.816 I/Avrcp_ext(17089): updatePlayStatusForDevice: device: null
11-18 18:44:26.816 V/Avrcp_ext(17089): updatePlaybackState (1): old=PlaybackState {state=2, position=0, buffered position=0, speed=1.0, updated=1893845, actions=7551, custom actions=[], active item id=-1, error=null}(2), new=PlaybackState {state=2, position=0, buffered position=0, speed=1.0, updated=1893845, actions=7551, custom actions=[], active item id=-1, error=null}(2)
11-18 18:44:26.816 I/Avrcp_ext(17089): Exit updatePlayStatusForDevice
11-18 18:44:26.816 D/Avrcp_ext(17089): Enter sendPlayPosNotificationRsp
11-18 18:44:26.816 D/Avrcp_ext(17089): sendPlayPosNotificationRsp: Not registered or requesting.
11-18 18:44:26.816 D/Avrcp_ext(17089): Enter sendPlayPosNotificationRsp
11-18 18:44:26.816 D/Avrcp_ext(17089): sendPlayPosNotificationRsp: Not registered or requesting.
11-18 18:44:26.816 D/Avrcp_ext(17089): Enter sendPlayPosNotificationRsp
11-18 18:44:26.816 D/Avrcp_ext(17089): sendPlayPosNotificationRsp: Not registered or requesting.
11-18 18:44:26.816 D/Avrcp_ext(17089): Enter sendPlayPosNotificationRsp
11-18 18:44:26.816 D/Avrcp_ext(17089): sendPlayPosNotificationRsp: Not registered or requesting.
11-18 18:44:26.816 D/Avrcp_ext(17089): Enter sendPlayPosNotificationRsp
11-18 18:44:26.816 D/Avrcp_ext(17089): sendPlayPosNotificationRsp: Not registered or requesting.
11-18 18:44:26.816 V/Avrcp_ext(17089): Exit updatePlayerStateAndPosition
11-18 18:44:26.816 D/Avrcp_ext(17089): Exit handlePackageModified
11-18 18:44:26.819 I/RoleService( 1923): Granting default roles...
11-18 18:44:26.820 D/Avrcp_ext(17089): AvrcpServiceBroadcastReceiver-> Action: android.intent.action.PACKAGE_CHANGED
11-18 18:44:26.820 D/Avrcp_ext(17089): AvrcpServiceBroadcastReceiver-> packageName: com.android.bluetooth
11-18 18:44:26.820 D/Avrcp_ext(17089): packageName: com.android.bluetooth removed: false
11-18 18:44:26.821 D/CompatibilityInfo( 1923): mCompatibilityFlags - 0
11-18 18:44:26.821 D/CompatibilityInfo( 1923): applicationDensity - 420
11-18 18:44:26.821 D/CompatibilityInfo( 1923): applicationScale - 1.0
11-18 18:44:26.824 I/Fitness ( 6392): FitCleanupIntentOperation received Intent android.intent.action.PACKAGE_CHANGED [CONTEXT service_id=17 ]
